2025-12-09 11:15:56 [INFO] [0;34m━━━━━━━━━━━━━━━━━━━━━━━━━━━━━━━━━━━━━━━━━━━━━━━━━[0m
2025-12-09 11:15:56 [INFO] [0;34mDrone Auto-Restart Script[0m
2025-12-09 11:15:56 [INFO] [0;34m━━━━━━━━━━━━━━━━━━━━━━━━━━━━━━━━━━━━━━━━━━━━━━━━━[0m
2025-12-09 11:15:56 [INFO] [0;34mDrone ID: austin-payload-01[0m
2025-12-09 11:15:56 [INFO] [0;34mDrone Type: rescue[0m
2025-12-09 11:15:56 [INFO] [0;34mBackend URL: http://100.111.237.50:8001[0m
2025-12-09 11:15:56 [INFO] [0;34mWebSocket URL: ws://100.111.237.50:8001[0m
2025-12-09 11:15:56 [INFO] [0;34mScript: /home/homa1/homa1/code_base/HOMA-1.0/aruco_.py[0m
2025-12-09 11:15:56 [SUCCESS] [0;32mVirtual environment activated: /home/homa1/homa1/homa1_venv[0m
2025-12-09 11:15:56 [INFO] [0;34mLog: /home/homa1/homa1/code_base/HOMA-1.0/logs/austin-payload-01_20251209.log[0m
2025-12-09 11:15:56 [INFO] [0;34m━━━━━━━━━━━━━━━━━━━━━━━━━━━━━━━━━━━━━━━━━━━━━━━━━[0m
2025-12-09 11:15:56 [INFO] [0;34mChecking if backend is available at http://100.111.237.50:8001...[0m
2025-12-09 11:15:56 [INFO] [0;34mWebSocket URL: ws://100.111.237.50:8001[0m
2025-12-09 11:15:56 [SUCCESS] [0;32mBackend is online and reachable![0m
2025-12-09 11:15:56 [INFO] [0;34mChecking for existing drone script processes...[0m
2025-12-09 11:15:56 [INFO] [0;34mNo existing processes found[0m
2025-12-09 11:15:56 [INFO] [0;34mStarting drone script...[0m
2025-12-09 11:15:56 [INFO] [0;34mScript path: /home/homa1/homa1/code_base/HOMA-1.0/aruco_.py[0m
2025-12-09 11:15:56 [SUCCESS] [0;32mDrone script started (PID: 6277)[0m
2025-12-09 11:19:49 [WARN] [1;33mShutdown signal received. Cleaning up...[0m
2025-12-09 11:19:49 [INFO] [0;34mKilling drone script (PID: 6277)...[0m
2025-12-09 11:19:49 [WARN] [1;33mShutdown signal received. Cleaning up...[0m
2025-12-09 11:19:49 [SUCCESS] [0;32mCleanup complete. Exiting.[0m
2025-12-09 11:20:05 [INFO] [0;34m━━━━━━━━━━━━━━━━━━━━━━━━━━━━━━━━━━━━━━━━━━━━━━━━━[0m
2025-12-09 11:20:05 [INFO] [0;34mDrone Auto-Restart Script[0m
2025-12-09 11:20:05 [INFO] [0;34m━━━━━━━━━━━━━━━━━━━━━━━━━━━━━━━━━━━━━━━━━━━━━━━━━[0m
2025-12-09 11:20:05 [INFO] [0;34mDrone ID: austin-payload-01[0m
2025-12-09 11:20:05 [INFO] [0;34mDrone Type: rescue[0m
2025-12-09 11:20:05 [INFO] [0;34mBackend URL: http://100.111.237.50:8001[0m
2025-12-09 11:20:05 [INFO] [0;34mWebSocket URL: ws://100.111.237.50:8001[0m
2025-12-09 11:20:05 [INFO] [0;34mScript: /home/homa1/homa1/code_base/HOMA-1.0/aruco_.py[0m
2025-12-09 11:20:05 [SUCCESS] [0;32mVirtual environment activated: /home/homa1/homa1/homa1_venv[0m
2025-12-09 11:20:05 [INFO] [0;34mLog: /home/homa1/homa1/code_base/HOMA-1.0/logs/austin-payload-01_20251209.log[0m
2025-12-09 11:20:05 [INFO] [0;34m━━━━━━━━━━━━━━━━━━━━━━━━━━━━━━━━━━━━━━━━━━━━━━━━━[0m
2025-12-09 11:20:05 [INFO] [0;34mChecking if backend is available at http://100.111.237.50:8001...[0m
2025-12-09 11:20:05 [INFO] [0;34mWebSocket URL: ws://100.111.237.50:8001[0m
2025-12-09 11:20:05 [SUCCESS] [0;32mBackend is online and reachable![0m
2025-12-09 11:20:05 [INFO] [0;34mChecking for existing drone script processes...[0m
2025-12-09 11:20:05 [INFO] [0;34mNo existing processes found[0m
2025-12-09 11:20:05 [INFO] [0;34mStarting drone script...[0m
2025-12-09 11:20:05 [INFO] [0;34mScript path: /home/homa1/homa1/code_base/HOMA-1.0/aruco_.py[0m
2025-12-09 11:20:05 [SUCCESS] [0;32mDrone script started (PID: 7872)[0m
2025-12-09 11:28:29 [WARN] [1;33mShutdown signal received. Cleaning up...[0m
2025-12-09 11:28:29 [INFO] [0;34mKilling drone script (PID: 7872)...[0m
2025-12-09 11:28:29 [WARN] [1;33mShutdown signal received. Cleaning up...[0m
2025-12-09 11:28:29 [INFO] [0;34mKilling drone script (PID: 7872)...[0m
2025-12-09 11:28:29 [WARN] [1;33mShutdown signal received. Cleaning up...[0m
2025-12-09 11:28:29 [SUCCESS] [0;32mCleanup complete. Exiting.[0m
2025-12-09 11:28:32 [INFO] [0;34m━━━━━━━━━━━━━━━━━━━━━━━━━━━━━━━━━━━━━━━━━━━━━━━━━[0m
2025-12-09 11:28:32 [INFO] [0;34mDrone Auto-Restart Script[0m
2025-12-09 11:28:32 [INFO] [0;34m━━━━━━━━━━━━━━━━━━━━━━━━━━━━━━━━━━━━━━━━━━━━━━━━━[0m
2025-12-09 11:28:32 [INFO] [0;34mDrone ID: austin-payload-01[0m
2025-12-09 11:28:32 [INFO] [0;34mDrone Type: rescue[0m
2025-12-09 11:28:32 [INFO] [0;34mBackend URL: http://100.111.237.50:8001[0m
2025-12-09 11:28:32 [INFO] [0;34mWebSocket URL: ws://100.111.237.50:8001[0m
2025-12-09 11:28:32 [INFO] [0;34mScript: /home/homa1/homa1/code_base/HOMA-1.0/aruco_.py[0m
2025-12-09 11:28:32 [SUCCESS] [0;32mVirtual environment activated: /home/homa1/homa1/homa1_venv[0m
2025-12-09 11:28:32 [INFO] [0;34mLog: /home/homa1/homa1/code_base/HOMA-1.0/logs/austin-payload-01_20251209.log[0m
2025-12-09 11:28:32 [INFO] [0;34m━━━━━━━━━━━━━━━━━━━━━━━━━━━━━━━━━━━━━━━━━━━━━━━━━[0m
2025-12-09 11:28:32 [INFO] [0;34mChecking if backend is available at http://100.111.237.50:8001...[0m
2025-12-09 11:28:32 [INFO] [0;34mWebSocket URL: ws://100.111.237.50:8001[0m
2025-12-09 11:28:32 [SUCCESS] [0;32mBackend is online and reachable![0m
2025-12-09 11:28:32 [INFO] [0;34mChecking for existing drone script processes...[0m
2025-12-09 11:28:32 [INFO] [0;34mNo existing processes found[0m
2025-12-09 11:28:32 [INFO] [0;34mStarting drone script...[0m
2025-12-09 11:28:32 [INFO] [0;34mScript path: /home/homa1/homa1/code_base/HOMA-1.0/aruco_.py[0m
2025-12-09 11:28:32 [SUCCESS] [0;32mDrone script started (PID: 9679)[0m
2025-12-09 11:28:49 [ERROR] [0;31m━━━━━━━━━━━━━━━━━━━━━━━━━━━━━━━━━━━━━━━━━━━━━━━━━[0m
2025-12-09 11:28:49 [ERROR] [0;31m🔌 BACKEND CONNECTION LOST (Exit code: 11)[0m
2025-12-09 11:28:49 [ERROR] [0;31m━━━━━━━━━━━━━━━━━━━━━━━━━━━━━━━━━━━━━━━━━━━━━━━━━[0m
2025-12-09 11:28:49 [WARN] [1;33mBackend disconnected - will wait for it to come back online[0m
2025-12-09 11:28:49 [INFO] [0;34mWaiting for backend to become available...[0m
2025-12-09 11:28:49 [INFO] [0;34mChecking if backend is available at http://100.111.237.50:8001...[0m
2025-12-09 11:28:49 [INFO] [0;34mWebSocket URL: ws://100.111.237.50:8001[0m
2025-12-09 11:28:50 [SUCCESS] [0;32mBackend is online and reachable![0m
2025-12-09 11:28:50 [INFO] [0;34mChecking for existing drone script processes...[0m
2025-12-09 11:28:50 [INFO] [0;34mNo existing processes found[0m
2025-12-09 11:28:50 [INFO] [0;34mStarting drone script...[0m
2025-12-09 11:28:50 [INFO] [0;34mScript path: /home/homa1/homa1/code_base/HOMA-1.0/aruco_.py[0m
2025-12-09 11:28:50 [SUCCESS] [0;32mDrone script started (PID: 9884)[0m
2025-12-09 11:32:49 [WARN] [1;33mShutdown signal received. Cleaning up...[0m
2025-12-09 11:32:50 [INFO] [0;34mKilling drone script (PID: 9884)...[0m
2025-12-09 11:32:50 [WARN] [1;33mShutdown signal received. Cleaning up...[0m
2025-12-09 11:32:50 [INFO] [0;34mKilling drone script (PID: 9884)...[0m
2025-12-09 11:32:50 [WARN] [1;33mShutdown signal received. Cleaning up...[0m
2025-12-09 11:32:50 [SUCCESS] [0;32mCleanup complete. Exiting.[0m
2025-12-09 11:32:52 [INFO] [0;34m━━━━━━━━━━━━━━━━━━━━━━━━━━━━━━━━━━━━━━━━━━━━━━━━━[0m
2025-12-09 11:32:52 [INFO] [0;34mDrone Auto-Restart Script[0m
2025-12-09 11:32:52 [INFO] [0;34m━━━━━━━━━━━━━━━━━━━━━━━━━━━━━━━━━━━━━━━━━━━━━━━━━[0m
2025-12-09 11:32:52 [INFO] [0;34mDrone ID: austin-payload-01[0m
2025-12-09 11:32:52 [INFO] [0;34mDrone Type: rescue[0m
2025-12-09 11:32:52 [INFO] [0;34mBackend URL: http://100.111.237.50:8001[0m
2025-12-09 11:32:52 [INFO] [0;34mWebSocket URL: ws://100.111.237.50:8001[0m
2025-12-09 11:32:52 [INFO] [0;34mScript: /home/homa1/homa1/code_base/HOMA-1.0/aruco_.py[0m
2025-12-09 11:32:52 [SUCCESS] [0;32mVirtual environment activated: /home/homa1/homa1/homa1_venv[0m
2025-12-09 11:32:52 [INFO] [0;34mLog: /home/homa1/homa1/code_base/HOMA-1.0/logs/austin-payload-01_20251209.log[0m
2025-12-09 11:32:52 [INFO] [0;34m━━━━━━━━━━━━━━━━━━━━━━━━━━━━━━━━━━━━━━━━━━━━━━━━━[0m
2025-12-09 11:32:52 [INFO] [0;34mChecking if backend is available at http://100.111.237.50:8001...[0m
2025-12-09 11:32:52 [INFO] [0;34mWebSocket URL: ws://100.111.237.50:8001[0m
2025-12-09 11:32:52 [SUCCESS] [0;32mBackend is online and reachable![0m
2025-12-09 11:32:52 [INFO] [0;34mChecking for existing drone script processes...[0m
2025-12-09 11:32:52 [INFO] [0;34mNo existing processes found[0m
2025-12-09 11:32:52 [INFO] [0;34mStarting drone script...[0m
2025-12-09 11:32:52 [INFO] [0;34mScript path: /home/homa1/homa1/code_base/HOMA-1.0/aruco_.py[0m
2025-12-09 11:32:52 [SUCCESS] [0;32mDrone script started (PID: 11171)[0m
2025-12-09 11:33:16 [ERROR] [0;31m━━━━━━━━━━━━━━━━━━━━━━━━━━━━━━━━━━━━━━━━━━━━━━━━━[0m
2025-12-09 11:33:16 [ERROR] [0;31m🔌 BACKEND CONNECTION LOST (Exit code: 11)[0m
2025-12-09 11:33:16 [ERROR] [0;31m━━━━━━━━━━━━━━━━━━━━━━━━━━━━━━━━━━━━━━━━━━━━━━━━━[0m
2025-12-09 11:33:16 [WARN] [1;33mBackend disconnected - will wait for it to come back online[0m
2025-12-09 11:33:16 [INFO] [0;34mWaiting for backend to become available...[0m
2025-12-09 11:33:16 [INFO] [0;34mChecking if backend is available at http://100.111.237.50:8001...[0m
2025-12-09 11:33:16 [INFO] [0;34mWebSocket URL: ws://100.111.237.50:8001[0m
2025-12-09 11:33:16 [SUCCESS] [0;32mBackend is online and reachable![0m
2025-12-09 11:33:16 [INFO] [0;34mChecking for existing drone script processes...[0m
2025-12-09 11:33:16 [INFO] [0;34mNo existing processes found[0m
2025-12-09 11:33:16 [INFO] [0;34mStarting drone script...[0m
2025-12-09 11:33:16 [INFO] [0;34mScript path: /home/homa1/homa1/code_base/HOMA-1.0/aruco_.py[0m
2025-12-09 11:33:16 [SUCCESS] [0;32mDrone script started (PID: 12379)[0m
2025-12-09 11:38:26 [WARN] [1;33mShutdown signal received. Cleaning up...[0m
2025-12-09 11:38:26 [INFO] [0;34mKilling drone script (PID: 12379)...[0m
2025-12-09 11:38:26 [WARN] [1;33mShutdown signal received. Cleaning up...[0m
2025-12-09 11:38:26 [INFO] [0;34mKilling drone script (PID: 12379)...[0m
2025-12-09 11:38:26 [WARN] [1;33mShutdown signal received. Cleaning up...[0m
2025-12-09 11:38:26 [SUCCESS] [0;32mCleanup complete. Exiting.[0m
2025-12-09 12:34:21 [INFO] [0;34m━━━━━━━━━━━━━━━━━━━━━━━━━━━━━━━━━━━━━━━━━━━━━━━━━[0m
2025-12-09 12:34:21 [INFO] [0;34mDrone Auto-Restart Script[0m
2025-12-09 12:34:21 [INFO] [0;34m━━━━━━━━━━━━━━━━━━━━━━━━━━━━━━━━━━━━━━━━━━━━━━━━━[0m
2025-12-09 12:34:21 [INFO] [0;34mDrone ID: austin-payload-01[0m
2025-12-09 12:34:21 [INFO] [0;34mDrone Type: rescue[0m
2025-12-09 12:34:21 [INFO] [0;34mBackend URL: http://100.111.237.50:8001[0m
2025-12-09 12:34:21 [INFO] [0;34mWebSocket URL: ws://100.111.237.50:8001[0m
2025-12-09 12:34:22 [INFO] [0;34mScript: /home/homa1/homa1/code_base/HOMA-1.0/aruco_.py[0m
2025-12-09 12:34:22 [SUCCESS] [0;32mVirtual environment activated: /home/homa1/homa1/homa1_venv[0m
2025-12-09 12:34:22 [INFO] [0;34mLog: /home/homa1/homa1/code_base/HOMA-1.0/logs/austin-payload-01_20251209.log[0m
2025-12-09 12:34:22 [INFO] [0;34m━━━━━━━━━━━━━━━━━━━━━━━━━━━━━━━━━━━━━━━━━━━━━━━━━[0m
2025-12-09 12:34:22 [INFO] [0;34mChecking if backend is available at http://100.111.237.50:8001...[0m
2025-12-09 12:34:22 [INFO] [0;34mWebSocket URL: ws://100.111.237.50:8001[0m
2025-12-09 12:34:22 [SUCCESS] [0;32mBackend is online and reachable![0m
2025-12-09 12:34:22 [INFO] [0;34mChecking for existing drone script processes...[0m
2025-12-09 12:34:22 [INFO] [0;34mNo existing processes found[0m
2025-12-09 12:34:22 [INFO] [0;34mStarting drone script...[0m
2025-12-09 12:34:22 [INFO] [0;34mScript path: /home/homa1/homa1/code_base/HOMA-1.0/aruco_.py[0m
2025-12-09 12:34:22 [SUCCESS] [0;32mDrone script started (PID: 17780)[0m
2025-12-09 12:45:59 [WARN] [1;33mShutdown signal received. Cleaning up...[0m
2025-12-09 12:45:59 [INFO] [0;34mKilling drone script (PID: 17780)...[0m
2025-12-09 12:45:59 [WARN] [1;33mShutdown signal received. Cleaning up...[0m
2025-12-09 12:45:59 [SUCCESS] [0;32mCleanup complete. Exiting.[0m
2025-12-09 12:46:07 [INFO] [0;34m━━━━━━━━━━━━━━━━━━━━━━━━━━━━━━━━━━━━━━━━━━━━━━━━━[0m
2025-12-09 12:46:07 [INFO] [0;34mDrone Auto-Restart Script[0m
2025-12-09 12:46:07 [INFO] [0;34m━━━━━━━━━━━━━━━━━━━━━━━━━━━━━━━━━━━━━━━━━━━━━━━━━[0m
2025-12-09 12:46:07 [INFO] [0;34mDrone ID: austin-payload-01[0m
2025-12-09 12:46:07 [INFO] [0;34mDrone Type: rescue[0m
2025-12-09 12:46:07 [INFO] [0;34mBackend URL: http://100.111.237.50:8001[0m
2025-12-09 12:46:07 [INFO] [0;34mWebSocket URL: ws://100.111.237.50:8001[0m
2025-12-09 12:46:07 [INFO] [0;34mScript: /home/homa1/homa1/code_base/HOMA-1.0/aruco_.py[0m
2025-12-09 12:46:07 [SUCCESS] [0;32mVirtual environment activated: /home/homa1/homa1/homa1_venv[0m
2025-12-09 12:46:07 [INFO] [0;34mLog: /home/homa1/homa1/code_base/HOMA-1.0/logs/austin-payload-01_20251209.log[0m
2025-12-09 12:46:07 [INFO] [0;34m━━━━━━━━━━━━━━━━━━━━━━━━━━━━━━━━━━━━━━━━━━━━━━━━━[0m
2025-12-09 12:46:07 [INFO] [0;34mChecking if backend is available at http://100.111.237.50:8001...[0m
2025-12-09 12:46:07 [INFO] [0;34mWebSocket URL: ws://100.111.237.50:8001[0m
2025-12-09 12:46:07 [SUCCESS] [0;32mBackend is online and reachable![0m
2025-12-09 12:46:07 [INFO] [0;34mChecking for existing drone script processes...[0m
2025-12-09 12:46:07 [INFO] [0;34mNo existing processes found[0m
2025-12-09 12:46:07 [INFO] [0;34mStarting drone script...[0m
2025-12-09 12:46:07 [INFO] [0;34mScript path: /home/homa1/homa1/code_base/HOMA-1.0/aruco_.py[0m
2025-12-09 12:46:07 [SUCCESS] [0;32mDrone script started (PID: 20151)[0m
2025-12-09 12:46:12 [ERROR] [0;31mScript crashed with exit code: 1[0m
2025-12-09 12:46:12 [ERROR] [0;31mConsecutive failures: 1[0m
2025-12-09 12:46:12 [INFO] [0;34mRestarting in 3s...[0m
2025-12-09 12:46:15 [INFO] [0;34m━━━━━━━━━━━━━━━━━━━━━━━━━━━━━━━━━━━━━━━━━━━━━━━━━[0m
2025-12-09 12:46:15 [INFO] [0;34mInitiating restart cycle...[0m
2025-12-09 12:46:15 [INFO] [0;34mChecking if backend is available at http://100.111.237.50:8001...[0m
2025-12-09 12:46:15 [INFO] [0;34mWebSocket URL: ws://100.111.237.50:8001[0m
2025-12-09 12:46:16 [SUCCESS] [0;32mBackend is online and reachable![0m
2025-12-09 12:46:16 [INFO] [0;34mChecking for existing drone script processes...[0m
2025-12-09 12:46:16 [INFO] [0;34mNo existing processes found[0m
2025-12-09 12:46:16 [INFO] [0;34mStarting drone script...[0m
2025-12-09 12:46:16 [INFO] [0;34mScript path: /home/homa1/homa1/code_base/HOMA-1.0/aruco_.py[0m
2025-12-09 12:46:16 [SUCCESS] [0;32mDrone script started (PID: 20267)[0m
2025-12-09 12:49:15 [WARN] [1;33mShutdown signal received. Cleaning up...[0m
2025-12-09 12:49:15 [INFO] [0;34mKilling drone script (PID: 20267)...[0m
2025-12-09 12:49:15 [WARN] [1;33mShutdown signal received. Cleaning up...[0m
2025-12-09 12:49:15 [SUCCESS] [0;32mCleanup complete. Exiting.[0m
2025-12-09 12:49:18 [INFO] [0;34m━━━━━━━━━━━━━━━━━━━━━━━━━━━━━━━━━━━━━━━━━━━━━━━━━[0m
2025-12-09 12:49:18 [INFO] [0;34mDrone Auto-Restart Script[0m
2025-12-09 12:49:18 [INFO] [0;34m━━━━━━━━━━━━━━━━━━━━━━━━━━━━━━━━━━━━━━━━━━━━━━━━━[0m
2025-12-09 12:49:18 [INFO] [0;34mDrone ID: austin-payload-01[0m
2025-12-09 12:49:18 [INFO] [0;34mDrone Type: rescue[0m
2025-12-09 12:49:18 [INFO] [0;34mBackend URL: http://100.111.237.50:8001[0m
2025-12-09 12:49:18 [INFO] [0;34mWebSocket URL: ws://100.111.237.50:8001[0m
2025-12-09 12:49:18 [INFO] [0;34mScript: /home/homa1/homa1/code_base/HOMA-1.0/aruco_.py[0m
2025-12-09 12:49:18 [SUCCESS] [0;32mVirtual environment activated: /home/homa1/homa1/homa1_venv[0m
2025-12-09 12:49:18 [INFO] [0;34mLog: /home/homa1/homa1/code_base/HOMA-1.0/logs/austin-payload-01_20251209.log[0m
2025-12-09 12:49:18 [INFO] [0;34m━━━━━━━━━━━━━━━━━━━━━━━━━━━━━━━━━━━━━━━━━━━━━━━━━[0m
2025-12-09 12:49:18 [INFO] [0;34mChecking if backend is available at http://100.111.237.50:8001...[0m
2025-12-09 12:49:18 [INFO] [0;34mWebSocket URL: ws://100.111.237.50:8001[0m
2025-12-09 12:49:18 [SUCCESS] [0;32mBackend is online and reachable![0m
2025-12-09 12:49:18 [INFO] [0;34mChecking for existing drone script processes...[0m
2025-12-09 12:49:18 [INFO] [0;34mNo existing processes found[0m
2025-12-09 12:49:18 [INFO] [0;34mStarting drone script...[0m
2025-12-09 12:49:18 [INFO] [0;34mScript path: /home/homa1/homa1/code_base/HOMA-1.0/aruco_.py[0m
2025-12-09 12:49:18 [SUCCESS] [0;32mDrone script started (PID: 21278)[0m
2025-12-09 12:49:37 [ERROR] [0;31m━━━━━━━━━━━━━━━━━━━━━━━━━━━━━━━━━━━━━━━━━━━━━━━━━[0m
2025-12-09 12:49:37 [ERROR] [0;31m🔌 BACKEND CONNECTION LOST (Exit code: 11)[0m
2025-12-09 12:49:37 [ERROR] [0;31m━━━━━━━━━━━━━━━━━━━━━━━━━━━━━━━━━━━━━━━━━━━━━━━━━[0m
2025-12-09 12:49:37 [WARN] [1;33mBackend disconnected - will wait for it to come back online[0m
2025-12-09 12:49:37 [INFO] [0;34mWaiting for backend to become available...[0m
2025-12-09 12:49:37 [INFO] [0;34mChecking if backend is available at http://100.111.237.50:8001...[0m
2025-12-09 12:49:37 [INFO] [0;34mWebSocket URL: ws://100.111.237.50:8001[0m
2025-12-09 12:49:37 [WARN] [1;33mBackend not reachable (attempt 1)[0m
2025-12-09 12:49:37 [INFO] [0;34mTrying: curl http://100.111.237.50:8001/health[0m
2025-12-09 12:49:37 [INFO] [0;34mRetrying in 5s...[0m
2025-12-09 12:49:42 [SUCCESS] [0;32mBackend is online and reachable![0m
2025-12-09 12:49:42 [INFO] [0;34mChecking for existing drone script processes...[0m
2025-12-09 12:49:42 [INFO] [0;34mNo existing processes found[0m
2025-12-09 12:49:42 [INFO] [0;34mStarting drone script...[0m
2025-12-09 12:49:42 [INFO] [0;34mScript path: /home/homa1/homa1/code_base/HOMA-1.0/aruco_.py[0m
2025-12-09 12:49:42 [SUCCESS] [0;32mDrone script started (PID: 21560)[0m
2025-12-09 12:50:58 [WARN] [1;33mShutdown signal received. Cleaning up...[0m
2025-12-09 12:50:58 [INFO] [0;34mKilling drone script (PID: 21560)...[0m
2025-12-09 12:50:58 [WARN] [1;33mShutdown signal received. Cleaning up...[0m
2025-12-09 12:50:58 [INFO] [0;34mKilling drone script (PID: 21560)...[0m
2025-12-09 12:50:58 [WARN] [1;33mShutdown signal received. Cleaning up...[0m
2025-12-09 12:50:58 [SUCCESS] [0;32mCleanup complete. Exiting.[0m
2025-12-09 12:51:00 [INFO] [0;34m━━━━━━━━━━━━━━━━━━━━━━━━━━━━━━━━━━━━━━━━━━━━━━━━━[0m
2025-12-09 12:51:00 [INFO] [0;34mDrone Auto-Restart Script[0m
2025-12-09 12:51:00 [INFO] [0;34m━━━━━━━━━━━━━━━━━━━━━━━━━━━━━━━━━━━━━━━━━━━━━━━━━[0m
2025-12-09 12:51:00 [INFO] [0;34mDrone ID: austin-payload-01[0m
2025-12-09 12:51:00 [INFO] [0;34mDrone Type: rescue[0m
2025-12-09 12:51:00 [INFO] [0;34mBackend URL: http://100.111.237.50:8001[0m
2025-12-09 12:51:00 [INFO] [0;34mWebSocket URL: ws://100.111.237.50:8001[0m
2025-12-09 12:51:00 [INFO] [0;34mScript: /home/homa1/homa1/code_base/HOMA-1.0/aruco_.py[0m
2025-12-09 12:51:00 [SUCCESS] [0;32mVirtual environment activated: /home/homa1/homa1/homa1_venv[0m
2025-12-09 12:51:00 [INFO] [0;34mLog: /home/homa1/homa1/code_base/HOMA-1.0/logs/austin-payload-01_20251209.log[0m
2025-12-09 12:51:00 [INFO] [0;34m━━━━━━━━━━━━━━━━━━━━━━━━━━━━━━━━━━━━━━━━━━━━━━━━━[0m
2025-12-09 12:51:00 [INFO] [0;34mChecking if backend is available at http://100.111.237.50:8001...[0m
2025-12-09 12:51:00 [INFO] [0;34mWebSocket URL: ws://100.111.237.50:8001[0m
2025-12-09 12:51:00 [SUCCESS] [0;32mBackend is online and reachable![0m
2025-12-09 12:51:00 [INFO] [0;34mChecking for existing drone script processes...[0m
2025-12-09 12:51:00 [INFO] [0;34mNo existing processes found[0m
2025-12-09 12:51:00 [INFO] [0;34mStarting drone script...[0m
2025-12-09 12:51:00 [INFO] [0;34mScript path: /home/homa1/homa1/code_base/HOMA-1.0/aruco_.py[0m
2025-12-09 12:51:00 [SUCCESS] [0;32mDrone script started (PID: 22141)[0m
2025-12-09 12:51:19 [ERROR] [0;31m━━━━━━━━━━━━━━━━━━━━━━━━━━━━━━━━━━━━━━━━━━━━━━━━━[0m
2025-12-09 12:51:19 [ERROR] [0;31m🔌 BACKEND CONNECTION LOST (Exit code: 11)[0m
2025-12-09 12:51:19 [ERROR] [0;31m━━━━━━━━━━━━━━━━━━━━━━━━━━━━━━━━━━━━━━━━━━━━━━━━━[0m
2025-12-09 12:51:19 [WARN] [1;33mBackend disconnected - will wait for it to come back online[0m
2025-12-09 12:51:19 [INFO] [0;34mWaiting for backend to become available...[0m
2025-12-09 12:51:19 [INFO] [0;34mChecking if backend is available at http://100.111.237.50:8001...[0m
2025-12-09 12:51:19 [INFO] [0;34mWebSocket URL: ws://100.111.237.50:8001[0m
2025-12-09 12:51:19 [SUCCESS] [0;32mBackend is online and reachable![0m
2025-12-09 12:51:19 [INFO] [0;34mChecking for existing drone script processes...[0m
2025-12-09 12:51:19 [INFO] [0;34mNo existing processes found[0m
2025-12-09 12:51:19 [INFO] [0;34mStarting drone script...[0m
2025-12-09 12:51:19 [INFO] [0;34mScript path: /home/homa1/homa1/code_base/HOMA-1.0/aruco_.py[0m
2025-12-09 12:51:19 [SUCCESS] [0;32mDrone script started (PID: 22375)[0m
2025-12-09 12:55:32 [WARN] [1;33mShutdown signal received. Cleaning up...[0m
2025-12-09 12:55:32 [INFO] [0;34mKilling drone script (PID: 22375)...[0m
2025-12-09 12:55:32 [WARN] [1;33mShutdown signal received. Cleaning up...[0m
2025-12-09 12:55:32 [INFO] [0;34mKilling drone script (PID: 22375)...[0m
2025-12-09 12:55:32 [WARN] [1;33mShutdown signal received. Cleaning up...[0m
2025-12-09 12:55:32 [SUCCESS] [0;32mCleanup complete. Exiting.[0m
2025-12-09 12:55:33 [INFO] [0;34m━━━━━━━━━━━━━━━━━━━━━━━━━━━━━━━━━━━━━━━━━━━━━━━━━[0m
2025-12-09 12:55:33 [INFO] [0;34mDrone Auto-Restart Script[0m
2025-12-09 12:55:33 [INFO] [0;34m━━━━━━━━━━━━━━━━━━━━━━━━━━━━━━━━━━━━━━━━━━━━━━━━━[0m
2025-12-09 12:55:33 [INFO] [0;34mDrone ID: austin-payload-01[0m
2025-12-09 12:55:33 [INFO] [0;34mDrone Type: rescue[0m
2025-12-09 12:55:33 [INFO] [0;34mBackend URL: http://100.111.237.50:8001[0m
2025-12-09 12:55:33 [INFO] [0;34mWebSocket URL: ws://100.111.237.50:8001[0m
2025-12-09 12:55:33 [INFO] [0;34mScript: /home/homa1/homa1/code_base/HOMA-1.0/aruco_.py[0m
2025-12-09 12:55:33 [SUCCESS] [0;32mVirtual environment activated: /home/homa1/homa1/homa1_venv[0m
2025-12-09 12:55:33 [INFO] [0;34mLog: /home/homa1/homa1/code_base/HOMA-1.0/logs/austin-payload-01_20251209.log[0m
2025-12-09 12:55:33 [INFO] [0;34m━━━━━━━━━━━━━━━━━━━━━━━━━━━━━━━━━━━━━━━━━━━━━━━━━[0m
2025-12-09 12:55:34 [INFO] [0;34mChecking if backend is available at http://100.111.237.50:8001...[0m
2025-12-09 12:55:34 [INFO] [0;34mWebSocket URL: ws://100.111.237.50:8001[0m
2025-12-09 12:55:34 [SUCCESS] [0;32mBackend is online and reachable![0m
2025-12-09 12:55:34 [INFO] [0;34mChecking for existing drone script processes...[0m
2025-12-09 12:55:34 [INFO] [0;34mNo existing processes found[0m
2025-12-09 12:55:34 [INFO] [0;34mStarting drone script...[0m
2025-12-09 12:55:34 [INFO] [0;34mScript path: /home/homa1/homa1/code_base/HOMA-1.0/aruco_.py[0m
2025-12-09 12:55:34 [SUCCESS] [0;32mDrone script started (PID: 23519)[0m
2025-12-09 12:55:53 [ERROR] [0;31m━━━━━━━━━━━━━━━━━━━━━━━━━━━━━━━━━━━━━━━━━━━━━━━━━[0m
2025-12-09 12:55:53 [ERROR] [0;31m🔌 BACKEND CONNECTION LOST (Exit code: 11)[0m
2025-12-09 12:55:53 [ERROR] [0;31m━━━━━━━━━━━━━━━━━━━━━━━━━━━━━━━━━━━━━━━━━━━━━━━━━[0m
2025-12-09 12:55:53 [WARN] [1;33mBackend disconnected - will wait for it to come back online[0m
2025-12-09 12:55:53 [INFO] [0;34mWaiting for backend to become available...[0m
2025-12-09 12:55:53 [INFO] [0;34mChecking if backend is available at http://100.111.237.50:8001...[0m
2025-12-09 12:55:53 [INFO] [0;34mWebSocket URL: ws://100.111.237.50:8001[0m
2025-12-09 12:55:53 [SUCCESS] [0;32mBackend is online and reachable![0m
2025-12-09 12:55:53 [INFO] [0;34mChecking for existing drone script processes...[0m
2025-12-09 12:55:53 [INFO] [0;34mNo existing processes found[0m
2025-12-09 12:55:53 [INFO] [0;34mStarting drone script...[0m
2025-12-09 12:55:53 [INFO] [0;34mScript path: /home/homa1/homa1/code_base/HOMA-1.0/aruco_.py[0m
2025-12-09 12:55:53 [SUCCESS] [0;32mDrone script started (PID: 23747)[0m
2025-12-09 12:58:06 [WARN] [1;33mShutdown signal received. Cleaning up...[0m
2025-12-09 12:58:06 [INFO] [0;34mKilling drone script (PID: 23747)...[0m
2025-12-09 12:58:07 [WARN] [1;33mShutdown signal received. Cleaning up...[0m
2025-12-09 12:58:07 [INFO] [0;34mKilling drone script (PID: 23747)...[0m
2025-12-09 12:58:07 [WARN] [1;33mShutdown signal received. Cleaning up...[0m
2025-12-09 12:58:07 [SUCCESS] [0;32mCleanup complete. Exiting.[0m
2025-12-09 13:11:00 [INFO] [0;34m━━━━━━━━━━━━━━━━━━━━━━━━━━━━━━━━━━━━━━━━━━━━━━━━━[0m
2025-12-09 13:11:00 [INFO] [0;34mDrone Auto-Restart Script[0m
2025-12-09 13:11:00 [INFO] [0;34m━━━━━━━━━━━━━━━━━━━━━━━━━━━━━━━━━━━━━━━━━━━━━━━━━[0m
2025-12-09 13:11:00 [INFO] [0;34mDrone ID: austin-payload-01[0m
2025-12-09 13:11:00 [INFO] [0;34mDrone Type: rescue[0m
2025-12-09 13:11:00 [INFO] [0;34mBackend URL: http://100.111.237.50:8001[0m
2025-12-09 13:11:01 [INFO] [0;34mWebSocket URL: ws://100.111.237.50:8001[0m
2025-12-09 13:11:01 [INFO] [0;34mScript: /home/homa1/homa1/code_base/HOMA-1.0/aruco_.py[0m
2025-12-09 13:11:01 [SUCCESS] [0;32mVirtual environment activated: /home/homa1/homa1/homa1_venv[0m
2025-12-09 13:11:01 [INFO] [0;34mLog: /home/homa1/homa1/code_base/HOMA-1.0/logs/austin-payload-01_20251209.log[0m
2025-12-09 13:11:01 [INFO] [0;34m━━━━━━━━━━━━━━━━━━━━━━━━━━━━━━━━━━━━━━━━━━━━━━━━━[0m
2025-12-09 13:11:01 [INFO] [0;34mChecking if backend is available at http://100.111.237.50:8001...[0m
2025-12-09 13:11:01 [INFO] [0;34mWebSocket URL: ws://100.111.237.50:8001[0m
2025-12-09 13:11:01 [SUCCESS] [0;32mBackend is online and reachable![0m
2025-12-09 13:11:01 [INFO] [0;34mChecking for existing drone script processes...[0m
2025-12-09 13:11:01 [INFO] [0;34mNo existing processes found[0m
2025-12-09 13:11:01 [INFO] [0;34mStarting drone script...[0m
2025-12-09 13:11:01 [INFO] [0;34mScript path: /home/homa1/homa1/code_base/HOMA-1.0/aruco_.py[0m
2025-12-09 13:11:01 [SUCCESS] [0;32mDrone script started (PID: 4220)[0m
2025-12-09 13:17:00 [WARN] [1;33mShutdown signal received. Cleaning up...[0m
2025-12-09 13:17:00 [INFO] [0;34mKilling drone script (PID: 4220)...[0m
2025-12-09 13:17:00 [WARN] [1;33mShutdown signal received. Cleaning up...[0m
2025-12-09 13:17:01 [SUCCESS] [0;32mCleanup complete. Exiting.[0m
2025-12-09 13:17:10 [INFO] [0;34m━━━━━━━━━━━━━━━━━━━━━━━━━━━━━━━━━━━━━━━━━━━━━━━━━[0m
2025-12-09 13:17:10 [INFO] [0;34mDrone Auto-Restart Script[0m
2025-12-09 13:17:10 [INFO] [0;34m━━━━━━━━━━━━━━━━━━━━━━━━━━━━━━━━━━━━━━━━━━━━━━━━━[0m
2025-12-09 13:17:10 [INFO] [0;34mDrone ID: austin-payload-01[0m
2025-12-09 13:17:10 [INFO] [0;34mDrone Type: rescue[0m
2025-12-09 13:17:10 [INFO] [0;34mBackend URL: http://100.111.237.50:8001[0m
2025-12-09 13:17:10 [INFO] [0;34mWebSocket URL: ws://100.111.237.50:8001[0m
2025-12-09 13:17:10 [INFO] [0;34mScript: /home/homa1/homa1/code_base/HOMA-1.0/aruco_.py[0m
2025-12-09 13:17:10 [SUCCESS] [0;32mVirtual environment activated: /home/homa1/homa1/homa1_venv[0m
2025-12-09 13:17:10 [INFO] [0;34mLog: /home/homa1/homa1/code_base/HOMA-1.0/logs/austin-payload-01_20251209.log[0m
2025-12-09 13:17:10 [INFO] [0;34m━━━━━━━━━━━━━━━━━━━━━━━━━━━━━━━━━━━━━━━━━━━━━━━━━[0m
2025-12-09 13:17:10 [INFO] [0;34mChecking if backend is available at http://100.111.237.50:8001...[0m
2025-12-09 13:17:10 [INFO] [0;34mWebSocket URL: ws://100.111.237.50:8001[0m
2025-12-09 13:17:10 [SUCCESS] [0;32mBackend is online and reachable![0m
2025-12-09 13:17:10 [INFO] [0;34mChecking for existing drone script processes...[0m
2025-12-09 13:17:10 [INFO] [0;34mNo existing processes found[0m
2025-12-09 13:17:10 [INFO] [0;34mStarting drone script...[0m
2025-12-09 13:17:10 [INFO] [0;34mScript path: /home/homa1/homa1/code_base/HOMA-1.0/aruco_.py[0m
2025-12-09 13:17:10 [SUCCESS] [0;32mDrone script started (PID: 5437)[0m
2025-12-09 13:19:19 [WARN] [1;33mShutdown signal received. Cleaning up...[0m
2025-12-09 13:19:19 [INFO] [0;34mKilling drone script (PID: 5437)...[0m
2025-12-09 13:19:19 [WARN] [1;33mShutdown signal received. Cleaning up...[0m
2025-12-09 13:19:19 [SUCCESS] [0;32mCleanup complete. Exiting.[0m
2025-12-09 13:19:48 [INFO] [0;34m━━━━━━━━━━━━━━━━━━━━━━━━━━━━━━━━━━━━━━━━━━━━━━━━━[0m
2025-12-09 13:19:48 [INFO] [0;34mDrone Auto-Restart Script[0m
2025-12-09 13:19:49 [INFO] [0;34m━━━━━━━━━━━━━━━━━━━━━━━━━━━━━━━━━━━━━━━━━━━━━━━━━[0m
2025-12-09 13:19:49 [INFO] [0;34mDrone ID: austin-payload-01[0m
2025-12-09 13:19:49 [INFO] [0;34mDrone Type: rescue[0m
2025-12-09 13:19:49 [INFO] [0;34mBackend URL: http://100.111.237.50:8001[0m
2025-12-09 13:19:49 [INFO] [0;34mWebSocket URL: ws://100.111.237.50:8001[0m
2025-12-09 13:19:49 [INFO] [0;34mScript: /home/homa1/homa1/code_base/HOMA-1.0/aruco_.py[0m
2025-12-09 13:19:49 [SUCCESS] [0;32mVirtual environment activated: /home/homa1/homa1/homa1_venv[0m
2025-12-09 13:19:49 [INFO] [0;34mLog: /home/homa1/homa1/code_base/HOMA-1.0/logs/austin-payload-01_20251209.log[0m
2025-12-09 13:19:49 [INFO] [0;34m━━━━━━━━━━━━━━━━━━━━━━━━━━━━━━━━━━━━━━━━━━━━━━━━━[0m
2025-12-09 13:19:49 [INFO] [0;34mChecking if backend is available at http://100.111.237.50:8001...[0m
2025-12-09 13:19:49 [INFO] [0;34mWebSocket URL: ws://100.111.237.50:8001[0m
2025-12-09 13:19:49 [SUCCESS] [0;32mBackend is online and reachable![0m
2025-12-09 13:19:49 [INFO] [0;34mChecking for existing drone script processes...[0m
2025-12-09 13:19:49 [INFO] [0;34mNo existing processes found[0m
2025-12-09 13:19:49 [INFO] [0;34mStarting drone script...[0m
2025-12-09 13:19:49 [INFO] [0;34mScript path: /home/homa1/homa1/code_base/HOMA-1.0/aruco_.py[0m
2025-12-09 13:19:49 [SUCCESS] [0;32mDrone script started (PID: 6193)[0m
2025-12-09 13:22:39 [WARN] [1;33mShutdown signal received. Cleaning up...[0m
2025-12-09 13:22:39 [INFO] [0;34mKilling drone script (PID: 6193)...[0m
2025-12-09 13:22:39 [WARN] [1;33mShutdown signal received. Cleaning up...[0m
2025-12-09 13:22:39 [SUCCESS] [0;32mCleanup complete. Exiting.[0m
2025-12-09 13:23:01 [INFO] [0;34m━━━━━━━━━━━━━━━━━━━━━━━━━━━━━━━━━━━━━━━━━━━━━━━━━[0m
2025-12-09 13:23:01 [INFO] [0;34mDrone Auto-Restart Script[0m
2025-12-09 13:23:01 [INFO] [0;34m━━━━━━━━━━━━━━━━━━━━━━━━━━━━━━━━━━━━━━━━━━━━━━━━━[0m
2025-12-09 13:23:01 [INFO] [0;34mDrone ID: austin-payload-01[0m
2025-12-09 13:23:01 [INFO] [0;34mDrone Type: rescue[0m
2025-12-09 13:23:01 [INFO] [0;34mBackend URL: http://100.111.237.50:8001[0m
2025-12-09 13:23:01 [INFO] [0;34mWebSocket URL: ws://100.111.237.50:8001[0m
2025-12-09 13:23:01 [INFO] [0;34mScript: /home/homa1/homa1/code_base/HOMA-1.0/aruco_.py[0m
2025-12-09 13:23:01 [SUCCESS] [0;32mVirtual environment activated: /home/homa1/homa1/homa1_venv[0m
2025-12-09 13:23:01 [INFO] [0;34mLog: /home/homa1/homa1/code_base/HOMA-1.0/logs/austin-payload-01_20251209.log[0m
2025-12-09 13:23:01 [INFO] [0;34m━━━━━━━━━━━━━━━━━━━━━━━━━━━━━━━━━━━━━━━━━━━━━━━━━[0m
2025-12-09 13:23:01 [INFO] [0;34mChecking if backend is available at http://100.111.237.50:8001...[0m
2025-12-09 13:23:01 [INFO] [0;34mWebSocket URL: ws://100.111.237.50:8001[0m
2025-12-09 13:23:01 [SUCCESS] [0;32mBackend is online and reachable![0m
2025-12-09 13:23:01 [INFO] [0;34mChecking for existing drone script processes...[0m
2025-12-09 13:23:01 [INFO] [0;34mNo existing processes found[0m
2025-12-09 13:23:01 [INFO] [0;34mStarting drone script...[0m
2025-12-09 13:23:01 [INFO] [0;34mScript path: /home/homa1/homa1/code_base/HOMA-1.0/aruco_.py[0m
2025-12-09 13:23:01 [SUCCESS] [0;32mDrone script started (PID: 7053)[0m
2025-12-09 13:25:28 [WARN] [1;33mShutdown signal received. Cleaning up...[0m
2025-12-09 13:25:28 [INFO] [0;34mKilling drone script (PID: 7053)...[0m
2025-12-09 13:25:29 [WARN] [1;33mShutdown signal received. Cleaning up...[0m
2025-12-09 13:25:29 [SUCCESS] [0;32mCleanup complete. Exiting.[0m
2025-12-09 13:25:33 [INFO] [0;34m━━━━━━━━━━━━━━━━━━━━━━━━━━━━━━━━━━━━━━━━━━━━━━━━━[0m
2025-12-09 13:25:33 [INFO] [0;34mDrone Auto-Restart Script[0m
2025-12-09 13:25:33 [INFO] [0;34m━━━━━━━━━━━━━━━━━━━━━━━━━━━━━━━━━━━━━━━━━━━━━━━━━[0m
2025-12-09 13:25:33 [INFO] [0;34mDrone ID: austin-payload-01[0m
2025-12-09 13:25:33 [INFO] [0;34mDrone Type: rescue[0m
2025-12-09 13:25:33 [INFO] [0;34mBackend URL: http://100.111.237.50:8001[0m
2025-12-09 13:25:33 [INFO] [0;34mWebSocket URL: ws://100.111.237.50:8001[0m
2025-12-09 13:25:33 [INFO] [0;34mScript: /home/homa1/homa1/code_base/HOMA-1.0/aruco_.py[0m
2025-12-09 13:25:33 [SUCCESS] [0;32mVirtual environment activated: /home/homa1/homa1/homa1_venv[0m
2025-12-09 13:25:33 [INFO] [0;34mLog: /home/homa1/homa1/code_base/HOMA-1.0/logs/austin-payload-01_20251209.log[0m
2025-12-09 13:25:33 [INFO] [0;34m━━━━━━━━━━━━━━━━━━━━━━━━━━━━━━━━━━━━━━━━━━━━━━━━━[0m
2025-12-09 13:25:33 [INFO] [0;34mChecking if backend is available at http://100.111.237.50:8001...[0m
2025-12-09 13:25:33 [INFO] [0;34mWebSocket URL: ws://100.111.237.50:8001[0m
2025-12-09 13:25:33 [SUCCESS] [0;32mBackend is online and reachable![0m
2025-12-09 13:25:33 [INFO] [0;34mChecking for existing drone script processes...[0m
2025-12-09 13:25:33 [INFO] [0;34mNo existing processes found[0m
2025-12-09 13:25:33 [INFO] [0;34mStarting drone script...[0m
2025-12-09 13:25:33 [INFO] [0;34mScript path: /home/homa1/homa1/code_base/HOMA-1.0/aruco_.py[0m
2025-12-09 13:25:33 [SUCCESS] [0;32mDrone script started (PID: 7807)[0m
2025-12-09 13:25:50 [ERROR] [0;31m━━━━━━━━━━━━━━━━━━━━━━━━━━━━━━━━━━━━━━━━━━━━━━━━━[0m
2025-12-09 13:25:50 [ERROR] [0;31m🔌 BACKEND CONNECTION LOST (Exit code: 11)[0m
2025-12-09 13:25:50 [ERROR] [0;31m━━━━━━━━━━━━━━━━━━━━━━━━━━━━━━━━━━━━━━━━━━━━━━━━━[0m
2025-12-09 13:25:50 [WARN] [1;33mBackend disconnected - will wait for it to come back online[0m
2025-12-09 13:25:50 [INFO] [0;34mWaiting for backend to become available...[0m
2025-12-09 13:25:50 [INFO] [0;34mChecking if backend is available at http://100.111.237.50:8001...[0m
2025-12-09 13:25:50 [INFO] [0;34mWebSocket URL: ws://100.111.237.50:8001[0m
2025-12-09 13:25:50 [SUCCESS] [0;32mBackend is online and reachable![0m
2025-12-09 13:25:50 [INFO] [0;34mChecking for existing drone script processes...[0m
2025-12-09 13:25:50 [INFO] [0;34mNo existing processes found[0m
2025-12-09 13:25:50 [INFO] [0;34mStarting drone script...[0m
2025-12-09 13:25:50 [INFO] [0;34mScript path: /home/homa1/homa1/code_base/HOMA-1.0/aruco_.py[0m
2025-12-09 13:25:50 [SUCCESS] [0;32mDrone script started (PID: 7999)[0m
2025-12-09 13:32:55 [WARN] [1;33mShutdown signal received. Cleaning up...[0m
2025-12-09 13:32:55 [INFO] [0;34mKilling drone script (PID: 7999)...[0m
2025-12-09 13:32:55 [WARN] [1;33mShutdown signal received. Cleaning up...[0m
2025-12-09 13:32:55 [INFO] [0;34mKilling drone script (PID: 7999)...[0m
2025-12-09 13:32:55 [WARN] [1;33mShutdown signal received. Cleaning up...[0m
2025-12-09 13:32:55 [SUCCESS] [0;32mCleanup complete. Exiting.[0m
2025-12-09 13:32:58 [INFO] [0;34m━━━━━━━━━━━━━━━━━━━━━━━━━━━━━━━━━━━━━━━━━━━━━━━━━[0m
2025-12-09 13:32:58 [INFO] [0;34mDrone Auto-Restart Script[0m
2025-12-09 13:32:58 [INFO] [0;34m━━━━━━━━━━━━━━━━━━━━━━━━━━━━━━━━━━━━━━━━━━━━━━━━━[0m
2025-12-09 13:32:58 [INFO] [0;34mDrone ID: austin-payload-01[0m
2025-12-09 13:32:58 [INFO] [0;34mDrone Type: rescue[0m
2025-12-09 13:32:58 [INFO] [0;34mBackend URL: http://100.111.237.50:8001[0m
2025-12-09 13:32:58 [INFO] [0;34mWebSocket URL: ws://100.111.237.50:8001[0m
2025-12-09 13:32:58 [INFO] [0;34mScript: /home/homa1/homa1/code_base/HOMA-1.0/aruco_.py[0m
2025-12-09 13:32:58 [SUCCESS] [0;32mVirtual environment activated: /home/homa1/homa1/homa1_venv[0m
2025-12-09 13:32:58 [INFO] [0;34mLog: /home/homa1/homa1/code_base/HOMA-1.0/logs/austin-payload-01_20251209.log[0m
2025-12-09 13:32:58 [INFO] [0;34m━━━━━━━━━━━━━━━━━━━━━━━━━━━━━━━━━━━━━━━━━━━━━━━━━[0m
2025-12-09 13:32:58 [INFO] [0;34mChecking if backend is available at http://100.111.237.50:8001...[0m
2025-12-09 13:32:58 [INFO] [0;34mWebSocket URL: ws://100.111.237.50:8001[0m
2025-12-09 13:32:58 [SUCCESS] [0;32mBackend is online and reachable![0m
2025-12-09 13:32:58 [INFO] [0;34mChecking for existing drone script processes...[0m
2025-12-09 13:32:58 [INFO] [0;34mNo existing processes found[0m
2025-12-09 13:32:58 [INFO] [0;34mStarting drone script...[0m
2025-12-09 13:32:58 [INFO] [0;34mScript path: /home/homa1/homa1/code_base/HOMA-1.0/aruco_.py[0m
2025-12-09 13:32:58 [SUCCESS] [0;32mDrone script started (PID: 8974)[0m
2025-12-09 13:33:17 [WARN] [1;33mShutdown signal received. Cleaning up...[0m
2025-12-09 13:33:17 [INFO] [0;34mKilling drone script (PID: 8974)...[0m
2025-12-09 13:33:18 [WARN] [1;33mShutdown signal received. Cleaning up...[0m
2025-12-09 13:33:18 [SUCCESS] [0;32mCleanup complete. Exiting.[0m
2025-12-09 13:38:26 [INFO] [0;34m━━━━━━━━━━━━━━━━━━━━━━━━━━━━━━━━━━━━━━━━━━━━━━━━━[0m
2025-12-09 13:38:26 [INFO] [0;34mDrone Auto-Restart Script[0m
2025-12-09 13:38:26 [INFO] [0;34m━━━━━━━━━━━━━━━━━━━━━━━━━━━━━━━━━━━━━━━━━━━━━━━━━[0m
2025-12-09 13:38:26 [INFO] [0;34mDrone ID: austin-payload-01[0m
2025-12-09 13:38:26 [INFO] [0;34mDrone Type: rescue[0m
2025-12-09 13:38:26 [INFO] [0;34mBackend URL: http://100.111.237.50:8001[0m
2025-12-09 13:38:26 [INFO] [0;34mWebSocket URL: ws://100.111.237.50:8001[0m
2025-12-09 13:38:26 [INFO] [0;34mScript: /home/homa1/homa1/code_base/HOMA-1.0/aruco_.py[0m
2025-12-09 13:38:26 [SUCCESS] [0;32mVirtual environment activated: /home/homa1/homa1/homa1_venv[0m
2025-12-09 13:38:26 [INFO] [0;34mLog: /home/homa1/homa1/code_base/HOMA-1.0/logs/austin-payload-01_20251209.log[0m
2025-12-09 13:38:26 [INFO] [0;34m━━━━━━━━━━━━━━━━━━━━━━━━━━━━━━━━━━━━━━━━━━━━━━━━━[0m
2025-12-09 13:38:26 [INFO] [0;34mChecking if backend is available at http://100.111.237.50:8001...[0m
2025-12-09 13:38:26 [INFO] [0;34mWebSocket URL: ws://100.111.237.50:8001[0m
2025-12-09 13:38:27 [SUCCESS] [0;32mBackend is online and reachable![0m
2025-12-09 13:38:27 [INFO] [0;34mChecking for existing drone script processes...[0m
2025-12-09 13:38:27 [INFO] [0;34mNo existing processes found[0m
2025-12-09 13:38:27 [INFO] [0;34mStarting drone script...[0m
2025-12-09 13:38:27 [INFO] [0;34mScript path: /home/homa1/homa1/code_base/HOMA-1.0/aruco_.py[0m
2025-12-09 13:38:27 [SUCCESS] [0;32mDrone script started (PID: 10748)[0m
2025-12-09 13:41:19 [WARN] [1;33mShutdown signal received. Cleaning up...[0m
2025-12-09 13:41:19 [INFO] [0;34mKilling drone script (PID: 10748)...[0m
2025-12-09 13:41:20 [WARN] [1;33mShutdown signal received. Cleaning up...[0m
2025-12-09 13:41:20 [SUCCESS] [0;32mCleanup complete. Exiting.[0m
