2025-12-29 12:52:02 [INFO] [0;34m━━━━━━━━━━━━━━━━━━━━━━━━━━━━━━━━━━━━━━━━━━━━━━━━━[0m
2025-12-29 12:52:02 [INFO] [0;34mDrone Auto-Restart Script[0m
2025-12-29 12:52:02 [INFO] [0;34m━━━━━━━━━━━━━━━━━━━━━━━━━━━━━━━━━━━━━━━━━━━━━━━━━[0m
2025-12-29 12:52:02 [INFO] [0;34mDrone ID: austin-recon-01[0m
2025-12-29 12:52:02 [INFO] [0;34mDrone Type: recon[0m
2025-12-29 12:52:02 [INFO] [0;34mBackend URL: http://100.88.6.111:8001[0m
2025-12-29 12:52:02 [INFO] [0;34mWebSocket URL: ws://100.88.6.111:8001[0m
2025-12-29 12:52:02 [INFO] [0;34mScript: /home/homa1/homa1/code_base/HOMA-1.0/aruco_.py[0m
2025-12-29 12:52:02 [SUCCESS] [0;32mVirtual environment activated: /home/homa1/homa1/homa1_venv[0m
2025-12-29 12:52:02 [INFO] [0;34mLog: /home/homa1/homa1/code_base/HOMA-1.0/logs/austin-recon-01_20251229.log[0m
2025-12-29 12:52:02 [INFO] [0;34m━━━━━━━━━━━━━━━━━━━━━━━━━━━━━━━━━━━━━━━━━━━━━━━━━[0m
2025-12-29 12:52:02 [INFO] [0;34mChecking if backend is available at http://100.88.6.111:8001...[0m
2025-12-29 12:52:02 [INFO] [0;34mWebSocket URL: ws://100.88.6.111:8001[0m
2025-12-29 12:52:02 [SUCCESS] [0;32mBackend is online and reachable![0m
2025-12-29 12:52:02 [INFO] [0;34mChecking for existing drone script processes...[0m
2025-12-29 12:52:02 [INFO] [0;34mNo existing processes found[0m
2025-12-29 12:52:02 [INFO] [0;34mStarting drone script...[0m
2025-12-29 12:52:02 [INFO] [0;34mScript path: /home/homa1/homa1/code_base/HOMA-1.0/aruco_.py[0m
2025-12-29 12:52:02 [SUCCESS] [0;32mDrone script started (PID: 6301)[0m
2025-12-29 12:53:41 [ERROR] [0;31m━━━━━━━━━━━━━━━━━━━━━━━━━━━━━━━━━━━━━━━━━━━━━━━━━[0m
2025-12-29 12:53:41 [ERROR] [0;31m🔌 BACKEND CONNECTION LOST (Exit code: 11)[0m
2025-12-29 12:53:41 [ERROR] [0;31m━━━━━━━━━━━━━━━━━━━━━━━━━━━━━━━━━━━━━━━━━━━━━━━━━[0m
2025-12-29 12:53:41 [WARN] [1;33mBackend disconnected - will wait for it to come back online[0m
2025-12-29 12:53:41 [INFO] [0;34mWaiting for backend to become available...[0m
2025-12-29 12:53:41 [INFO] [0;34mChecking if backend is available at http://100.88.6.111:8001...[0m
2025-12-29 12:53:41 [INFO] [0;34mWebSocket URL: ws://100.88.6.111:8001[0m
2025-12-29 12:53:51 [SUCCESS] [0;32mBackend is online and reachable![0m
2025-12-29 12:53:51 [INFO] [0;34mChecking for existing drone script processes...[0m
2025-12-29 12:53:51 [INFO] [0;34mNo existing processes found[0m
2025-12-29 12:53:51 [INFO] [0;34mStarting drone script...[0m
2025-12-29 12:53:51 [INFO] [0;34mScript path: /home/homa1/homa1/code_base/HOMA-1.0/aruco_.py[0m
2025-12-29 12:53:51 [SUCCESS] [0;32mDrone script started (PID: 6865)[0m
2025-12-29 13:20:08 [WARN] [1;33mShutdown signal received. Cleaning up...[0m
2025-12-29 13:20:08 [INFO] [0;34mKilling drone script (PID: 6865)...[0m
2025-12-29 13:20:10 [SUCCESS] [0;32mCleanup complete. Exiting.[0m
2025-12-29 13:20:34 [INFO] [0;34m━━━━━━━━━━━━━━━━━━━━━━━━━━━━━━━━━━━━━━━━━━━━━━━━━[0m
2025-12-29 13:20:34 [INFO] [0;34mDrone Auto-Restart Script[0m
2025-12-29 13:20:34 [INFO] [0;34m━━━━━━━━━━━━━━━━━━━━━━━━━━━━━━━━━━━━━━━━━━━━━━━━━[0m
2025-12-29 13:20:34 [INFO] [0;34mDrone ID: austin-recon-01[0m
2025-12-29 13:20:34 [INFO] [0;34mDrone Type: recon[0m
2025-12-29 13:20:34 [INFO] [0;34mBackend URL: http://100.88.6.111:8001[0m
2025-12-29 13:20:34 [INFO] [0;34mWebSocket URL: ws://100.88.6.111:8001[0m
2025-12-29 13:20:34 [INFO] [0;34mScript: /home/homa1/homa1/code_base/HOMA-1.0/aruco_.py[0m
2025-12-29 13:20:34 [SUCCESS] [0;32mVirtual environment activated: /home/homa1/homa1/homa1_venv[0m
2025-12-29 13:20:34 [INFO] [0;34mLog: /home/homa1/homa1/code_base/HOMA-1.0/logs/austin-recon-01_20251229.log[0m
2025-12-29 13:20:34 [INFO] [0;34m━━━━━━━━━━━━━━━━━━━━━━━━━━━━━━━━━━━━━━━━━━━━━━━━━[0m
2025-12-29 13:20:34 [INFO] [0;34mChecking if backend is available at http://100.88.6.111:8001...[0m
2025-12-29 13:20:34 [INFO] [0;34mWebSocket URL: ws://100.88.6.111:8001[0m
2025-12-29 13:20:34 [SUCCESS] [0;32mBackend is online and reachable![0m
2025-12-29 13:20:34 [INFO] [0;34mChecking for existing drone script processes...[0m
2025-12-29 13:20:34 [INFO] [0;34mNo existing processes found[0m
2025-12-29 13:20:34 [INFO] [0;34mStarting drone script...[0m
2025-12-29 13:20:34 [INFO] [0;34mScript path: /home/homa1/homa1/code_base/HOMA-1.0/aruco_.py[0m
2025-12-29 13:20:34 [SUCCESS] [0;32mDrone script started (PID: 13514)[0m
2025-12-29 13:42:06 [WARN] [1;33mShutdown signal received. Cleaning up...[0m
2025-12-29 13:42:06 [INFO] [0;34mKilling drone script (PID: 13514)...[0m
2025-12-29 13:42:08 [WARN] [1;33mShutdown signal received. Cleaning up...[0m
2025-12-29 13:42:08 [SUCCESS] [0;32mCleanup complete. Exiting.[0m
