2026-01-01 11:27:56 [INFO] [0;34m━━━━━━━━━━━━━━━━━━━━━━━━━━━━━━━━━━━━━━━━━━━━━━━━━[0m
2026-01-01 11:27:56 [INFO] [0;34mDrone Auto-Restart Script[0m
2026-01-01 11:27:56 [INFO] [0;34m━━━━━━━━━━━━━━━━━━━━━━━━━━━━━━━━━━━━━━━━━━━━━━━━━[0m
2026-01-01 11:27:56 [INFO] [0;34mDrone ID: austin-recon-01[0m
2026-01-01 11:27:56 [INFO] [0;34mDrone Type: recon[0m
2026-01-01 11:27:56 [INFO] [0;34mBackend URL: http://100.88.6.111:8001[0m
2026-01-01 11:27:56 [INFO] [0;34mWebSocket URL: ws://100.88.6.111:8001[0m
2026-01-01 11:27:56 [INFO] [0;34mScript: /home/homa1/homa1/code_base/HOMA-1.0/drone.py[0m
2026-01-01 11:27:56 [SUCCESS] [0;32mVirtual environment activated: /home/homa1/homa1/homa1_venv[0m
2026-01-01 11:27:56 [INFO] [0;34mLog: /home/homa1/homa1/code_base/HOMA-1.0/logs/austin-recon-01_20260101.log[0m
2026-01-01 11:27:56 [INFO] [0;34m━━━━━━━━━━━━━━━━━━━━━━━━━━━━━━━━━━━━━━━━━━━━━━━━━[0m
2026-01-01 11:27:56 [INFO] [0;34mChecking if backend is available at http://100.88.6.111:8001...[0m
2026-01-01 11:27:56 [INFO] [0;34mWebSocket URL: ws://100.88.6.111:8001[0m
2026-01-01 11:27:56 [SUCCESS] [0;32mBackend is online and reachable![0m
2026-01-01 11:27:56 [INFO] [0;34mChecking for existing drone script processes...[0m
2026-01-01 11:27:56 [INFO] [0;34mNo existing processes found[0m
2026-01-01 11:27:56 [INFO] [0;34mStarting drone script...[0m
2026-01-01 11:27:56 [INFO] [0;34mScript path: /home/homa1/homa1/code_base/HOMA-1.0/drone.py[0m
2026-01-01 11:27:56 [SUCCESS] [0;32mDrone script started (PID: 8212)[0m
2026-01-01 11:29:32 [WARN] [1;33mShutdown signal received. Cleaning up...[0m
2026-01-01 11:29:32 [INFO] [0;34mKilling drone script (PID: 8212)...[0m
2026-01-01 11:29:32 [WARN] [1;33mShutdown signal received. Cleaning up...[0m
2026-01-01 11:29:32 [SUCCESS] [0;32mCleanup complete. Exiting.[0m
2026-01-01 11:41:19 [INFO] [0;34m━━━━━━━━━━━━━━━━━━━━━━━━━━━━━━━━━━━━━━━━━━━━━━━━━[0m
2026-01-01 11:41:19 [INFO] [0;34mDrone Auto-Restart Script[0m
2026-01-01 11:41:19 [INFO] [0;34m━━━━━━━━━━━━━━━━━━━━━━━━━━━━━━━━━━━━━━━━━━━━━━━━━[0m
2026-01-01 11:41:19 [INFO] [0;34mDrone ID: austin-recon-01[0m
2026-01-01 11:41:19 [INFO] [0;34mDrone Type: recon[0m
2026-01-01 11:41:19 [INFO] [0;34mBackend URL: http://100.88.6.111:8001[0m
2026-01-01 11:41:19 [INFO] [0;34mWebSocket URL: ws://100.88.6.111:8001[0m
2026-01-01 11:41:19 [INFO] [0;34mScript: /home/homa1/homa1/code_base/HOMA-1.0/drone.py[0m
2026-01-01 11:41:19 [SUCCESS] [0;32mVirtual environment activated: /home/homa1/homa1/homa1_venv[0m
2026-01-01 11:41:19 [INFO] [0;34mLog: /home/homa1/homa1/code_base/HOMA-1.0/logs/austin-recon-01_20260101.log[0m
2026-01-01 11:41:19 [INFO] [0;34m━━━━━━━━━━━━━━━━━━━━━━━━━━━━━━━━━━━━━━━━━━━━━━━━━[0m
2026-01-01 11:41:19 [INFO] [0;34mChecking if backend is available at http://100.88.6.111:8001...[0m
2026-01-01 11:41:19 [INFO] [0;34mWebSocket URL: ws://100.88.6.111:8001[0m
2026-01-01 11:41:19 [SUCCESS] [0;32mBackend is online and reachable![0m
2026-01-01 11:41:19 [INFO] [0;34mChecking for existing drone script processes...[0m
2026-01-01 11:41:19 [INFO] [0;34mNo existing processes found[0m
2026-01-01 11:41:19 [INFO] [0;34mStarting drone script...[0m
2026-01-01 11:41:19 [INFO] [0;34mScript path: /home/homa1/homa1/code_base/HOMA-1.0/drone.py[0m
2026-01-01 11:41:19 [SUCCESS] [0;32mDrone script started (PID: 9465)[0m
2026-01-01 11:43:55 [WARN] [1;33mShutdown signal received. Cleaning up...[0m
2026-01-01 11:43:55 [INFO] [0;34mKilling drone script (PID: 9465)...[0m
2026-01-01 11:43:55 [WARN] [1;33mShutdown signal received. Cleaning up...[0m
2026-01-01 11:43:55 [SUCCESS] [0;32mCleanup complete. Exiting.[0m
2026-01-01 11:44:03 [INFO] [0;34m━━━━━━━━━━━━━━━━━━━━━━━━━━━━━━━━━━━━━━━━━━━━━━━━━[0m
2026-01-01 11:44:03 [INFO] [0;34mDrone Auto-Restart Script[0m
2026-01-01 11:44:03 [INFO] [0;34m━━━━━━━━━━━━━━━━━━━━━━━━━━━━━━━━━━━━━━━━━━━━━━━━━[0m
2026-01-01 11:44:03 [INFO] [0;34mDrone ID: austin-recon-01[0m
2026-01-01 11:44:03 [INFO] [0;34mDrone Type: recon[0m
2026-01-01 11:44:03 [INFO] [0;34mBackend URL: http://100.88.6.111:8001[0m
2026-01-01 11:44:03 [INFO] [0;34mWebSocket URL: ws://100.88.6.111:8001[0m
2026-01-01 11:44:03 [INFO] [0;34mScript: /home/homa1/homa1/code_base/HOMA-1.0/drone.py[0m
2026-01-01 11:44:03 [SUCCESS] [0;32mVirtual environment activated: /home/homa1/homa1/homa1_venv[0m
2026-01-01 11:44:03 [INFO] [0;34mLog: /home/homa1/homa1/code_base/HOMA-1.0/logs/austin-recon-01_20260101.log[0m
2026-01-01 11:44:03 [INFO] [0;34m━━━━━━━━━━━━━━━━━━━━━━━━━━━━━━━━━━━━━━━━━━━━━━━━━[0m
2026-01-01 11:44:03 [INFO] [0;34mChecking if backend is available at http://100.88.6.111:8001...[0m
2026-01-01 11:44:03 [INFO] [0;34mWebSocket URL: ws://100.88.6.111:8001[0m
2026-01-01 11:44:03 [SUCCESS] [0;32mBackend is online and reachable![0m
2026-01-01 11:44:03 [INFO] [0;34mChecking for existing drone script processes...[0m
2026-01-01 11:44:03 [INFO] [0;34mNo existing processes found[0m
2026-01-01 11:44:03 [INFO] [0;34mStarting drone script...[0m
2026-01-01 11:44:03 [INFO] [0;34mScript path: /home/homa1/homa1/code_base/HOMA-1.0/drone.py[0m
2026-01-01 11:44:03 [SUCCESS] [0;32mDrone script started (PID: 10711)[0m
2026-01-01 13:42:53 [WARN] [1;33mShutdown signal received. Cleaning up...[0m
2026-01-01 13:42:53 [INFO] [0;34mKilling drone script (PID: 10711)...[0m
2026-01-01 13:42:53 [WARN] [1;33mShutdown signal received. Cleaning up...[0m
2026-01-01 13:42:54 [SUCCESS] [0;32mCleanup complete. Exiting.[0m
2026-01-01 13:42:56 [INFO] [0;34m━━━━━━━━━━━━━━━━━━━━━━━━━━━━━━━━━━━━━━━━━━━━━━━━━[0m
2026-01-01 13:42:56 [INFO] [0;34mDrone Auto-Restart Script[0m
2026-01-01 13:42:56 [INFO] [0;34m━━━━━━━━━━━━━━━━━━━━━━━━━━━━━━━━━━━━━━━━━━━━━━━━━[0m
2026-01-01 13:42:56 [INFO] [0;34mDrone ID: austin-recon-01[0m
2026-01-01 13:42:56 [INFO] [0;34mDrone Type: recon[0m
2026-01-01 13:42:56 [INFO] [0;34mBackend URL: http://100.88.6.111:8001[0m
2026-01-01 13:42:56 [INFO] [0;34mWebSocket URL: ws://100.88.6.111:8001[0m
2026-01-01 13:42:56 [INFO] [0;34mScript: /home/homa1/homa1/code_base/HOMA-1.0/drone.py[0m
2026-01-01 13:42:56 [SUCCESS] [0;32mVirtual environment activated: /home/homa1/homa1/homa1_venv[0m
2026-01-01 13:42:56 [INFO] [0;34mLog: /home/homa1/homa1/code_base/HOMA-1.0/logs/austin-recon-01_20260101.log[0m
2026-01-01 13:42:56 [INFO] [0;34m━━━━━━━━━━━━━━━━━━━━━━━━━━━━━━━━━━━━━━━━━━━━━━━━━[0m
2026-01-01 13:42:56 [INFO] [0;34mChecking if backend is available at http://100.88.6.111:8001...[0m
2026-01-01 13:42:56 [INFO] [0;34mWebSocket URL: ws://100.88.6.111:8001[0m
2026-01-01 13:42:56 [SUCCESS] [0;32mBackend is online and reachable![0m
2026-01-01 13:42:56 [INFO] [0;34mChecking for existing drone script processes...[0m
2026-01-01 13:42:56 [INFO] [0;34mNo existing processes found[0m
2026-01-01 13:42:56 [INFO] [0;34mStarting drone script...[0m
2026-01-01 13:42:56 [INFO] [0;34mScript path: /home/homa1/homa1/code_base/HOMA-1.0/drone.py[0m
2026-01-01 13:42:56 [SUCCESS] [0;32mDrone script started (PID: 32202)[0m
2026-01-01 13:44:37 [WARN] [1;33mShutdown signal received. Cleaning up...[0m
2026-01-01 13:44:37 [INFO] [0;34mKilling drone script (PID: 32202)...[0m
2026-01-01 13:44:37 [WARN] [1;33mShutdown signal received. Cleaning up...[0m
2026-01-01 13:44:37 [SUCCESS] [0;32mCleanup complete. Exiting.[0m
2026-01-01 13:44:43 [INFO] [0;34m━━━━━━━━━━━━━━━━━━━━━━━━━━━━━━━━━━━━━━━━━━━━━━━━━[0m
2026-01-01 13:44:43 [INFO] [0;34mDrone Auto-Restart Script[0m
2026-01-01 13:44:44 [INFO] [0;34m━━━━━━━━━━━━━━━━━━━━━━━━━━━━━━━━━━━━━━━━━━━━━━━━━[0m
2026-01-01 13:44:44 [INFO] [0;34mDrone ID: austin-recon-01[0m
2026-01-01 13:44:44 [INFO] [0;34mDrone Type: recon[0m
2026-01-01 13:44:44 [INFO] [0;34mBackend URL: http://100.88.6.111:8001[0m
2026-01-01 13:44:44 [INFO] [0;34mWebSocket URL: ws://100.88.6.111:8001[0m
2026-01-01 13:44:44 [INFO] [0;34mScript: /home/homa1/homa1/code_base/HOMA-1.0/drone.py[0m
2026-01-01 13:44:44 [SUCCESS] [0;32mVirtual environment activated: /home/homa1/homa1/homa1_venv[0m
2026-01-01 13:44:44 [INFO] [0;34mLog: /home/homa1/homa1/code_base/HOMA-1.0/logs/austin-recon-01_20260101.log[0m
2026-01-01 13:44:44 [INFO] [0;34m━━━━━━━━━━━━━━━━━━━━━━━━━━━━━━━━━━━━━━━━━━━━━━━━━[0m
2026-01-01 13:44:44 [INFO] [0;34mChecking if backend is available at http://100.88.6.111:8001...[0m
2026-01-01 13:44:44 [INFO] [0;34mWebSocket URL: ws://100.88.6.111:8001[0m
2026-01-01 13:44:44 [SUCCESS] [0;32mBackend is online and reachable![0m
2026-01-01 13:44:44 [INFO] [0;34mChecking for existing drone script processes...[0m
2026-01-01 13:44:44 [INFO] [0;34mNo existing processes found[0m
2026-01-01 13:44:44 [INFO] [0;34mStarting drone script...[0m
2026-01-01 13:44:44 [INFO] [0;34mScript path: /home/homa1/homa1/code_base/HOMA-1.0/drone.py[0m
2026-01-01 13:44:44 [SUCCESS] [0;32mDrone script started (PID: 32606)[0m
2026-01-01 14:21:14 [WARN] [1;33mShutdown signal received. Cleaning up...[0m
2026-01-01 14:21:14 [INFO] [0;34mKilling drone script (PID: 32606)...[0m
2026-01-01 14:21:14 [WARN] [1;33mShutdown signal received. Cleaning up...[0m
2026-01-01 14:21:14 [INFO] [0;34mKilling drone script (PID: 32606)...[0m
2026-01-01 14:21:14 [WARN] [1;33mShutdown signal received. Cleaning up...[0m
2026-01-01 14:21:14 [SUCCESS] [0;32mCleanup complete. Exiting.[0m
2026-01-01 14:22:03 [INFO] [0;34m━━━━━━━━━━━━━━━━━━━━━━━━━━━━━━━━━━━━━━━━━━━━━━━━━[0m
2026-01-01 14:22:03 [INFO] [0;34mDrone Auto-Restart Script[0m
2026-01-01 14:22:03 [INFO] [0;34m━━━━━━━━━━━━━━━━━━━━━━━━━━━━━━━━━━━━━━━━━━━━━━━━━[0m
2026-01-01 14:22:03 [INFO] [0;34mDrone ID: austin-recon-01[0m
2026-01-01 14:22:03 [INFO] [0;34mDrone Type: recon[0m
2026-01-01 14:22:03 [INFO] [0;34mBackend URL: http://100.88.6.111:8001[0m
2026-01-01 14:22:03 [INFO] [0;34mWebSocket URL: ws://100.88.6.111:8001[0m
2026-01-01 14:22:03 [INFO] [0;34mScript: /home/homa1/homa1/code_base/HOMA-1.0/drone.py[0m
2026-01-01 14:22:03 [SUCCESS] [0;32mVirtual environment activated: /home/homa1/homa1/homa1_venv[0m
2026-01-01 14:22:03 [INFO] [0;34mLog: /home/homa1/homa1/code_base/HOMA-1.0/logs/austin-recon-01_20260101.log[0m
2026-01-01 14:22:04 [INFO] [0;34m━━━━━━━━━━━━━━━━━━━━━━━━━━━━━━━━━━━━━━━━━━━━━━━━━[0m
2026-01-01 14:22:04 [INFO] [0;34mChecking if backend is available at http://100.88.6.111:8001...[0m
2026-01-01 14:22:04 [INFO] [0;34mWebSocket URL: ws://100.88.6.111:8001[0m
2026-01-01 14:22:04 [SUCCESS] [0;32mBackend is online and reachable![0m
2026-01-01 14:22:04 [INFO] [0;34mChecking for existing drone script processes...[0m
2026-01-01 14:22:04 [INFO] [0;34mNo existing processes found[0m
2026-01-01 14:22:04 [INFO] [0;34mStarting drone script...[0m
2026-01-01 14:22:04 [INFO] [0;34mScript path: /home/homa1/homa1/code_base/HOMA-1.0/drone.py[0m
2026-01-01 14:22:04 [SUCCESS] [0;32mDrone script started (PID: 38817)[0m
2026-01-01 14:32:21 [WARN] [1;33mShutdown signal received. Cleaning up...[0m
2026-01-01 14:32:22 [INFO] [0;34mKilling drone script (PID: 38817)...[0m
2026-01-01 14:32:22 [WARN] [1;33mShutdown signal received. Cleaning up...[0m
2026-01-01 14:32:22 [INFO] [0;34mKilling drone script (PID: 38817)...[0m
2026-01-01 14:32:22 [WARN] [1;33mShutdown signal received. Cleaning up...[0m
2026-01-01 14:32:22 [SUCCESS] [0;32mCleanup complete. Exiting.[0m
2026-01-01 14:32:26 [INFO] [0;34m━━━━━━━━━━━━━━━━━━━━━━━━━━━━━━━━━━━━━━━━━━━━━━━━━[0m
2026-01-01 14:32:26 [INFO] [0;34mDrone Auto-Restart Script[0m
2026-01-01 14:32:26 [INFO] [0;34m━━━━━━━━━━━━━━━━━━━━━━━━━━━━━━━━━━━━━━━━━━━━━━━━━[0m
2026-01-01 14:32:26 [INFO] [0;34mDrone ID: austin-recon-01[0m
2026-01-01 14:32:26 [INFO] [0;34mDrone Type: recon[0m
2026-01-01 14:32:26 [INFO] [0;34mBackend URL: http://100.88.6.111:8001[0m
2026-01-01 14:32:26 [INFO] [0;34mWebSocket URL: ws://100.88.6.111:8001[0m
2026-01-01 14:32:26 [INFO] [0;34mScript: /home/homa1/homa1/code_base/HOMA-1.0/drone.py[0m
2026-01-01 14:32:26 [SUCCESS] [0;32mVirtual environment activated: /home/homa1/homa1/homa1_venv[0m
2026-01-01 14:32:26 [INFO] [0;34mLog: /home/homa1/homa1/code_base/HOMA-1.0/logs/austin-recon-01_20260101.log[0m
2026-01-01 14:32:26 [INFO] [0;34m━━━━━━━━━━━━━━━━━━━━━━━━━━━━━━━━━━━━━━━━━━━━━━━━━[0m
2026-01-01 14:32:26 [INFO] [0;34mChecking if backend is available at http://100.88.6.111:8001...[0m
2026-01-01 14:32:26 [INFO] [0;34mWebSocket URL: ws://100.88.6.111:8001[0m
2026-01-01 14:32:26 [SUCCESS] [0;32mBackend is online and reachable![0m
2026-01-01 14:32:26 [INFO] [0;34mChecking for existing drone script processes...[0m
2026-01-01 14:32:26 [INFO] [0;34mNo existing processes found[0m
2026-01-01 14:32:26 [INFO] [0;34mStarting drone script...[0m
2026-01-01 14:32:26 [INFO] [0;34mScript path: /home/homa1/homa1/code_base/HOMA-1.0/drone.py[0m
2026-01-01 14:32:26 [SUCCESS] [0;32mDrone script started (PID: 41075)[0m
2026-01-01 14:36:53 [WARN] [1;33mShutdown signal received. Cleaning up...[0m
2026-01-01 14:36:53 [INFO] [0;34mKilling drone script (PID: 41075)...[0m
2026-01-01 14:36:53 [WARN] [1;33mShutdown signal received. Cleaning up...[0m
2026-01-01 14:36:53 [INFO] [0;34mKilling drone script (PID: 41075)...[0m
2026-01-01 14:36:53 [WARN] [1;33mShutdown signal received. Cleaning up...[0m
2026-01-01 14:36:53 [SUCCESS] [0;32mCleanup complete. Exiting.[0m
2026-01-01 14:36:57 [INFO] [0;34m━━━━━━━━━━━━━━━━━━━━━━━━━━━━━━━━━━━━━━━━━━━━━━━━━[0m
2026-01-01 14:36:57 [INFO] [0;34mDrone Auto-Restart Script[0m
2026-01-01 14:36:57 [INFO] [0;34m━━━━━━━━━━━━━━━━━━━━━━━━━━━━━━━━━━━━━━━━━━━━━━━━━[0m
2026-01-01 14:36:57 [INFO] [0;34mDrone ID: austin-recon-01[0m
2026-01-01 14:36:57 [INFO] [0;34mDrone Type: recon[0m
2026-01-01 14:36:57 [INFO] [0;34mBackend URL: http://100.88.6.111:8001[0m
2026-01-01 14:36:57 [INFO] [0;34mWebSocket URL: ws://100.88.6.111:8001[0m
2026-01-01 14:36:57 [INFO] [0;34mScript: /home/homa1/homa1/code_base/HOMA-1.0/drone.py[0m
2026-01-01 14:36:57 [SUCCESS] [0;32mVirtual environment activated: /home/homa1/homa1/homa1_venv[0m
2026-01-01 14:36:57 [INFO] [0;34mLog: /home/homa1/homa1/code_base/HOMA-1.0/logs/austin-recon-01_20260101.log[0m
2026-01-01 14:36:57 [INFO] [0;34m━━━━━━━━━━━━━━━━━━━━━━━━━━━━━━━━━━━━━━━━━━━━━━━━━[0m
2026-01-01 14:36:57 [INFO] [0;34mChecking if backend is available at http://100.88.6.111:8001...[0m
2026-01-01 14:36:57 [INFO] [0;34mWebSocket URL: ws://100.88.6.111:8001[0m
2026-01-01 14:36:57 [SUCCESS] [0;32mBackend is online and reachable![0m
2026-01-01 14:36:58 [INFO] [0;34mChecking for existing drone script processes...[0m
2026-01-01 14:36:58 [INFO] [0;34mNo existing processes found[0m
2026-01-01 14:36:58 [INFO] [0;34mStarting drone script...[0m
2026-01-01 14:36:58 [INFO] [0;34mScript path: /home/homa1/homa1/code_base/HOMA-1.0/drone.py[0m
2026-01-01 14:36:58 [SUCCESS] [0;32mDrone script started (PID: 42191)[0m
2026-01-01 14:39:07 [WARN] [1;33mShutdown signal received. Cleaning up...[0m
2026-01-01 14:39:08 [INFO] [0;34mKilling drone script (PID: 42191)...[0m
2026-01-01 14:39:08 [WARN] [1;33mShutdown signal received. Cleaning up...[0m
2026-01-01 14:39:08 [SUCCESS] [0;32mCleanup complete. Exiting.[0m
2026-01-01 14:39:11 [INFO] [0;34m━━━━━━━━━━━━━━━━━━━━━━━━━━━━━━━━━━━━━━━━━━━━━━━━━[0m
2026-01-01 14:39:11 [INFO] [0;34mDrone Auto-Restart Script[0m
2026-01-01 14:39:11 [INFO] [0;34m━━━━━━━━━━━━━━━━━━━━━━━━━━━━━━━━━━━━━━━━━━━━━━━━━[0m
2026-01-01 14:39:11 [INFO] [0;34mDrone ID: austin-recon-01[0m
2026-01-01 14:39:11 [INFO] [0;34mDrone Type: recon[0m
2026-01-01 14:39:11 [INFO] [0;34mBackend URL: http://100.88.6.111:8001[0m
2026-01-01 14:39:11 [INFO] [0;34mWebSocket URL: ws://100.88.6.111:8001[0m
2026-01-01 14:39:11 [INFO] [0;34mScript: /home/homa1/homa1/code_base/HOMA-1.0/drone.py[0m
2026-01-01 14:39:11 [SUCCESS] [0;32mVirtual environment activated: /home/homa1/homa1/homa1_venv[0m
2026-01-01 14:39:11 [INFO] [0;34mLog: /home/homa1/homa1/code_base/HOMA-1.0/logs/austin-recon-01_20260101.log[0m
2026-01-01 14:39:11 [INFO] [0;34m━━━━━━━━━━━━━━━━━━━━━━━━━━━━━━━━━━━━━━━━━━━━━━━━━[0m
2026-01-01 14:39:12 [INFO] [0;34mChecking if backend is available at http://100.88.6.111:8001...[0m
2026-01-01 14:39:12 [INFO] [0;34mWebSocket URL: ws://100.88.6.111:8001[0m
2026-01-01 14:39:12 [SUCCESS] [0;32mBackend is online and reachable![0m
2026-01-01 14:39:12 [INFO] [0;34mChecking for existing drone script processes...[0m
2026-01-01 14:39:12 [INFO] [0;34mNo existing processes found[0m
2026-01-01 14:39:12 [INFO] [0;34mStarting drone script...[0m
2026-01-01 14:39:12 [INFO] [0;34mScript path: /home/homa1/homa1/code_base/HOMA-1.0/drone.py[0m
2026-01-01 14:39:12 [SUCCESS] [0;32mDrone script started (PID: 42868)[0m
2026-01-01 14:39:17 [WARN] [1;33mShutdown signal received. Cleaning up...[0m
2026-01-01 14:39:17 [INFO] [0;34mKilling drone script (PID: 42868)...[0m
2026-01-01 14:39:17 [WARN] [1;33mShutdown signal received. Cleaning up...[0m
2026-01-01 14:39:17 [SUCCESS] [0;32mCleanup complete. Exiting.[0m
2026-01-01 14:39:25 [INFO] [0;34m━━━━━━━━━━━━━━━━━━━━━━━━━━━━━━━━━━━━━━━━━━━━━━━━━[0m
2026-01-01 14:39:25 [INFO] [0;34mDrone Auto-Restart Script[0m
2026-01-01 14:39:25 [INFO] [0;34m━━━━━━━━━━━━━━━━━━━━━━━━━━━━━━━━━━━━━━━━━━━━━━━━━[0m
2026-01-01 14:39:25 [INFO] [0;34mDrone ID: austin-recon-01[0m
2026-01-01 14:39:25 [INFO] [0;34mDrone Type: recon[0m
2026-01-01 14:39:25 [INFO] [0;34mBackend URL: http://100.88.6.111:8001[0m
2026-01-01 14:39:25 [INFO] [0;34mWebSocket URL: ws://100.88.6.111:8001[0m
2026-01-01 14:39:25 [INFO] [0;34mScript: /home/homa1/homa1/code_base/HOMA-1.0/drone.py[0m
2026-01-01 14:39:25 [SUCCESS] [0;32mVirtual environment activated: /home/homa1/homa1/homa1_venv[0m
2026-01-01 14:39:25 [INFO] [0;34mLog: /home/homa1/homa1/code_base/HOMA-1.0/logs/austin-recon-01_20260101.log[0m
2026-01-01 14:39:25 [INFO] [0;34m━━━━━━━━━━━━━━━━━━━━━━━━━━━━━━━━━━━━━━━━━━━━━━━━━[0m
2026-01-01 14:39:25 [INFO] [0;34mChecking if backend is available at http://100.88.6.111:8001...[0m
2026-01-01 14:39:25 [INFO] [0;34mWebSocket URL: ws://100.88.6.111:8001[0m
2026-01-01 14:39:26 [SUCCESS] [0;32mBackend is online and reachable![0m
2026-01-01 14:39:26 [INFO] [0;34mChecking for existing drone script processes...[0m
2026-01-01 14:39:26 [INFO] [0;34mNo existing processes found[0m
2026-01-01 14:39:26 [INFO] [0;34mStarting drone script...[0m
2026-01-01 14:39:26 [INFO] [0;34mScript path: /home/homa1/homa1/code_base/HOMA-1.0/drone.py[0m
2026-01-01 14:39:26 [SUCCESS] [0;32mDrone script started (PID: 43066)[0m
2026-01-01 14:41:52 [WARN] [1;33mShutdown signal received. Cleaning up...[0m
2026-01-01 14:41:52 [INFO] [0;34mKilling drone script (PID: 43066)...[0m
2026-01-01 14:41:52 [WARN] [1;33mShutdown signal received. Cleaning up...[0m
2026-01-01 14:41:52 [INFO] [0;34mKilling drone script (PID: 43066)...[0m
2026-01-01 14:41:54 [SUCCESS] [0;32mCleanup complete. Exiting.[0m
2026-01-01 14:41:56 [INFO] [0;34m━━━━━━━━━━━━━━━━━━━━━━━━━━━━━━━━━━━━━━━━━━━━━━━━━[0m
2026-01-01 14:41:56 [INFO] [0;34mDrone Auto-Restart Script[0m
2026-01-01 14:41:56 [INFO] [0;34m━━━━━━━━━━━━━━━━━━━━━━━━━━━━━━━━━━━━━━━━━━━━━━━━━[0m
2026-01-01 14:41:56 [INFO] [0;34mDrone ID: austin-recon-01[0m
2026-01-01 14:41:56 [INFO] [0;34mDrone Type: recon[0m
2026-01-01 14:41:56 [INFO] [0;34mBackend URL: http://100.88.6.111:8001[0m
2026-01-01 14:41:56 [INFO] [0;34mWebSocket URL: ws://100.88.6.111:8001[0m
2026-01-01 14:41:56 [INFO] [0;34mScript: /home/homa1/homa1/code_base/HOMA-1.0/drone.py[0m
2026-01-01 14:41:56 [SUCCESS] [0;32mVirtual environment activated: /home/homa1/homa1/homa1_venv[0m
2026-01-01 14:41:56 [INFO] [0;34mLog: /home/homa1/homa1/code_base/HOMA-1.0/logs/austin-recon-01_20260101.log[0m
2026-01-01 14:41:56 [INFO] [0;34m━━━━━━━━━━━━━━━━━━━━━━━━━━━━━━━━━━━━━━━━━━━━━━━━━[0m
2026-01-01 14:41:56 [INFO] [0;34mChecking if backend is available at http://100.88.6.111:8001...[0m
2026-01-01 14:41:56 [INFO] [0;34mWebSocket URL: ws://100.88.6.111:8001[0m
2026-01-01 14:41:56 [SUCCESS] [0;32mBackend is online and reachable![0m
2026-01-01 14:41:56 [INFO] [0;34mChecking for existing drone script processes...[0m
2026-01-01 14:41:56 [INFO] [0;34mNo existing processes found[0m
2026-01-01 14:41:56 [INFO] [0;34mStarting drone script...[0m
2026-01-01 14:41:56 [INFO] [0;34mScript path: /home/homa1/homa1/code_base/HOMA-1.0/drone.py[0m
2026-01-01 14:41:56 [SUCCESS] [0;32mDrone script started (PID: 43787)[0m
2026-01-01 14:45:34 [WARN] [1;33mShutdown signal received. Cleaning up...[0m
2026-01-01 14:45:34 [INFO] [0;34mKilling drone script (PID: 43787)...[0m
2026-01-01 14:45:34 [WARN] [1;33mShutdown signal received. Cleaning up...[0m
2026-01-01 14:45:34 [SUCCESS] [0;32mCleanup complete. Exiting.[0m
2026-01-01 14:45:43 [INFO] [0;34m━━━━━━━━━━━━━━━━━━━━━━━━━━━━━━━━━━━━━━━━━━━━━━━━━[0m
2026-01-01 14:45:43 [INFO] [0;34mDrone Auto-Restart Script[0m
2026-01-01 14:45:43 [INFO] [0;34m━━━━━━━━━━━━━━━━━━━━━━━━━━━━━━━━━━━━━━━━━━━━━━━━━[0m
2026-01-01 14:45:43 [INFO] [0;34mDrone ID: austin-recon-01[0m
2026-01-01 14:45:43 [INFO] [0;34mDrone Type: recon[0m
2026-01-01 14:45:43 [INFO] [0;34mBackend URL: http://100.88.6.111:8001[0m
2026-01-01 14:45:43 [INFO] [0;34mWebSocket URL: ws://100.88.6.111:8001[0m
2026-01-01 14:45:43 [INFO] [0;34mScript: /home/homa1/homa1/code_base/HOMA-1.0/drone.py[0m
2026-01-01 14:45:43 [SUCCESS] [0;32mVirtual environment activated: /home/homa1/homa1/homa1_venv[0m
2026-01-01 14:45:43 [INFO] [0;34mLog: /home/homa1/homa1/code_base/HOMA-1.0/logs/austin-recon-01_20260101.log[0m
2026-01-01 14:45:43 [INFO] [0;34m━━━━━━━━━━━━━━━━━━━━━━━━━━━━━━━━━━━━━━━━━━━━━━━━━[0m
2026-01-01 14:45:43 [INFO] [0;34mChecking if backend is available at http://100.88.6.111:8001...[0m
2026-01-01 14:45:44 [INFO] [0;34mWebSocket URL: ws://100.88.6.111:8001[0m
2026-01-01 14:45:44 [SUCCESS] [0;32mBackend is online and reachable![0m
2026-01-01 14:45:44 [INFO] [0;34mChecking for existing drone script processes...[0m
2026-01-01 14:45:44 [INFO] [0;34mNo existing processes found[0m
2026-01-01 14:45:44 [INFO] [0;34mStarting drone script...[0m
2026-01-01 14:45:44 [INFO] [0;34mScript path: /home/homa1/homa1/code_base/HOMA-1.0/drone.py[0m
2026-01-01 14:45:44 [SUCCESS] [0;32mDrone script started (PID: 45027)[0m
2026-01-01 14:46:45 [WARN] [1;33mShutdown signal received. Cleaning up...[0m
2026-01-01 14:46:45 [INFO] [0;34mKilling drone script (PID: 45027)...[0m
2026-01-01 14:46:46 [WARN] [1;33mShutdown signal received. Cleaning up...[0m
2026-01-01 14:46:46 [INFO] [0;34mKilling drone script (PID: 45027)...[0m
2026-01-01 14:46:46 [WARN] [1;33mShutdown signal received. Cleaning up...[0m
2026-01-01 14:46:46 [SUCCESS] [0;32mCleanup complete. Exiting.[0m
2026-01-01 14:46:50 [INFO] [0;34m━━━━━━━━━━━━━━━━━━━━━━━━━━━━━━━━━━━━━━━━━━━━━━━━━[0m
2026-01-01 14:46:50 [INFO] [0;34mDrone Auto-Restart Script[0m
2026-01-01 14:46:50 [INFO] [0;34m━━━━━━━━━━━━━━━━━━━━━━━━━━━━━━━━━━━━━━━━━━━━━━━━━[0m
2026-01-01 14:46:50 [INFO] [0;34mDrone ID: austin-recon-01[0m
2026-01-01 14:46:50 [INFO] [0;34mDrone Type: recon[0m
2026-01-01 14:46:50 [INFO] [0;34mBackend URL: http://100.88.6.111:8001[0m
2026-01-01 14:46:50 [INFO] [0;34mWebSocket URL: ws://100.88.6.111:8001[0m
2026-01-01 14:46:50 [INFO] [0;34mScript: /home/homa1/homa1/code_base/HOMA-1.0/drone.py[0m
2026-01-01 14:46:50 [SUCCESS] [0;32mVirtual environment activated: /home/homa1/homa1/homa1_venv[0m
2026-01-01 14:46:50 [INFO] [0;34mLog: /home/homa1/homa1/code_base/HOMA-1.0/logs/austin-recon-01_20260101.log[0m
2026-01-01 14:46:50 [INFO] [0;34m━━━━━━━━━━━━━━━━━━━━━━━━━━━━━━━━━━━━━━━━━━━━━━━━━[0m
2026-01-01 14:46:50 [INFO] [0;34mChecking if backend is available at http://100.88.6.111:8001...[0m
2026-01-01 14:46:50 [INFO] [0;34mWebSocket URL: ws://100.88.6.111:8001[0m
2026-01-01 14:46:50 [SUCCESS] [0;32mBackend is online and reachable![0m
2026-01-01 14:46:50 [INFO] [0;34mChecking for existing drone script processes...[0m
2026-01-01 14:46:50 [INFO] [0;34mNo existing processes found[0m
2026-01-01 14:46:50 [INFO] [0;34mStarting drone script...[0m
2026-01-01 14:46:50 [INFO] [0;34mScript path: /home/homa1/homa1/code_base/HOMA-1.0/drone.py[0m
2026-01-01 14:46:50 [SUCCESS] [0;32mDrone script started (PID: 45499)[0m
2026-01-01 14:47:46 [WARN] [1;33mShutdown signal received. Cleaning up...[0m
2026-01-01 14:47:46 [INFO] [0;34mKilling drone script (PID: 45499)...[0m
2026-01-01 14:47:46 [WARN] [1;33mShutdown signal received. Cleaning up...[0m
2026-01-01 14:47:46 [SUCCESS] [0;32mCleanup complete. Exiting.[0m
2026-01-01 14:48:04 [INFO] [0;34m━━━━━━━━━━━━━━━━━━━━━━━━━━━━━━━━━━━━━━━━━━━━━━━━━[0m
2026-01-01 14:48:04 [INFO] [0;34mDrone Auto-Restart Script[0m
2026-01-01 14:48:04 [INFO] [0;34m━━━━━━━━━━━━━━━━━━━━━━━━━━━━━━━━━━━━━━━━━━━━━━━━━[0m
2026-01-01 14:48:04 [INFO] [0;34mDrone ID: austin-recon-01[0m
2026-01-01 14:48:04 [INFO] [0;34mDrone Type: recon[0m
2026-01-01 14:48:04 [INFO] [0;34mBackend URL: http://100.88.6.111:8001[0m
2026-01-01 14:48:04 [INFO] [0;34mWebSocket URL: ws://100.88.6.111:8001[0m
2026-01-01 14:48:04 [INFO] [0;34mScript: /home/homa1/homa1/code_base/HOMA-1.0/drone.py[0m
2026-01-01 14:48:04 [SUCCESS] [0;32mVirtual environment activated: /home/homa1/homa1/homa1_venv[0m
2026-01-01 14:48:04 [INFO] [0;34mLog: /home/homa1/homa1/code_base/HOMA-1.0/logs/austin-recon-01_20260101.log[0m
2026-01-01 14:48:04 [INFO] [0;34m━━━━━━━━━━━━━━━━━━━━━━━━━━━━━━━━━━━━━━━━━━━━━━━━━[0m
2026-01-01 14:48:04 [INFO] [0;34mChecking if backend is available at http://100.88.6.111:8001...[0m
2026-01-01 14:48:04 [INFO] [0;34mWebSocket URL: ws://100.88.6.111:8001[0m
2026-01-01 14:48:04 [SUCCESS] [0;32mBackend is online and reachable![0m
2026-01-01 14:48:04 [INFO] [0;34mChecking for existing drone script processes...[0m
2026-01-01 14:48:04 [INFO] [0;34mNo existing processes found[0m
2026-01-01 14:48:04 [INFO] [0;34mStarting drone script...[0m
2026-01-01 14:48:04 [INFO] [0;34mScript path: /home/homa1/homa1/code_base/HOMA-1.0/drone.py[0m
2026-01-01 14:48:04 [SUCCESS] [0;32mDrone script started (PID: 45976)[0m
2026-01-01 14:48:34 [WARN] [1;33mShutdown signal received. Cleaning up...[0m
2026-01-01 14:48:34 [INFO] [0;34mKilling drone script (PID: 45976)...[0m
2026-01-01 14:48:35 [WARN] [1;33mShutdown signal received. Cleaning up...[0m
2026-01-01 14:48:35 [INFO] [0;34mKilling drone script (PID: 45976)...[0m
2026-01-01 14:48:35 [WARN] [1;33mShutdown signal received. Cleaning up...[0m
2026-01-01 14:48:35 [SUCCESS] [0;32mCleanup complete. Exiting.[0m
2026-01-01 14:49:27 [INFO] [0;34m━━━━━━━━━━━━━━━━━━━━━━━━━━━━━━━━━━━━━━━━━━━━━━━━━[0m
2026-01-01 14:49:27 [INFO] [0;34mDrone Auto-Restart Script[0m
2026-01-01 14:49:27 [INFO] [0;34m━━━━━━━━━━━━━━━━━━━━━━━━━━━━━━━━━━━━━━━━━━━━━━━━━[0m
2026-01-01 14:49:27 [INFO] [0;34mDrone ID: austin-recon-01[0m
2026-01-01 14:49:27 [INFO] [0;34mDrone Type: recon[0m
2026-01-01 14:49:27 [INFO] [0;34mBackend URL: http://100.88.6.111:8001[0m
2026-01-01 14:49:27 [INFO] [0;34mWebSocket URL: ws://100.88.6.111:8001[0m
2026-01-01 14:49:27 [INFO] [0;34mScript: /home/homa1/homa1/code_base/HOMA-1.0/drone.py[0m
2026-01-01 14:49:27 [SUCCESS] [0;32mVirtual environment activated: /home/homa1/homa1/homa1_venv[0m
2026-01-01 14:49:27 [INFO] [0;34mLog: /home/homa1/homa1/code_base/HOMA-1.0/logs/austin-recon-01_20260101.log[0m
2026-01-01 14:49:27 [INFO] [0;34m━━━━━━━━━━━━━━━━━━━━━━━━━━━━━━━━━━━━━━━━━━━━━━━━━[0m
2026-01-01 14:49:27 [INFO] [0;34mChecking if backend is available at http://100.88.6.111:8001...[0m
2026-01-01 14:49:27 [INFO] [0;34mWebSocket URL: ws://100.88.6.111:8001[0m
2026-01-01 14:49:28 [SUCCESS] [0;32mBackend is online and reachable![0m
2026-01-01 14:49:28 [INFO] [0;34mChecking for existing drone script processes...[0m
2026-01-01 14:49:28 [INFO] [0;34mNo existing processes found[0m
2026-01-01 14:49:28 [INFO] [0;34mStarting drone script...[0m
2026-01-01 14:49:28 [INFO] [0;34mScript path: /home/homa1/homa1/code_base/HOMA-1.0/drone.py[0m
2026-01-01 14:49:28 [SUCCESS] [0;32mDrone script started (PID: 46412)[0m
2026-01-01 14:53:57 [WARN] [1;33mShutdown signal received. Cleaning up...[0m
2026-01-01 14:53:57 [INFO] [0;34mKilling drone script (PID: 46412)...[0m
2026-01-01 14:53:57 [WARN] [1;33mShutdown signal received. Cleaning up...[0m
2026-01-01 14:53:57 [INFO] [0;34mKilling drone script (PID: 46412)...[0m
2026-01-01 14:53:57 [WARN] [1;33mShutdown signal received. Cleaning up...[0m
2026-01-01 14:53:58 [SUCCESS] [0;32mCleanup complete. Exiting.[0m
2026-01-01 14:54:01 [INFO] [0;34m━━━━━━━━━━━━━━━━━━━━━━━━━━━━━━━━━━━━━━━━━━━━━━━━━[0m
2026-01-01 14:54:01 [INFO] [0;34mDrone Auto-Restart Script[0m
2026-01-01 14:54:01 [INFO] [0;34m━━━━━━━━━━━━━━━━━━━━━━━━━━━━━━━━━━━━━━━━━━━━━━━━━[0m
2026-01-01 14:54:01 [INFO] [0;34mDrone ID: austin-recon-01[0m
2026-01-01 14:54:01 [INFO] [0;34mDrone Type: recon[0m
2026-01-01 14:54:01 [INFO] [0;34mBackend URL: http://100.88.6.111:8001[0m
2026-01-01 14:54:01 [INFO] [0;34mWebSocket URL: ws://100.88.6.111:8001[0m
2026-01-01 14:54:01 [INFO] [0;34mScript: /home/homa1/homa1/code_base/HOMA-1.0/drone.py[0m
2026-01-01 14:54:01 [SUCCESS] [0;32mVirtual environment activated: /home/homa1/homa1/homa1_venv[0m
2026-01-01 14:54:01 [INFO] [0;34mLog: /home/homa1/homa1/code_base/HOMA-1.0/logs/austin-recon-01_20260101.log[0m
2026-01-01 14:54:01 [INFO] [0;34m━━━━━━━━━━━━━━━━━━━━━━━━━━━━━━━━━━━━━━━━━━━━━━━━━[0m
2026-01-01 14:54:01 [INFO] [0;34mChecking if backend is available at http://100.88.6.111:8001...[0m
2026-01-01 14:54:01 [INFO] [0;34mWebSocket URL: ws://100.88.6.111:8001[0m
2026-01-01 14:54:02 [SUCCESS] [0;32mBackend is online and reachable![0m
2026-01-01 14:54:02 [INFO] [0;34mChecking for existing drone script processes...[0m
2026-01-01 14:54:02 [INFO] [0;34mNo existing processes found[0m
2026-01-01 14:54:02 [INFO] [0;34mStarting drone script...[0m
2026-01-01 14:54:02 [INFO] [0;34mScript path: /home/homa1/homa1/code_base/HOMA-1.0/drone.py[0m
2026-01-01 14:54:02 [SUCCESS] [0;32mDrone script started (PID: 47571)[0m
2026-01-01 15:05:20 [WARN] [1;33mShutdown signal received. Cleaning up...[0m
2026-01-01 15:05:20 [INFO] [0;34mKilling drone script (PID: 47571)...[0m
2026-01-01 15:05:20 [WARN] [1;33mShutdown signal received. Cleaning up...[0m
2026-01-01 15:05:20 [INFO] [0;34mKilling drone script (PID: 47571)...[0m
2026-01-01 15:05:20 [WARN] [1;33mShutdown signal received. Cleaning up...[0m
2026-01-01 15:05:20 [SUCCESS] [0;32mCleanup complete. Exiting.[0m
2026-01-01 16:23:36 [INFO] [0;34m━━━━━━━━━━━━━━━━━━━━━━━━━━━━━━━━━━━━━━━━━━━━━━━━━[0m
2026-01-01 16:23:36 [INFO] [0;34mDrone Auto-Restart Script[0m
2026-01-01 16:23:36 [INFO] [0;34m━━━━━━━━━━━━━━━━━━━━━━━━━━━━━━━━━━━━━━━━━━━━━━━━━[0m
2026-01-01 16:23:36 [INFO] [0;34mDrone ID: austin-recon-01[0m
2026-01-01 16:23:36 [INFO] [0;34mDrone Type: recon[0m
2026-01-01 16:23:36 [INFO] [0;34mBackend URL: http://100.88.6.111:8001[0m
2026-01-01 16:23:36 [INFO] [0;34mWebSocket URL: ws://100.88.6.111:8001[0m
2026-01-01 16:23:36 [INFO] [0;34mScript: /home/homa1/homa1/code_base/HOMA-1.0/drone.py[0m
2026-01-01 16:23:36 [SUCCESS] [0;32mVirtual environment activated: /home/homa1/homa1/homa1_venv[0m
2026-01-01 16:23:36 [INFO] [0;34mLog: /home/homa1/homa1/code_base/HOMA-1.0/logs/austin-recon-01_20260101.log[0m
2026-01-01 16:23:36 [INFO] [0;34m━━━━━━━━━━━━━━━━━━━━━━━━━━━━━━━━━━━━━━━━━━━━━━━━━[0m
2026-01-01 16:23:36 [INFO] [0;34mChecking if backend is available at http://100.88.6.111:8001...[0m
2026-01-01 16:23:36 [INFO] [0;34mWebSocket URL: ws://100.88.6.111:8001[0m
2026-01-01 16:23:47 [WARN] [1;33mShutdown signal received. Cleaning up...[0m
2026-01-01 16:23:47 [SUCCESS] [0;32mCleanup complete. Exiting.[0m
2026-01-01 16:24:18 [INFO] [0;34m━━━━━━━━━━━━━━━━━━━━━━━━━━━━━━━━━━━━━━━━━━━━━━━━━[0m
2026-01-01 16:24:18 [INFO] [0;34mDrone Auto-Restart Script[0m
2026-01-01 16:24:18 [INFO] [0;34m━━━━━━━━━━━━━━━━━━━━━━━━━━━━━━━━━━━━━━━━━━━━━━━━━[0m
2026-01-01 16:24:18 [INFO] [0;34mDrone ID: austin-recon-01[0m
2026-01-01 16:24:18 [INFO] [0;34mDrone Type: recon[0m
2026-01-01 16:24:18 [INFO] [0;34mBackend URL: http://100.111.237.50:8001[0m
2026-01-01 16:24:18 [INFO] [0;34mWebSocket URL: ws://100.111.237.50:8001[0m
2026-01-01 16:24:18 [INFO] [0;34mScript: /home/homa1/homa1/code_base/HOMA-1.0/drone.py[0m
2026-01-01 16:24:18 [SUCCESS] [0;32mVirtual environment activated: /home/homa1/homa1/homa1_venv[0m
2026-01-01 16:24:18 [INFO] [0;34mLog: /home/homa1/homa1/code_base/HOMA-1.0/logs/austin-recon-01_20260101.log[0m
2026-01-01 16:24:18 [INFO] [0;34m━━━━━━━━━━━━━━━━━━━━━━━━━━━━━━━━━━━━━━━━━━━━━━━━━[0m
2026-01-01 16:24:18 [INFO] [0;34mChecking if backend is available at http://100.111.237.50:8001...[0m
2026-01-01 16:24:18 [INFO] [0;34mWebSocket URL: ws://100.111.237.50:8001[0m
2026-01-01 16:24:19 [SUCCESS] [0;32mBackend is online and reachable![0m
2026-01-01 16:24:19 [INFO] [0;34mChecking for existing drone script processes...[0m
2026-01-01 16:24:19 [INFO] [0;34mNo existing processes found[0m
2026-01-01 16:24:19 [INFO] [0;34mStarting drone script...[0m
2026-01-01 16:24:19 [INFO] [0;34mScript path: /home/homa1/homa1/code_base/HOMA-1.0/drone.py[0m
2026-01-01 16:24:19 [SUCCESS] [0;32mDrone script started (PID: 5510)[0m
2026-01-01 16:26:32 [WARN] [1;33mShutdown signal received. Cleaning up...[0m
2026-01-01 16:26:32 [INFO] [0;34mKilling drone script (PID: 5510)...[0m
2026-01-01 16:26:32 [WARN] [1;33mShutdown signal received. Cleaning up...[0m
2026-01-01 16:26:32 [SUCCESS] [0;32mCleanup complete. Exiting.[0m
2026-01-01 16:28:51 [INFO] [0;34m━━━━━━━━━━━━━━━━━━━━━━━━━━━━━━━━━━━━━━━━━━━━━━━━━[0m
2026-01-01 16:28:51 [INFO] [0;34mDrone Auto-Restart Script[0m
2026-01-01 16:28:51 [INFO] [0;34m━━━━━━━━━━━━━━━━━━━━━━━━━━━━━━━━━━━━━━━━━━━━━━━━━[0m
2026-01-01 16:28:51 [INFO] [0;34mDrone ID: austin-recon-01[0m
2026-01-01 16:28:51 [INFO] [0;34mDrone Type: recon[0m
2026-01-01 16:28:51 [INFO] [0;34mBackend URL: http://100.111.237.50:8001[0m
2026-01-01 16:28:51 [INFO] [0;34mWebSocket URL: ws://100.111.237.50:8001[0m
2026-01-01 16:28:51 [INFO] [0;34mScript: /home/homa1/homa1/code_base/HOMA-1.0/drone.py[0m
2026-01-01 16:28:51 [SUCCESS] [0;32mVirtual environment activated: /home/homa1/homa1/homa1_venv[0m
2026-01-01 16:28:51 [INFO] [0;34mLog: /home/homa1/homa1/code_base/HOMA-1.0/logs/austin-recon-01_20260101.log[0m
2026-01-01 16:28:51 [INFO] [0;34m━━━━━━━━━━━━━━━━━━━━━━━━━━━━━━━━━━━━━━━━━━━━━━━━━[0m
2026-01-01 16:28:51 [INFO] [0;34mChecking if backend is available at http://100.111.237.50:8001...[0m
2026-01-01 16:28:51 [INFO] [0;34mWebSocket URL: ws://100.111.237.50:8001[0m
2026-01-01 16:28:51 [SUCCESS] [0;32mBackend is online and reachable![0m
2026-01-01 16:28:51 [INFO] [0;34mChecking for existing drone script processes...[0m
2026-01-01 16:28:51 [INFO] [0;34mNo existing processes found[0m
2026-01-01 16:28:51 [INFO] [0;34mStarting drone script...[0m
2026-01-01 16:28:51 [INFO] [0;34mScript path: /home/homa1/homa1/code_base/HOMA-1.0/drone.py[0m
2026-01-01 16:28:51 [SUCCESS] [0;32mDrone script started (PID: 6293)[0m
2026-01-01 16:30:10 [WARN] [1;33mShutdown signal received. Cleaning up...[0m
2026-01-01 16:30:10 [INFO] [0;34mKilling drone script (PID: 6293)...[0m
2026-01-01 16:30:12 [SUCCESS] [0;32mCleanup complete. Exiting.[0m
2026-01-01 16:30:51 [INFO] [0;34m━━━━━━━━━━━━━━━━━━━━━━━━━━━━━━━━━━━━━━━━━━━━━━━━━[0m
2026-01-01 16:30:51 [INFO] [0;34mDrone Auto-Restart Script[0m
2026-01-01 16:30:51 [INFO] [0;34m━━━━━━━━━━━━━━━━━━━━━━━━━━━━━━━━━━━━━━━━━━━━━━━━━[0m
2026-01-01 16:30:51 [INFO] [0;34mDrone ID: austin-recon-01[0m
2026-01-01 16:30:51 [INFO] [0;34mDrone Type: recon[0m
2026-01-01 16:30:51 [INFO] [0;34mBackend URL: http://100.111.237.50:8001[0m
2026-01-01 16:30:51 [INFO] [0;34mWebSocket URL: ws://100.111.237.50:8001[0m
2026-01-01 16:30:51 [INFO] [0;34mScript: /home/homa1/homa1/code_base/HOMA-1.0/drone.py[0m
2026-01-01 16:30:51 [SUCCESS] [0;32mVirtual environment activated: /home/homa1/homa1/homa1_venv[0m
2026-01-01 16:30:51 [INFO] [0;34mLog: /home/homa1/homa1/code_base/HOMA-1.0/logs/austin-recon-01_20260101.log[0m
2026-01-01 16:30:51 [INFO] [0;34m━━━━━━━━━━━━━━━━━━━━━━━━━━━━━━━━━━━━━━━━━━━━━━━━━[0m
2026-01-01 16:30:51 [INFO] [0;34mChecking if backend is available at http://100.111.237.50:8001...[0m
2026-01-01 16:30:51 [INFO] [0;34mWebSocket URL: ws://100.111.237.50:8001[0m
2026-01-01 16:30:52 [SUCCESS] [0;32mBackend is online and reachable![0m
2026-01-01 16:30:52 [INFO] [0;34mChecking for existing drone script processes...[0m
2026-01-01 16:30:52 [INFO] [0;34mNo existing processes found[0m
2026-01-01 16:30:52 [INFO] [0;34mStarting drone script...[0m
2026-01-01 16:30:52 [INFO] [0;34mScript path: /home/homa1/homa1/code_base/HOMA-1.0/drone.py[0m
2026-01-01 16:30:52 [SUCCESS] [0;32mDrone script started (PID: 6868)[0m
2026-01-01 16:31:12 [WARN] [1;33mShutdown signal received. Cleaning up...[0m
2026-01-01 16:31:12 [INFO] [0;34mKilling drone script (PID: 6868)...[0m
2026-01-01 16:31:12 [WARN] [1;33mShutdown signal received. Cleaning up...[0m
2026-01-01 16:31:12 [INFO] [0;34mKilling drone script (PID: 6868)...[0m
2026-01-01 16:31:13 [WARN] [1;33mShutdown signal received. Cleaning up...[0m
2026-01-01 16:31:13 [SUCCESS] [0;32mCleanup complete. Exiting.[0m
2026-01-01 16:31:14 [INFO] [0;34m━━━━━━━━━━━━━━━━━━━━━━━━━━━━━━━━━━━━━━━━━━━━━━━━━[0m
2026-01-01 16:31:14 [INFO] [0;34mDrone Auto-Restart Script[0m
2026-01-01 16:31:14 [INFO] [0;34m━━━━━━━━━━━━━━━━━━━━━━━━━━━━━━━━━━━━━━━━━━━━━━━━━[0m
2026-01-01 16:31:14 [INFO] [0;34mDrone ID: austin-recon-01[0m
2026-01-01 16:31:14 [INFO] [0;34mDrone Type: recon[0m
2026-01-01 16:31:14 [INFO] [0;34mBackend URL: http://100.111.237.50:8001[0m
2026-01-01 16:31:14 [INFO] [0;34mWebSocket URL: ws://100.111.237.50:8001[0m
2026-01-01 16:31:14 [INFO] [0;34mScript: /home/homa1/homa1/code_base/HOMA-1.0/drone.py[0m
2026-01-01 16:31:14 [SUCCESS] [0;32mVirtual environment activated: /home/homa1/homa1/homa1_venv[0m
2026-01-01 16:31:14 [INFO] [0;34mLog: /home/homa1/homa1/code_base/HOMA-1.0/logs/austin-recon-01_20260101.log[0m
2026-01-01 16:31:14 [INFO] [0;34m━━━━━━━━━━━━━━━━━━━━━━━━━━━━━━━━━━━━━━━━━━━━━━━━━[0m
2026-01-01 16:31:14 [INFO] [0;34mChecking if backend is available at http://100.111.237.50:8001...[0m
2026-01-01 16:31:14 [INFO] [0;34mWebSocket URL: ws://100.111.237.50:8001[0m
2026-01-01 16:31:15 [SUCCESS] [0;32mBackend is online and reachable![0m
2026-01-01 16:31:15 [INFO] [0;34mChecking for existing drone script processes...[0m
2026-01-01 16:31:15 [INFO] [0;34mNo existing processes found[0m
2026-01-01 16:31:15 [INFO] [0;34mStarting drone script...[0m
2026-01-01 16:31:15 [INFO] [0;34mScript path: /home/homa1/homa1/code_base/HOMA-1.0/drone.py[0m
2026-01-01 16:31:15 [SUCCESS] [0;32mDrone script started (PID: 7154)[0m
2026-01-01 16:32:23 [WARN] [1;33mShutdown signal received. Cleaning up...[0m
2026-01-01 16:32:23 [INFO] [0;34mKilling drone script (PID: 7154)...[0m
2026-01-01 16:32:23 [WARN] [1;33mShutdown signal received. Cleaning up...[0m
2026-01-01 16:32:23 [SUCCESS] [0;32mCleanup complete. Exiting.[0m
2026-01-01 16:32:30 [INFO] [0;34m━━━━━━━━━━━━━━━━━━━━━━━━━━━━━━━━━━━━━━━━━━━━━━━━━[0m
2026-01-01 16:32:30 [INFO] [0;34mDrone Auto-Restart Script[0m
2026-01-01 16:32:30 [INFO] [0;34m━━━━━━━━━━━━━━━━━━━━━━━━━━━━━━━━━━━━━━━━━━━━━━━━━[0m
2026-01-01 16:32:30 [INFO] [0;34mDrone ID: austin-recon-01[0m
2026-01-01 16:32:30 [INFO] [0;34mDrone Type: recon[0m
2026-01-01 16:32:30 [INFO] [0;34mBackend URL: http://100.111.237.50:8001[0m
2026-01-01 16:32:30 [INFO] [0;34mWebSocket URL: ws://100.111.237.50:8001[0m
2026-01-01 16:32:30 [INFO] [0;34mScript: /home/homa1/homa1/code_base/HOMA-1.0/drone.py[0m
2026-01-01 16:32:30 [SUCCESS] [0;32mVirtual environment activated: /home/homa1/homa1/homa1_venv[0m
2026-01-01 16:32:30 [INFO] [0;34mLog: /home/homa1/homa1/code_base/HOMA-1.0/logs/austin-recon-01_20260101.log[0m
2026-01-01 16:32:30 [INFO] [0;34m━━━━━━━━━━━━━━━━━━━━━━━━━━━━━━━━━━━━━━━━━━━━━━━━━[0m
2026-01-01 16:32:30 [INFO] [0;34mChecking if backend is available at http://100.111.237.50:8001...[0m
2026-01-01 16:32:30 [INFO] [0;34mWebSocket URL: ws://100.111.237.50:8001[0m
2026-01-01 16:32:30 [SUCCESS] [0;32mBackend is online and reachable![0m
2026-01-01 16:32:30 [INFO] [0;34mChecking for existing drone script processes...[0m
2026-01-01 16:32:30 [INFO] [0;34mNo existing processes found[0m
2026-01-01 16:32:30 [INFO] [0;34mStarting drone script...[0m
2026-01-01 16:32:30 [INFO] [0;34mScript path: /home/homa1/homa1/code_base/HOMA-1.0/drone.py[0m
2026-01-01 16:32:30 [SUCCESS] [0;32mDrone script started (PID: 7460)[0m
2026-01-01 16:33:17 [WARN] [1;33mShutdown signal received. Cleaning up...[0m
2026-01-01 16:33:17 [INFO] [0;34mKilling drone script (PID: 7460)...[0m
2026-01-01 16:33:19 [SUCCESS] [0;32mCleanup complete. Exiting.[0m
2026-01-01 16:34:53 [INFO] [0;34m━━━━━━━━━━━━━━━━━━━━━━━━━━━━━━━━━━━━━━━━━━━━━━━━━[0m
2026-01-01 16:34:53 [INFO] [0;34mDrone Auto-Restart Script[0m
2026-01-01 16:34:53 [INFO] [0;34m━━━━━━━━━━━━━━━━━━━━━━━━━━━━━━━━━━━━━━━━━━━━━━━━━[0m
2026-01-01 16:34:53 [INFO] [0;34mDrone ID: austin-recon-01[0m
2026-01-01 16:34:53 [INFO] [0;34mDrone Type: recon[0m
2026-01-01 16:34:53 [INFO] [0;34mBackend URL: http://100.111.237.50:8001[0m
2026-01-01 16:34:53 [INFO] [0;34mWebSocket URL: ws://100.111.237.50:8001[0m
2026-01-01 16:34:53 [INFO] [0;34mScript: /home/homa1/homa1/code_base/HOMA-1.0/drone.py[0m
2026-01-01 16:34:53 [SUCCESS] [0;32mVirtual environment activated: /home/homa1/homa1/homa1_venv[0m
2026-01-01 16:34:53 [INFO] [0;34mLog: /home/homa1/homa1/code_base/HOMA-1.0/logs/austin-recon-01_20260101.log[0m
2026-01-01 16:34:53 [INFO] [0;34m━━━━━━━━━━━━━━━━━━━━━━━━━━━━━━━━━━━━━━━━━━━━━━━━━[0m
2026-01-01 16:34:53 [INFO] [0;34mChecking if backend is available at http://100.111.237.50:8001...[0m
2026-01-01 16:34:53 [INFO] [0;34mWebSocket URL: ws://100.111.237.50:8001[0m
2026-01-01 16:34:53 [SUCCESS] [0;32mBackend is online and reachable![0m
2026-01-01 16:34:53 [INFO] [0;34mChecking for existing drone script processes...[0m
2026-01-01 16:34:53 [INFO] [0;34mNo existing processes found[0m
2026-01-01 16:34:53 [INFO] [0;34mStarting drone script...[0m
2026-01-01 16:34:53 [INFO] [0;34mScript path: /home/homa1/homa1/code_base/HOMA-1.0/drone.py[0m
2026-01-01 16:34:53 [SUCCESS] [0;32mDrone script started (PID: 8088)[0m
2026-01-01 16:37:17 [WARN] [1;33mShutdown signal received. Cleaning up...[0m
2026-01-01 16:37:17 [INFO] [0;34mKilling drone script (PID: 8088)...[0m
2026-01-01 16:37:18 [WARN] [1;33mShutdown signal received. Cleaning up...[0m
2026-01-01 16:37:18 [SUCCESS] [0;32mCleanup complete. Exiting.[0m
2026-01-01 16:37:21 [INFO] [0;34m━━━━━━━━━━━━━━━━━━━━━━━━━━━━━━━━━━━━━━━━━━━━━━━━━[0m
2026-01-01 16:37:21 [INFO] [0;34mDrone Auto-Restart Script[0m
2026-01-01 16:37:21 [INFO] [0;34m━━━━━━━━━━━━━━━━━━━━━━━━━━━━━━━━━━━━━━━━━━━━━━━━━[0m
2026-01-01 16:37:21 [INFO] [0;34mDrone ID: austin-recon-01[0m
2026-01-01 16:37:21 [INFO] [0;34mDrone Type: recon[0m
2026-01-01 16:37:21 [INFO] [0;34mBackend URL: http://100.111.237.50:8001[0m
2026-01-01 16:37:21 [INFO] [0;34mWebSocket URL: ws://100.111.237.50:8001[0m
2026-01-01 16:37:21 [INFO] [0;34mScript: /home/homa1/homa1/code_base/HOMA-1.0/drone.py[0m
2026-01-01 16:37:21 [SUCCESS] [0;32mVirtual environment activated: /home/homa1/homa1/homa1_venv[0m
2026-01-01 16:37:21 [INFO] [0;34mLog: /home/homa1/homa1/code_base/HOMA-1.0/logs/austin-recon-01_20260101.log[0m
2026-01-01 16:37:21 [INFO] [0;34m━━━━━━━━━━━━━━━━━━━━━━━━━━━━━━━━━━━━━━━━━━━━━━━━━[0m
2026-01-01 16:37:21 [INFO] [0;34mChecking if backend is available at http://100.111.237.50:8001...[0m
2026-01-01 16:37:21 [INFO] [0;34mWebSocket URL: ws://100.111.237.50:8001[0m
2026-01-01 16:37:21 [SUCCESS] [0;32mBackend is online and reachable![0m
2026-01-01 16:37:21 [INFO] [0;34mChecking for existing drone script processes...[0m
2026-01-01 16:37:21 [INFO] [0;34mNo existing processes found[0m
2026-01-01 16:37:21 [INFO] [0;34mStarting drone script...[0m
2026-01-01 16:37:21 [INFO] [0;34mScript path: /home/homa1/homa1/code_base/HOMA-1.0/drone.py[0m
2026-01-01 16:37:21 [SUCCESS] [0;32mDrone script started (PID: 8850)[0m
