2026-01-16 12:03:57 [INFO] [0;34m━━━━━━━━━━━━━━━━━━━━━━━━━━━━━━━━━━━━━━━━━━━━━━━━━[0m
2026-01-16 12:03:57 [INFO] [0;34mDrone Auto-Restart Script[0m
2026-01-16 12:03:57 [INFO] [0;34m━━━━━━━━━━━━━━━━━━━━━━━━━━━━━━━━━━━━━━━━━━━━━━━━━[0m
2026-01-16 12:03:57 [INFO] [0;34mDrone ID: austin-recon-01[0m
2026-01-16 12:03:57 [INFO] [0;34mDrone Type: recon[0m
2026-01-16 12:03:57 [INFO] [0;34mBackend URL: http://100.88.6.111:8001[0m
2026-01-16 12:03:57 [INFO] [0;34mWebSocket URL: ws://100.88.6.111:8001[0m
2026-01-16 12:03:57 [INFO] [0;34mScript: /home/nanosuper/Downloads/HOMA-1.0/drone.py[0m
2026-01-16 12:03:57 [WARN] [1;33mNo virtual environment activated[0m
2026-01-16 12:03:57 [INFO] [0;34mLog: /home/nanosuper/Downloads/HOMA-1.0/logs/austin-recon-01_20260116.log[0m
2026-01-16 12:03:57 [INFO] [0;34m━━━━━━━━━━━━━━━━━━━━━━━━━━━━━━━━━━━━━━━━━━━━━━━━━[0m
2026-01-16 12:03:57 [INFO] [0;34mChecking if backend is available at http://100.88.6.111:8001...[0m
2026-01-16 12:03:57 [INFO] [0;34mWebSocket URL: ws://100.88.6.111:8001[0m
2026-01-16 12:03:57 [SUCCESS] [0;32mBackend is online and reachable![0m
2026-01-16 12:03:57 [INFO] [0;34mChecking for existing drone script processes...[0m
2026-01-16 12:03:57 [INFO] [0;34mNo existing processes found[0m
2026-01-16 12:03:57 [INFO] [0;34mStarting drone script...[0m
2026-01-16 12:03:57 [INFO] [0;34mScript path: /home/nanosuper/Downloads/HOMA-1.0/drone.py[0m
2026-01-16 12:03:57 [SUCCESS] [0;32mDrone script started (PID: 6785)[0m
2026-01-16 12:04:11 [WARN] [1;33mShutdown signal received. Cleaning up...[0m
2026-01-16 12:04:11 [INFO] [0;34mKilling drone script (PID: 6785)...[0m
2026-01-16 12:04:11 [WARN] [1;33mShutdown signal received. Cleaning up...[0m
2026-01-16 12:04:11 [SUCCESS] [0;32mCleanup complete. Exiting.[0m
2026-01-16 12:05:13 [INFO] [0;34m━━━━━━━━━━━━━━━━━━━━━━━━━━━━━━━━━━━━━━━━━━━━━━━━━[0m
2026-01-16 12:05:13 [INFO] [0;34mDrone Auto-Restart Script[0m
2026-01-16 12:05:13 [INFO] [0;34m━━━━━━━━━━━━━━━━━━━━━━━━━━━━━━━━━━━━━━━━━━━━━━━━━[0m
2026-01-16 12:05:13 [INFO] [0;34mDrone ID: austin-recon-01[0m
2026-01-16 12:05:13 [INFO] [0;34mDrone Type: recon[0m
2026-01-16 12:05:13 [INFO] [0;34mBackend URL: http://100.88.6.111:8001[0m
2026-01-16 12:05:13 [INFO] [0;34mWebSocket URL: ws://100.88.6.111:8001[0m
2026-01-16 12:05:13 [INFO] [0;34mScript: /home/nanosuper/Downloads/HOMA-1.0/drone.py[0m
2026-01-16 12:05:13 [WARN] [1;33mNo virtual environment activated[0m
2026-01-16 12:05:13 [INFO] [0;34mLog: /home/nanosuper/Downloads/HOMA-1.0/logs/austin-recon-01_20260116.log[0m
2026-01-16 12:05:13 [INFO] [0;34m━━━━━━━━━━━━━━━━━━━━━━━━━━━━━━━━━━━━━━━━━━━━━━━━━[0m
2026-01-16 12:05:13 [INFO] [0;34mChecking if backend is available at http://100.88.6.111:8001...[0m
2026-01-16 12:05:13 [INFO] [0;34mWebSocket URL: ws://100.88.6.111:8001[0m
2026-01-16 12:05:13 [SUCCESS] [0;32mBackend is online and reachable![0m
2026-01-16 12:05:13 [INFO] [0;34mChecking for existing drone script processes...[0m
2026-01-16 12:05:13 [INFO] [0;34mNo existing processes found[0m
2026-01-16 12:05:13 [INFO] [0;34mStarting drone script...[0m
2026-01-16 12:05:13 [INFO] [0;34mScript path: /home/nanosuper/Downloads/HOMA-1.0/drone.py[0m
2026-01-16 12:05:13 [SUCCESS] [0;32mDrone script started (PID: 7043)[0m
2026-01-16 12:05:35 [WARN] [1;33mShutdown signal received. Cleaning up...[0m
2026-01-16 12:05:35 [INFO] [0;34mKilling drone script (PID: 7043)...[0m
2026-01-16 12:05:35 [WARN] [1;33mShutdown signal received. Cleaning up...[0m
2026-01-16 12:05:35 [SUCCESS] [0;32mCleanup complete. Exiting.[0m
2026-01-16 12:16:05 [INFO] [0;34m━━━━━━━━━━━━━━━━━━━━━━━━━━━━━━━━━━━━━━━━━━━━━━━━━[0m
2026-01-16 12:16:05 [INFO] [0;34mDrone Auto-Restart Script[0m
2026-01-16 12:16:05 [INFO] [0;34m━━━━━━━━━━━━━━━━━━━━━━━━━━━━━━━━━━━━━━━━━━━━━━━━━[0m
2026-01-16 12:16:05 [INFO] [0;34mDrone ID: austin-recon-01[0m
2026-01-16 12:16:05 [INFO] [0;34mDrone Type: recon[0m
2026-01-16 12:16:05 [INFO] [0;34mBackend URL: http://100.88.6.111:8001[0m
2026-01-16 12:16:05 [INFO] [0;34mWebSocket URL: ws://100.88.6.111:8001[0m
2026-01-16 12:16:05 [INFO] [0;34mScript: /home/nanosuper/Downloads/HOMA-1.0/drone.py[0m
2026-01-16 12:16:05 [WARN] [1;33mNo virtual environment activated[0m
2026-01-16 12:16:05 [INFO] [0;34mLog: /home/nanosuper/Downloads/HOMA-1.0/logs/austin-recon-01_20260116.log[0m
2026-01-16 12:16:05 [INFO] [0;34m━━━━━━━━━━━━━━━━━━━━━━━━━━━━━━━━━━━━━━━━━━━━━━━━━[0m
2026-01-16 12:16:05 [INFO] [0;34mChecking if backend is available at http://100.88.6.111:8001...[0m
2026-01-16 12:16:05 [INFO] [0;34mWebSocket URL: ws://100.88.6.111:8001[0m
2026-01-16 12:16:06 [SUCCESS] [0;32mBackend is online and reachable![0m
2026-01-16 12:16:06 [INFO] [0;34mChecking for existing drone script processes...[0m
2026-01-16 12:16:06 [INFO] [0;34mNo existing processes found[0m
2026-01-16 12:16:06 [INFO] [0;34mStarting drone script...[0m
2026-01-16 12:16:06 [INFO] [0;34mScript path: /home/nanosuper/Downloads/HOMA-1.0/drone.py[0m
2026-01-16 12:16:06 [SUCCESS] [0;32mDrone script started (PID: 4763)[0m
2026-01-16 12:18:09 [WARN] [1;33mShutdown signal received. Cleaning up...[0m
2026-01-16 12:18:09 [INFO] [0;34mKilling drone script (PID: 4763)...[0m
2026-01-16 12:18:09 [WARN] [1;33mShutdown signal received. Cleaning up...[0m
2026-01-16 12:18:09 [SUCCESS] [0;32mCleanup complete. Exiting.[0m
2026-01-16 12:18:21 [INFO] [0;34m━━━━━━━━━━━━━━━━━━━━━━━━━━━━━━━━━━━━━━━━━━━━━━━━━[0m
2026-01-16 12:18:21 [INFO] [0;34mDrone Auto-Restart Script[0m
2026-01-16 12:18:21 [INFO] [0;34m━━━━━━━━━━━━━━━━━━━━━━━━━━━━━━━━━━━━━━━━━━━━━━━━━[0m
2026-01-16 12:18:21 [INFO] [0;34mDrone ID: austin-recon-01[0m
2026-01-16 12:18:21 [INFO] [0;34mDrone Type: recon[0m
2026-01-16 12:18:21 [INFO] [0;34mBackend URL: http://100.88.6.111:8001[0m
2026-01-16 12:18:21 [INFO] [0;34mWebSocket URL: ws://100.88.6.111:8001[0m
2026-01-16 12:18:21 [INFO] [0;34mScript: /home/nanosuper/Downloads/HOMA-1.0/drone.py[0m
2026-01-16 12:18:21 [WARN] [1;33mNo virtual environment activated[0m
2026-01-16 12:18:21 [INFO] [0;34mLog: /home/nanosuper/Downloads/HOMA-1.0/logs/austin-recon-01_20260116.log[0m
2026-01-16 12:18:21 [INFO] [0;34m━━━━━━━━━━━━━━━━━━━━━━━━━━━━━━━━━━━━━━━━━━━━━━━━━[0m
2026-01-16 12:18:21 [INFO] [0;34mChecking if backend is available at http://100.88.6.111:8001...[0m
2026-01-16 12:18:21 [INFO] [0;34mWebSocket URL: ws://100.88.6.111:8001[0m
2026-01-16 12:18:21 [SUCCESS] [0;32mBackend is online and reachable![0m
2026-01-16 12:18:21 [INFO] [0;34mChecking for existing drone script processes...[0m
2026-01-16 12:18:21 [INFO] [0;34mNo existing processes found[0m
2026-01-16 12:18:21 [INFO] [0;34mStarting drone script...[0m
2026-01-16 12:18:21 [INFO] [0;34mScript path: /home/nanosuper/Downloads/HOMA-1.0/drone.py[0m
2026-01-16 12:18:21 [SUCCESS] [0;32mDrone script started (PID: 5454)[0m
2026-01-16 12:29:11 [WARN] [1;33mShutdown signal received. Cleaning up...[0m
2026-01-16 12:29:12 [WARN] [1;33mShutdown signal received. Cleaning up...[0m
2026-01-16 12:29:12 [WARN] [1;33mShutdown signal received. Cleaning up...[0m
2026-01-16 12:29:12 [WARN] [1;33mShutdown signal received. Cleaning up...[0m
2026-01-16 12:29:12 [WARN] [1;33mShutdown signal received. Cleaning up...[0m
2026-01-16 12:29:12 [WARN] [1;33mShutdown signal received. Cleaning up...[0m
2026-01-16 12:29:12 [INFO] [0;34mKilling drone script (PID: 5454)...[0m
2026-01-16 12:29:14 [SUCCESS] [0;32mCleanup complete. Exiting.[0m
2026-01-16 16:21:58 [INFO] [0;34m━━━━━━━━━━━━━━━━━━━━━━━━━━━━━━━━━━━━━━━━━━━━━━━━━[0m
2026-01-16 16:21:58 [INFO] [0;34mDrone Auto-Restart Script[0m
2026-01-16 16:21:58 [INFO] [0;34m━━━━━━━━━━━━━━━━━━━━━━━━━━━━━━━━━━━━━━━━━━━━━━━━━[0m
2026-01-16 16:21:58 [INFO] [0;34mDrone ID: austin-recon-01[0m
2026-01-16 16:21:58 [INFO] [0;34mDrone Type: recon[0m
2026-01-16 16:21:58 [INFO] [0;34mBackend URL: http://100.88.6.111:8001[0m
2026-01-16 16:21:58 [INFO] [0;34mWebSocket URL: ws://100.88.6.111:8001[0m
2026-01-16 16:21:58 [INFO] [0;34mScript: /home/nanosuper/Downloads/HOMA-1.0/drone.py[0m
2026-01-16 16:21:58 [WARN] [1;33mNo virtual environment activated[0m
2026-01-16 16:21:58 [INFO] [0;34mLog: /home/nanosuper/Downloads/HOMA-1.0/logs/austin-recon-01_20260116.log[0m
2026-01-16 16:21:58 [INFO] [0;34m━━━━━━━━━━━━━━━━━━━━━━━━━━━━━━━━━━━━━━━━━━━━━━━━━[0m
2026-01-16 16:21:58 [INFO] [0;34mChecking if backend is available at http://100.88.6.111:8001...[0m
2026-01-16 16:21:58 [INFO] [0;34mWebSocket URL: ws://100.88.6.111:8001[0m
2026-01-16 16:21:59 [SUCCESS] [0;32mBackend is online and reachable![0m
2026-01-16 16:21:59 [INFO] [0;34mChecking for existing drone script processes...[0m
2026-01-16 16:21:59 [INFO] [0;34mNo existing processes found[0m
2026-01-16 16:21:59 [INFO] [0;34mStarting drone script...[0m
2026-01-16 16:21:59 [INFO] [0;34mScript path: /home/nanosuper/Downloads/HOMA-1.0/drone.py[0m
2026-01-16 16:21:59 [SUCCESS] [0;32mDrone script started (PID: 3043)[0m
