2025-12-12 10:01:24 [INFO] [0;34m━━━━━━━━━━━━━━━━━━━━━━━━━━━━━━━━━━━━━━━━━━━━━━━━━[0m
2025-12-12 10:01:24 [INFO] [0;34mDrone Auto-Restart Script[0m
2025-12-12 10:01:24 [INFO] [0;34m━━━━━━━━━━━━━━━━━━━━━━━━━━━━━━━━━━━━━━━━━━━━━━━━━[0m
2025-12-12 10:01:24 [INFO] [0;34mDrone ID: austin-payload-01[0m
2025-12-12 10:01:24 [INFO] [0;34mDrone Type: rescue[0m
2025-12-12 10:01:24 [INFO] [0;34mBackend URL: http://100.111.237.50:8001[0m
2025-12-12 10:01:24 [INFO] [0;34mWebSocket URL: ws://100.111.237.50:8001[0m
2025-12-12 10:01:24 [INFO] [0;34mScript: /home/homa1/homa1/code_base/HOMA-1.0/aruco_.py[0m
2025-12-12 10:01:24 [SUCCESS] [0;32mVirtual environment activated: /home/homa1/homa1/homa1_venv[0m
2025-12-12 10:01:24 [INFO] [0;34mLog: /home/homa1/homa1/code_base/HOMA-1.0/logs/austin-payload-01_20251212.log[0m
2025-12-12 10:01:24 [INFO] [0;34m━━━━━━━━━━━━━━━━━━━━━━━━━━━━━━━━━━━━━━━━━━━━━━━━━[0m
2025-12-12 10:01:24 [INFO] [0;34mChecking if backend is available at http://100.111.237.50:8001...[0m
2025-12-12 10:01:24 [INFO] [0;34mWebSocket URL: ws://100.111.237.50:8001[0m
2025-12-12 10:01:34 [WARN] [1;33mShutdown signal received. Cleaning up...[0m
2025-12-12 10:01:34 [SUCCESS] [0;32mCleanup complete. Exiting.[0m
2025-12-12 10:04:41 [INFO] [0;34m━━━━━━━━━━━━━━━━━━━━━━━━━━━━━━━━━━━━━━━━━━━━━━━━━[0m
2025-12-12 10:04:41 [INFO] [0;34mDrone Auto-Restart Script[0m
2025-12-12 10:04:41 [INFO] [0;34m━━━━━━━━━━━━━━━━━━━━━━━━━━━━━━━━━━━━━━━━━━━━━━━━━[0m
2025-12-12 10:04:41 [INFO] [0;34mDrone ID: austin-payload-01[0m
2025-12-12 10:04:41 [INFO] [0;34mDrone Type: rescue[0m
2025-12-12 10:04:41 [INFO] [0;34mBackend URL: http://192.168.1.44:8001[0m
2025-12-12 10:04:41 [INFO] [0;34mWebSocket URL: ws://192.168.1.44:8001[0m
2025-12-12 10:04:41 [INFO] [0;34mScript: /home/homa1/homa1/code_base/HOMA-1.0/aruco_.py[0m
2025-12-12 10:04:41 [SUCCESS] [0;32mVirtual environment activated: /home/homa1/homa1/homa1_venv[0m
2025-12-12 10:04:41 [INFO] [0;34mLog: /home/homa1/homa1/code_base/HOMA-1.0/logs/austin-payload-01_20251212.log[0m
2025-12-12 10:04:41 [INFO] [0;34m━━━━━━━━━━━━━━━━━━━━━━━━━━━━━━━━━━━━━━━━━━━━━━━━━[0m
2025-12-12 10:04:41 [INFO] [0;34mChecking if backend is available at http://192.168.1.44:8001...[0m
2025-12-12 10:04:41 [INFO] [0;34mWebSocket URL: ws://192.168.1.44:8001[0m
2025-12-12 10:04:41 [SUCCESS] [0;32mBackend is online and reachable![0m
2025-12-12 10:04:41 [INFO] [0;34mChecking for existing drone script processes...[0m
2025-12-12 10:04:41 [INFO] [0;34mNo existing processes found[0m
2025-12-12 10:04:41 [INFO] [0;34mStarting drone script...[0m
2025-12-12 10:04:41 [INFO] [0;34mScript path: /home/homa1/homa1/code_base/HOMA-1.0/aruco_.py[0m
2025-12-12 10:04:41 [SUCCESS] [0;32mDrone script started (PID: 6213)[0m
2025-12-12 10:15:06 [WARN] [1;33mShutdown signal received. Cleaning up...[0m
2025-12-12 10:15:06 [INFO] [0;34mKilling drone script (PID: 6213)...[0m
2025-12-12 10:15:06 [WARN] [1;33mShutdown signal received. Cleaning up...[0m
2025-12-12 10:15:06 [SUCCESS] [0;32mCleanup complete. Exiting.[0m
2025-12-12 10:28:32 [INFO] [0;34m━━━━━━━━━━━━━━━━━━━━━━━━━━━━━━━━━━━━━━━━━━━━━━━━━[0m
2025-12-12 10:28:32 [INFO] [0;34mDrone Auto-Restart Script[0m
2025-12-12 10:28:32 [INFO] [0;34m━━━━━━━━━━━━━━━━━━━━━━━━━━━━━━━━━━━━━━━━━━━━━━━━━[0m
2025-12-12 10:28:32 [INFO] [0;34mDrone ID: austin-payload-01[0m
2025-12-12 10:28:32 [INFO] [0;34mDrone Type: rescue[0m
2025-12-12 10:28:32 [INFO] [0;34mBackend URL: http://192.168.1.44:8001[0m
2025-12-12 10:28:32 [INFO] [0;34mWebSocket URL: ws://192.168.1.44:8001[0m
2025-12-12 10:28:32 [INFO] [0;34mScript: /home/homa1/homa1/code_base/HOMA-1.0/aruco_.py[0m
2025-12-12 10:28:32 [SUCCESS] [0;32mVirtual environment activated: /home/homa1/homa1/homa1_venv[0m
2025-12-12 10:28:32 [INFO] [0;34mLog: /home/homa1/homa1/code_base/HOMA-1.0/logs/austin-payload-01_20251212.log[0m
2025-12-12 10:28:32 [INFO] [0;34m━━━━━━━━━━━━━━━━━━━━━━━━━━━━━━━━━━━━━━━━━━━━━━━━━[0m
2025-12-12 10:28:32 [INFO] [0;34mChecking if backend is available at http://192.168.1.44:8001...[0m
2025-12-12 10:28:32 [INFO] [0;34mWebSocket URL: ws://192.168.1.44:8001[0m
2025-12-12 10:28:32 [SUCCESS] [0;32mBackend is online and reachable![0m
2025-12-12 10:28:32 [INFO] [0;34mChecking for existing drone script processes...[0m
2025-12-12 10:28:32 [INFO] [0;34mNo existing processes found[0m
2025-12-12 10:28:32 [INFO] [0;34mStarting drone script...[0m
2025-12-12 10:28:32 [INFO] [0;34mScript path: /home/homa1/homa1/code_base/HOMA-1.0/aruco_.py[0m
2025-12-12 10:28:32 [SUCCESS] [0;32mDrone script started (PID: 12195)[0m
2025-12-12 10:36:12 [WARN] [1;33mShutdown signal received. Cleaning up...[0m
2025-12-12 10:36:12 [INFO] [0;34mKilling drone script (PID: 12195)...[0m
2025-12-12 10:36:12 [WARN] [1;33mShutdown signal received. Cleaning up...[0m
2025-12-12 10:36:12 [SUCCESS] [0;32mCleanup complete. Exiting.[0m
2025-12-12 10:39:13 [INFO] [0;34m━━━━━━━━━━━━━━━━━━━━━━━━━━━━━━━━━━━━━━━━━━━━━━━━━[0m
2025-12-12 10:39:13 [INFO] [0;34mDrone Auto-Restart Script[0m
2025-12-12 10:39:13 [INFO] [0;34m━━━━━━━━━━━━━━━━━━━━━━━━━━━━━━━━━━━━━━━━━━━━━━━━━[0m
2025-12-12 10:39:13 [INFO] [0;34mDrone ID: austin-payload-01[0m
2025-12-12 10:39:13 [INFO] [0;34mDrone Type: rescue[0m
2025-12-12 10:39:13 [INFO] [0;34mBackend URL: http://192.168.1.44:8001[0m
2025-12-12 10:39:13 [INFO] [0;34mWebSocket URL: ws://192.168.1.44:8001[0m
2025-12-12 10:39:13 [INFO] [0;34mScript: /home/homa1/homa1/code_base/HOMA-1.0/aruco_.py[0m
2025-12-12 10:39:13 [SUCCESS] [0;32mVirtual environment activated: /home/homa1/homa1/homa1_venv[0m
2025-12-12 10:39:13 [INFO] [0;34mLog: /home/homa1/homa1/code_base/HOMA-1.0/logs/austin-payload-01_20251212.log[0m
2025-12-12 10:39:13 [INFO] [0;34m━━━━━━━━━━━━━━━━━━━━━━━━━━━━━━━━━━━━━━━━━━━━━━━━━[0m
2025-12-12 10:39:13 [INFO] [0;34mChecking if backend is available at http://192.168.1.44:8001...[0m
2025-12-12 10:39:13 [INFO] [0;34mWebSocket URL: ws://192.168.1.44:8001[0m
2025-12-12 10:39:13 [SUCCESS] [0;32mBackend is online and reachable![0m
2025-12-12 10:39:13 [INFO] [0;34mChecking for existing drone script processes...[0m
2025-12-12 10:39:13 [INFO] [0;34mNo existing processes found[0m
2025-12-12 10:39:13 [INFO] [0;34mStarting drone script...[0m
2025-12-12 10:39:13 [INFO] [0;34mScript path: /home/homa1/homa1/code_base/HOMA-1.0/aruco_.py[0m
2025-12-12 10:39:13 [SUCCESS] [0;32mDrone script started (PID: 15632)[0m
2025-12-12 10:47:47 [WARN] [1;33mShutdown signal received. Cleaning up...[0m
2025-12-12 10:47:47 [INFO] [0;34mKilling drone script (PID: 15632)...[0m
2025-12-12 10:47:49 [SUCCESS] [0;32mCleanup complete. Exiting.[0m
2025-12-12 10:47:51 [INFO] [0;34m━━━━━━━━━━━━━━━━━━━━━━━━━━━━━━━━━━━━━━━━━━━━━━━━━[0m
2025-12-12 10:47:51 [INFO] [0;34mDrone Auto-Restart Script[0m
2025-12-12 10:47:51 [INFO] [0;34m━━━━━━━━━━━━━━━━━━━━━━━━━━━━━━━━━━━━━━━━━━━━━━━━━[0m
2025-12-12 10:47:51 [INFO] [0;34mDrone ID: austin-payload-01[0m
2025-12-12 10:47:51 [INFO] [0;34mDrone Type: rescue[0m
2025-12-12 10:47:51 [INFO] [0;34mBackend URL: http://192.168.1.44:8001[0m
2025-12-12 10:47:51 [INFO] [0;34mWebSocket URL: ws://192.168.1.44:8001[0m
2025-12-12 10:47:51 [INFO] [0;34mScript: /home/homa1/homa1/code_base/HOMA-1.0/aruco_.py[0m
2025-12-12 10:47:51 [SUCCESS] [0;32mVirtual environment activated: /home/homa1/homa1/homa1_venv[0m
2025-12-12 10:47:51 [INFO] [0;34mLog: /home/homa1/homa1/code_base/HOMA-1.0/logs/austin-payload-01_20251212.log[0m
2025-12-12 10:47:51 [INFO] [0;34m━━━━━━━━━━━━━━━━━━━━━━━━━━━━━━━━━━━━━━━━━━━━━━━━━[0m
2025-12-12 10:47:51 [INFO] [0;34mChecking if backend is available at http://192.168.1.44:8001...[0m
2025-12-12 10:47:51 [INFO] [0;34mWebSocket URL: ws://192.168.1.44:8001[0m
2025-12-12 10:47:51 [SUCCESS] [0;32mBackend is online and reachable![0m
2025-12-12 10:47:51 [INFO] [0;34mChecking for existing drone script processes...[0m
2025-12-12 10:47:51 [INFO] [0;34mNo existing processes found[0m
2025-12-12 10:47:51 [INFO] [0;34mStarting drone script...[0m
2025-12-12 10:47:51 [INFO] [0;34mScript path: /home/homa1/homa1/code_base/HOMA-1.0/aruco_.py[0m
2025-12-12 10:47:51 [SUCCESS] [0;32mDrone script started (PID: 17720)[0m
2025-12-12 10:47:54 [ERROR] [0;31mScript crashed with exit code: 1[0m
2025-12-12 10:47:54 [ERROR] [0;31mConsecutive failures: 1[0m
2025-12-12 10:47:54 [INFO] [0;34mRestarting in 3s...[0m
2025-12-12 10:47:57 [INFO] [0;34m━━━━━━━━━━━━━━━━━━━━━━━━━━━━━━━━━━━━━━━━━━━━━━━━━[0m
2025-12-12 10:47:57 [INFO] [0;34mInitiating restart cycle...[0m
2025-12-12 10:47:57 [INFO] [0;34mChecking if backend is available at http://192.168.1.44:8001...[0m
2025-12-12 10:47:57 [INFO] [0;34mWebSocket URL: ws://192.168.1.44:8001[0m
2025-12-12 10:47:57 [SUCCESS] [0;32mBackend is online and reachable![0m
2025-12-12 10:47:57 [INFO] [0;34mChecking for existing drone script processes...[0m
2025-12-12 10:47:57 [INFO] [0;34mNo existing processes found[0m
2025-12-12 10:47:57 [INFO] [0;34mStarting drone script...[0m
2025-12-12 10:47:57 [INFO] [0;34mScript path: /home/homa1/homa1/code_base/HOMA-1.0/aruco_.py[0m
2025-12-12 10:47:57 [SUCCESS] [0;32mDrone script started (PID: 17818)[0m
2025-12-12 10:48:00 [ERROR] [0;31mScript crashed with exit code: 1[0m
2025-12-12 10:48:00 [ERROR] [0;31mConsecutive failures: 2[0m
2025-12-12 10:48:00 [INFO] [0;34mRestarting in 3s...[0m
2025-12-12 10:48:03 [INFO] [0;34m━━━━━━━━━━━━━━━━━━━━━━━━━━━━━━━━━━━━━━━━━━━━━━━━━[0m
2025-12-12 10:48:03 [INFO] [0;34mInitiating restart cycle...[0m
2025-12-12 10:48:03 [INFO] [0;34mChecking if backend is available at http://192.168.1.44:8001...[0m
2025-12-12 10:48:03 [INFO] [0;34mWebSocket URL: ws://192.168.1.44:8001[0m
2025-12-12 10:48:03 [SUCCESS] [0;32mBackend is online and reachable![0m
2025-12-12 10:48:03 [INFO] [0;34mChecking for existing drone script processes...[0m
2025-12-12 10:48:03 [INFO] [0;34mNo existing processes found[0m
2025-12-12 10:48:03 [INFO] [0;34mStarting drone script...[0m
2025-12-12 10:48:03 [INFO] [0;34mScript path: /home/homa1/homa1/code_base/HOMA-1.0/aruco_.py[0m
2025-12-12 10:48:03 [SUCCESS] [0;32mDrone script started (PID: 17907)[0m
2025-12-12 10:48:05 [ERROR] [0;31mScript crashed with exit code: 1[0m
2025-12-12 10:48:05 [ERROR] [0;31mConsecutive failures: 3[0m
2025-12-12 10:48:05 [WARN] [1;33mToo many consecutive failures. Waiting 30s before restart...[0m
2025-12-12 10:48:35 [INFO] [0;34m━━━━━━━━━━━━━━━━━━━━━━━━━━━━━━━━━━━━━━━━━━━━━━━━━[0m
2025-12-12 10:48:35 [INFO] [0;34mInitiating restart cycle...[0m
2025-12-12 10:48:35 [INFO] [0;34mChecking if backend is available at http://192.168.1.44:8001...[0m
2025-12-12 10:48:35 [INFO] [0;34mWebSocket URL: ws://192.168.1.44:8001[0m
2025-12-12 10:48:35 [SUCCESS] [0;32mBackend is online and reachable![0m
2025-12-12 10:48:35 [INFO] [0;34mChecking for existing drone script processes...[0m
2025-12-12 10:48:36 [INFO] [0;34mNo existing processes found[0m
2025-12-12 10:48:36 [INFO] [0;34mStarting drone script...[0m
2025-12-12 10:48:36 [INFO] [0;34mScript path: /home/homa1/homa1/code_base/HOMA-1.0/aruco_.py[0m
2025-12-12 10:48:36 [SUCCESS] [0;32mDrone script started (PID: 18037)[0m
2025-12-12 10:48:37 [WARN] [1;33mShutdown signal received. Cleaning up...[0m
2025-12-12 10:48:37 [INFO] [0;34mKilling drone script (PID: 18037)...[0m
2025-12-12 10:48:37 [WARN] [1;33mShutdown signal received. Cleaning up...[0m
2025-12-12 10:48:37 [SUCCESS] [0;32mCleanup complete. Exiting.[0m
2025-12-12 10:54:07 [INFO] [0;34m━━━━━━━━━━━━━━━━━━━━━━━━━━━━━━━━━━━━━━━━━━━━━━━━━[0m
2025-12-12 10:54:07 [INFO] [0;34mDrone Auto-Restart Script[0m
2025-12-12 10:54:07 [INFO] [0;34m━━━━━━━━━━━━━━━━━━━━━━━━━━━━━━━━━━━━━━━━━━━━━━━━━[0m
2025-12-12 10:54:07 [INFO] [0;34mDrone ID: austin-payload-01[0m
2025-12-12 10:54:07 [INFO] [0;34mDrone Type: rescue[0m
2025-12-12 10:54:07 [INFO] [0;34mBackend URL: http://192.168.1.44:8001[0m
2025-12-12 10:54:07 [INFO] [0;34mWebSocket URL: ws://192.168.1.44:8001[0m
2025-12-12 10:54:07 [INFO] [0;34mScript: /home/homa1/homa1/code_base/HOMA-1.0/aruco_.py[0m
2025-12-12 10:54:07 [SUCCESS] [0;32mVirtual environment activated: /home/homa1/homa1/homa1_venv[0m
2025-12-12 10:54:07 [INFO] [0;34mLog: /home/homa1/homa1/code_base/HOMA-1.0/logs/austin-payload-01_20251212.log[0m
2025-12-12 10:54:07 [INFO] [0;34m━━━━━━━━━━━━━━━━━━━━━━━━━━━━━━━━━━━━━━━━━━━━━━━━━[0m
2025-12-12 10:54:07 [INFO] [0;34mChecking if backend is available at http://192.168.1.44:8001...[0m
2025-12-12 10:54:07 [INFO] [0;34mWebSocket URL: ws://192.168.1.44:8001[0m
2025-12-12 10:54:07 [SUCCESS] [0;32mBackend is online and reachable![0m
2025-12-12 10:54:07 [INFO] [0;34mChecking for existing drone script processes...[0m
2025-12-12 10:54:07 [INFO] [0;34mNo existing processes found[0m
2025-12-12 10:54:07 [INFO] [0;34mStarting drone script...[0m
2025-12-12 10:54:07 [INFO] [0;34mScript path: /home/homa1/homa1/code_base/HOMA-1.0/aruco_.py[0m
2025-12-12 10:54:07 [SUCCESS] [0;32mDrone script started (PID: 19128)[0m
2025-12-12 10:55:16 [WARN] [1;33mShutdown signal received. Cleaning up...[0m
2025-12-12 10:55:16 [INFO] [0;34mKilling drone script (PID: 19128)...[0m
2025-12-12 10:55:19 [SUCCESS] [0;32mCleanup complete. Exiting.[0m
2025-12-12 10:55:21 [INFO] [0;34m━━━━━━━━━━━━━━━━━━━━━━━━━━━━━━━━━━━━━━━━━━━━━━━━━[0m
2025-12-12 10:55:21 [INFO] [0;34mDrone Auto-Restart Script[0m
2025-12-12 10:55:21 [INFO] [0;34m━━━━━━━━━━━━━━━━━━━━━━━━━━━━━━━━━━━━━━━━━━━━━━━━━[0m
2025-12-12 10:55:21 [INFO] [0;34mDrone ID: austin-payload-01[0m
2025-12-12 10:55:21 [INFO] [0;34mDrone Type: rescue[0m
2025-12-12 10:55:21 [INFO] [0;34mBackend URL: http://192.168.1.44:8001[0m
2025-12-12 10:55:21 [INFO] [0;34mWebSocket URL: ws://192.168.1.44:8001[0m
2025-12-12 10:55:21 [INFO] [0;34mScript: /home/homa1/homa1/code_base/HOMA-1.0/aruco_.py[0m
2025-12-12 10:55:21 [SUCCESS] [0;32mVirtual environment activated: /home/homa1/homa1/homa1_venv[0m
2025-12-12 10:55:21 [INFO] [0;34mLog: /home/homa1/homa1/code_base/HOMA-1.0/logs/austin-payload-01_20251212.log[0m
2025-12-12 10:55:21 [INFO] [0;34m━━━━━━━━━━━━━━━━━━━━━━━━━━━━━━━━━━━━━━━━━━━━━━━━━[0m
2025-12-12 10:55:21 [INFO] [0;34mChecking if backend is available at http://192.168.1.44:8001...[0m
2025-12-12 10:55:21 [INFO] [0;34mWebSocket URL: ws://192.168.1.44:8001[0m
2025-12-12 10:55:21 [SUCCESS] [0;32mBackend is online and reachable![0m
2025-12-12 10:55:21 [INFO] [0;34mChecking for existing drone script processes...[0m
2025-12-12 10:55:21 [INFO] [0;34mNo existing processes found[0m
2025-12-12 10:55:21 [INFO] [0;34mStarting drone script...[0m
2025-12-12 10:55:21 [INFO] [0;34mScript path: /home/homa1/homa1/code_base/HOMA-1.0/aruco_.py[0m
2025-12-12 10:55:21 [SUCCESS] [0;32mDrone script started (PID: 19663)[0m
2025-12-12 10:55:29 [ERROR] [0;31m━━━━━━━━━━━━━━━━━━━━━━━━━━━━━━━━━━━━━━━━━━━━━━━━━[0m
2025-12-12 10:55:29 [ERROR] [0;31m⚠️  CRITICAL ERROR (Exit code: 12)[0m
2025-12-12 10:55:29 [ERROR] [0;31m━━━━━━━━━━━━━━━━━━━━━━━━━━━━━━━━━━━━━━━━━━━━━━━━━[0m
2025-12-12 10:55:29 [ERROR] [0;31mManual intervention may be required[0m
2025-12-12 10:55:29 [WARN] [1;33mWaiting 30s before restart...[0m
2025-12-12 10:55:37 [WARN] [1;33mShutdown signal received. Cleaning up...[0m
2025-12-12 10:55:37 [SUCCESS] [0;32mCleanup complete. Exiting.[0m
2025-12-12 10:55:53 [INFO] [0;34m━━━━━━━━━━━━━━━━━━━━━━━━━━━━━━━━━━━━━━━━━━━━━━━━━[0m
2025-12-12 10:55:53 [INFO] [0;34mDrone Auto-Restart Script[0m
2025-12-12 10:55:53 [INFO] [0;34m━━━━━━━━━━━━━━━━━━━━━━━━━━━━━━━━━━━━━━━━━━━━━━━━━[0m
2025-12-12 10:55:53 [INFO] [0;34mDrone ID: austin-payload-01[0m
2025-12-12 10:55:53 [INFO] [0;34mDrone Type: rescue[0m
2025-12-12 10:55:53 [INFO] [0;34mBackend URL: http://192.168.1.44:8001[0m
2025-12-12 10:55:53 [INFO] [0;34mWebSocket URL: ws://192.168.1.44:8001[0m
2025-12-12 10:55:53 [INFO] [0;34mScript: /home/homa1/homa1/code_base/HOMA-1.0/aruco_.py[0m
2025-12-12 10:55:53 [SUCCESS] [0;32mVirtual environment activated: /home/homa1/homa1/homa1_venv[0m
2025-12-12 10:55:53 [INFO] [0;34mLog: /home/homa1/homa1/code_base/HOMA-1.0/logs/austin-payload-01_20251212.log[0m
2025-12-12 10:55:53 [INFO] [0;34m━━━━━━━━━━━━━━━━━━━━━━━━━━━━━━━━━━━━━━━━━━━━━━━━━[0m
2025-12-12 10:55:53 [INFO] [0;34mChecking if backend is available at http://192.168.1.44:8001...[0m
2025-12-12 10:55:53 [INFO] [0;34mWebSocket URL: ws://192.168.1.44:8001[0m
2025-12-12 10:55:53 [SUCCESS] [0;32mBackend is online and reachable![0m
2025-12-12 10:55:53 [INFO] [0;34mChecking for existing drone script processes...[0m
2025-12-12 10:55:53 [INFO] [0;34mNo existing processes found[0m
2025-12-12 10:55:53 [INFO] [0;34mStarting drone script...[0m
2025-12-12 10:55:53 [INFO] [0;34mScript path: /home/homa1/homa1/code_base/HOMA-1.0/aruco_.py[0m
2025-12-12 10:55:53 [SUCCESS] [0;32mDrone script started (PID: 19942)[0m
2025-12-12 10:56:01 [ERROR] [0;31m━━━━━━━━━━━━━━━━━━━━━━━━━━━━━━━━━━━━━━━━━━━━━━━━━[0m
2025-12-12 10:56:01 [ERROR] [0;31m⚠️  CRITICAL ERROR (Exit code: 12)[0m
2025-12-12 10:56:01 [ERROR] [0;31m━━━━━━━━━━━━━━━━━━━━━━━━━━━━━━━━━━━━━━━━━━━━━━━━━[0m
2025-12-12 10:56:01 [ERROR] [0;31mManual intervention may be required[0m
2025-12-12 10:56:01 [WARN] [1;33mWaiting 30s before restart...[0m
2025-12-12 10:56:30 [WARN] [1;33mShutdown signal received. Cleaning up...[0m
2025-12-12 10:56:30 [SUCCESS] [0;32mCleanup complete. Exiting.[0m
2025-12-12 10:57:09 [INFO] [0;34m━━━━━━━━━━━━━━━━━━━━━━━━━━━━━━━━━━━━━━━━━━━━━━━━━[0m
2025-12-12 10:57:09 [INFO] [0;34mDrone Auto-Restart Script[0m
2025-12-12 10:57:09 [INFO] [0;34m━━━━━━━━━━━━━━━━━━━━━━━━━━━━━━━━━━━━━━━━━━━━━━━━━[0m
2025-12-12 10:57:09 [INFO] [0;34mDrone ID: austin-payload-01[0m
2025-12-12 10:57:09 [INFO] [0;34mDrone Type: rescue[0m
2025-12-12 10:57:09 [INFO] [0;34mBackend URL: http://192.168.1.44:8001[0m
2025-12-12 10:57:09 [INFO] [0;34mWebSocket URL: ws://192.168.1.44:8001[0m
2025-12-12 10:57:09 [INFO] [0;34mScript: /home/homa1/homa1/code_base/HOMA-1.0/aruco_.py[0m
2025-12-12 10:57:09 [SUCCESS] [0;32mVirtual environment activated: /home/homa1/homa1/homa1_venv[0m
2025-12-12 10:57:09 [INFO] [0;34mLog: /home/homa1/homa1/code_base/HOMA-1.0/logs/austin-payload-01_20251212.log[0m
2025-12-12 10:57:09 [INFO] [0;34m━━━━━━━━━━━━━━━━━━━━━━━━━━━━━━━━━━━━━━━━━━━━━━━━━[0m
2025-12-12 10:57:09 [INFO] [0;34mChecking if backend is available at http://192.168.1.44:8001...[0m
2025-12-12 10:57:09 [INFO] [0;34mWebSocket URL: ws://192.168.1.44:8001[0m
2025-12-12 10:57:09 [SUCCESS] [0;32mBackend is online and reachable![0m
2025-12-12 10:57:09 [INFO] [0;34mChecking for existing drone script processes...[0m
2025-12-12 10:57:09 [INFO] [0;34mNo existing processes found[0m
2025-12-12 10:57:09 [INFO] [0;34mStarting drone script...[0m
2025-12-12 10:57:09 [INFO] [0;34mScript path: /home/homa1/homa1/code_base/HOMA-1.0/aruco_.py[0m
2025-12-12 10:57:09 [SUCCESS] [0;32mDrone script started (PID: 20277)[0m
2025-12-12 10:57:26 [WARN] [1;33mShutdown signal received. Cleaning up...[0m
2025-12-12 10:57:26 [INFO] [0;34mKilling drone script (PID: 20277)...[0m
2025-12-12 10:57:26 [WARN] [1;33mShutdown signal received. Cleaning up...[0m
2025-12-12 10:57:26 [SUCCESS] [0;32mCleanup complete. Exiting.[0m
2025-12-12 10:57:31 [INFO] [0;34m━━━━━━━━━━━━━━━━━━━━━━━━━━━━━━━━━━━━━━━━━━━━━━━━━[0m
2025-12-12 10:57:31 [INFO] [0;34mDrone Auto-Restart Script[0m
2025-12-12 10:57:31 [INFO] [0;34m━━━━━━━━━━━━━━━━━━━━━━━━━━━━━━━━━━━━━━━━━━━━━━━━━[0m
2025-12-12 10:57:31 [INFO] [0;34mDrone ID: austin-payload-01[0m
2025-12-12 10:57:31 [INFO] [0;34mDrone Type: rescue[0m
2025-12-12 10:57:31 [INFO] [0;34mBackend URL: http://192.168.1.44:8001[0m
2025-12-12 10:57:31 [INFO] [0;34mWebSocket URL: ws://192.168.1.44:8001[0m
2025-12-12 10:57:31 [INFO] [0;34mScript: /home/homa1/homa1/code_base/HOMA-1.0/aruco_.py[0m
2025-12-12 10:57:31 [SUCCESS] [0;32mVirtual environment activated: /home/homa1/homa1/homa1_venv[0m
2025-12-12 10:57:31 [INFO] [0;34mLog: /home/homa1/homa1/code_base/HOMA-1.0/logs/austin-payload-01_20251212.log[0m
2025-12-12 10:57:31 [INFO] [0;34m━━━━━━━━━━━━━━━━━━━━━━━━━━━━━━━━━━━━━━━━━━━━━━━━━[0m
2025-12-12 10:57:31 [INFO] [0;34mChecking if backend is available at http://192.168.1.44:8001...[0m
2025-12-12 10:57:31 [INFO] [0;34mWebSocket URL: ws://192.168.1.44:8001[0m
2025-12-12 10:57:31 [SUCCESS] [0;32mBackend is online and reachable![0m
2025-12-12 10:57:31 [INFO] [0;34mChecking for existing drone script processes...[0m
2025-12-12 10:57:31 [INFO] [0;34mNo existing processes found[0m
2025-12-12 10:57:31 [INFO] [0;34mStarting drone script...[0m
2025-12-12 10:57:31 [INFO] [0;34mScript path: /home/homa1/homa1/code_base/HOMA-1.0/aruco_.py[0m
2025-12-12 10:57:31 [SUCCESS] [0;32mDrone script started (PID: 20604)[0m
2025-12-12 10:57:42 [WARN] [1;33mShutdown signal received. Cleaning up...[0m
2025-12-12 10:57:42 [INFO] [0;34mKilling drone script (PID: 20604)...[0m
2025-12-12 10:57:44 [SUCCESS] [0;32mCleanup complete. Exiting.[0m
2025-12-12 10:58:02 [INFO] [0;34m━━━━━━━━━━━━━━━━━━━━━━━━━━━━━━━━━━━━━━━━━━━━━━━━━[0m
2025-12-12 10:58:02 [INFO] [0;34mDrone Auto-Restart Script[0m
2025-12-12 10:58:02 [INFO] [0;34m━━━━━━━━━━━━━━━━━━━━━━━━━━━━━━━━━━━━━━━━━━━━━━━━━[0m
2025-12-12 10:58:02 [INFO] [0;34mDrone ID: austin-payload-01[0m
2025-12-12 10:58:02 [INFO] [0;34mDrone Type: rescue[0m
2025-12-12 10:58:02 [INFO] [0;34mBackend URL: http://192.168.1.44:8001[0m
2025-12-12 10:58:02 [INFO] [0;34mWebSocket URL: ws://192.168.1.44:8001[0m
2025-12-12 10:58:02 [INFO] [0;34mScript: /home/homa1/homa1/code_base/HOMA-1.0/aruco_.py[0m
2025-12-12 10:58:02 [SUCCESS] [0;32mVirtual environment activated: /home/homa1/homa1/homa1_venv[0m
2025-12-12 10:58:02 [INFO] [0;34mLog: /home/homa1/homa1/code_base/HOMA-1.0/logs/austin-payload-01_20251212.log[0m
2025-12-12 10:58:02 [INFO] [0;34m━━━━━━━━━━━━━━━━━━━━━━━━━━━━━━━━━━━━━━━━━━━━━━━━━[0m
2025-12-12 10:58:02 [INFO] [0;34mChecking if backend is available at http://192.168.1.44:8001...[0m
2025-12-12 10:58:02 [INFO] [0;34mWebSocket URL: ws://192.168.1.44:8001[0m
2025-12-12 10:58:02 [SUCCESS] [0;32mBackend is online and reachable![0m
2025-12-12 10:58:02 [INFO] [0;34mChecking for existing drone script processes...[0m
2025-12-12 10:58:03 [INFO] [0;34mNo existing processes found[0m
2025-12-12 10:58:03 [INFO] [0;34mStarting drone script...[0m
2025-12-12 10:58:03 [INFO] [0;34mScript path: /home/homa1/homa1/code_base/HOMA-1.0/aruco_.py[0m
2025-12-12 10:58:03 [SUCCESS] [0;32mDrone script started (PID: 20971)[0m
2025-12-12 10:58:14 [WARN] [1;33mShutdown signal received. Cleaning up...[0m
2025-12-12 10:58:14 [INFO] [0;34mKilling drone script (PID: 20971)...[0m
2025-12-12 10:58:14 [WARN] [1;33mShutdown signal received. Cleaning up...[0m
2025-12-12 10:58:14 [SUCCESS] [0;32mCleanup complete. Exiting.[0m
2025-12-12 10:58:30 [INFO] [0;34m━━━━━━━━━━━━━━━━━━━━━━━━━━━━━━━━━━━━━━━━━━━━━━━━━[0m
2025-12-12 10:58:30 [INFO] [0;34mDrone Auto-Restart Script[0m
2025-12-12 10:58:30 [INFO] [0;34m━━━━━━━━━━━━━━━━━━━━━━━━━━━━━━━━━━━━━━━━━━━━━━━━━[0m
2025-12-12 10:58:30 [INFO] [0;34mDrone ID: austin-payload-01[0m
2025-12-12 10:58:30 [INFO] [0;34mDrone Type: rescue[0m
2025-12-12 10:58:30 [INFO] [0;34mBackend URL: http://192.168.1.44:8001[0m
2025-12-12 10:58:30 [INFO] [0;34mWebSocket URL: ws://192.168.1.44:8001[0m
2025-12-12 10:58:30 [INFO] [0;34mScript: /home/homa1/homa1/code_base/HOMA-1.0/aruco_.py[0m
2025-12-12 10:58:30 [SUCCESS] [0;32mVirtual environment activated: /home/homa1/homa1/homa1_venv[0m
2025-12-12 10:58:30 [INFO] [0;34mLog: /home/homa1/homa1/code_base/HOMA-1.0/logs/austin-payload-01_20251212.log[0m
2025-12-12 10:58:30 [INFO] [0;34m━━━━━━━━━━━━━━━━━━━━━━━━━━━━━━━━━━━━━━━━━━━━━━━━━[0m
2025-12-12 10:58:30 [INFO] [0;34mChecking if backend is available at http://192.168.1.44:8001...[0m
2025-12-12 10:58:30 [INFO] [0;34mWebSocket URL: ws://192.168.1.44:8001[0m
2025-12-12 10:58:30 [SUCCESS] [0;32mBackend is online and reachable![0m
2025-12-12 10:58:30 [INFO] [0;34mChecking for existing drone script processes...[0m
2025-12-12 10:58:30 [INFO] [0;34mNo existing processes found[0m
2025-12-12 10:58:30 [INFO] [0;34mStarting drone script...[0m
2025-12-12 10:58:30 [INFO] [0;34mScript path: /home/homa1/homa1/code_base/HOMA-1.0/aruco_.py[0m
2025-12-12 10:58:30 [SUCCESS] [0;32mDrone script started (PID: 21299)[0m
2025-12-12 10:59:28 [WARN] [1;33mShutdown signal received. Cleaning up...[0m
2025-12-12 10:59:28 [INFO] [0;34mKilling drone script (PID: 21299)...[0m
2025-12-12 10:59:31 [SUCCESS] [0;32mCleanup complete. Exiting.[0m
2025-12-12 10:59:31 [INFO] [0;34m━━━━━━━━━━━━━━━━━━━━━━━━━━━━━━━━━━━━━━━━━━━━━━━━━[0m
2025-12-12 10:59:31 [INFO] [0;34mDrone Auto-Restart Script[0m
2025-12-12 10:59:31 [INFO] [0;34m━━━━━━━━━━━━━━━━━━━━━━━━━━━━━━━━━━━━━━━━━━━━━━━━━[0m
2025-12-12 10:59:31 [INFO] [0;34mDrone ID: austin-payload-01[0m
2025-12-12 10:59:31 [INFO] [0;34mDrone Type: rescue[0m
2025-12-12 10:59:31 [INFO] [0;34mBackend URL: http://192.168.1.44:8001[0m
2025-12-12 10:59:31 [INFO] [0;34mWebSocket URL: ws://192.168.1.44:8001[0m
2025-12-12 10:59:31 [INFO] [0;34mScript: /home/homa1/homa1/code_base/HOMA-1.0/aruco_.py[0m
2025-12-12 10:59:31 [SUCCESS] [0;32mVirtual environment activated: /home/homa1/homa1/homa1_venv[0m
2025-12-12 10:59:31 [INFO] [0;34mLog: /home/homa1/homa1/code_base/HOMA-1.0/logs/austin-payload-01_20251212.log[0m
2025-12-12 10:59:31 [INFO] [0;34m━━━━━━━━━━━━━━━━━━━━━━━━━━━━━━━━━━━━━━━━━━━━━━━━━[0m
2025-12-12 10:59:31 [INFO] [0;34mChecking if backend is available at http://192.168.1.44:8001...[0m
2025-12-12 10:59:31 [INFO] [0;34mWebSocket URL: ws://192.168.1.44:8001[0m
2025-12-12 10:59:32 [SUCCESS] [0;32mBackend is online and reachable![0m
2025-12-12 10:59:32 [INFO] [0;34mChecking for existing drone script processes...[0m
2025-12-12 10:59:32 [INFO] [0;34mNo existing processes found[0m
2025-12-12 10:59:32 [INFO] [0;34mStarting drone script...[0m
2025-12-12 10:59:32 [INFO] [0;34mScript path: /home/homa1/homa1/code_base/HOMA-1.0/aruco_.py[0m
2025-12-12 10:59:32 [SUCCESS] [0;32mDrone script started (PID: 21964)[0m
2025-12-12 10:59:47 [ERROR] [0;31m━━━━━━━━━━━━━━━━━━━━━━━━━━━━━━━━━━━━━━━━━━━━━━━━━[0m
2025-12-12 10:59:47 [ERROR] [0;31m🔌 BACKEND CONNECTION LOST (Exit code: 11)[0m
2025-12-12 10:59:47 [ERROR] [0;31m━━━━━━━━━━━━━━━━━━━━━━━━━━━━━━━━━━━━━━━━━━━━━━━━━[0m
2025-12-12 10:59:47 [WARN] [1;33mBackend disconnected - will wait for it to come back online[0m
2025-12-12 10:59:47 [INFO] [0;34mWaiting for backend to become available...[0m
2025-12-12 10:59:47 [INFO] [0;34mChecking if backend is available at http://192.168.1.44:8001...[0m
2025-12-12 10:59:47 [INFO] [0;34mWebSocket URL: ws://192.168.1.44:8001[0m
2025-12-12 10:59:48 [SUCCESS] [0;32mBackend is online and reachable![0m
2025-12-12 10:59:48 [INFO] [0;34mChecking for existing drone script processes...[0m
2025-12-12 10:59:48 [INFO] [0;34mNo existing processes found[0m
2025-12-12 10:59:48 [INFO] [0;34mStarting drone script...[0m
2025-12-12 10:59:48 [INFO] [0;34mScript path: /home/homa1/homa1/code_base/HOMA-1.0/aruco_.py[0m
2025-12-12 10:59:48 [SUCCESS] [0;32mDrone script started (PID: 22210)[0m
2025-12-12 11:00:47 [WARN] [1;33mShutdown signal received. Cleaning up...[0m
2025-12-12 11:00:47 [INFO] [0;34mKilling drone script (PID: 22210)...[0m
2025-12-12 11:00:47 [WARN] [1;33mShutdown signal received. Cleaning up...[0m
2025-12-12 11:00:47 [SUCCESS] [0;32mCleanup complete. Exiting.[0m
2025-12-12 11:00:51 [INFO] [0;34m━━━━━━━━━━━━━━━━━━━━━━━━━━━━━━━━━━━━━━━━━━━━━━━━━[0m
2025-12-12 11:00:51 [INFO] [0;34mDrone Auto-Restart Script[0m
2025-12-12 11:00:51 [INFO] [0;34m━━━━━━━━━━━━━━━━━━━━━━━━━━━━━━━━━━━━━━━━━━━━━━━━━[0m
2025-12-12 11:00:51 [INFO] [0;34mDrone ID: austin-payload-01[0m
2025-12-12 11:00:51 [INFO] [0;34mDrone Type: rescue[0m
2025-12-12 11:00:51 [INFO] [0;34mBackend URL: http://192.168.1.44:8001[0m
2025-12-12 11:00:51 [INFO] [0;34mWebSocket URL: ws://192.168.1.44:8001[0m
2025-12-12 11:00:51 [INFO] [0;34mScript: /home/homa1/homa1/code_base/HOMA-1.0/aruco_.py[0m
2025-12-12 11:00:51 [SUCCESS] [0;32mVirtual environment activated: /home/homa1/homa1/homa1_venv[0m
2025-12-12 11:00:51 [INFO] [0;34mLog: /home/homa1/homa1/code_base/HOMA-1.0/logs/austin-payload-01_20251212.log[0m
2025-12-12 11:00:51 [INFO] [0;34m━━━━━━━━━━━━━━━━━━━━━━━━━━━━━━━━━━━━━━━━━━━━━━━━━[0m
2025-12-12 11:00:51 [INFO] [0;34mChecking if backend is available at http://192.168.1.44:8001...[0m
2025-12-12 11:00:51 [INFO] [0;34mWebSocket URL: ws://192.168.1.44:8001[0m
2025-12-12 11:00:51 [SUCCESS] [0;32mBackend is online and reachable![0m
2025-12-12 11:00:51 [INFO] [0;34mChecking for existing drone script processes...[0m
2025-12-12 11:00:51 [INFO] [0;34mNo existing processes found[0m
2025-12-12 11:00:51 [INFO] [0;34mStarting drone script...[0m
2025-12-12 11:00:51 [INFO] [0;34mScript path: /home/homa1/homa1/code_base/HOMA-1.0/aruco_.py[0m
2025-12-12 11:00:51 [SUCCESS] [0;32mDrone script started (PID: 22916)[0m
2025-12-12 11:01:01 [WARN] [1;33mShutdown signal received. Cleaning up...[0m
2025-12-12 11:01:01 [INFO] [0;34mKilling drone script (PID: 22916)...[0m
2025-12-12 11:01:02 [WARN] [1;33mShutdown signal received. Cleaning up...[0m
2025-12-12 11:01:02 [SUCCESS] [0;32mCleanup complete. Exiting.[0m
2025-12-12 11:01:15 [INFO] [0;34m━━━━━━━━━━━━━━━━━━━━━━━━━━━━━━━━━━━━━━━━━━━━━━━━━[0m
2025-12-12 11:01:15 [INFO] [0;34mDrone Auto-Restart Script[0m
2025-12-12 11:01:15 [INFO] [0;34m━━━━━━━━━━━━━━━━━━━━━━━━━━━━━━━━━━━━━━━━━━━━━━━━━[0m
2025-12-12 11:01:15 [INFO] [0;34mDrone ID: austin-payload-01[0m
2025-12-12 11:01:15 [INFO] [0;34mDrone Type: rescue[0m
2025-12-12 11:01:15 [INFO] [0;34mBackend URL: http://192.168.1.44:8001[0m
2025-12-12 11:01:15 [INFO] [0;34mWebSocket URL: ws://192.168.1.44:8001[0m
2025-12-12 11:01:15 [INFO] [0;34mScript: /home/homa1/homa1/code_base/HOMA-1.0/aruco_.py[0m
2025-12-12 11:01:15 [SUCCESS] [0;32mVirtual environment activated: /home/homa1/homa1/homa1_venv[0m
2025-12-12 11:01:15 [INFO] [0;34mLog: /home/homa1/homa1/code_base/HOMA-1.0/logs/austin-payload-01_20251212.log[0m
2025-12-12 11:01:15 [INFO] [0;34m━━━━━━━━━━━━━━━━━━━━━━━━━━━━━━━━━━━━━━━━━━━━━━━━━[0m
2025-12-12 11:01:15 [INFO] [0;34mChecking if backend is available at http://192.168.1.44:8001...[0m
2025-12-12 11:01:15 [INFO] [0;34mWebSocket URL: ws://192.168.1.44:8001[0m
2025-12-12 11:01:15 [SUCCESS] [0;32mBackend is online and reachable![0m
2025-12-12 11:01:15 [INFO] [0;34mChecking for existing drone script processes...[0m
2025-12-12 11:01:15 [INFO] [0;34mNo existing processes found[0m
2025-12-12 11:01:15 [INFO] [0;34mStarting drone script...[0m
2025-12-12 11:01:15 [INFO] [0;34mScript path: /home/homa1/homa1/code_base/HOMA-1.0/aruco_.py[0m
2025-12-12 11:01:15 [SUCCESS] [0;32mDrone script started (PID: 23245)[0m
2025-12-12 11:05:09 [WARN] [1;33mShutdown signal received. Cleaning up...[0m
2025-12-12 11:05:09 [INFO] [0;34mKilling drone script (PID: 23245)...[0m
2025-12-12 11:05:09 [WARN] [1;33mShutdown signal received. Cleaning up...[0m
2025-12-12 11:05:09 [SUCCESS] [0;32mCleanup complete. Exiting.[0m
2025-12-12 11:05:11 [INFO] [0;34m━━━━━━━━━━━━━━━━━━━━━━━━━━━━━━━━━━━━━━━━━━━━━━━━━[0m
2025-12-12 11:05:11 [INFO] [0;34mDrone Auto-Restart Script[0m
2025-12-12 11:05:11 [INFO] [0;34m━━━━━━━━━━━━━━━━━━━━━━━━━━━━━━━━━━━━━━━━━━━━━━━━━[0m
2025-12-12 11:05:11 [INFO] [0;34mDrone ID: austin-payload-01[0m
2025-12-12 11:05:11 [INFO] [0;34mDrone Type: rescue[0m
2025-12-12 11:05:11 [INFO] [0;34mBackend URL: http://192.168.1.44:8001[0m
2025-12-12 11:05:11 [INFO] [0;34mWebSocket URL: ws://192.168.1.44:8001[0m
2025-12-12 11:05:11 [INFO] [0;34mScript: /home/homa1/homa1/code_base/HOMA-1.0/aruco_.py[0m
2025-12-12 11:05:11 [SUCCESS] [0;32mVirtual environment activated: /home/homa1/homa1/homa1_venv[0m
2025-12-12 11:05:11 [INFO] [0;34mLog: /home/homa1/homa1/code_base/HOMA-1.0/logs/austin-payload-01_20251212.log[0m
2025-12-12 11:05:11 [INFO] [0;34m━━━━━━━━━━━━━━━━━━━━━━━━━━━━━━━━━━━━━━━━━━━━━━━━━[0m
2025-12-12 11:05:11 [INFO] [0;34mChecking if backend is available at http://192.168.1.44:8001...[0m
2025-12-12 11:05:11 [INFO] [0;34mWebSocket URL: ws://192.168.1.44:8001[0m
2025-12-12 11:05:11 [SUCCESS] [0;32mBackend is online and reachable![0m
2025-12-12 11:05:11 [INFO] [0;34mChecking for existing drone script processes...[0m
2025-12-12 11:05:11 [INFO] [0;34mNo existing processes found[0m
2025-12-12 11:05:11 [INFO] [0;34mStarting drone script...[0m
2025-12-12 11:05:11 [INFO] [0;34mScript path: /home/homa1/homa1/code_base/HOMA-1.0/aruco_.py[0m
2025-12-12 11:05:11 [SUCCESS] [0;32mDrone script started (PID: 24984)[0m
2025-12-12 11:05:23 [WARN] [1;33mShutdown signal received. Cleaning up...[0m
2025-12-12 11:05:23 [INFO] [0;34mKilling drone script (PID: 24984)...[0m
2025-12-12 11:05:23 [WARN] [1;33mShutdown signal received. Cleaning up...[0m
2025-12-12 11:05:23 [SUCCESS] [0;32mCleanup complete. Exiting.[0m
2025-12-12 11:05:57 [INFO] [0;34m━━━━━━━━━━━━━━━━━━━━━━━━━━━━━━━━━━━━━━━━━━━━━━━━━[0m
2025-12-12 11:05:57 [INFO] [0;34mDrone Auto-Restart Script[0m
2025-12-12 11:05:57 [INFO] [0;34m━━━━━━━━━━━━━━━━━━━━━━━━━━━━━━━━━━━━━━━━━━━━━━━━━[0m
2025-12-12 11:05:57 [INFO] [0;34mDrone ID: austin-payload-01[0m
2025-12-12 11:05:57 [INFO] [0;34mDrone Type: rescue[0m
2025-12-12 11:05:57 [INFO] [0;34mBackend URL: http://192.168.1.44:8001[0m
2025-12-12 11:05:57 [INFO] [0;34mWebSocket URL: ws://192.168.1.44:8001[0m
2025-12-12 11:05:57 [INFO] [0;34mScript: /home/homa1/homa1/code_base/HOMA-1.0/aruco_.py[0m
2025-12-12 11:05:57 [SUCCESS] [0;32mVirtual environment activated: /home/homa1/homa1/homa1_venv[0m
2025-12-12 11:05:57 [INFO] [0;34mLog: /home/homa1/homa1/code_base/HOMA-1.0/logs/austin-payload-01_20251212.log[0m
2025-12-12 11:05:57 [INFO] [0;34m━━━━━━━━━━━━━━━━━━━━━━━━━━━━━━━━━━━━━━━━━━━━━━━━━[0m
2025-12-12 11:05:57 [INFO] [0;34mChecking if backend is available at http://192.168.1.44:8001...[0m
2025-12-12 11:05:57 [INFO] [0;34mWebSocket URL: ws://192.168.1.44:8001[0m
2025-12-12 11:05:57 [SUCCESS] [0;32mBackend is online and reachable![0m
2025-12-12 11:05:57 [INFO] [0;34mChecking for existing drone script processes...[0m
2025-12-12 11:05:58 [INFO] [0;34mNo existing processes found[0m
2025-12-12 11:05:58 [INFO] [0;34mStarting drone script...[0m
2025-12-12 11:05:58 [INFO] [0;34mScript path: /home/homa1/homa1/code_base/HOMA-1.0/aruco_.py[0m
2025-12-12 11:05:58 [SUCCESS] [0;32mDrone script started (PID: 25419)[0m
2025-12-12 11:07:24 [WARN] [1;33mShutdown signal received. Cleaning up...[0m
2025-12-12 11:07:24 [INFO] [0;34mKilling drone script (PID: 25419)...[0m
2025-12-12 11:07:24 [WARN] [1;33mShutdown signal received. Cleaning up...[0m
2025-12-12 11:07:24 [SUCCESS] [0;32mCleanup complete. Exiting.[0m
2025-12-12 11:07:26 [INFO] [0;34m━━━━━━━━━━━━━━━━━━━━━━━━━━━━━━━━━━━━━━━━━━━━━━━━━[0m
2025-12-12 11:07:26 [INFO] [0;34mDrone Auto-Restart Script[0m
2025-12-12 11:07:26 [INFO] [0;34m━━━━━━━━━━━━━━━━━━━━━━━━━━━━━━━━━━━━━━━━━━━━━━━━━[0m
2025-12-12 11:07:26 [INFO] [0;34mDrone ID: austin-payload-01[0m
2025-12-12 11:07:26 [INFO] [0;34mDrone Type: rescue[0m
2025-12-12 11:07:26 [INFO] [0;34mBackend URL: http://192.168.1.44:8001[0m
2025-12-12 11:07:26 [INFO] [0;34mWebSocket URL: ws://192.168.1.44:8001[0m
2025-12-12 11:07:26 [INFO] [0;34mScript: /home/homa1/homa1/code_base/HOMA-1.0/aruco_.py[0m
2025-12-12 11:07:26 [SUCCESS] [0;32mVirtual environment activated: /home/homa1/homa1/homa1_venv[0m
2025-12-12 11:07:26 [INFO] [0;34mLog: /home/homa1/homa1/code_base/HOMA-1.0/logs/austin-payload-01_20251212.log[0m
2025-12-12 11:07:26 [INFO] [0;34m━━━━━━━━━━━━━━━━━━━━━━━━━━━━━━━━━━━━━━━━━━━━━━━━━[0m
2025-12-12 11:07:26 [INFO] [0;34mChecking if backend is available at http://192.168.1.44:8001...[0m
2025-12-12 11:07:26 [INFO] [0;34mWebSocket URL: ws://192.168.1.44:8001[0m
2025-12-12 11:07:26 [SUCCESS] [0;32mBackend is online and reachable![0m
2025-12-12 11:07:26 [INFO] [0;34mChecking for existing drone script processes...[0m
2025-12-12 11:07:26 [INFO] [0;34mNo existing processes found[0m
2025-12-12 11:07:26 [INFO] [0;34mStarting drone script...[0m
2025-12-12 11:07:26 [INFO] [0;34mScript path: /home/homa1/homa1/code_base/HOMA-1.0/aruco_.py[0m
2025-12-12 11:07:26 [SUCCESS] [0;32mDrone script started (PID: 26255)[0m
2025-12-12 11:07:42 [ERROR] [0;31m━━━━━━━━━━━━━━━━━━━━━━━━━━━━━━━━━━━━━━━━━━━━━━━━━[0m
2025-12-12 11:07:42 [ERROR] [0;31m🔌 BACKEND CONNECTION LOST (Exit code: 11)[0m
2025-12-12 11:07:42 [ERROR] [0;31m━━━━━━━━━━━━━━━━━━━━━━━━━━━━━━━━━━━━━━━━━━━━━━━━━[0m
2025-12-12 11:07:42 [WARN] [1;33mBackend disconnected - will wait for it to come back online[0m
2025-12-12 11:07:42 [INFO] [0;34mWaiting for backend to become available...[0m
2025-12-12 11:07:42 [INFO] [0;34mChecking if backend is available at http://192.168.1.44:8001...[0m
2025-12-12 11:07:42 [INFO] [0;34mWebSocket URL: ws://192.168.1.44:8001[0m
2025-12-12 11:07:42 [SUCCESS] [0;32mBackend is online and reachable![0m
2025-12-12 11:07:42 [INFO] [0;34mChecking for existing drone script processes...[0m
2025-12-12 11:07:42 [INFO] [0;34mNo existing processes found[0m
2025-12-12 11:07:42 [INFO] [0;34mStarting drone script...[0m
2025-12-12 11:07:42 [INFO] [0;34mScript path: /home/homa1/homa1/code_base/HOMA-1.0/aruco_.py[0m
2025-12-12 11:07:42 [SUCCESS] [0;32mDrone script started (PID: 26510)[0m
2025-12-12 11:08:21 [WARN] [1;33mShutdown signal received. Cleaning up...[0m
2025-12-12 11:08:21 [INFO] [0;34mKilling drone script (PID: 26510)...[0m
2025-12-12 11:08:21 [WARN] [1;33mShutdown signal received. Cleaning up...[0m
2025-12-12 11:08:21 [SUCCESS] [0;32mCleanup complete. Exiting.[0m
2025-12-12 11:09:11 [INFO] [0;34m━━━━━━━━━━━━━━━━━━━━━━━━━━━━━━━━━━━━━━━━━━━━━━━━━[0m
2025-12-12 11:09:11 [INFO] [0;34mDrone Auto-Restart Script[0m
2025-12-12 11:09:11 [INFO] [0;34m━━━━━━━━━━━━━━━━━━━━━━━━━━━━━━━━━━━━━━━━━━━━━━━━━[0m
2025-12-12 11:09:11 [INFO] [0;34mDrone ID: austin-payload-01[0m
2025-12-12 11:09:11 [INFO] [0;34mDrone Type: rescue[0m
2025-12-12 11:09:11 [INFO] [0;34mBackend URL: http://192.168.1.44:8001[0m
2025-12-12 11:09:11 [INFO] [0;34mWebSocket URL: ws://192.168.1.44:8001[0m
2025-12-12 11:09:11 [INFO] [0;34mScript: /home/homa1/homa1/code_base/HOMA-1.0/aruco_.py[0m
2025-12-12 11:09:11 [SUCCESS] [0;32mVirtual environment activated: /home/homa1/homa1/homa1_venv[0m
2025-12-12 11:09:11 [INFO] [0;34mLog: /home/homa1/homa1/code_base/HOMA-1.0/logs/austin-payload-01_20251212.log[0m
2025-12-12 11:09:11 [INFO] [0;34m━━━━━━━━━━━━━━━━━━━━━━━━━━━━━━━━━━━━━━━━━━━━━━━━━[0m
2025-12-12 11:09:11 [INFO] [0;34mChecking if backend is available at http://192.168.1.44:8001...[0m
2025-12-12 11:09:11 [INFO] [0;34mWebSocket URL: ws://192.168.1.44:8001[0m
2025-12-12 11:09:11 [SUCCESS] [0;32mBackend is online and reachable![0m
2025-12-12 11:09:11 [INFO] [0;34mChecking for existing drone script processes...[0m
2025-12-12 11:09:11 [INFO] [0;34mNo existing processes found[0m
2025-12-12 11:09:11 [INFO] [0;34mStarting drone script...[0m
2025-12-12 11:09:11 [INFO] [0;34mScript path: /home/homa1/homa1/code_base/HOMA-1.0/aruco_.py[0m
2025-12-12 11:09:11 [SUCCESS] [0;32mDrone script started (PID: 27274)[0m
2025-12-12 11:09:25 [WARN] [1;33mShutdown signal received. Cleaning up...[0m
2025-12-12 11:09:25 [INFO] [0;34mKilling drone script (PID: 27274)...[0m
2025-12-12 11:09:25 [WARN] [1;33mShutdown signal received. Cleaning up...[0m
2025-12-12 11:09:25 [SUCCESS] [0;32mCleanup complete. Exiting.[0m
2025-12-12 11:09:28 [INFO] [0;34m━━━━━━━━━━━━━━━━━━━━━━━━━━━━━━━━━━━━━━━━━━━━━━━━━[0m
2025-12-12 11:09:28 [INFO] [0;34mDrone Auto-Restart Script[0m
2025-12-12 11:09:28 [INFO] [0;34m━━━━━━━━━━━━━━━━━━━━━━━━━━━━━━━━━━━━━━━━━━━━━━━━━[0m
2025-12-12 11:09:28 [INFO] [0;34mDrone ID: austin-payload-01[0m
2025-12-12 11:09:28 [INFO] [0;34mDrone Type: rescue[0m
2025-12-12 11:09:28 [INFO] [0;34mBackend URL: http://192.168.1.44:8001[0m
2025-12-12 11:09:28 [INFO] [0;34mWebSocket URL: ws://192.168.1.44:8001[0m
2025-12-12 11:09:28 [INFO] [0;34mScript: /home/homa1/homa1/code_base/HOMA-1.0/aruco_.py[0m
2025-12-12 11:09:28 [SUCCESS] [0;32mVirtual environment activated: /home/homa1/homa1/homa1_venv[0m
2025-12-12 11:09:28 [INFO] [0;34mLog: /home/homa1/homa1/code_base/HOMA-1.0/logs/austin-payload-01_20251212.log[0m
2025-12-12 11:09:28 [INFO] [0;34m━━━━━━━━━━━━━━━━━━━━━━━━━━━━━━━━━━━━━━━━━━━━━━━━━[0m
2025-12-12 11:09:28 [INFO] [0;34mChecking if backend is available at http://192.168.1.44:8001...[0m
2025-12-12 11:09:28 [INFO] [0;34mWebSocket URL: ws://192.168.1.44:8001[0m
2025-12-12 11:09:28 [SUCCESS] [0;32mBackend is online and reachable![0m
2025-12-12 11:09:28 [INFO] [0;34mChecking for existing drone script processes...[0m
2025-12-12 11:09:28 [INFO] [0;34mNo existing processes found[0m
2025-12-12 11:09:28 [INFO] [0;34mStarting drone script...[0m
2025-12-12 11:09:28 [INFO] [0;34mScript path: /home/homa1/homa1/code_base/HOMA-1.0/aruco_.py[0m
2025-12-12 11:09:28 [SUCCESS] [0;32mDrone script started (PID: 27550)[0m
2025-12-12 11:09:43 [WARN] [1;33mShutdown signal received. Cleaning up...[0m
2025-12-12 11:09:43 [INFO] [0;34mKilling drone script (PID: 27550)...[0m
2025-12-12 11:09:44 [WARN] [1;33mShutdown signal received. Cleaning up...[0m
2025-12-12 11:09:44 [SUCCESS] [0;32mCleanup complete. Exiting.[0m
2025-12-12 11:27:09 [INFO] [0;34m━━━━━━━━━━━━━━━━━━━━━━━━━━━━━━━━━━━━━━━━━━━━━━━━━[0m
2025-12-12 11:27:09 [INFO] [0;34mDrone Auto-Restart Script[0m
2025-12-12 11:27:09 [INFO] [0;34m━━━━━━━━━━━━━━━━━━━━━━━━━━━━━━━━━━━━━━━━━━━━━━━━━[0m
2025-12-12 11:27:09 [INFO] [0;34mDrone ID: austin-payload-01[0m
2025-12-12 11:27:09 [INFO] [0;34mDrone Type: rescue[0m
2025-12-12 11:27:09 [INFO] [0;34mBackend URL: http://192.168.1.44:8001[0m
2025-12-12 11:27:09 [INFO] [0;34mWebSocket URL: ws://192.168.1.44:8001[0m
2025-12-12 11:27:09 [INFO] [0;34mScript: /home/homa1/homa1/code_base/HOMA-1.0/aruco_.py[0m
2025-12-12 11:27:09 [SUCCESS] [0;32mVirtual environment activated: /home/homa1/homa1/homa1_venv[0m
2025-12-12 11:27:09 [INFO] [0;34mLog: /home/homa1/homa1/code_base/HOMA-1.0/logs/austin-payload-01_20251212.log[0m
2025-12-12 11:27:09 [INFO] [0;34m━━━━━━━━━━━━━━━━━━━━━━━━━━━━━━━━━━━━━━━━━━━━━━━━━[0m
2025-12-12 11:27:09 [INFO] [0;34mChecking if backend is available at http://192.168.1.44:8001...[0m
2025-12-12 11:27:09 [INFO] [0;34mWebSocket URL: ws://192.168.1.44:8001[0m
2025-12-12 11:27:09 [SUCCESS] [0;32mBackend is online and reachable![0m
2025-12-12 11:27:09 [INFO] [0;34mChecking for existing drone script processes...[0m
2025-12-12 11:27:10 [INFO] [0;34mNo existing processes found[0m
2025-12-12 11:27:10 [INFO] [0;34mStarting drone script...[0m
2025-12-12 11:27:10 [INFO] [0;34mScript path: /home/homa1/homa1/code_base/HOMA-1.0/aruco_.py[0m
2025-12-12 11:27:10 [SUCCESS] [0;32mDrone script started (PID: 32436)[0m
2025-12-12 12:03:09 [WARN] [1;33mShutdown signal received. Cleaning up...[0m
2025-12-12 12:03:09 [INFO] [0;34mKilling drone script (PID: 32436)...[0m
2025-12-12 12:03:09 [WARN] [1;33mShutdown signal received. Cleaning up...[0m
2025-12-12 12:03:09 [INFO] [0;34mKilling drone script (PID: 32436)...[0m
2025-12-12 12:03:09 [WARN] [1;33mShutdown signal received. Cleaning up...[0m
2025-12-12 12:03:10 [SUCCESS] [0;32mCleanup complete. Exiting.[0m
2025-12-12 12:03:27 [INFO] [0;34m━━━━━━━━━━━━━━━━━━━━━━━━━━━━━━━━━━━━━━━━━━━━━━━━━[0m
2025-12-12 12:03:27 [INFO] [0;34mDrone Auto-Restart Script[0m
2025-12-12 12:03:27 [INFO] [0;34m━━━━━━━━━━━━━━━━━━━━━━━━━━━━━━━━━━━━━━━━━━━━━━━━━[0m
2025-12-12 12:03:27 [INFO] [0;34mDrone ID: austin-payload-01[0m
2025-12-12 12:03:27 [INFO] [0;34mDrone Type: rescue[0m
2025-12-12 12:03:28 [INFO] [0;34mBackend URL: http://192.168.1.44:8001[0m
2025-12-12 12:03:28 [INFO] [0;34mWebSocket URL: ws://192.168.1.44:8001[0m
2025-12-12 12:03:28 [INFO] [0;34mScript: /home/homa1/homa1/code_base/HOMA-1.0/aruco_.py[0m
2025-12-12 12:03:28 [SUCCESS] [0;32mVirtual environment activated: /home/homa1/homa1/homa1_venv[0m
2025-12-12 12:03:28 [INFO] [0;34mLog: /home/homa1/homa1/code_base/HOMA-1.0/logs/austin-payload-01_20251212.log[0m
2025-12-12 12:03:28 [INFO] [0;34m━━━━━━━━━━━━━━━━━━━━━━━━━━━━━━━━━━━━━━━━━━━━━━━━━[0m
2025-12-12 12:03:28 [INFO] [0;34mChecking if backend is available at http://192.168.1.44:8001...[0m
2025-12-12 12:03:28 [INFO] [0;34mWebSocket URL: ws://192.168.1.44:8001[0m
2025-12-12 12:03:28 [SUCCESS] [0;32mBackend is online and reachable![0m
2025-12-12 12:03:28 [INFO] [0;34mChecking for existing drone script processes...[0m
2025-12-12 12:03:28 [INFO] [0;34mNo existing processes found[0m
2025-12-12 12:03:28 [INFO] [0;34mStarting drone script...[0m
2025-12-12 12:03:28 [INFO] [0;34mScript path: /home/homa1/homa1/code_base/HOMA-1.0/aruco_.py[0m
2025-12-12 12:03:28 [SUCCESS] [0;32mDrone script started (PID: 45559)[0m
2025-12-12 12:18:01 [WARN] [1;33mShutdown signal received. Cleaning up...[0m
2025-12-12 12:18:01 [INFO] [0;34mKilling drone script (PID: 45559)...[0m
2025-12-12 12:18:01 [WARN] [1;33mShutdown signal received. Cleaning up...[0m
2025-12-12 12:18:01 [SUCCESS] [0;32mCleanup complete. Exiting.[0m
2025-12-12 12:26:09 [INFO] [0;34m━━━━━━━━━━━━━━━━━━━━━━━━━━━━━━━━━━━━━━━━━━━━━━━━━[0m
2025-12-12 12:26:09 [INFO] [0;34mDrone Auto-Restart Script[0m
2025-12-12 12:26:09 [INFO] [0;34m━━━━━━━━━━━━━━━━━━━━━━━━━━━━━━━━━━━━━━━━━━━━━━━━━[0m
2025-12-12 12:26:09 [INFO] [0;34mDrone ID: austin-payload-01[0m
2025-12-12 12:26:09 [INFO] [0;34mDrone Type: rescue[0m
2025-12-12 12:26:09 [INFO] [0;34mBackend URL: http://192.168.1.44:8001[0m
2025-12-12 12:26:09 [INFO] [0;34mWebSocket URL: ws://192.168.1.44:8001[0m
2025-12-12 12:26:09 [INFO] [0;34mScript: /home/homa1/homa1/code_base/HOMA-1.0/aruco_.py[0m
2025-12-12 12:26:09 [SUCCESS] [0;32mVirtual environment activated: /home/homa1/homa1/homa1_venv[0m
2025-12-12 12:26:09 [INFO] [0;34mLog: /home/homa1/homa1/code_base/HOMA-1.0/logs/austin-payload-01_20251212.log[0m
2025-12-12 12:26:09 [INFO] [0;34m━━━━━━━━━━━━━━━━━━━━━━━━━━━━━━━━━━━━━━━━━━━━━━━━━[0m
2025-12-12 12:26:09 [INFO] [0;34mChecking if backend is available at http://192.168.1.44:8001...[0m
2025-12-12 12:26:09 [INFO] [0;34mWebSocket URL: ws://192.168.1.44:8001[0m
2025-12-12 12:26:09 [SUCCESS] [0;32mBackend is online and reachable![0m
2025-12-12 12:26:09 [INFO] [0;34mChecking for existing drone script processes...[0m
2025-12-12 12:26:09 [INFO] [0;34mNo existing processes found[0m
2025-12-12 12:26:09 [INFO] [0;34mStarting drone script...[0m
2025-12-12 12:26:09 [INFO] [0;34mScript path: /home/homa1/homa1/code_base/HOMA-1.0/aruco_.py[0m
2025-12-12 12:26:09 [SUCCESS] [0;32mDrone script started (PID: 53658)[0m
2025-12-12 12:31:00 [WARN] [1;33mShutdown signal received. Cleaning up...[0m
2025-12-12 12:31:00 [INFO] [0;34mKilling drone script (PID: 53658)...[0m
2025-12-12 12:31:00 [WARN] [1;33mShutdown signal received. Cleaning up...[0m
2025-12-12 12:31:00 [SUCCESS] [0;32mCleanup complete. Exiting.[0m
2025-12-12 12:31:15 [INFO] [0;34m━━━━━━━━━━━━━━━━━━━━━━━━━━━━━━━━━━━━━━━━━━━━━━━━━[0m
2025-12-12 12:31:15 [INFO] [0;34mDrone Auto-Restart Script[0m
2025-12-12 12:31:15 [INFO] [0;34m━━━━━━━━━━━━━━━━━━━━━━━━━━━━━━━━━━━━━━━━━━━━━━━━━[0m
2025-12-12 12:31:15 [INFO] [0;34mDrone ID: austin-payload-01[0m
2025-12-12 12:31:15 [INFO] [0;34mDrone Type: rescue[0m
2025-12-12 12:31:15 [INFO] [0;34mBackend URL: http://192.168.1.44:8001[0m
2025-12-12 12:31:15 [INFO] [0;34mWebSocket URL: ws://192.168.1.44:8001[0m
2025-12-12 12:31:15 [INFO] [0;34mScript: /home/homa1/homa1/code_base/HOMA-1.0/aruco_.py[0m
2025-12-12 12:31:15 [SUCCESS] [0;32mVirtual environment activated: /home/homa1/homa1/homa1_venv[0m
2025-12-12 12:31:15 [INFO] [0;34mLog: /home/homa1/homa1/code_base/HOMA-1.0/logs/austin-payload-01_20251212.log[0m
2025-12-12 12:31:15 [INFO] [0;34m━━━━━━━━━━━━━━━━━━━━━━━━━━━━━━━━━━━━━━━━━━━━━━━━━[0m
2025-12-12 12:31:15 [INFO] [0;34mChecking if backend is available at http://192.168.1.44:8001...[0m
2025-12-12 12:31:15 [INFO] [0;34mWebSocket URL: ws://192.168.1.44:8001[0m
2025-12-12 12:31:15 [SUCCESS] [0;32mBackend is online and reachable![0m
2025-12-12 12:31:15 [INFO] [0;34mChecking for existing drone script processes...[0m
2025-12-12 12:31:15 [INFO] [0;34mNo existing processes found[0m
2025-12-12 12:31:15 [INFO] [0;34mStarting drone script...[0m
2025-12-12 12:31:15 [INFO] [0;34mScript path: /home/homa1/homa1/code_base/HOMA-1.0/aruco_.py[0m
2025-12-12 12:31:15 [SUCCESS] [0;32mDrone script started (PID: 55847)[0m
2025-12-12 12:33:10 [WARN] [1;33mShutdown signal received. Cleaning up...[0m
2025-12-12 12:33:10 [INFO] [0;34mKilling drone script (PID: 55847)...[0m
2025-12-12 12:33:11 [WARN] [1;33mShutdown signal received. Cleaning up...[0m
2025-12-12 12:33:11 [SUCCESS] [0;32mCleanup complete. Exiting.[0m
2025-12-12 13:04:44 [INFO] [0;34m━━━━━━━━━━━━━━━━━━━━━━━━━━━━━━━━━━━━━━━━━━━━━━━━━[0m
2025-12-12 13:04:44 [INFO] [0;34mDrone Auto-Restart Script[0m
2025-12-12 13:04:44 [INFO] [0;34m━━━━━━━━━━━━━━━━━━━━━━━━━━━━━━━━━━━━━━━━━━━━━━━━━[0m
2025-12-12 13:04:44 [INFO] [0;34mDrone ID: austin-payload-01[0m
2025-12-12 13:04:44 [INFO] [0;34mDrone Type: rescue[0m
2025-12-12 13:04:44 [INFO] [0;34mBackend URL: http://192.168.1.44:8001[0m
2025-12-12 13:04:44 [INFO] [0;34mWebSocket URL: ws://192.168.1.44:8001[0m
2025-12-12 13:04:44 [INFO] [0;34mScript: /home/homa1/homa1/code_base/HOMA-1.0/aruco_.py[0m
2025-12-12 13:04:44 [SUCCESS] [0;32mVirtual environment activated: /home/homa1/homa1/homa1_venv[0m
2025-12-12 13:04:44 [INFO] [0;34mLog: /home/homa1/homa1/code_base/HOMA-1.0/logs/austin-payload-01_20251212.log[0m
2025-12-12 13:04:44 [INFO] [0;34m━━━━━━━━━━━━━━━━━━━━━━━━━━━━━━━━━━━━━━━━━━━━━━━━━[0m
2025-12-12 13:04:44 [INFO] [0;34mChecking if backend is available at http://192.168.1.44:8001...[0m
2025-12-12 13:04:44 [INFO] [0;34mWebSocket URL: ws://192.168.1.44:8001[0m
2025-12-12 13:04:44 [SUCCESS] [0;32mBackend is online and reachable![0m
2025-12-12 13:04:44 [INFO] [0;34mChecking for existing drone script processes...[0m
2025-12-12 13:04:44 [INFO] [0;34mNo existing processes found[0m
2025-12-12 13:04:44 [INFO] [0;34mStarting drone script...[0m
2025-12-12 13:04:44 [INFO] [0;34mScript path: /home/homa1/homa1/code_base/HOMA-1.0/aruco_.py[0m
2025-12-12 13:04:44 [SUCCESS] [0;32mDrone script started (PID: 62985)[0m
2025-12-12 13:04:57 [ERROR] [0;31m━━━━━━━━━━━━━━━━━━━━━━━━━━━━━━━━━━━━━━━━━━━━━━━━━[0m
2025-12-12 13:04:57 [ERROR] [0;31m⚠️  CRITICAL ERROR (Exit code: 12)[0m
2025-12-12 13:04:57 [ERROR] [0;31m━━━━━━━━━━━━━━━━━━━━━━━━━━━━━━━━━━━━━━━━━━━━━━━━━[0m
2025-12-12 13:04:57 [ERROR] [0;31mManual intervention may be required[0m
2025-12-12 13:04:57 [WARN] [1;33mWaiting 30s before restart...[0m
2025-12-12 13:05:27 [INFO] [0;34m━━━━━━━━━━━━━━━━━━━━━━━━━━━━━━━━━━━━━━━━━━━━━━━━━[0m
2025-12-12 13:05:27 [INFO] [0;34mInitiating restart cycle...[0m
2025-12-12 13:05:27 [INFO] [0;34mChecking if backend is available at http://192.168.1.44:8001...[0m
2025-12-12 13:05:27 [INFO] [0;34mWebSocket URL: ws://192.168.1.44:8001[0m
2025-12-12 13:05:28 [SUCCESS] [0;32mBackend is online and reachable![0m
2025-12-12 13:05:28 [INFO] [0;34mChecking for existing drone script processes...[0m
2025-12-12 13:05:28 [INFO] [0;34mNo existing processes found[0m
2025-12-12 13:05:28 [INFO] [0;34mStarting drone script...[0m
2025-12-12 13:05:28 [INFO] [0;34mScript path: /home/homa1/homa1/code_base/HOMA-1.0/aruco_.py[0m
2025-12-12 13:05:28 [SUCCESS] [0;32mDrone script started (PID: 63385)[0m
2025-12-12 13:09:12 [WARN] [1;33mShutdown signal received. Cleaning up...[0m
2025-12-12 13:09:12 [INFO] [0;34mKilling drone script (PID: 63385)...[0m
2025-12-12 13:09:12 [WARN] [1;33mShutdown signal received. Cleaning up...[0m
2025-12-12 13:09:12 [INFO] [0;34mKilling drone script (PID: 63385)...[0m
2025-12-12 13:09:12 [WARN] [1;33mShutdown signal received. Cleaning up...[0m
2025-12-12 13:09:12 [SUCCESS] [0;32mCleanup complete. Exiting.[0m
2025-12-12 13:09:14 [INFO] [0;34m━━━━━━━━━━━━━━━━━━━━━━━━━━━━━━━━━━━━━━━━━━━━━━━━━[0m
2025-12-12 13:09:14 [INFO] [0;34mDrone Auto-Restart Script[0m
2025-12-12 13:09:14 [INFO] [0;34m━━━━━━━━━━━━━━━━━━━━━━━━━━━━━━━━━━━━━━━━━━━━━━━━━[0m
2025-12-12 13:09:14 [INFO] [0;34mDrone ID: austin-payload-01[0m
2025-12-12 13:09:14 [INFO] [0;34mDrone Type: rescue[0m
2025-12-12 13:09:14 [INFO] [0;34mBackend URL: http://192.168.1.44:8001[0m
2025-12-12 13:09:14 [INFO] [0;34mWebSocket URL: ws://192.168.1.44:8001[0m
2025-12-12 13:09:14 [INFO] [0;34mScript: /home/homa1/homa1/code_base/HOMA-1.0/aruco_.py[0m
2025-12-12 13:09:14 [SUCCESS] [0;32mVirtual environment activated: /home/homa1/homa1/homa1_venv[0m
2025-12-12 13:09:14 [INFO] [0;34mLog: /home/homa1/homa1/code_base/HOMA-1.0/logs/austin-payload-01_20251212.log[0m
2025-12-12 13:09:14 [INFO] [0;34m━━━━━━━━━━━━━━━━━━━━━━━━━━━━━━━━━━━━━━━━━━━━━━━━━[0m
2025-12-12 13:09:14 [INFO] [0;34mChecking if backend is available at http://192.168.1.44:8001...[0m
2025-12-12 13:09:14 [INFO] [0;34mWebSocket URL: ws://192.168.1.44:8001[0m
2025-12-12 13:09:15 [SUCCESS] [0;32mBackend is online and reachable![0m
2025-12-12 13:09:15 [INFO] [0;34mChecking for existing drone script processes...[0m
2025-12-12 13:09:15 [INFO] [0;34mNo existing processes found[0m
2025-12-12 13:09:15 [INFO] [0;34mStarting drone script...[0m
2025-12-12 13:09:15 [INFO] [0;34mScript path: /home/homa1/homa1/code_base/HOMA-1.0/aruco_.py[0m
2025-12-12 13:09:15 [SUCCESS] [0;32mDrone script started (PID: 65822)[0m
2025-12-12 13:17:42 [WARN] [1;33mShutdown signal received. Cleaning up...[0m
2025-12-12 13:17:42 [INFO] [0;34mKilling drone script (PID: 65822)...[0m
2025-12-12 13:17:44 [SUCCESS] [0;32mCleanup complete. Exiting.[0m
2025-12-12 13:24:58 [INFO] [0;34m━━━━━━━━━━━━━━━━━━━━━━━━━━━━━━━━━━━━━━━━━━━━━━━━━[0m
2025-12-12 13:24:58 [INFO] [0;34mDrone Auto-Restart Script[0m
2025-12-12 13:24:58 [INFO] [0;34m━━━━━━━━━━━━━━━━━━━━━━━━━━━━━━━━━━━━━━━━━━━━━━━━━[0m
2025-12-12 13:24:58 [INFO] [0;34mDrone ID: austin-payload-01[0m
2025-12-12 13:24:58 [INFO] [0;34mDrone Type: rescue[0m
2025-12-12 13:24:58 [INFO] [0;34mBackend URL: http://192.168.1.44:8001[0m
2025-12-12 13:24:58 [INFO] [0;34mWebSocket URL: ws://192.168.1.44:8001[0m
2025-12-12 13:24:58 [INFO] [0;34mScript: /home/homa1/homa1/code_base/HOMA-1.0/aruco_.py[0m
2025-12-12 13:24:58 [SUCCESS] [0;32mVirtual environment activated: /home/homa1/homa1/homa1_venv[0m
2025-12-12 13:24:58 [INFO] [0;34mLog: /home/homa1/homa1/code_base/HOMA-1.0/logs/austin-payload-01_20251212.log[0m
2025-12-12 13:24:58 [INFO] [0;34m━━━━━━━━━━━━━━━━━━━━━━━━━━━━━━━━━━━━━━━━━━━━━━━━━[0m
2025-12-12 13:24:58 [INFO] [0;34mChecking if backend is available at http://192.168.1.44:8001...[0m
2025-12-12 13:24:58 [INFO] [0;34mWebSocket URL: ws://192.168.1.44:8001[0m
2025-12-12 13:24:58 [SUCCESS] [0;32mBackend is online and reachable![0m
2025-12-12 13:24:58 [INFO] [0;34mChecking for existing drone script processes...[0m
2025-12-12 13:24:58 [INFO] [0;34mNo existing processes found[0m
2025-12-12 13:24:58 [INFO] [0;34mStarting drone script...[0m
2025-12-12 13:24:58 [INFO] [0;34mScript path: /home/homa1/homa1/code_base/HOMA-1.0/aruco_.py[0m
2025-12-12 13:24:58 [SUCCESS] [0;32mDrone script started (PID: 70584)[0m
2025-12-12 13:32:17 [WARN] [1;33mShutdown signal received. Cleaning up...[0m
2025-12-12 13:32:17 [INFO] [0;34mKilling drone script (PID: 70584)...[0m
2025-12-12 13:32:17 [WARN] [1;33mShutdown signal received. Cleaning up...[0m
2025-12-12 13:32:17 [INFO] [0;34mKilling drone script (PID: 70584)...[0m
2025-12-12 13:32:18 [WARN] [1;33mShutdown signal received. Cleaning up...[0m
2025-12-12 13:32:18 [SUCCESS] [0;32mCleanup complete. Exiting.[0m
2025-12-12 13:32:22 [INFO] [0;34m━━━━━━━━━━━━━━━━━━━━━━━━━━━━━━━━━━━━━━━━━━━━━━━━━[0m
2025-12-12 13:32:22 [INFO] [0;34mDrone Auto-Restart Script[0m
2025-12-12 13:32:22 [INFO] [0;34m━━━━━━━━━━━━━━━━━━━━━━━━━━━━━━━━━━━━━━━━━━━━━━━━━[0m
2025-12-12 13:32:22 [INFO] [0;34mDrone ID: austin-payload-01[0m
2025-12-12 13:32:22 [INFO] [0;34mDrone Type: rescue[0m
2025-12-12 13:32:22 [INFO] [0;34mBackend URL: http://192.168.1.44:8001[0m
2025-12-12 13:32:22 [INFO] [0;34mWebSocket URL: ws://192.168.1.44:8001[0m
2025-12-12 13:32:22 [INFO] [0;34mScript: /home/homa1/homa1/code_base/HOMA-1.0/aruco_.py[0m
2025-12-12 13:32:22 [SUCCESS] [0;32mVirtual environment activated: /home/homa1/homa1/homa1_venv[0m
2025-12-12 13:32:22 [INFO] [0;34mLog: /home/homa1/homa1/code_base/HOMA-1.0/logs/austin-payload-01_20251212.log[0m
2025-12-12 13:32:22 [INFO] [0;34m━━━━━━━━━━━━━━━━━━━━━━━━━━━━━━━━━━━━━━━━━━━━━━━━━[0m
2025-12-12 13:32:22 [INFO] [0;34mChecking if backend is available at http://192.168.1.44:8001...[0m
2025-12-12 13:32:22 [INFO] [0;34mWebSocket URL: ws://192.168.1.44:8001[0m
2025-12-12 13:32:23 [SUCCESS] [0;32mBackend is online and reachable![0m
2025-12-12 13:32:23 [INFO] [0;34mChecking for existing drone script processes...[0m
2025-12-12 13:32:23 [INFO] [0;34mNo existing processes found[0m
2025-12-12 13:32:23 [INFO] [0;34mStarting drone script...[0m
2025-12-12 13:32:23 [INFO] [0;34mScript path: /home/homa1/homa1/code_base/HOMA-1.0/aruco_.py[0m
2025-12-12 13:32:23 [SUCCESS] [0;32mDrone script started (PID: 73316)[0m
2025-12-12 13:32:26 [ERROR] [0;31mScript crashed with exit code: 1[0m
2025-12-12 13:32:26 [ERROR] [0;31mConsecutive failures: 1[0m
2025-12-12 13:32:26 [INFO] [0;34mRestarting in 3s...[0m
2025-12-12 13:32:29 [INFO] [0;34m━━━━━━━━━━━━━━━━━━━━━━━━━━━━━━━━━━━━━━━━━━━━━━━━━[0m
2025-12-12 13:32:29 [INFO] [0;34mInitiating restart cycle...[0m
2025-12-12 13:32:29 [INFO] [0;34mChecking if backend is available at http://192.168.1.44:8001...[0m
2025-12-12 13:32:29 [INFO] [0;34mWebSocket URL: ws://192.168.1.44:8001[0m
2025-12-12 13:32:30 [SUCCESS] [0;32mBackend is online and reachable![0m
2025-12-12 13:32:30 [INFO] [0;34mChecking for existing drone script processes...[0m
2025-12-12 13:32:30 [INFO] [0;34mNo existing processes found[0m
2025-12-12 13:32:30 [INFO] [0;34mStarting drone script...[0m
2025-12-12 13:32:30 [INFO] [0;34mScript path: /home/homa1/homa1/code_base/HOMA-1.0/aruco_.py[0m
2025-12-12 13:32:30 [SUCCESS] [0;32mDrone script started (PID: 73418)[0m
2025-12-12 13:32:33 [ERROR] [0;31mScript crashed with exit code: 1[0m
2025-12-12 13:32:33 [ERROR] [0;31mConsecutive failures: 2[0m
2025-12-12 13:32:33 [INFO] [0;34mRestarting in 3s...[0m
2025-12-12 13:32:36 [INFO] [0;34m━━━━━━━━━━━━━━━━━━━━━━━━━━━━━━━━━━━━━━━━━━━━━━━━━[0m
2025-12-12 13:32:36 [INFO] [0;34mInitiating restart cycle...[0m
2025-12-12 13:32:36 [INFO] [0;34mChecking if backend is available at http://192.168.1.44:8001...[0m
2025-12-12 13:32:36 [INFO] [0;34mWebSocket URL: ws://192.168.1.44:8001[0m
2025-12-12 13:32:38 [SUCCESS] [0;32mBackend is online and reachable![0m
2025-12-12 13:32:38 [INFO] [0;34mChecking for existing drone script processes...[0m
2025-12-12 13:32:38 [INFO] [0;34mNo existing processes found[0m
2025-12-12 13:32:38 [INFO] [0;34mStarting drone script...[0m
2025-12-12 13:32:38 [INFO] [0;34mScript path: /home/homa1/homa1/code_base/HOMA-1.0/aruco_.py[0m
2025-12-12 13:32:38 [SUCCESS] [0;32mDrone script started (PID: 73532)[0m
2025-12-12 13:32:41 [ERROR] [0;31mScript crashed with exit code: 1[0m
2025-12-12 13:32:41 [ERROR] [0;31mConsecutive failures: 3[0m
2025-12-12 13:32:41 [WARN] [1;33mToo many consecutive failures. Waiting 30s before restart...[0m
2025-12-12 13:33:11 [INFO] [0;34m━━━━━━━━━━━━━━━━━━━━━━━━━━━━━━━━━━━━━━━━━━━━━━━━━[0m
2025-12-12 13:33:11 [INFO] [0;34mInitiating restart cycle...[0m
2025-12-12 13:33:11 [INFO] [0;34mChecking if backend is available at http://192.168.1.44:8001...[0m
2025-12-12 13:33:11 [INFO] [0;34mWebSocket URL: ws://192.168.1.44:8001[0m
2025-12-12 13:33:11 [SUCCESS] [0;32mBackend is online and reachable![0m
2025-12-12 13:33:11 [INFO] [0;34mChecking for existing drone script processes...[0m
2025-12-12 13:33:11 [INFO] [0;34mNo existing processes found[0m
2025-12-12 13:33:11 [INFO] [0;34mStarting drone script...[0m
2025-12-12 13:33:11 [INFO] [0;34mScript path: /home/homa1/homa1/code_base/HOMA-1.0/aruco_.py[0m
2025-12-12 13:33:11 [SUCCESS] [0;32mDrone script started (PID: 73670)[0m
2025-12-12 13:33:14 [ERROR] [0;31mScript crashed with exit code: 1[0m
2025-12-12 13:33:14 [ERROR] [0;31mConsecutive failures: 1[0m
2025-12-12 13:33:15 [INFO] [0;34mRestarting in 3s...[0m
2025-12-12 13:33:18 [INFO] [0;34m━━━━━━━━━━━━━━━━━━━━━━━━━━━━━━━━━━━━━━━━━━━━━━━━━[0m
2025-12-12 13:33:18 [INFO] [0;34mInitiating restart cycle...[0m
2025-12-12 13:33:18 [INFO] [0;34mChecking if backend is available at http://192.168.1.44:8001...[0m
2025-12-12 13:33:18 [INFO] [0;34mWebSocket URL: ws://192.168.1.44:8001[0m
2025-12-12 13:33:18 [SUCCESS] [0;32mBackend is online and reachable![0m
2025-12-12 13:33:18 [INFO] [0;34mChecking for existing drone script processes...[0m
2025-12-12 13:33:18 [INFO] [0;34mNo existing processes found[0m
2025-12-12 13:33:18 [INFO] [0;34mStarting drone script...[0m
2025-12-12 13:33:18 [INFO] [0;34mScript path: /home/homa1/homa1/code_base/HOMA-1.0/aruco_.py[0m
2025-12-12 13:33:18 [SUCCESS] [0;32mDrone script started (PID: 73763)[0m
2025-12-12 13:33:21 [ERROR] [0;31mScript crashed with exit code: 1[0m
2025-12-12 13:33:21 [ERROR] [0;31mConsecutive failures: 2[0m
2025-12-12 13:33:21 [INFO] [0;34mRestarting in 3s...[0m
2025-12-12 13:33:24 [INFO] [0;34m━━━━━━━━━━━━━━━━━━━━━━━━━━━━━━━━━━━━━━━━━━━━━━━━━[0m
2025-12-12 13:33:24 [INFO] [0;34mInitiating restart cycle...[0m
2025-12-12 13:33:24 [INFO] [0;34mChecking if backend is available at http://192.168.1.44:8001...[0m
2025-12-12 13:33:24 [INFO] [0;34mWebSocket URL: ws://192.168.1.44:8001[0m
2025-12-12 13:33:24 [SUCCESS] [0;32mBackend is online and reachable![0m
2025-12-12 13:33:24 [INFO] [0;34mChecking for existing drone script processes...[0m
2025-12-12 13:33:24 [INFO] [0;34mNo existing processes found[0m
2025-12-12 13:33:24 [INFO] [0;34mStarting drone script...[0m
2025-12-12 13:33:24 [INFO] [0;34mScript path: /home/homa1/homa1/code_base/HOMA-1.0/aruco_.py[0m
2025-12-12 13:33:24 [SUCCESS] [0;32mDrone script started (PID: 73851)[0m
2025-12-12 13:46:59 [ERROR] [0;31m━━━━━━━━━━━━━━━━━━━━━━━━━━━━━━━━━━━━━━━━━━━━━━━━━[0m
2025-12-12 13:46:59 [ERROR] [0;31m🔌 BACKEND CONNECTION LOST (Exit code: 11)[0m
2025-12-12 13:46:59 [ERROR] [0;31m━━━━━━━━━━━━━━━━━━━━━━━━━━━━━━━━━━━━━━━━━━━━━━━━━[0m
2025-12-12 13:46:59 [WARN] [1;33mBackend disconnected - will wait for it to come back online[0m
2025-12-12 13:46:59 [INFO] [0;34mWaiting for backend to become available...[0m
2025-12-12 13:46:59 [INFO] [0;34mChecking if backend is available at http://192.168.1.44:8001...[0m
2025-12-12 13:46:59 [INFO] [0;34mWebSocket URL: ws://192.168.1.44:8001[0m
2025-12-12 13:47:02 [WARN] [1;33mBackend not reachable (attempt 1)[0m
2025-12-12 13:47:02 [INFO] [0;34mTrying: curl http://192.168.1.44:8001/health[0m
2025-12-12 13:47:02 [INFO] [0;34mRetrying in 5s...[0m
2025-12-12 13:47:07 [WARN] [1;33mShutdown signal received. Cleaning up...[0m
2025-12-12 13:47:07 [SUCCESS] [0;32mCleanup complete. Exiting.[0m
2025-12-12 18:36:34 [INFO] [0;34m━━━━━━━━━━━━━━━━━━━━━━━━━━━━━━━━━━━━━━━━━━━━━━━━━[0m
2025-12-12 18:36:34 [INFO] [0;34mDrone Auto-Restart Script[0m
2025-12-12 18:36:34 [INFO] [0;34m━━━━━━━━━━━━━━━━━━━━━━━━━━━━━━━━━━━━━━━━━━━━━━━━━[0m
2025-12-12 18:36:34 [INFO] [0;34mDrone ID: austin-payload-01[0m
2025-12-12 18:36:34 [INFO] [0;34mDrone Type: rescue[0m
2025-12-12 18:36:34 [INFO] [0;34mBackend URL: http://192.168.1.44:8001[0m
2025-12-12 18:36:34 [INFO] [0;34mWebSocket URL: ws://192.168.1.44:8001[0m
2025-12-12 18:36:34 [INFO] [0;34mScript: /home/homa1/homa1/code_base/HOMA-1.0/aruco_.py[0m
2025-12-12 18:36:34 [SUCCESS] [0;32mVirtual environment activated: /home/homa1/homa1/homa1_venv[0m
2025-12-12 18:36:34 [INFO] [0;34mLog: /home/homa1/homa1/code_base/HOMA-1.0/logs/austin-payload-01_20251212.log[0m
2025-12-12 18:36:34 [INFO] [0;34m━━━━━━━━━━━━━━━━━━━━━━━━━━━━━━━━━━━━━━━━━━━━━━━━━[0m
2025-12-12 18:36:34 [INFO] [0;34mChecking if backend is available at http://192.168.1.44:8001...[0m
2025-12-12 18:36:34 [INFO] [0;34mWebSocket URL: ws://192.168.1.44:8001[0m
2025-12-12 18:36:34 [WARN] [1;33mBackend not reachable (attempt 1)[0m
2025-12-12 18:36:34 [INFO] [0;34mTrying: curl http://192.168.1.44:8001/health[0m
2025-12-12 18:36:34 [INFO] [0;34mRetrying in 5s...[0m
2025-12-12 18:36:40 [WARN] [1;33mBackend not reachable (attempt 2)[0m
2025-12-12 18:36:40 [INFO] [0;34mTrying: curl http://192.168.1.44:8001/health[0m
2025-12-12 18:36:40 [INFO] [0;34mRetrying in 5s...[0m
2025-12-12 18:36:45 [WARN] [1;33mBackend not reachable (attempt 3)[0m
2025-12-12 18:36:45 [INFO] [0;34mTrying: curl http://192.168.1.44:8001/health[0m
2025-12-12 18:36:45 [INFO] [0;34mRetrying in 5s...[0m
2025-12-12 18:36:50 [WARN] [1;33mBackend not available (attempt 4). Retrying in 5s...[0m
2025-12-12 18:36:55 [WARN] [1;33mBackend not available (attempt 5). Retrying in 5s...[0m
2025-12-12 18:37:00 [WARN] [1;33mBackend not available (attempt 6). Retrying in 5s...[0m
2025-12-12 18:37:05 [SUCCESS] [0;32mBackend is online and reachable![0m
2025-12-12 18:37:05 [INFO] [0;34mChecking for existing drone script processes...[0m
2025-12-12 18:37:05 [INFO] [0;34mNo existing processes found[0m
2025-12-12 18:37:05 [INFO] [0;34mStarting drone script...[0m
2025-12-12 18:37:05 [INFO] [0;34mScript path: /home/homa1/homa1/code_base/HOMA-1.0/aruco_.py[0m
2025-12-12 18:37:05 [SUCCESS] [0;32mDrone script started (PID: 157195)[0m
2025-12-12 19:13:10 [WARN] [1;33mShutdown signal received. Cleaning up...[0m
2025-12-12 19:13:11 [INFO] [0;34mKilling drone script (PID: 157195)...[0m
2025-12-12 19:13:11 [WARN] [1;33mShutdown signal received. Cleaning up...[0m
2025-12-12 19:13:11 [INFO] [0;34mKilling drone script (PID: 157195)...[0m
2025-12-12 19:13:13 [SUCCESS] [0;32mCleanup complete. Exiting.[0m
2025-12-12 19:13:28 [INFO] [0;34m━━━━━━━━━━━━━━━━━━━━━━━━━━━━━━━━━━━━━━━━━━━━━━━━━[0m
2025-12-12 19:13:28 [INFO] [0;34mDrone Auto-Restart Script[0m
2025-12-12 19:13:28 [INFO] [0;34m━━━━━━━━━━━━━━━━━━━━━━━━━━━━━━━━━━━━━━━━━━━━━━━━━[0m
2025-12-12 19:13:28 [INFO] [0;34mDrone ID: austin-payload-01[0m
2025-12-12 19:13:28 [INFO] [0;34mDrone Type: rescue[0m
2025-12-12 19:13:28 [INFO] [0;34mBackend URL: http://192.168.1.44:8001[0m
2025-12-12 19:13:28 [INFO] [0;34mWebSocket URL: ws://192.168.1.44:8001[0m
2025-12-12 19:13:28 [INFO] [0;34mScript: /home/homa1/homa1/code_base/HOMA-1.0/aruco_.py[0m
2025-12-12 19:13:28 [SUCCESS] [0;32mVirtual environment activated: /home/homa1/homa1/homa1_venv[0m
2025-12-12 19:13:28 [INFO] [0;34mLog: /home/homa1/homa1/code_base/HOMA-1.0/logs/austin-payload-01_20251212.log[0m
2025-12-12 19:13:28 [INFO] [0;34m━━━━━━━━━━━━━━━━━━━━━━━━━━━━━━━━━━━━━━━━━━━━━━━━━[0m
2025-12-12 19:13:28 [INFO] [0;34mChecking if backend is available at http://192.168.1.44:8001...[0m
2025-12-12 19:13:28 [INFO] [0;34mWebSocket URL: ws://192.168.1.44:8001[0m
2025-12-12 19:13:28 [SUCCESS] [0;32mBackend is online and reachable![0m
2025-12-12 19:13:28 [INFO] [0;34mChecking for existing drone script processes...[0m
2025-12-12 19:13:28 [INFO] [0;34mNo existing processes found[0m
2025-12-12 19:13:28 [INFO] [0;34mStarting drone script...[0m
2025-12-12 19:13:28 [INFO] [0;34mScript path: /home/homa1/homa1/code_base/HOMA-1.0/aruco_.py[0m
2025-12-12 19:13:29 [SUCCESS] [0;32mDrone script started (PID: 169922)[0m
2025-12-12 19:14:51 [WARN] [1;33mShutdown signal received. Cleaning up...[0m
2025-12-12 19:14:51 [INFO] [0;34mKilling drone script (PID: 169922)...[0m
2025-12-12 19:14:51 [WARN] [1;33mShutdown signal received. Cleaning up...[0m
2025-12-12 19:14:52 [SUCCESS] [0;32mCleanup complete. Exiting.[0m
2025-12-12 19:15:20 [INFO] [0;34m━━━━━━━━━━━━━━━━━━━━━━━━━━━━━━━━━━━━━━━━━━━━━━━━━[0m
2025-12-12 19:15:20 [INFO] [0;34mDrone Auto-Restart Script[0m
2025-12-12 19:15:20 [INFO] [0;34m━━━━━━━━━━━━━━━━━━━━━━━━━━━━━━━━━━━━━━━━━━━━━━━━━[0m
2025-12-12 19:15:20 [INFO] [0;34mDrone ID: austin-payload-01[0m
2025-12-12 19:15:20 [INFO] [0;34mDrone Type: rescue[0m
2025-12-12 19:15:20 [INFO] [0;34mBackend URL: http://192.168.1.44:8001[0m
2025-12-12 19:15:20 [INFO] [0;34mWebSocket URL: ws://192.168.1.44:8001[0m
2025-12-12 19:15:20 [INFO] [0;34mScript: /home/homa1/homa1/code_base/HOMA-1.0/aruco_.py[0m
2025-12-12 19:15:20 [SUCCESS] [0;32mVirtual environment activated: /home/homa1/homa1/homa1_venv[0m
2025-12-12 19:15:20 [INFO] [0;34mLog: /home/homa1/homa1/code_base/HOMA-1.0/logs/austin-payload-01_20251212.log[0m
2025-12-12 19:15:20 [INFO] [0;34m━━━━━━━━━━━━━━━━━━━━━━━━━━━━━━━━━━━━━━━━━━━━━━━━━[0m
2025-12-12 19:15:20 [INFO] [0;34mChecking if backend is available at http://192.168.1.44:8001...[0m
2025-12-12 19:15:20 [INFO] [0;34mWebSocket URL: ws://192.168.1.44:8001[0m
2025-12-12 19:15:20 [SUCCESS] [0;32mBackend is online and reachable![0m
2025-12-12 19:15:20 [INFO] [0;34mChecking for existing drone script processes...[0m
2025-12-12 19:15:20 [INFO] [0;34mNo existing processes found[0m
2025-12-12 19:15:20 [INFO] [0;34mStarting drone script...[0m
2025-12-12 19:15:20 [INFO] [0;34mScript path: /home/homa1/homa1/code_base/HOMA-1.0/aruco_.py[0m
2025-12-12 19:15:20 [SUCCESS] [0;32mDrone script started (PID: 171158)[0m
