2025-12-29 13:48:30 [INFO] [0;34m━━━━━━━━━━━━━━━━━━━━━━━━━━━━━━━━━━━━━━━━━━━━━━━━━[0m
2025-12-29 13:48:30 [INFO] [0;34mDrone Auto-Restart Script[0m
2025-12-29 13:48:30 [INFO] [0;34m━━━━━━━━━━━━━━━━━━━━━━━━━━━━━━━━━━━━━━━━━━━━━━━━━[0m
2025-12-29 13:48:30 [INFO] [0;34mDrone ID: austin-payload-01[0m
2025-12-29 13:48:30 [INFO] [0;34mDrone Type: rescue[0m
2025-12-29 13:48:30 [INFO] [0;34mBackend URL: http://100.88.6.111:8001[0m
2025-12-29 13:48:30 [INFO] [0;34mWebSocket URL: ws://100.88.6.111:8001[0m
2025-12-29 13:48:30 [INFO] [0;34mScript: /home/homa1/homa1/code_base/HOMA-1.0/aruco_.py[0m
2025-12-29 13:48:30 [SUCCESS] [0;32mVirtual environment activated: /home/homa1/homa1/homa1_venv[0m
2025-12-29 13:48:30 [INFO] [0;34mLog: /home/homa1/homa1/code_base/HOMA-1.0/logs/austin-payload-01_20251229.log[0m
2025-12-29 13:48:30 [INFO] [0;34m━━━━━━━━━━━━━━━━━━━━━━━━━━━━━━━━━━━━━━━━━━━━━━━━━[0m
2025-12-29 13:48:30 [INFO] [0;34mChecking if backend is available at http://100.88.6.111:8001...[0m
2025-12-29 13:48:30 [INFO] [0;34mWebSocket URL: ws://100.88.6.111:8001[0m
2025-12-29 13:48:30 [SUCCESS] [0;32mBackend is online and reachable![0m
2025-12-29 13:48:30 [INFO] [0;34mChecking for existing drone script processes...[0m
2025-12-29 13:48:31 [INFO] [0;34mNo existing processes found[0m
2025-12-29 13:48:31 [INFO] [0;34mStarting drone script...[0m
2025-12-29 13:48:31 [INFO] [0;34mScript path: /home/homa1/homa1/code_base/HOMA-1.0/aruco_.py[0m
2025-12-29 13:48:31 [SUCCESS] [0;32mDrone script started (PID: 18347)[0m
2025-12-29 13:53:12 [WARN] [1;33mShutdown signal received. Cleaning up...[0m
2025-12-29 13:53:12 [INFO] [0;34mKilling drone script (PID: 18347)...[0m
2025-12-29 13:53:12 [WARN] [1;33mShutdown signal received. Cleaning up...[0m
2025-12-29 13:53:12 [SUCCESS] [0;32mCleanup complete. Exiting.[0m
2025-12-29 13:53:45 [INFO] [0;34m━━━━━━━━━━━━━━━━━━━━━━━━━━━━━━━━━━━━━━━━━━━━━━━━━[0m
2025-12-29 13:53:45 [INFO] [0;34mDrone Auto-Restart Script[0m
2025-12-29 13:53:45 [INFO] [0;34m━━━━━━━━━━━━━━━━━━━━━━━━━━━━━━━━━━━━━━━━━━━━━━━━━[0m
2025-12-29 13:53:45 [INFO] [0;34mDrone ID: austin-payload-01[0m
2025-12-29 13:53:45 [INFO] [0;34mDrone Type: rescue[0m
2025-12-29 13:53:45 [INFO] [0;34mBackend URL: http://100.88.6.111:8001[0m
2025-12-29 13:53:45 [INFO] [0;34mWebSocket URL: ws://100.88.6.111:8001[0m
2025-12-29 13:53:45 [INFO] [0;34mScript: /home/homa1/homa1/code_base/HOMA-1.0/aruco_.py[0m
2025-12-29 13:53:45 [SUCCESS] [0;32mVirtual environment activated: /home/homa1/homa1/homa1_venv[0m
2025-12-29 13:53:45 [INFO] [0;34mLog: /home/homa1/homa1/code_base/HOMA-1.0/logs/austin-payload-01_20251229.log[0m
2025-12-29 13:53:45 [INFO] [0;34m━━━━━━━━━━━━━━━━━━━━━━━━━━━━━━━━━━━━━━━━━━━━━━━━━[0m
2025-12-29 13:53:45 [INFO] [0;34mChecking if backend is available at http://100.88.6.111:8001...[0m
2025-12-29 13:53:45 [INFO] [0;34mWebSocket URL: ws://100.88.6.111:8001[0m
2025-12-29 13:53:45 [SUCCESS] [0;32mBackend is online and reachable![0m
2025-12-29 13:53:45 [INFO] [0;34mChecking for existing drone script processes...[0m
2025-12-29 13:53:45 [INFO] [0;34mNo existing processes found[0m
2025-12-29 13:53:45 [INFO] [0;34mStarting drone script...[0m
2025-12-29 13:53:45 [INFO] [0;34mScript path: /home/homa1/homa1/code_base/HOMA-1.0/aruco_.py[0m
2025-12-29 13:53:45 [SUCCESS] [0;32mDrone script started (PID: 19731)[0m
2025-12-29 14:04:53 [WARN] [1;33mShutdown signal received. Cleaning up...[0m
2025-12-29 14:04:53 [INFO] [0;34mKilling drone script (PID: 19731)...[0m
2025-12-29 14:04:53 [WARN] [1;33mShutdown signal received. Cleaning up...[0m
2025-12-29 14:04:53 [INFO] [0;34mKilling drone script (PID: 19731)...[0m
2025-12-29 14:04:55 [SUCCESS] [0;32mCleanup complete. Exiting.[0m
2025-12-29 14:05:05 [INFO] [0;34m━━━━━━━━━━━━━━━━━━━━━━━━━━━━━━━━━━━━━━━━━━━━━━━━━[0m
2025-12-29 14:05:05 [INFO] [0;34mDrone Auto-Restart Script[0m
2025-12-29 14:05:05 [INFO] [0;34m━━━━━━━━━━━━━━━━━━━━━━━━━━━━━━━━━━━━━━━━━━━━━━━━━[0m
2025-12-29 14:05:05 [INFO] [0;34mDrone ID: austin-payload-01[0m
2025-12-29 14:05:05 [INFO] [0;34mDrone Type: rescue[0m
2025-12-29 14:05:05 [INFO] [0;34mBackend URL: http://100.88.6.111:8001[0m
2025-12-29 14:05:05 [INFO] [0;34mWebSocket URL: ws://100.88.6.111:8001[0m
2025-12-29 14:05:05 [INFO] [0;34mScript: /home/homa1/homa1/code_base/HOMA-1.0/aruco_.py[0m
2025-12-29 14:05:05 [SUCCESS] [0;32mVirtual environment activated: /home/homa1/homa1/homa1_venv[0m
2025-12-29 14:05:05 [INFO] [0;34mLog: /home/homa1/homa1/code_base/HOMA-1.0/logs/austin-payload-01_20251229.log[0m
2025-12-29 14:05:05 [INFO] [0;34m━━━━━━━━━━━━━━━━━━━━━━━━━━━━━━━━━━━━━━━━━━━━━━━━━[0m
2025-12-29 14:05:05 [INFO] [0;34mChecking if backend is available at http://100.88.6.111:8001...[0m
2025-12-29 14:05:05 [INFO] [0;34mWebSocket URL: ws://100.88.6.111:8001[0m
2025-12-29 14:05:05 [SUCCESS] [0;32mBackend is online and reachable![0m
2025-12-29 14:05:05 [INFO] [0;34mChecking for existing drone script processes...[0m
2025-12-29 14:05:05 [INFO] [0;34mNo existing processes found[0m
2025-12-29 14:05:05 [INFO] [0;34mStarting drone script...[0m
2025-12-29 14:05:05 [INFO] [0;34mScript path: /home/homa1/homa1/code_base/HOMA-1.0/aruco_.py[0m
2025-12-29 14:05:05 [SUCCESS] [0;32mDrone script started (PID: 21408)[0m
2025-12-29 14:06:49 [WARN] [1;33mShutdown signal received. Cleaning up...[0m
2025-12-29 14:06:49 [INFO] [0;34mKilling drone script (PID: 21408)...[0m
2025-12-29 14:06:49 [WARN] [1;33mShutdown signal received. Cleaning up...[0m
2025-12-29 14:06:49 [SUCCESS] [0;32mCleanup complete. Exiting.[0m
2025-12-29 14:06:53 [INFO] [0;34m━━━━━━━━━━━━━━━━━━━━━━━━━━━━━━━━━━━━━━━━━━━━━━━━━[0m
2025-12-29 14:06:53 [INFO] [0;34mDrone Auto-Restart Script[0m
2025-12-29 14:06:53 [INFO] [0;34m━━━━━━━━━━━━━━━━━━━━━━━━━━━━━━━━━━━━━━━━━━━━━━━━━[0m
2025-12-29 14:06:53 [INFO] [0;34mDrone ID: austin-payload-01[0m
2025-12-29 14:06:53 [INFO] [0;34mDrone Type: rescue[0m
2025-12-29 14:06:53 [INFO] [0;34mBackend URL: http://100.88.6.111:8001[0m
2025-12-29 14:06:53 [INFO] [0;34mWebSocket URL: ws://100.88.6.111:8001[0m
2025-12-29 14:06:53 [INFO] [0;34mScript: /home/homa1/homa1/code_base/HOMA-1.0/aruco_.py[0m
2025-12-29 14:06:53 [SUCCESS] [0;32mVirtual environment activated: /home/homa1/homa1/homa1_venv[0m
2025-12-29 14:06:53 [INFO] [0;34mLog: /home/homa1/homa1/code_base/HOMA-1.0/logs/austin-payload-01_20251229.log[0m
2025-12-29 14:06:53 [INFO] [0;34m━━━━━━━━━━━━━━━━━━━━━━━━━━━━━━━━━━━━━━━━━━━━━━━━━[0m
2025-12-29 14:06:53 [INFO] [0;34mChecking if backend is available at http://100.88.6.111:8001...[0m
2025-12-29 14:06:53 [INFO] [0;34mWebSocket URL: ws://100.88.6.111:8001[0m
2025-12-29 14:06:53 [SUCCESS] [0;32mBackend is online and reachable![0m
2025-12-29 14:06:53 [INFO] [0;34mChecking for existing drone script processes...[0m
2025-12-29 14:06:53 [INFO] [0;34mNo existing processes found[0m
2025-12-29 14:06:53 [INFO] [0;34mStarting drone script...[0m
2025-12-29 14:06:53 [INFO] [0;34mScript path: /home/homa1/homa1/code_base/HOMA-1.0/aruco_.py[0m
2025-12-29 14:06:53 [SUCCESS] [0;32mDrone script started (PID: 21895)[0m
2025-12-29 14:07:01 [WARN] [1;33mShutdown signal received. Cleaning up...[0m
2025-12-29 14:07:01 [INFO] [0;34mKilling drone script (PID: 21895)...[0m
2025-12-29 14:07:02 [WARN] [1;33mShutdown signal received. Cleaning up...[0m
2025-12-29 14:07:02 [SUCCESS] [0;32mCleanup complete. Exiting.[0m
2025-12-29 14:07:38 [INFO] [0;34m━━━━━━━━━━━━━━━━━━━━━━━━━━━━━━━━━━━━━━━━━━━━━━━━━[0m
2025-12-29 14:07:38 [INFO] [0;34mDrone Auto-Restart Script[0m
2025-12-29 14:07:38 [INFO] [0;34m━━━━━━━━━━━━━━━━━━━━━━━━━━━━━━━━━━━━━━━━━━━━━━━━━[0m
2025-12-29 14:07:38 [INFO] [0;34mDrone ID: austin-payload-01[0m
2025-12-29 14:07:38 [INFO] [0;34mDrone Type: rescue[0m
2025-12-29 14:07:38 [INFO] [0;34mBackend URL: http://100.88.6.111:8001[0m
2025-12-29 14:07:38 [INFO] [0;34mWebSocket URL: ws://100.88.6.111:8001[0m
2025-12-29 14:07:38 [INFO] [0;34mScript: /home/homa1/homa1/code_base/HOMA-1.0/aruco_.py[0m
2025-12-29 14:07:38 [SUCCESS] [0;32mVirtual environment activated: /home/homa1/homa1/homa1_venv[0m
2025-12-29 14:07:38 [INFO] [0;34mLog: /home/homa1/homa1/code_base/HOMA-1.0/logs/austin-payload-01_20251229.log[0m
2025-12-29 14:07:38 [INFO] [0;34m━━━━━━━━━━━━━━━━━━━━━━━━━━━━━━━━━━━━━━━━━━━━━━━━━[0m
2025-12-29 14:07:38 [INFO] [0;34mChecking if backend is available at http://100.88.6.111:8001...[0m
2025-12-29 14:07:38 [INFO] [0;34mWebSocket URL: ws://100.88.6.111:8001[0m
2025-12-29 14:07:39 [SUCCESS] [0;32mBackend is online and reachable![0m
2025-12-29 14:07:39 [INFO] [0;34mChecking for existing drone script processes...[0m
2025-12-29 14:07:39 [INFO] [0;34mNo existing processes found[0m
2025-12-29 14:07:39 [INFO] [0;34mStarting drone script...[0m
2025-12-29 14:07:39 [INFO] [0;34mScript path: /home/homa1/homa1/code_base/HOMA-1.0/aruco_.py[0m
2025-12-29 14:07:39 [SUCCESS] [0;32mDrone script started (PID: 22133)[0m
2025-12-29 14:08:22 [WARN] [1;33mShutdown signal received. Cleaning up...[0m
2025-12-29 14:08:22 [INFO] [0;34mKilling drone script (PID: 22133)...[0m
2025-12-29 14:08:22 [WARN] [1;33mShutdown signal received. Cleaning up...[0m
2025-12-29 14:08:22 [SUCCESS] [0;32mCleanup complete. Exiting.[0m
2025-12-29 14:08:57 [INFO] [0;34m━━━━━━━━━━━━━━━━━━━━━━━━━━━━━━━━━━━━━━━━━━━━━━━━━[0m
2025-12-29 14:08:57 [INFO] [0;34mDrone Auto-Restart Script[0m
2025-12-29 14:08:57 [INFO] [0;34m━━━━━━━━━━━━━━━━━━━━━━━━━━━━━━━━━━━━━━━━━━━━━━━━━[0m
2025-12-29 14:08:57 [INFO] [0;34mDrone ID: austin-payload-01[0m
2025-12-29 14:08:57 [INFO] [0;34mDrone Type: rescue[0m
2025-12-29 14:08:57 [INFO] [0;34mBackend URL: http://100.88.6.111:8001[0m
2025-12-29 14:08:57 [INFO] [0;34mWebSocket URL: ws://100.88.6.111:8001[0m
2025-12-29 14:08:57 [INFO] [0;34mScript: /home/homa1/homa1/code_base/HOMA-1.0/aruco_.py[0m
2025-12-29 14:08:57 [SUCCESS] [0;32mVirtual environment activated: /home/homa1/homa1/homa1_venv[0m
2025-12-29 14:08:57 [INFO] [0;34mLog: /home/homa1/homa1/code_base/HOMA-1.0/logs/austin-payload-01_20251229.log[0m
2025-12-29 14:08:57 [INFO] [0;34m━━━━━━━━━━━━━━━━━━━━━━━━━━━━━━━━━━━━━━━━━━━━━━━━━[0m
2025-12-29 14:08:57 [INFO] [0;34mChecking if backend is available at http://100.88.6.111:8001...[0m
2025-12-29 14:08:57 [INFO] [0;34mWebSocket URL: ws://100.88.6.111:8001[0m
2025-12-29 14:08:57 [SUCCESS] [0;32mBackend is online and reachable![0m
2025-12-29 14:08:57 [INFO] [0;34mChecking for existing drone script processes...[0m
2025-12-29 14:08:57 [INFO] [0;34mNo existing processes found[0m
2025-12-29 14:08:57 [INFO] [0;34mStarting drone script...[0m
2025-12-29 14:08:57 [INFO] [0;34mScript path: /home/homa1/homa1/code_base/HOMA-1.0/aruco_.py[0m
2025-12-29 14:08:57 [SUCCESS] [0;32mDrone script started (PID: 23040)[0m
2025-12-29 14:13:30 [WARN] [1;33mShutdown signal received. Cleaning up...[0m
2025-12-29 14:13:30 [INFO] [0;34mKilling drone script (PID: 23040)...[0m
2025-12-29 14:13:32 [SUCCESS] [0;32mCleanup complete. Exiting.[0m
2025-12-29 14:14:08 [INFO] [0;34m━━━━━━━━━━━━━━━━━━━━━━━━━━━━━━━━━━━━━━━━━━━━━━━━━[0m
2025-12-29 14:14:08 [INFO] [0;34mDrone Auto-Restart Script[0m
2025-12-29 14:14:08 [INFO] [0;34m━━━━━━━━━━━━━━━━━━━━━━━━━━━━━━━━━━━━━━━━━━━━━━━━━[0m
2025-12-29 14:14:08 [INFO] [0;34mDrone ID: austin-payload-01[0m
2025-12-29 14:14:08 [INFO] [0;34mDrone Type: rescue[0m
2025-12-29 14:14:08 [INFO] [0;34mBackend URL: http://100.88.6.111:8001[0m
2025-12-29 14:14:08 [INFO] [0;34mWebSocket URL: ws://100.88.6.111:8001[0m
2025-12-29 14:14:08 [INFO] [0;34mScript: /home/homa1/homa1/code_base/HOMA-1.0/aruco_.py[0m
2025-12-29 14:14:08 [SUCCESS] [0;32mVirtual environment activated: /home/homa1/homa1/homa1_venv[0m
2025-12-29 14:14:08 [INFO] [0;34mLog: /home/homa1/homa1/code_base/HOMA-1.0/logs/austin-payload-01_20251229.log[0m
2025-12-29 14:14:08 [INFO] [0;34m━━━━━━━━━━━━━━━━━━━━━━━━━━━━━━━━━━━━━━━━━━━━━━━━━[0m
2025-12-29 14:14:08 [INFO] [0;34mChecking if backend is available at http://100.88.6.111:8001...[0m
2025-12-29 14:14:08 [INFO] [0;34mWebSocket URL: ws://100.88.6.111:8001[0m
2025-12-29 14:14:08 [SUCCESS] [0;32mBackend is online and reachable![0m
2025-12-29 14:14:08 [INFO] [0;34mChecking for existing drone script processes...[0m
2025-12-29 14:14:08 [INFO] [0;34mNo existing processes found[0m
2025-12-29 14:14:08 [INFO] [0;34mStarting drone script...[0m
2025-12-29 14:14:08 [INFO] [0;34mScript path: /home/homa1/homa1/code_base/HOMA-1.0/aruco_.py[0m
2025-12-29 14:14:08 [SUCCESS] [0;32mDrone script started (PID: 24539)[0m
2025-12-29 14:25:39 [WARN] [1;33mShutdown signal received. Cleaning up...[0m
2025-12-29 14:25:39 [INFO] [0;34mKilling drone script (PID: 24539)...[0m
2025-12-29 14:25:40 [WARN] [1;33mShutdown signal received. Cleaning up...[0m
2025-12-29 14:25:40 [SUCCESS] [0;32mCleanup complete. Exiting.[0m
2025-12-29 14:27:00 [INFO] [0;34m━━━━━━━━━━━━━━━━━━━━━━━━━━━━━━━━━━━━━━━━━━━━━━━━━[0m
2025-12-29 14:27:00 [INFO] [0;34mDrone Auto-Restart Script[0m
2025-12-29 14:27:00 [INFO] [0;34m━━━━━━━━━━━━━━━━━━━━━━━━━━━━━━━━━━━━━━━━━━━━━━━━━[0m
2025-12-29 14:27:00 [INFO] [0;34mDrone ID: austin-payload-01[0m
2025-12-29 14:27:00 [INFO] [0;34mDrone Type: rescue[0m
2025-12-29 14:27:00 [INFO] [0;34mBackend URL: http://100.88.6.111:8001[0m
2025-12-29 14:27:00 [INFO] [0;34mWebSocket URL: ws://100.88.6.111:8001[0m
2025-12-29 14:27:00 [INFO] [0;34mScript: /home/homa1/homa1/code_base/HOMA-1.0/aruco_.py[0m
2025-12-29 14:27:00 [SUCCESS] [0;32mVirtual environment activated: /home/homa1/homa1/homa1_venv[0m
2025-12-29 14:27:00 [INFO] [0;34mLog: /home/homa1/homa1/code_base/HOMA-1.0/logs/austin-payload-01_20251229.log[0m
2025-12-29 14:27:00 [INFO] [0;34m━━━━━━━━━━━━━━━━━━━━━━━━━━━━━━━━━━━━━━━━━━━━━━━━━[0m
2025-12-29 14:27:00 [INFO] [0;34mChecking if backend is available at http://100.88.6.111:8001...[0m
2025-12-29 14:27:00 [INFO] [0;34mWebSocket URL: ws://100.88.6.111:8001[0m
2025-12-29 14:27:00 [SUCCESS] [0;32mBackend is online and reachable![0m
2025-12-29 14:27:00 [INFO] [0;34mChecking for existing drone script processes...[0m
2025-12-29 14:27:00 [INFO] [0;34mNo existing processes found[0m
2025-12-29 14:27:00 [INFO] [0;34mStarting drone script...[0m
2025-12-29 14:27:00 [INFO] [0;34mScript path: /home/homa1/homa1/code_base/HOMA-1.0/aruco_.py[0m
2025-12-29 14:27:00 [SUCCESS] [0;32mDrone script started (PID: 26502)[0m
2025-12-29 14:27:38 [WARN] [1;33mShutdown signal received. Cleaning up...[0m
2025-12-29 14:27:38 [INFO] [0;34mKilling drone script (PID: 26502)...[0m
2025-12-29 14:27:39 [WARN] [1;33mShutdown signal received. Cleaning up...[0m
2025-12-29 14:27:39 [SUCCESS] [0;32mCleanup complete. Exiting.[0m
2025-12-29 14:28:17 [INFO] [0;34m━━━━━━━━━━━━━━━━━━━━━━━━━━━━━━━━━━━━━━━━━━━━━━━━━[0m
2025-12-29 14:28:17 [INFO] [0;34mDrone Auto-Restart Script[0m
2025-12-29 14:28:17 [INFO] [0;34m━━━━━━━━━━━━━━━━━━━━━━━━━━━━━━━━━━━━━━━━━━━━━━━━━[0m
2025-12-29 14:28:17 [INFO] [0;34mDrone ID: austin-payload-01[0m
2025-12-29 14:28:17 [INFO] [0;34mDrone Type: rescue[0m
2025-12-29 14:28:17 [INFO] [0;34mBackend URL: http://100.88.6.111:8001[0m
2025-12-29 14:28:17 [INFO] [0;34mWebSocket URL: ws://100.88.6.111:8001[0m
2025-12-29 14:28:17 [INFO] [0;34mScript: /home/homa1/homa1/code_base/HOMA-1.0/aruco_.py[0m
2025-12-29 14:28:17 [SUCCESS] [0;32mVirtual environment activated: /home/homa1/homa1/homa1_venv[0m
2025-12-29 14:28:17 [INFO] [0;34mLog: /home/homa1/homa1/code_base/HOMA-1.0/logs/austin-payload-01_20251229.log[0m
2025-12-29 14:28:17 [INFO] [0;34m━━━━━━━━━━━━━━━━━━━━━━━━━━━━━━━━━━━━━━━━━━━━━━━━━[0m
2025-12-29 14:28:17 [INFO] [0;34mChecking if backend is available at http://100.88.6.111:8001...[0m
2025-12-29 14:28:17 [INFO] [0;34mWebSocket URL: ws://100.88.6.111:8001[0m
2025-12-29 14:28:17 [SUCCESS] [0;32mBackend is online and reachable![0m
2025-12-29 14:28:17 [INFO] [0;34mChecking for existing drone script processes...[0m
2025-12-29 14:28:17 [INFO] [0;34mNo existing processes found[0m
2025-12-29 14:28:17 [INFO] [0;34mStarting drone script...[0m
2025-12-29 14:28:17 [INFO] [0;34mScript path: /home/homa1/homa1/code_base/HOMA-1.0/aruco_.py[0m
2025-12-29 14:28:17 [SUCCESS] [0;32mDrone script started (PID: 27200)[0m
2025-12-29 14:51:59 [INFO] [0;34m━━━━━━━━━━━━━━━━━━━━━━━━━━━━━━━━━━━━━━━━━━━━━━━━━[0m
2025-12-29 14:51:59 [INFO] [0;34mDrone Auto-Restart Script[0m
2025-12-29 14:51:59 [INFO] [0;34m━━━━━━━━━━━━━━━━━━━━━━━━━━━━━━━━━━━━━━━━━━━━━━━━━[0m
2025-12-29 14:51:59 [INFO] [0;34mDrone ID: austin-payload-01[0m
2025-12-29 14:51:59 [INFO] [0;34mDrone Type: rescue[0m
2025-12-29 14:51:59 [INFO] [0;34mBackend URL: http://192.168.1.54:8001[0m
2025-12-29 14:51:59 [INFO] [0;34mWebSocket URL: ws://192.168.1.54:8001[0m
2025-12-29 14:51:59 [INFO] [0;34mScript: /home/homa1/homa1/code_base/HOMA-1.0/aruco_.py[0m
2025-12-29 14:51:59 [SUCCESS] [0;32mVirtual environment activated: /home/homa1/homa1/homa1_venv[0m
2025-12-29 14:51:59 [INFO] [0;34mLog: /home/homa1/homa1/code_base/HOMA-1.0/logs/austin-payload-01_20251229.log[0m
2025-12-29 14:51:59 [INFO] [0;34m━━━━━━━━━━━━━━━━━━━━━━━━━━━━━━━━━━━━━━━━━━━━━━━━━[0m
2025-12-29 14:51:59 [INFO] [0;34mChecking if backend is available at http://192.168.1.54:8001...[0m
2025-12-29 14:51:59 [INFO] [0;34mWebSocket URL: ws://192.168.1.54:8001[0m
2025-12-29 14:52:02 [WARN] [1;33mShutdown signal received. Cleaning up...[0m
2025-12-29 14:52:02 [SUCCESS] [0;32mCleanup complete. Exiting.[0m
2025-12-29 14:53:08 [INFO] [0;34m━━━━━━━━━━━━━━━━━━━━━━━━━━━━━━━━━━━━━━━━━━━━━━━━━[0m
2025-12-29 14:53:08 [INFO] [0;34mDrone Auto-Restart Script[0m
2025-12-29 14:53:08 [INFO] [0;34m━━━━━━━━━━━━━━━━━━━━━━━━━━━━━━━━━━━━━━━━━━━━━━━━━[0m
2025-12-29 14:53:08 [INFO] [0;34mDrone ID: austin-payload-01[0m
2025-12-29 14:53:08 [INFO] [0;34mDrone Type: rescue[0m
2025-12-29 14:53:08 [INFO] [0;34mBackend URL: http://192.168.1.54:8001[0m
2025-12-29 14:53:08 [INFO] [0;34mWebSocket URL: ws://192.168.1.54:8001[0m
2025-12-29 14:53:08 [INFO] [0;34mScript: /home/homa1/homa1/code_base/HOMA-1.0/aruco_.py[0m
2025-12-29 14:53:08 [SUCCESS] [0;32mVirtual environment activated: /home/homa1/homa1/homa1_venv[0m
2025-12-29 14:53:08 [INFO] [0;34mLog: /home/homa1/homa1/code_base/HOMA-1.0/logs/austin-payload-01_20251229.log[0m
2025-12-29 14:53:08 [INFO] [0;34m━━━━━━━━━━━━━━━━━━━━━━━━━━━━━━━━━━━━━━━━━━━━━━━━━[0m
2025-12-29 14:53:08 [INFO] [0;34mChecking if backend is available at http://192.168.1.54:8001...[0m
2025-12-29 14:53:08 [INFO] [0;34mWebSocket URL: ws://192.168.1.54:8001[0m
2025-12-29 14:53:21 [WARN] [1;33mBackend not reachable (attempt 1)[0m
2025-12-29 14:53:21 [INFO] [0;34mTrying: curl http://192.168.1.54:8001/health[0m
2025-12-29 14:53:21 [INFO] [0;34mRetrying in 5s...[0m
2025-12-29 14:53:40 [WARN] [1;33mBackend not reachable (attempt 2)[0m
2025-12-29 14:53:40 [INFO] [0;34mTrying: curl http://192.168.1.54:8001/health[0m
2025-12-29 14:53:40 [INFO] [0;34mRetrying in 5s...[0m
2025-12-29 14:53:58 [WARN] [1;33mBackend not reachable (attempt 3)[0m
2025-12-29 14:53:58 [INFO] [0;34mTrying: curl http://192.168.1.54:8001/health[0m
2025-12-29 14:53:58 [INFO] [0;34mRetrying in 5s...[0m
2025-12-29 14:54:16 [WARN] [1;33mBackend not available (attempt 4). Retrying in 5s...[0m
2025-12-29 14:54:34 [WARN] [1;33mBackend not available (attempt 5). Retrying in 5s...[0m
2025-12-29 14:54:52 [WARN] [1;33mBackend not available (attempt 6). Retrying in 5s...[0m
2025-12-29 14:55:10 [WARN] [1;33mBackend not available (attempt 7). Retrying in 5s...[0m
2025-12-29 14:55:28 [WARN] [1;33mBackend not available (attempt 8). Retrying in 5s...[0m
2025-12-29 14:55:46 [WARN] [1;33mBackend not available (attempt 9). Retrying in 5s...[0m
2025-12-29 14:55:51 [WARN] [1;33mShutdown signal received. Cleaning up...[0m
2025-12-29 14:55:51 [SUCCESS] [0;32mCleanup complete. Exiting.[0m
2025-12-29 14:56:32 [INFO] [0;34m━━━━━━━━━━━━━━━━━━━━━━━━━━━━━━━━━━━━━━━━━━━━━━━━━[0m
2025-12-29 14:56:32 [INFO] [0;34mDrone Auto-Restart Script[0m
2025-12-29 14:56:32 [INFO] [0;34m━━━━━━━━━━━━━━━━━━━━━━━━━━━━━━━━━━━━━━━━━━━━━━━━━[0m
2025-12-29 14:56:32 [INFO] [0;34mDrone ID: austin-payload-01[0m
2025-12-29 14:56:32 [INFO] [0;34mDrone Type: rescue[0m
2025-12-29 14:56:32 [INFO] [0;34mBackend URL: http://100.111.237.50:8001[0m
2025-12-29 14:56:32 [INFO] [0;34mWebSocket URL: ws://100.111.237.50:8001[0m
2025-12-29 14:56:32 [INFO] [0;34mScript: /home/homa1/homa1/code_base/HOMA-1.0/aruco_.py[0m
2025-12-29 14:56:32 [SUCCESS] [0;32mVirtual environment activated: /home/homa1/homa1/homa1_venv[0m
2025-12-29 14:56:32 [INFO] [0;34mLog: /home/homa1/homa1/code_base/HOMA-1.0/logs/austin-payload-01_20251229.log[0m
2025-12-29 14:56:32 [INFO] [0;34m━━━━━━━━━━━━━━━━━━━━━━━━━━━━━━━━━━━━━━━━━━━━━━━━━[0m
2025-12-29 14:56:32 [INFO] [0;34mChecking if backend is available at http://100.111.237.50:8001...[0m
2025-12-29 14:56:32 [INFO] [0;34mWebSocket URL: ws://100.111.237.50:8001[0m
2025-12-29 14:56:32 [SUCCESS] [0;32mBackend is online and reachable![0m
2025-12-29 14:56:32 [INFO] [0;34mChecking for existing drone script processes...[0m
2025-12-29 14:56:32 [INFO] [0;34mNo existing processes found[0m
2025-12-29 14:56:32 [INFO] [0;34mStarting drone script...[0m
2025-12-29 14:56:32 [INFO] [0;34mScript path: /home/homa1/homa1/code_base/HOMA-1.0/aruco_.py[0m
2025-12-29 14:56:32 [SUCCESS] [0;32mDrone script started (PID: 5097)[0m
2025-12-29 15:01:24 [WARN] [1;33mShutdown signal received. Cleaning up...[0m
2025-12-29 15:01:24 [INFO] [0;34mKilling drone script (PID: 5097)...[0m
2025-12-29 15:01:24 [WARN] [1;33mShutdown signal received. Cleaning up...[0m
2025-12-29 15:01:24 [INFO] [0;34mKilling drone script (PID: 5097)...[0m
2025-12-29 15:01:24 [WARN] [1;33mShutdown signal received. Cleaning up...[0m
2025-12-29 15:01:24 [SUCCESS] [0;32mCleanup complete. Exiting.[0m
2025-12-29 15:01:52 [INFO] [0;34m━━━━━━━━━━━━━━━━━━━━━━━━━━━━━━━━━━━━━━━━━━━━━━━━━[0m
2025-12-29 15:01:52 [INFO] [0;34mDrone Auto-Restart Script[0m
2025-12-29 15:01:52 [INFO] [0;34m━━━━━━━━━━━━━━━━━━━━━━━━━━━━━━━━━━━━━━━━━━━━━━━━━[0m
2025-12-29 15:01:52 [INFO] [0;34mDrone ID: austin-payload-01[0m
2025-12-29 15:01:52 [INFO] [0;34mDrone Type: rescue[0m
2025-12-29 15:01:52 [INFO] [0;34mBackend URL: http://100.111.237.50:8001[0m
2025-12-29 15:01:52 [INFO] [0;34mWebSocket URL: ws://100.111.237.50:8001[0m
2025-12-29 15:01:52 [INFO] [0;34mScript: /home/homa1/homa1/code_base/HOMA-1.0/aruco_.py[0m
2025-12-29 15:01:52 [SUCCESS] [0;32mVirtual environment activated: /home/homa1/homa1/homa1_venv[0m
2025-12-29 15:01:52 [INFO] [0;34mLog: /home/homa1/homa1/code_base/HOMA-1.0/logs/austin-payload-01_20251229.log[0m
2025-12-29 15:01:52 [INFO] [0;34m━━━━━━━━━━━━━━━━━━━━━━━━━━━━━━━━━━━━━━━━━━━━━━━━━[0m
2025-12-29 15:01:52 [INFO] [0;34mChecking if backend is available at http://100.111.237.50:8001...[0m
2025-12-29 15:01:52 [INFO] [0;34mWebSocket URL: ws://100.111.237.50:8001[0m
2025-12-29 15:01:52 [SUCCESS] [0;32mBackend is online and reachable![0m
2025-12-29 15:01:52 [INFO] [0;34mChecking for existing drone script processes...[0m
2025-12-29 15:01:52 [INFO] [0;34mNo existing processes found[0m
2025-12-29 15:01:52 [INFO] [0;34mStarting drone script...[0m
2025-12-29 15:01:52 [INFO] [0;34mScript path: /home/homa1/homa1/code_base/HOMA-1.0/aruco_.py[0m
2025-12-29 15:01:52 [SUCCESS] [0;32mDrone script started (PID: 6198)[0m
2025-12-29 15:05:38 [WARN] [1;33mShutdown signal received. Cleaning up...[0m
2025-12-29 15:05:38 [INFO] [0;34mKilling drone script (PID: 6198)...[0m
2025-12-29 15:05:40 [SUCCESS] [0;32mCleanup complete. Exiting.[0m
2025-12-29 15:05:44 [INFO] [0;34m━━━━━━━━━━━━━━━━━━━━━━━━━━━━━━━━━━━━━━━━━━━━━━━━━[0m
2025-12-29 15:05:44 [INFO] [0;34mDrone Auto-Restart Script[0m
2025-12-29 15:05:44 [INFO] [0;34m━━━━━━━━━━━━━━━━━━━━━━━━━━━━━━━━━━━━━━━━━━━━━━━━━[0m
2025-12-29 15:05:44 [INFO] [0;34mDrone ID: austin-payload-01[0m
2025-12-29 15:05:44 [INFO] [0;34mDrone Type: rescue[0m
2025-12-29 15:05:44 [INFO] [0;34mBackend URL: http://100.111.237.50:8001[0m
2025-12-29 15:05:44 [INFO] [0;34mWebSocket URL: ws://100.111.237.50:8001[0m
2025-12-29 15:05:44 [INFO] [0;34mScript: /home/homa1/homa1/code_base/HOMA-1.0/aruco_.py[0m
2025-12-29 15:05:44 [SUCCESS] [0;32mVirtual environment activated: /home/homa1/homa1/homa1_venv[0m
2025-12-29 15:05:44 [INFO] [0;34mLog: /home/homa1/homa1/code_base/HOMA-1.0/logs/austin-payload-01_20251229.log[0m
2025-12-29 15:05:44 [INFO] [0;34m━━━━━━━━━━━━━━━━━━━━━━━━━━━━━━━━━━━━━━━━━━━━━━━━━[0m
2025-12-29 15:05:44 [INFO] [0;34mChecking if backend is available at http://100.111.237.50:8001...[0m
2025-12-29 15:05:44 [INFO] [0;34mWebSocket URL: ws://100.111.237.50:8001[0m
2025-12-29 15:05:44 [SUCCESS] [0;32mBackend is online and reachable![0m
2025-12-29 15:05:44 [INFO] [0;34mChecking for existing drone script processes...[0m
2025-12-29 15:05:44 [INFO] [0;34mNo existing processes found[0m
2025-12-29 15:05:44 [INFO] [0;34mStarting drone script...[0m
2025-12-29 15:05:44 [INFO] [0;34mScript path: /home/homa1/homa1/code_base/HOMA-1.0/aruco_.py[0m
2025-12-29 15:05:44 [SUCCESS] [0;32mDrone script started (PID: 6972)[0m
2025-12-29 15:06:59 [WARN] [1;33mShutdown signal received. Cleaning up...[0m
2025-12-29 15:06:59 [INFO] [0;34mKilling drone script (PID: 6972)...[0m
2025-12-29 15:06:59 [WARN] [1;33mShutdown signal received. Cleaning up...[0m
2025-12-29 15:06:59 [SUCCESS] [0;32mCleanup complete. Exiting.[0m
2025-12-29 15:07:02 [INFO] [0;34m━━━━━━━━━━━━━━━━━━━━━━━━━━━━━━━━━━━━━━━━━━━━━━━━━[0m
2025-12-29 15:07:02 [INFO] [0;34mDrone Auto-Restart Script[0m
2025-12-29 15:07:02 [INFO] [0;34m━━━━━━━━━━━━━━━━━━━━━━━━━━━━━━━━━━━━━━━━━━━━━━━━━[0m
2025-12-29 15:07:02 [INFO] [0;34mDrone ID: austin-payload-01[0m
2025-12-29 15:07:02 [INFO] [0;34mDrone Type: rescue[0m
2025-12-29 15:07:02 [INFO] [0;34mBackend URL: http://100.111.237.50:8001[0m
2025-12-29 15:07:02 [INFO] [0;34mWebSocket URL: ws://100.111.237.50:8001[0m
2025-12-29 15:07:02 [INFO] [0;34mScript: /home/homa1/homa1/code_base/HOMA-1.0/aruco_.py[0m
2025-12-29 15:07:02 [SUCCESS] [0;32mVirtual environment activated: /home/homa1/homa1/homa1_venv[0m
2025-12-29 15:07:02 [INFO] [0;34mLog: /home/homa1/homa1/code_base/HOMA-1.0/logs/austin-payload-01_20251229.log[0m
2025-12-29 15:07:02 [INFO] [0;34m━━━━━━━━━━━━━━━━━━━━━━━━━━━━━━━━━━━━━━━━━━━━━━━━━[0m
2025-12-29 15:07:02 [INFO] [0;34mChecking if backend is available at http://100.111.237.50:8001...[0m
2025-12-29 15:07:02 [INFO] [0;34mWebSocket URL: ws://100.111.237.50:8001[0m
2025-12-29 15:07:02 [SUCCESS] [0;32mBackend is online and reachable![0m
2025-12-29 15:07:02 [INFO] [0;34mChecking for existing drone script processes...[0m
2025-12-29 15:07:02 [INFO] [0;34mNo existing processes found[0m
2025-12-29 15:07:02 [INFO] [0;34mStarting drone script...[0m
2025-12-29 15:07:02 [INFO] [0;34mScript path: /home/homa1/homa1/code_base/HOMA-1.0/aruco_.py[0m
2025-12-29 15:07:02 [SUCCESS] [0;32mDrone script started (PID: 7429)[0m
2025-12-29 15:09:29 [ERROR] [0;31m━━━━━━━━━━━━━━━━━━━━━━━━━━━━━━━━━━━━━━━━━━━━━━━━━[0m
2025-12-29 15:09:29 [ERROR] [0;31m🔌 BACKEND CONNECTION LOST (Exit code: 11)[0m
2025-12-29 15:09:29 [ERROR] [0;31m━━━━━━━━━━━━━━━━━━━━━━━━━━━━━━━━━━━━━━━━━━━━━━━━━[0m
2025-12-29 15:09:29 [WARN] [1;33mBackend disconnected - will wait for it to come back online[0m
2025-12-29 15:09:29 [INFO] [0;34mWaiting for backend to become available...[0m
2025-12-29 15:09:29 [INFO] [0;34mChecking if backend is available at http://100.111.237.50:8001...[0m
2025-12-29 15:09:29 [INFO] [0;34mWebSocket URL: ws://100.111.237.50:8001[0m
2025-12-29 15:09:42 [WARN] [1;33mBackend not reachable (attempt 1)[0m
2025-12-29 15:09:42 [INFO] [0;34mTrying: curl http://100.111.237.50:8001/health[0m
2025-12-29 15:09:42 [INFO] [0;34mRetrying in 5s...[0m
2025-12-29 15:09:57 [WARN] [1;33mBackend not reachable (attempt 2)[0m
2025-12-29 15:09:57 [INFO] [0;34mTrying: curl http://100.111.237.50:8001/health[0m
2025-12-29 15:09:57 [INFO] [0;34mRetrying in 5s...[0m
2025-12-29 15:10:03 [WARN] [1;33mBackend not reachable (attempt 3)[0m
2025-12-29 15:10:03 [INFO] [0;34mTrying: curl http://100.111.237.50:8001/health[0m
2025-12-29 15:10:03 [INFO] [0;34mRetrying in 5s...[0m
2025-12-29 15:10:09 [WARN] [1;33mBackend not available (attempt 4). Retrying in 5s...[0m
2025-12-29 15:10:15 [WARN] [1;33mBackend not available (attempt 5). Retrying in 5s...[0m
2025-12-29 15:10:21 [WARN] [1;33mBackend not available (attempt 6). Retrying in 5s...[0m
2025-12-29 15:10:26 [WARN] [1;33mBackend not available (attempt 7). Retrying in 5s...[0m
2025-12-29 15:10:31 [WARN] [1;33mBackend not available (attempt 8). Retrying in 5s...[0m
2025-12-29 15:10:37 [WARN] [1;33mBackend not available (attempt 9). Retrying in 5s...[0m
2025-12-29 15:10:42 [WARN] [1;33mBackend not available (attempt 10). Retrying in 5s...[0m
2025-12-29 15:10:47 [WARN] [1;33mBackend not available (attempt 11). Retrying in 5s...[0m
2025-12-29 15:10:52 [WARN] [1;33mBackend not available (attempt 12). Retrying in 5s...[0m
2025-12-29 15:10:57 [WARN] [1;33mBackend not available (attempt 13). Retrying in 5s...[0m
2025-12-29 15:11:02 [WARN] [1;33mBackend not available (attempt 14). Retrying in 5s...[0m
2025-12-29 15:11:07 [WARN] [1;33mBackend not available (attempt 15). Retrying in 5s...[0m
2025-12-29 15:11:12 [WARN] [1;33mBackend not available (attempt 16). Retrying in 5s...[0m
2025-12-29 15:11:18 [WARN] [1;33mBackend not available (attempt 17). Retrying in 5s...[0m
2025-12-29 15:11:23 [WARN] [1;33mBackend not available (attempt 18). Retrying in 5s...[0m
2025-12-29 15:11:28 [WARN] [1;33mBackend not available (attempt 19). Retrying in 5s...[0m
2025-12-29 15:11:33 [WARN] [1;33mBackend not available (attempt 20). Retrying in 5s...[0m
2025-12-29 15:11:38 [WARN] [1;33mBackend not available (attempt 21). Retrying in 5s...[0m
2025-12-29 15:11:43 [WARN] [1;33mBackend not available (attempt 22). Retrying in 5s...[0m
2025-12-29 15:11:49 [WARN] [1;33mBackend not available (attempt 23). Retrying in 5s...[0m
2025-12-29 15:11:54 [WARN] [1;33mBackend not available (attempt 24). Retrying in 5s...[0m
2025-12-29 15:11:59 [WARN] [1;33mBackend not available (attempt 25). Retrying in 5s...[0m
2025-12-29 15:12:05 [WARN] [1;33mBackend not available (attempt 26). Retrying in 5s...[0m
2025-12-29 15:12:10 [WARN] [1;33mBackend not available (attempt 27). Retrying in 5s...[0m
2025-12-29 15:12:15 [WARN] [1;33mBackend not available (attempt 28). Retrying in 5s...[0m
2025-12-29 15:12:20 [WARN] [1;33mBackend not available (attempt 29). Retrying in 5s...[0m
2025-12-29 15:12:26 [WARN] [1;33mBackend not available (attempt 30). Retrying in 5s...[0m
2025-12-29 15:12:31 [WARN] [1;33mBackend not available (attempt 31). Retrying in 5s...[0m
2025-12-29 15:12:36 [WARN] [1;33mBackend not available (attempt 32). Retrying in 5s...[0m
2025-12-29 15:12:41 [WARN] [1;33mBackend not available (attempt 33). Retrying in 5s...[0m
2025-12-29 15:12:46 [WARN] [1;33mBackend not available (attempt 34). Retrying in 5s...[0m
2025-12-29 15:12:53 [WARN] [1;33mBackend not available (attempt 35). Retrying in 5s...[0m
2025-12-29 15:12:58 [WARN] [1;33mBackend not available (attempt 36). Retrying in 5s...[0m
2025-12-29 15:13:03 [WARN] [1;33mBackend not available (attempt 37). Retrying in 5s...[0m
2025-12-29 15:13:08 [WARN] [1;33mBackend not available (attempt 38). Retrying in 5s...[0m
2025-12-29 15:13:13 [WARN] [1;33mBackend not available (attempt 39). Retrying in 5s...[0m
2025-12-29 15:13:20 [WARN] [1;33mBackend not available (attempt 40). Retrying in 5s...[0m
2025-12-29 15:13:25 [WARN] [1;33mBackend not available (attempt 41). Retrying in 5s...[0m
2025-12-29 15:13:30 [WARN] [1;33mBackend not available (attempt 42). Retrying in 5s...[0m
2025-12-29 15:13:36 [WARN] [1;33mBackend not available (attempt 43). Retrying in 5s...[0m
2025-12-29 15:13:41 [WARN] [1;33mBackend not available (attempt 44). Retrying in 5s...[0m
2025-12-29 15:13:46 [WARN] [1;33mBackend not available (attempt 45). Retrying in 5s...[0m
2025-12-29 15:13:51 [WARN] [1;33mBackend not available (attempt 46). Retrying in 5s...[0m
2025-12-29 15:13:56 [WARN] [1;33mBackend not available (attempt 47). Retrying in 5s...[0m
2025-12-29 15:14:01 [WARN] [1;33mBackend not available (attempt 48). Retrying in 5s...[0m
2025-12-29 15:14:07 [WARN] [1;33mBackend not available (attempt 49). Retrying in 5s...[0m
2025-12-29 15:14:12 [WARN] [1;33mBackend not available (attempt 50). Retrying in 5s...[0m
2025-12-29 15:14:17 [WARN] [1;33mBackend not available (attempt 51). Retrying in 5s...[0m
2025-12-29 15:14:22 [WARN] [1;33mBackend not available (attempt 52). Retrying in 5s...[0m
2025-12-29 15:14:28 [WARN] [1;33mBackend not available (attempt 53). Retrying in 5s...[0m
2025-12-29 15:14:33 [WARN] [1;33mBackend not available (attempt 54). Retrying in 5s...[0m
2025-12-29 15:14:38 [WARN] [1;33mBackend not available (attempt 55). Retrying in 5s...[0m
2025-12-29 15:14:43 [WARN] [1;33mBackend not available (attempt 56). Retrying in 5s...[0m
2025-12-29 15:14:48 [WARN] [1;33mBackend not available (attempt 57). Retrying in 5s...[0m
2025-12-29 15:14:53 [WARN] [1;33mBackend not available (attempt 58). Retrying in 5s...[0m
2025-12-29 15:14:58 [WARN] [1;33mBackend not available (attempt 59). Retrying in 5s...[0m
2025-12-29 15:15:04 [WARN] [1;33mBackend not available (attempt 60). Retrying in 5s...[0m
2025-12-29 15:15:09 [WARN] [1;33mBackend not available (attempt 61). Retrying in 5s...[0m
2025-12-29 15:15:14 [WARN] [1;33mBackend not available (attempt 62). Retrying in 5s...[0m
2025-12-29 15:15:19 [WARN] [1;33mBackend not available (attempt 63). Retrying in 5s...[0m
2025-12-29 15:15:24 [WARN] [1;33mBackend not available (attempt 64). Retrying in 5s...[0m
2025-12-29 15:15:29 [WARN] [1;33mBackend not available (attempt 65). Retrying in 5s...[0m
2025-12-29 15:15:35 [WARN] [1;33mBackend not available (attempt 66). Retrying in 5s...[0m
2025-12-29 15:15:40 [WARN] [1;33mBackend not available (attempt 67). Retrying in 5s...[0m
2025-12-29 15:15:45 [WARN] [1;33mBackend not available (attempt 68). Retrying in 5s...[0m
2025-12-29 15:15:50 [WARN] [1;33mBackend not available (attempt 69). Retrying in 5s...[0m
2025-12-29 15:15:56 [WARN] [1;33mBackend not available (attempt 70). Retrying in 5s...[0m
2025-12-29 15:16:01 [WARN] [1;33mBackend not available (attempt 71). Retrying in 5s...[0m
2025-12-29 15:16:06 [WARN] [1;33mBackend not available (attempt 72). Retrying in 5s...[0m
2025-12-29 15:16:23 [WARN] [1;33mBackend not available (attempt 73). Retrying in 5s...[0m
2025-12-29 15:16:38 [WARN] [1;33mBackend not available (attempt 74). Retrying in 5s...[0m
2025-12-29 15:16:56 [WARN] [1;33mBackend not available (attempt 75). Retrying in 5s...[0m
2025-12-29 15:17:15 [WARN] [1;33mBackend not available (attempt 76). Retrying in 5s...[0m
2025-12-29 15:17:33 [WARN] [1;33mBackend not available (attempt 77). Retrying in 5s...[0m
2025-12-29 15:17:51 [WARN] [1;33mBackend not available (attempt 78). Retrying in 5s...[0m
2025-12-29 15:18:09 [WARN] [1;33mBackend not available (attempt 79). Retrying in 5s...[0m
2025-12-29 15:18:27 [WARN] [1;33mBackend not available (attempt 80). Retrying in 5s...[0m
2025-12-29 15:18:45 [WARN] [1;33mBackend not available (attempt 81). Retrying in 5s...[0m
2025-12-29 15:19:03 [WARN] [1;33mBackend not available (attempt 82). Retrying in 5s...[0m
2025-12-29 15:19:21 [WARN] [1;33mBackend not available (attempt 83). Retrying in 5s...[0m
2025-12-29 15:19:39 [WARN] [1;33mBackend not available (attempt 84). Retrying in 5s...[0m
2025-12-29 15:19:57 [WARN] [1;33mBackend not available (attempt 85). Retrying in 5s...[0m
2025-12-29 15:20:15 [WARN] [1;33mBackend not available (attempt 86). Retrying in 5s...[0m
2025-12-29 15:28:26 [INFO] [0;34m━━━━━━━━━━━━━━━━━━━━━━━━━━━━━━━━━━━━━━━━━━━━━━━━━[0m
2025-12-29 15:28:26 [INFO] [0;34mDrone Auto-Restart Script[0m
2025-12-29 15:28:26 [INFO] [0;34m━━━━━━━━━━━━━━━━━━━━━━━━━━━━━━━━━━━━━━━━━━━━━━━━━[0m
2025-12-29 15:28:26 [INFO] [0;34mDrone ID: austin-payload-01[0m
2025-12-29 15:28:26 [INFO] [0;34mDrone Type: rescue[0m
2025-12-29 15:28:26 [INFO] [0;34mBackend URL: http://100.111.237.50:8001[0m
2025-12-29 15:28:26 [INFO] [0;34mWebSocket URL: ws://100.111.237.50:8001[0m
2025-12-29 15:28:26 [INFO] [0;34mScript: /home/homa1/homa1/code_base/HOMA-1.0/aruco_.py[0m
2025-12-29 15:28:26 [SUCCESS] [0;32mVirtual environment activated: /home/homa1/homa1/homa1_venv[0m
2025-12-29 15:28:26 [INFO] [0;34mLog: /home/homa1/homa1/code_base/HOMA-1.0/logs/austin-payload-01_20251229.log[0m
2025-12-29 15:28:26 [INFO] [0;34m━━━━━━━━━━━━━━━━━━━━━━━━━━━━━━━━━━━━━━━━━━━━━━━━━[0m
2025-12-29 15:28:26 [INFO] [0;34mChecking if backend is available at http://100.111.237.50:8001...[0m
2025-12-29 15:28:26 [INFO] [0;34mWebSocket URL: ws://100.111.237.50:8001[0m
2025-12-29 15:28:26 [SUCCESS] [0;32mBackend is online and reachable![0m
2025-12-29 15:28:26 [INFO] [0;34mChecking for existing drone script processes...[0m
2025-12-29 15:28:26 [INFO] [0;34mNo existing processes found[0m
2025-12-29 15:28:26 [INFO] [0;34mStarting drone script...[0m
2025-12-29 15:28:26 [INFO] [0;34mScript path: /home/homa1/homa1/code_base/HOMA-1.0/aruco_.py[0m
2025-12-29 15:28:26 [SUCCESS] [0;32mDrone script started (PID: 13449)[0m
2025-12-29 15:32:22 [ERROR] [0;31m━━━━━━━━━━━━━━━━━━━━━━━━━━━━━━━━━━━━━━━━━━━━━━━━━[0m
2025-12-29 15:32:22 [ERROR] [0;31m🔌 BACKEND CONNECTION LOST (Exit code: 11)[0m
2025-12-29 15:32:22 [ERROR] [0;31m━━━━━━━━━━━━━━━━━━━━━━━━━━━━━━━━━━━━━━━━━━━━━━━━━[0m
2025-12-29 15:32:22 [WARN] [1;33mBackend disconnected - will wait for it to come back online[0m
2025-12-29 15:32:22 [INFO] [0;34mWaiting for backend to become available...[0m
2025-12-29 15:32:22 [INFO] [0;34mChecking if backend is available at http://100.111.237.50:8001...[0m
2025-12-29 15:32:22 [INFO] [0;34mWebSocket URL: ws://100.111.237.50:8001[0m
2025-12-29 15:32:34 [SUCCESS] [0;32mBackend is online and reachable![0m
2025-12-29 15:32:34 [INFO] [0;34mChecking for existing drone script processes...[0m
2025-12-29 15:32:34 [INFO] [0;34mNo existing processes found[0m
2025-12-29 15:32:34 [INFO] [0;34mStarting drone script...[0m
2025-12-29 15:32:34 [INFO] [0;34mScript path: /home/homa1/homa1/code_base/HOMA-1.0/aruco_.py[0m
2025-12-29 15:32:34 [SUCCESS] [0;32mDrone script started (PID: 14482)[0m
2025-12-29 15:33:22 [ERROR] [0;31m━━━━━━━━━━━━━━━━━━━━━━━━━━━━━━━━━━━━━━━━━━━━━━━━━[0m
2025-12-29 15:33:22 [ERROR] [0;31m🔌 BACKEND CONNECTION LOST (Exit code: 11)[0m
2025-12-29 15:33:22 [ERROR] [0;31m━━━━━━━━━━━━━━━━━━━━━━━━━━━━━━━━━━━━━━━━━━━━━━━━━[0m
2025-12-29 15:33:22 [WARN] [1;33mBackend disconnected - will wait for it to come back online[0m
2025-12-29 15:33:22 [INFO] [0;34mWaiting for backend to become available...[0m
2025-12-29 15:33:22 [INFO] [0;34mChecking if backend is available at http://100.111.237.50:8001...[0m
2025-12-29 15:33:22 [INFO] [0;34mWebSocket URL: ws://100.111.237.50:8001[0m
2025-12-29 15:33:35 [WARN] [1;33mBackend not reachable (attempt 1)[0m
2025-12-29 15:33:35 [INFO] [0;34mTrying: curl http://100.111.237.50:8001/health[0m
2025-12-29 15:33:35 [INFO] [0;34mRetrying in 5s...[0m
2025-12-29 15:33:42 [SUCCESS] [0;32mBackend is online and reachable![0m
2025-12-29 15:33:42 [INFO] [0;34mChecking for existing drone script processes...[0m
2025-12-29 15:33:42 [INFO] [0;34mNo existing processes found[0m
2025-12-29 15:33:42 [INFO] [0;34mStarting drone script...[0m
2025-12-29 15:33:42 [INFO] [0;34mScript path: /home/homa1/homa1/code_base/HOMA-1.0/aruco_.py[0m
2025-12-29 15:33:42 [SUCCESS] [0;32mDrone script started (PID: 14969)[0m
2025-12-29 15:34:40 [ERROR] [0;31m━━━━━━━━━━━━━━━━━━━━━━━━━━━━━━━━━━━━━━━━━━━━━━━━━[0m
2025-12-29 15:34:40 [ERROR] [0;31m🔌 BACKEND CONNECTION LOST (Exit code: 11)[0m
2025-12-29 15:34:40 [ERROR] [0;31m━━━━━━━━━━━━━━━━━━━━━━━━━━━━━━━━━━━━━━━━━━━━━━━━━[0m
2025-12-29 15:34:40 [WARN] [1;33mBackend disconnected - will wait for it to come back online[0m
2025-12-29 15:34:40 [INFO] [0;34mWaiting for backend to become available...[0m
2025-12-29 15:34:40 [INFO] [0;34mChecking if backend is available at http://100.111.237.50:8001...[0m
2025-12-29 15:34:40 [INFO] [0;34mWebSocket URL: ws://100.111.237.50:8001[0m
2025-12-29 15:34:53 [WARN] [1;33mBackend not reachable (attempt 1)[0m
2025-12-29 15:34:53 [INFO] [0;34mTrying: curl http://100.111.237.50:8001/health[0m
2025-12-29 15:34:53 [INFO] [0;34mRetrying in 5s...[0m
2025-12-29 15:35:11 [WARN] [1;33mBackend not reachable (attempt 2)[0m
2025-12-29 15:35:11 [INFO] [0;34mTrying: curl http://100.111.237.50:8001/health[0m
2025-12-29 15:35:11 [INFO] [0;34mRetrying in 5s...[0m
2025-12-29 15:35:29 [WARN] [1;33mBackend not reachable (attempt 3)[0m
2025-12-29 15:35:29 [INFO] [0;34mTrying: curl http://100.111.237.50:8001/health[0m
2025-12-29 15:35:29 [INFO] [0;34mRetrying in 5s...[0m
2025-12-29 15:35:47 [WARN] [1;33mBackend not available (attempt 4). Retrying in 5s...[0m
2025-12-29 15:35:53 [SUCCESS] [0;32mBackend is online and reachable![0m
2025-12-29 15:35:53 [INFO] [0;34mChecking for existing drone script processes...[0m
2025-12-29 15:35:53 [INFO] [0;34mNo existing processes found[0m
2025-12-29 15:35:53 [INFO] [0;34mStarting drone script...[0m
2025-12-29 15:35:53 [INFO] [0;34mScript path: /home/homa1/homa1/code_base/HOMA-1.0/aruco_.py[0m
2025-12-29 15:35:53 [SUCCESS] [0;32mDrone script started (PID: 15746)[0m
2025-12-29 15:37:31 [ERROR] [0;31m━━━━━━━━━━━━━━━━━━━━━━━━━━━━━━━━━━━━━━━━━━━━━━━━━[0m
2025-12-29 15:37:31 [ERROR] [0;31m🔌 BACKEND CONNECTION LOST (Exit code: 11)[0m
2025-12-29 15:37:31 [ERROR] [0;31m━━━━━━━━━━━━━━━━━━━━━━━━━━━━━━━━━━━━━━━━━━━━━━━━━[0m
2025-12-29 15:37:31 [WARN] [1;33mBackend disconnected - will wait for it to come back online[0m
2025-12-29 15:37:31 [INFO] [0;34mWaiting for backend to become available...[0m
2025-12-29 15:37:31 [INFO] [0;34mChecking if backend is available at http://100.111.237.50:8001...[0m
2025-12-29 15:37:31 [INFO] [0;34mWebSocket URL: ws://100.111.237.50:8001[0m
2025-12-29 15:37:44 [WARN] [1;33mBackend not reachable (attempt 1)[0m
2025-12-29 15:37:44 [INFO] [0;34mTrying: curl http://100.111.237.50:8001/health[0m
2025-12-29 15:37:44 [INFO] [0;34mRetrying in 5s...[0m
2025-12-29 15:38:02 [WARN] [1;33mBackend not reachable (attempt 2)[0m
2025-12-29 15:38:02 [INFO] [0;34mTrying: curl http://100.111.237.50:8001/health[0m
2025-12-29 15:38:02 [INFO] [0;34mRetrying in 5s...[0m
2025-12-29 15:38:20 [WARN] [1;33mBackend not reachable (attempt 3)[0m
2025-12-29 15:38:20 [INFO] [0;34mTrying: curl http://100.111.237.50:8001/health[0m
2025-12-29 15:38:20 [INFO] [0;34mRetrying in 5s...[0m
2025-12-29 15:38:34 [SUCCESS] [0;32mBackend is online and reachable![0m
2025-12-29 15:38:34 [INFO] [0;34mChecking for existing drone script processes...[0m
2025-12-29 15:38:34 [INFO] [0;34mNo existing processes found[0m
2025-12-29 15:38:34 [INFO] [0;34mStarting drone script...[0m
2025-12-29 15:38:34 [INFO] [0;34mScript path: /home/homa1/homa1/code_base/HOMA-1.0/aruco_.py[0m
2025-12-29 15:38:34 [SUCCESS] [0;32mDrone script started (PID: 16566)[0m
2025-12-29 15:38:45 [ERROR] [0;31m━━━━━━━━━━━━━━━━━━━━━━━━━━━━━━━━━━━━━━━━━━━━━━━━━[0m
2025-12-29 15:38:45 [ERROR] [0;31m⚠️  CRITICAL ERROR (Exit code: 12)[0m
2025-12-29 15:38:45 [ERROR] [0;31m━━━━━━━━━━━━━━━━━━━━━━━━━━━━━━━━━━━━━━━━━━━━━━━━━[0m
2025-12-29 15:38:45 [ERROR] [0;31mManual intervention may be required[0m
2025-12-29 15:38:45 [WARN] [1;33mWaiting 30s before restart...[0m
2025-12-29 15:39:15 [INFO] [0;34m━━━━━━━━━━━━━━━━━━━━━━━━━━━━━━━━━━━━━━━━━━━━━━━━━[0m
2025-12-29 15:39:15 [INFO] [0;34mInitiating restart cycle...[0m
2025-12-29 15:39:15 [INFO] [0;34mChecking if backend is available at http://100.111.237.50:8001...[0m
2025-12-29 15:39:15 [INFO] [0;34mWebSocket URL: ws://100.111.237.50:8001[0m
2025-12-29 15:39:16 [SUCCESS] [0;32mBackend is online and reachable![0m
2025-12-29 15:39:16 [INFO] [0;34mChecking for existing drone script processes...[0m
2025-12-29 15:39:16 [INFO] [0;34mNo existing processes found[0m
2025-12-29 15:39:16 [INFO] [0;34mStarting drone script...[0m
2025-12-29 15:39:16 [INFO] [0;34mScript path: /home/homa1/homa1/code_base/HOMA-1.0/aruco_.py[0m
2025-12-29 15:39:16 [SUCCESS] [0;32mDrone script started (PID: 16809)[0m
2025-12-29 15:39:32 [ERROR] [0;31m━━━━━━━━━━━━━━━━━━━━━━━━━━━━━━━━━━━━━━━━━━━━━━━━━[0m
2025-12-29 15:39:32 [ERROR] [0;31m⚠️  CRITICAL ERROR (Exit code: 12)[0m
2025-12-29 15:39:32 [ERROR] [0;31m━━━━━━━━━━━━━━━━━━━━━━━━━━━━━━━━━━━━━━━━━━━━━━━━━[0m
2025-12-29 15:39:32 [ERROR] [0;31mManual intervention may be required[0m
2025-12-29 15:39:32 [WARN] [1;33mWaiting 30s before restart...[0m
2025-12-29 15:40:02 [INFO] [0;34m━━━━━━━━━━━━━━━━━━━━━━━━━━━━━━━━━━━━━━━━━━━━━━━━━[0m
2025-12-29 15:40:02 [INFO] [0;34mInitiating restart cycle...[0m
2025-12-29 15:40:02 [INFO] [0;34mChecking if backend is available at http://100.111.237.50:8001...[0m
2025-12-29 15:40:02 [INFO] [0;34mWebSocket URL: ws://100.111.237.50:8001[0m
2025-12-29 15:40:02 [SUCCESS] [0;32mBackend is online and reachable![0m
2025-12-29 15:40:02 [INFO] [0;34mChecking for existing drone script processes...[0m
2025-12-29 15:40:02 [INFO] [0;34mNo existing processes found[0m
2025-12-29 15:40:02 [INFO] [0;34mStarting drone script...[0m
2025-12-29 15:40:02 [INFO] [0;34mScript path: /home/homa1/homa1/code_base/HOMA-1.0/aruco_.py[0m
2025-12-29 15:40:02 [SUCCESS] [0;32mDrone script started (PID: 17185)[0m
2025-12-29 15:49:24 [ERROR] [0;31m━━━━━━━━━━━━━━━━━━━━━━━━━━━━━━━━━━━━━━━━━━━━━━━━━[0m
2025-12-29 15:49:24 [ERROR] [0;31m🔌 BACKEND CONNECTION LOST (Exit code: 11)[0m
2025-12-29 15:49:24 [ERROR] [0;31m━━━━━━━━━━━━━━━━━━━━━━━━━━━━━━━━━━━━━━━━━━━━━━━━━[0m
2025-12-29 15:49:24 [WARN] [1;33mBackend disconnected - will wait for it to come back online[0m
2025-12-29 15:49:24 [INFO] [0;34mWaiting for backend to become available...[0m
2025-12-29 15:49:24 [INFO] [0;34mChecking if backend is available at http://100.111.237.50:8001...[0m
2025-12-29 15:49:24 [INFO] [0;34mWebSocket URL: ws://100.111.237.50:8001[0m
2025-12-29 15:49:24 [WARN] [1;33mBackend not reachable (attempt 1)[0m
2025-12-29 15:49:24 [INFO] [0;34mTrying: curl http://100.111.237.50:8001/health[0m
2025-12-29 15:49:24 [INFO] [0;34mRetrying in 5s...[0m
2025-12-29 15:49:29 [WARN] [1;33mBackend not reachable (attempt 2)[0m
2025-12-29 15:49:29 [INFO] [0;34mTrying: curl http://100.111.237.50:8001/health[0m
2025-12-29 15:49:29 [INFO] [0;34mRetrying in 5s...[0m
2025-12-29 15:49:37 [WARN] [1;33mBackend not reachable (attempt 3)[0m
2025-12-29 15:49:37 [INFO] [0;34mTrying: curl http://100.111.237.50:8001/health[0m
2025-12-29 15:49:37 [INFO] [0;34mRetrying in 5s...[0m
2025-12-29 15:49:45 [WARN] [1;33mBackend not available (attempt 4). Retrying in 5s...[0m
2025-12-29 15:49:51 [WARN] [1;33mBackend not available (attempt 5). Retrying in 5s...[0m
2025-12-29 15:49:57 [WARN] [1;33mBackend not available (attempt 6). Retrying in 5s...[0m
2025-12-29 15:50:09 [WARN] [1;33mBackend not available (attempt 7). Retrying in 5s...[0m
2025-12-29 15:50:27 [WARN] [1;33mBackend not available (attempt 8). Retrying in 5s...[0m
2025-12-29 15:50:45 [WARN] [1;33mBackend not available (attempt 9). Retrying in 5s...[0m
2025-12-29 15:50:57 [WARN] [1;33mBackend not available (attempt 10). Retrying in 5s...[0m
2025-12-29 15:51:07 [WARN] [1;33mBackend not available (attempt 11). Retrying in 5s...[0m
2025-12-29 15:51:13 [WARN] [1;33mBackend not available (attempt 12). Retrying in 5s...[0m
2025-12-29 15:51:19 [WARN] [1;33mBackend not available (attempt 13). Retrying in 5s...[0m
2025-12-29 15:51:33 [WARN] [1;33mBackend not available (attempt 14). Retrying in 5s...[0m
2025-12-29 15:51:52 [WARN] [1;33mBackend not available (attempt 15). Retrying in 5s...[0m
2025-12-29 15:52:10 [WARN] [1;33mBackend not available (attempt 16). Retrying in 5s...[0m
2025-12-29 15:52:28 [WARN] [1;33mBackend not available (attempt 17). Retrying in 5s...[0m
2025-12-29 15:52:46 [WARN] [1;33mBackend not available (attempt 18). Retrying in 5s...[0m
2025-12-29 15:53:04 [WARN] [1;33mBackend not available (attempt 19). Retrying in 5s...[0m
2025-12-29 15:53:10 [SUCCESS] [0;32mBackend is online and reachable![0m
2025-12-29 15:53:10 [INFO] [0;34mChecking for existing drone script processes...[0m
2025-12-29 15:53:10 [INFO] [0;34mNo existing processes found[0m
2025-12-29 15:53:10 [INFO] [0;34mStarting drone script...[0m
2025-12-29 15:53:10 [INFO] [0;34mScript path: /home/homa1/homa1/code_base/HOMA-1.0/aruco_.py[0m
2025-12-29 15:53:10 [SUCCESS] [0;32mDrone script started (PID: 20953)[0m
2025-12-29 15:55:03 [WARN] [1;33mShutdown signal received. Cleaning up...[0m
2025-12-29 15:55:03 [INFO] [0;34mKilling drone script (PID: 20953)...[0m
2025-12-29 15:55:04 [WARN] [1;33mShutdown signal received. Cleaning up...[0m
2025-12-29 15:55:04 [SUCCESS] [0;32mCleanup complete. Exiting.[0m
2025-12-29 15:55:44 [INFO] [0;34m━━━━━━━━━━━━━━━━━━━━━━━━━━━━━━━━━━━━━━━━━━━━━━━━━[0m
2025-12-29 15:55:44 [INFO] [0;34mDrone Auto-Restart Script[0m
2025-12-29 15:55:44 [INFO] [0;34m━━━━━━━━━━━━━━━━━━━━━━━━━━━━━━━━━━━━━━━━━━━━━━━━━[0m
2025-12-29 15:55:44 [INFO] [0;34mDrone ID: austin-payload-01[0m
2025-12-29 15:55:44 [INFO] [0;34mDrone Type: rescue[0m
2025-12-29 15:55:44 [INFO] [0;34mBackend URL: http://100.111.237.50:8001[0m
2025-12-29 15:55:44 [INFO] [0;34mWebSocket URL: ws://100.111.237.50:8001[0m
2025-12-29 15:55:44 [INFO] [0;34mScript: /home/homa1/homa1/code_base/HOMA-1.0/aruco_.py[0m
2025-12-29 15:55:44 [SUCCESS] [0;32mVirtual environment activated: /home/homa1/homa1/homa1_venv[0m
2025-12-29 15:55:44 [INFO] [0;34mLog: /home/homa1/homa1/code_base/HOMA-1.0/logs/austin-payload-01_20251229.log[0m
2025-12-29 15:55:44 [INFO] [0;34m━━━━━━━━━━━━━━━━━━━━━━━━━━━━━━━━━━━━━━━━━━━━━━━━━[0m
2025-12-29 15:55:44 [INFO] [0;34mChecking if backend is available at http://100.111.237.50:8001...[0m
2025-12-29 15:55:44 [INFO] [0;34mWebSocket URL: ws://100.111.237.50:8001[0m
2025-12-29 15:55:44 [SUCCESS] [0;32mBackend is online and reachable![0m
2025-12-29 15:55:44 [INFO] [0;34mChecking for existing drone script processes...[0m
2025-12-29 15:55:44 [INFO] [0;34mNo existing processes found[0m
2025-12-29 15:55:44 [INFO] [0;34mStarting drone script...[0m
2025-12-29 15:55:44 [INFO] [0;34mScript path: /home/homa1/homa1/code_base/HOMA-1.0/aruco_.py[0m
2025-12-29 15:55:44 [SUCCESS] [0;32mDrone script started (PID: 23148)[0m
2025-12-29 15:57:42 [WARN] [1;33mShutdown signal received. Cleaning up...[0m
2025-12-29 15:57:42 [INFO] [0;34mKilling drone script (PID: 23148)...[0m
2025-12-29 15:57:43 [WARN] [1;33mShutdown signal received. Cleaning up...[0m
2025-12-29 15:57:43 [SUCCESS] [0;32mCleanup complete. Exiting.[0m
2025-12-29 16:07:32 [INFO] [0;34m━━━━━━━━━━━━━━━━━━━━━━━━━━━━━━━━━━━━━━━━━━━━━━━━━[0m
2025-12-29 16:07:32 [INFO] [0;34mDrone Auto-Restart Script[0m
2025-12-29 16:07:32 [INFO] [0;34m━━━━━━━━━━━━━━━━━━━━━━━━━━━━━━━━━━━━━━━━━━━━━━━━━[0m
2025-12-29 16:07:32 [INFO] [0;34mDrone ID: austin-payload-01[0m
2025-12-29 16:07:32 [INFO] [0;34mDrone Type: rescue[0m
2025-12-29 16:07:32 [INFO] [0;34mBackend URL: http://100.111.237.50:8001[0m
2025-12-29 16:07:32 [INFO] [0;34mWebSocket URL: ws://100.111.237.50:8001[0m
2025-12-29 16:07:32 [INFO] [0;34mScript: /home/homa1/homa1/code_base/HOMA-1.0/aruco_.py[0m
2025-12-29 16:07:32 [SUCCESS] [0;32mVirtual environment activated: /home/homa1/homa1/homa1_venv[0m
2025-12-29 16:07:32 [INFO] [0;34mLog: /home/homa1/homa1/code_base/HOMA-1.0/logs/austin-payload-01_20251229.log[0m
2025-12-29 16:07:32 [INFO] [0;34m━━━━━━━━━━━━━━━━━━━━━━━━━━━━━━━━━━━━━━━━━━━━━━━━━[0m
2025-12-29 16:07:32 [INFO] [0;34mChecking if backend is available at http://100.111.237.50:8001...[0m
2025-12-29 16:07:32 [INFO] [0;34mWebSocket URL: ws://100.111.237.50:8001[0m
2025-12-29 16:07:32 [SUCCESS] [0;32mBackend is online and reachable![0m
2025-12-29 16:07:32 [INFO] [0;34mChecking for existing drone script processes...[0m
2025-12-29 16:07:32 [INFO] [0;34mNo existing processes found[0m
2025-12-29 16:07:32 [INFO] [0;34mStarting drone script...[0m
2025-12-29 16:07:32 [INFO] [0;34mScript path: /home/homa1/homa1/code_base/HOMA-1.0/aruco_.py[0m
2025-12-29 16:07:32 [SUCCESS] [0;32mDrone script started (PID: 3817)[0m
2025-12-29 16:09:56 [WARN] [1;33mShutdown signal received. Cleaning up...[0m
2025-12-29 16:09:56 [INFO] [0;34mKilling drone script (PID: 3817)...[0m
2025-12-29 16:09:56 [WARN] [1;33mShutdown signal received. Cleaning up...[0m
2025-12-29 16:09:56 [SUCCESS] [0;32mCleanup complete. Exiting.[0m
2025-12-29 16:15:50 [INFO] [0;34m━━━━━━━━━━━━━━━━━━━━━━━━━━━━━━━━━━━━━━━━━━━━━━━━━[0m
2025-12-29 16:15:50 [INFO] [0;34mDrone Auto-Restart Script[0m
2025-12-29 16:15:50 [INFO] [0;34m━━━━━━━━━━━━━━━━━━━━━━━━━━━━━━━━━━━━━━━━━━━━━━━━━[0m
2025-12-29 16:15:50 [INFO] [0;34mDrone ID: austin-payload-01[0m
2025-12-29 16:15:50 [INFO] [0;34mDrone Type: rescue[0m
2025-12-29 16:15:50 [INFO] [0;34mBackend URL: http://100.111.237.50:8001[0m
2025-12-29 16:15:50 [INFO] [0;34mWebSocket URL: ws://100.111.237.50:8001[0m
2025-12-29 16:15:50 [INFO] [0;34mScript: /home/homa1/homa1/code_base/HOMA-1.0/aruco_.py[0m
2025-12-29 16:15:50 [SUCCESS] [0;32mVirtual environment activated: /home/homa1/homa1/homa1_venv[0m
2025-12-29 16:15:50 [INFO] [0;34mLog: /home/homa1/homa1/code_base/HOMA-1.0/logs/austin-payload-01_20251229.log[0m
2025-12-29 16:15:50 [INFO] [0;34m━━━━━━━━━━━━━━━━━━━━━━━━━━━━━━━━━━━━━━━━━━━━━━━━━[0m
2025-12-29 16:15:50 [INFO] [0;34mChecking if backend is available at http://100.111.237.50:8001...[0m
2025-12-29 16:15:50 [INFO] [0;34mWebSocket URL: ws://100.111.237.50:8001[0m
2025-12-29 16:15:50 [SUCCESS] [0;32mBackend is online and reachable![0m
2025-12-29 16:15:50 [INFO] [0;34mChecking for existing drone script processes...[0m
2025-12-29 16:15:50 [INFO] [0;34mNo existing processes found[0m
2025-12-29 16:15:50 [INFO] [0;34mStarting drone script...[0m
2025-12-29 16:15:50 [INFO] [0;34mScript path: /home/homa1/homa1/code_base/HOMA-1.0/aruco_.py[0m
2025-12-29 16:15:50 [SUCCESS] [0;32mDrone script started (PID: 4484)[0m
