2025-12-31 12:00:39 [INFO] [0;34m━━━━━━━━━━━━━━━━━━━━━━━━━━━━━━━━━━━━━━━━━━━━━━━━━[0m
2025-12-31 12:00:39 [INFO] [0;34mDrone Auto-Restart Script[0m
2025-12-31 12:00:39 [INFO] [0;34m━━━━━━━━━━━━━━━━━━━━━━━━━━━━━━━━━━━━━━━━━━━━━━━━━[0m
2025-12-31 12:00:39 [INFO] [0;34mDrone ID: austin-payload-01[0m
2025-12-31 12:00:39 [INFO] [0;34mDrone Type: rescue[0m
2025-12-31 12:00:39 [INFO] [0;34mBackend URL: http://100.88.6.111:8001[0m
2025-12-31 12:00:39 [INFO] [0;34mWebSocket URL: ws://100.88.6.111:8001[0m
2025-12-31 12:00:39 [INFO] [0;34mScript: /home/homa1/homa1/code_base/HOMA-1.0/aruco_.py[0m
2025-12-31 12:00:39 [SUCCESS] [0;32mVirtual environment activated: /home/homa1/homa1/homa1_venv[0m
2025-12-31 12:00:39 [INFO] [0;34mLog: /home/homa1/homa1/code_base/HOMA-1.0/logs/austin-payload-01_20251231.log[0m
2025-12-31 12:00:39 [INFO] [0;34m━━━━━━━━━━━━━━━━━━━━━━━━━━━━━━━━━━━━━━━━━━━━━━━━━[0m
2025-12-31 12:00:39 [INFO] [0;34mChecking if backend is available at http://100.88.6.111:8001...[0m
2025-12-31 12:00:39 [INFO] [0;34mWebSocket URL: ws://100.88.6.111:8001[0m
2025-12-31 12:00:49 [SUCCESS] [0;32mBackend is online and reachable![0m
2025-12-31 12:00:49 [INFO] [0;34mChecking for existing drone script processes...[0m
2025-12-31 12:00:49 [INFO] [0;34mNo existing processes found[0m
2025-12-31 12:00:49 [INFO] [0;34mStarting drone script...[0m
2025-12-31 12:00:49 [INFO] [0;34mScript path: /home/homa1/homa1/code_base/HOMA-1.0/aruco_.py[0m
2025-12-31 12:00:49 [SUCCESS] [0;32mDrone script started (PID: 10388)[0m
2025-12-31 12:01:05 [ERROR] [0;31mScript crashed with exit code: 1[0m
2025-12-31 12:01:05 [ERROR] [0;31mConsecutive failures: 1[0m
2025-12-31 12:01:05 [INFO] [0;34mRestarting in 3s...[0m
2025-12-31 12:01:08 [INFO] [0;34m━━━━━━━━━━━━━━━━━━━━━━━━━━━━━━━━━━━━━━━━━━━━━━━━━[0m
2025-12-31 12:01:08 [INFO] [0;34mInitiating restart cycle...[0m
2025-12-31 12:01:08 [INFO] [0;34mChecking if backend is available at http://100.88.6.111:8001...[0m
2025-12-31 12:01:08 [INFO] [0;34mWebSocket URL: ws://100.88.6.111:8001[0m
2025-12-31 12:01:08 [SUCCESS] [0;32mBackend is online and reachable![0m
2025-12-31 12:01:08 [INFO] [0;34mChecking for existing drone script processes...[0m
2025-12-31 12:01:09 [INFO] [0;34mNo existing processes found[0m
2025-12-31 12:01:09 [INFO] [0;34mStarting drone script...[0m
2025-12-31 12:01:09 [WARN] [1;33mShutdown signal received. Cleaning up...[0m
2025-12-31 12:01:09 [SUCCESS] [0;32mCleanup complete. Exiting.[0m
2025-12-31 12:01:46 [INFO] [0;34m━━━━━━━━━━━━━━━━━━━━━━━━━━━━━━━━━━━━━━━━━━━━━━━━━[0m
2025-12-31 12:01:46 [INFO] [0;34mDrone Auto-Restart Script[0m
2025-12-31 12:01:46 [INFO] [0;34m━━━━━━━━━━━━━━━━━━━━━━━━━━━━━━━━━━━━━━━━━━━━━━━━━[0m
2025-12-31 12:01:46 [INFO] [0;34mDrone ID: austin-payload-01[0m
2025-12-31 12:01:46 [INFO] [0;34mDrone Type: rescue[0m
2025-12-31 12:01:46 [INFO] [0;34mBackend URL: http://100.88.6.111:8001[0m
2025-12-31 12:01:46 [INFO] [0;34mWebSocket URL: ws://100.88.6.111:8001[0m
2025-12-31 12:01:46 [INFO] [0;34mScript: /home/homa1/homa1/code_base/HOMA-1.0/aruco_.py[0m
2025-12-31 12:01:46 [SUCCESS] [0;32mVirtual environment activated: /home/homa1/homa1/homa1_venv[0m
2025-12-31 12:01:46 [INFO] [0;34mLog: /home/homa1/homa1/code_base/HOMA-1.0/logs/austin-payload-01_20251231.log[0m
2025-12-31 12:01:46 [INFO] [0;34m━━━━━━━━━━━━━━━━━━━━━━━━━━━━━━━━━━━━━━━━━━━━━━━━━[0m
2025-12-31 12:01:46 [INFO] [0;34mChecking if backend is available at http://100.88.6.111:8001...[0m
2025-12-31 12:01:46 [INFO] [0;34mWebSocket URL: ws://100.88.6.111:8001[0m
2025-12-31 12:01:46 [SUCCESS] [0;32mBackend is online and reachable![0m
2025-12-31 12:01:46 [INFO] [0;34mChecking for existing drone script processes...[0m
2025-12-31 12:01:46 [INFO] [0;34mNo existing processes found[0m
2025-12-31 12:01:46 [INFO] [0;34mStarting drone script...[0m
2025-12-31 12:01:46 [INFO] [0;34mScript path: /home/homa1/homa1/code_base/HOMA-1.0/aruco_.py[0m
2025-12-31 12:01:46 [SUCCESS] [0;32mDrone script started (PID: 10699)[0m
2025-12-31 12:01:55 [WARN] [1;33mShutdown signal received. Cleaning up...[0m
2025-12-31 12:01:55 [INFO] [0;34mKilling drone script (PID: 10699)...[0m
2025-12-31 12:01:55 [WARN] [1;33mShutdown signal received. Cleaning up...[0m
2025-12-31 12:01:55 [SUCCESS] [0;32mCleanup complete. Exiting.[0m
2025-12-31 12:02:19 [INFO] [0;34m━━━━━━━━━━━━━━━━━━━━━━━━━━━━━━━━━━━━━━━━━━━━━━━━━[0m
2025-12-31 12:02:19 [INFO] [0;34mDrone Auto-Restart Script[0m
2025-12-31 12:02:19 [INFO] [0;34m━━━━━━━━━━━━━━━━━━━━━━━━━━━━━━━━━━━━━━━━━━━━━━━━━[0m
2025-12-31 12:02:19 [INFO] [0;34mDrone ID: austin-payload-01[0m
2025-12-31 12:02:19 [INFO] [0;34mDrone Type: rescue[0m
2025-12-31 12:02:19 [INFO] [0;34mBackend URL: http://100.88.6.111:8001[0m
2025-12-31 12:02:19 [INFO] [0;34mWebSocket URL: ws://100.88.6.111:8001[0m
2025-12-31 12:02:19 [INFO] [0;34mScript: /home/homa1/homa1/code_base/HOMA-1.0/aruco_.py[0m
2025-12-31 12:02:19 [SUCCESS] [0;32mVirtual environment activated: /home/homa1/homa1/homa1_venv[0m
2025-12-31 12:02:19 [INFO] [0;34mLog: /home/homa1/homa1/code_base/HOMA-1.0/logs/austin-payload-01_20251231.log[0m
2025-12-31 12:02:19 [INFO] [0;34m━━━━━━━━━━━━━━━━━━━━━━━━━━━━━━━━━━━━━━━━━━━━━━━━━[0m
2025-12-31 12:02:19 [INFO] [0;34mChecking if backend is available at http://100.88.6.111:8001...[0m
2025-12-31 12:02:19 [INFO] [0;34mWebSocket URL: ws://100.88.6.111:8001[0m
2025-12-31 12:02:20 [SUCCESS] [0;32mBackend is online and reachable![0m
2025-12-31 12:02:20 [INFO] [0;34mChecking for existing drone script processes...[0m
2025-12-31 12:02:20 [INFO] [0;34mNo existing processes found[0m
2025-12-31 12:02:20 [INFO] [0;34mStarting drone script...[0m
2025-12-31 12:02:20 [INFO] [0;34mScript path: /home/homa1/homa1/code_base/HOMA-1.0/aruco_.py[0m
2025-12-31 12:02:20 [SUCCESS] [0;32mDrone script started (PID: 10901)[0m
2025-12-31 12:05:02 [WARN] [1;33mShutdown signal received. Cleaning up...[0m
2025-12-31 12:05:02 [INFO] [0;34mKilling drone script (PID: 10901)...[0m
2025-12-31 12:05:04 [SUCCESS] [0;32mCleanup complete. Exiting.[0m
2025-12-31 12:17:31 [INFO] [0;34m━━━━━━━━━━━━━━━━━━━━━━━━━━━━━━━━━━━━━━━━━━━━━━━━━[0m
2025-12-31 12:17:31 [INFO] [0;34mDrone Auto-Restart Script[0m
2025-12-31 12:17:31 [INFO] [0;34m━━━━━━━━━━━━━━━━━━━━━━━━━━━━━━━━━━━━━━━━━━━━━━━━━[0m
2025-12-31 12:17:31 [INFO] [0;34mDrone ID: austin-payload-01[0m
2025-12-31 12:17:31 [INFO] [0;34mDrone Type: rescue[0m
2025-12-31 12:17:31 [INFO] [0;34mBackend URL: http://100.88.6.111:8001[0m
2025-12-31 12:17:31 [INFO] [0;34mWebSocket URL: ws://100.88.6.111:8001[0m
2025-12-31 12:17:31 [INFO] [0;34mScript: /home/homa1/homa1/code_base/HOMA-1.0/aruco_.py[0m
2025-12-31 12:17:31 [SUCCESS] [0;32mVirtual environment activated: /home/homa1/homa1/homa1_venv[0m
2025-12-31 12:17:31 [INFO] [0;34mLog: /home/homa1/homa1/code_base/HOMA-1.0/logs/austin-payload-01_20251231.log[0m
2025-12-31 12:17:31 [INFO] [0;34m━━━━━━━━━━━━━━━━━━━━━━━━━━━━━━━━━━━━━━━━━━━━━━━━━[0m
2025-12-31 12:17:31 [INFO] [0;34mChecking if backend is available at http://100.88.6.111:8001...[0m
2025-12-31 12:17:31 [INFO] [0;34mWebSocket URL: ws://100.88.6.111:8001[0m
2025-12-31 12:17:31 [SUCCESS] [0;32mBackend is online and reachable![0m
2025-12-31 12:17:31 [INFO] [0;34mChecking for existing drone script processes...[0m
2025-12-31 12:17:31 [INFO] [0;34mNo existing processes found[0m
2025-12-31 12:17:32 [INFO] [0;34mStarting drone script...[0m
2025-12-31 12:17:32 [INFO] [0;34mScript path: /home/homa1/homa1/code_base/HOMA-1.0/aruco_.py[0m
2025-12-31 12:17:32 [SUCCESS] [0;32mDrone script started (PID: 11983)[0m
2025-12-31 12:18:56 [WARN] [1;33mShutdown signal received. Cleaning up...[0m
2025-12-31 12:18:56 [INFO] [0;34mKilling drone script (PID: 11983)...[0m
2025-12-31 12:18:58 [SUCCESS] [0;32mCleanup complete. Exiting.[0m
2025-12-31 12:19:06 [INFO] [0;34m━━━━━━━━━━━━━━━━━━━━━━━━━━━━━━━━━━━━━━━━━━━━━━━━━[0m
2025-12-31 12:19:06 [INFO] [0;34mDrone Auto-Restart Script[0m
2025-12-31 12:19:06 [INFO] [0;34m━━━━━━━━━━━━━━━━━━━━━━━━━━━━━━━━━━━━━━━━━━━━━━━━━[0m
2025-12-31 12:19:06 [INFO] [0;34mDrone ID: austin-payload-01[0m
2025-12-31 12:19:06 [INFO] [0;34mDrone Type: rescue[0m
2025-12-31 12:19:06 [INFO] [0;34mBackend URL: http://100.88.6.111:8001[0m
2025-12-31 12:19:06 [INFO] [0;34mWebSocket URL: ws://100.88.6.111:8001[0m
2025-12-31 12:19:06 [INFO] [0;34mScript: /home/homa1/homa1/code_base/HOMA-1.0/aruco_.py[0m
2025-12-31 12:19:06 [SUCCESS] [0;32mVirtual environment activated: /home/homa1/homa1/homa1_venv[0m
2025-12-31 12:19:06 [INFO] [0;34mLog: /home/homa1/homa1/code_base/HOMA-1.0/logs/austin-payload-01_20251231.log[0m
2025-12-31 12:19:06 [INFO] [0;34m━━━━━━━━━━━━━━━━━━━━━━━━━━━━━━━━━━━━━━━━━━━━━━━━━[0m
2025-12-31 12:19:06 [INFO] [0;34mChecking if backend is available at http://100.88.6.111:8001...[0m
2025-12-31 12:19:06 [INFO] [0;34mWebSocket URL: ws://100.88.6.111:8001[0m
2025-12-31 12:19:07 [SUCCESS] [0;32mBackend is online and reachable![0m
2025-12-31 12:19:07 [INFO] [0;34mChecking for existing drone script processes...[0m
2025-12-31 12:19:07 [INFO] [0;34mNo existing processes found[0m
2025-12-31 12:19:07 [INFO] [0;34mStarting drone script...[0m
2025-12-31 12:19:07 [INFO] [0;34mScript path: /home/homa1/homa1/code_base/HOMA-1.0/aruco_.py[0m
2025-12-31 12:19:07 [SUCCESS] [0;32mDrone script started (PID: 12507)[0m
2025-12-31 12:19:32 [WARN] [1;33mShutdown signal received. Cleaning up...[0m
2025-12-31 12:19:32 [INFO] [0;34mKilling drone script (PID: 12507)...[0m
2025-12-31 12:19:34 [SUCCESS] [0;32mCleanup complete. Exiting.[0m
2025-12-31 12:19:56 [INFO] [0;34m━━━━━━━━━━━━━━━━━━━━━━━━━━━━━━━━━━━━━━━━━━━━━━━━━[0m
2025-12-31 12:19:56 [INFO] [0;34mDrone Auto-Restart Script[0m
2025-12-31 12:19:56 [INFO] [0;34m━━━━━━━━━━━━━━━━━━━━━━━━━━━━━━━━━━━━━━━━━━━━━━━━━[0m
2025-12-31 12:19:56 [INFO] [0;34mDrone ID: austin-payload-01[0m
2025-12-31 12:19:56 [INFO] [0;34mDrone Type: rescue[0m
2025-12-31 12:19:56 [INFO] [0;34mBackend URL: http://100.88.6.111:8001[0m
2025-12-31 12:19:56 [INFO] [0;34mWebSocket URL: ws://100.88.6.111:8001[0m
2025-12-31 12:19:56 [INFO] [0;34mScript: /home/homa1/homa1/code_base/HOMA-1.0/aruco_.py[0m
2025-12-31 12:19:56 [SUCCESS] [0;32mVirtual environment activated: /home/homa1/homa1/homa1_venv[0m
2025-12-31 12:19:56 [INFO] [0;34mLog: /home/homa1/homa1/code_base/HOMA-1.0/logs/austin-payload-01_20251231.log[0m
2025-12-31 12:19:56 [INFO] [0;34m━━━━━━━━━━━━━━━━━━━━━━━━━━━━━━━━━━━━━━━━━━━━━━━━━[0m
2025-12-31 12:19:56 [INFO] [0;34mChecking if backend is available at http://100.88.6.111:8001...[0m
2025-12-31 12:19:56 [INFO] [0;34mWebSocket URL: ws://100.88.6.111:8001[0m
2025-12-31 12:19:57 [SUCCESS] [0;32mBackend is online and reachable![0m
2025-12-31 12:19:57 [INFO] [0;34mChecking for existing drone script processes...[0m
2025-12-31 12:19:57 [INFO] [0;34mNo existing processes found[0m
2025-12-31 12:19:57 [INFO] [0;34mStarting drone script...[0m
2025-12-31 12:19:57 [INFO] [0;34mScript path: /home/homa1/homa1/code_base/HOMA-1.0/aruco_.py[0m
2025-12-31 12:19:57 [SUCCESS] [0;32mDrone script started (PID: 13282)[0m
2025-12-31 12:21:41 [WARN] [1;33mShutdown signal received. Cleaning up...[0m
2025-12-31 12:21:41 [INFO] [0;34mKilling drone script (PID: 13282)...[0m
2025-12-31 12:21:41 [WARN] [1;33mShutdown signal received. Cleaning up...[0m
2025-12-31 12:21:41 [SUCCESS] [0;32mCleanup complete. Exiting.[0m
2025-12-31 12:24:59 [INFO] [0;34m━━━━━━━━━━━━━━━━━━━━━━━━━━━━━━━━━━━━━━━━━━━━━━━━━[0m
2025-12-31 12:24:59 [INFO] [0;34mDrone Auto-Restart Script[0m
2025-12-31 12:24:59 [INFO] [0;34m━━━━━━━━━━━━━━━━━━━━━━━━━━━━━━━━━━━━━━━━━━━━━━━━━[0m
2025-12-31 12:24:59 [INFO] [0;34mDrone ID: austin-payload-01[0m
2025-12-31 12:24:59 [INFO] [0;34mDrone Type: rescue[0m
2025-12-31 12:24:59 [INFO] [0;34mBackend URL: http://100.88.6.111:8001[0m
2025-12-31 12:24:59 [INFO] [0;34mWebSocket URL: ws://100.88.6.111:8001[0m
2025-12-31 12:24:59 [INFO] [0;34mScript: /home/homa1/homa1/code_base/HOMA-1.0/drone.py[0m
2025-12-31 12:24:59 [SUCCESS] [0;32mVirtual environment activated: /home/homa1/homa1/homa1_venv[0m
2025-12-31 12:24:59 [INFO] [0;34mLog: /home/homa1/homa1/code_base/HOMA-1.0/logs/austin-payload-01_20251231.log[0m
2025-12-31 12:24:59 [INFO] [0;34m━━━━━━━━━━━━━━━━━━━━━━━━━━━━━━━━━━━━━━━━━━━━━━━━━[0m
2025-12-31 12:24:59 [INFO] [0;34mChecking if backend is available at http://100.88.6.111:8001...[0m
2025-12-31 12:24:59 [INFO] [0;34mWebSocket URL: ws://100.88.6.111:8001[0m
2025-12-31 12:24:59 [SUCCESS] [0;32mBackend is online and reachable![0m
2025-12-31 12:24:59 [INFO] [0;34mChecking for existing drone script processes...[0m
2025-12-31 12:24:59 [INFO] [0;34mNo existing processes found[0m
2025-12-31 12:24:59 [INFO] [0;34mStarting drone script...[0m
2025-12-31 12:24:59 [INFO] [0;34mScript path: /home/homa1/homa1/code_base/HOMA-1.0/drone.py[0m
2025-12-31 12:24:59 [SUCCESS] [0;32mDrone script started (PID: 14140)[0m
2025-12-31 12:25:22 [WARN] [1;33mShutdown signal received. Cleaning up...[0m
2025-12-31 12:25:22 [INFO] [0;34mKilling drone script (PID: 14140)...[0m
2025-12-31 12:25:22 [WARN] [1;33mShutdown signal received. Cleaning up...[0m
2025-12-31 12:25:22 [SUCCESS] [0;32mCleanup complete. Exiting.[0m
2025-12-31 12:25:45 [INFO] [0;34m━━━━━━━━━━━━━━━━━━━━━━━━━━━━━━━━━━━━━━━━━━━━━━━━━[0m
2025-12-31 12:25:45 [INFO] [0;34mDrone Auto-Restart Script[0m
2025-12-31 12:25:45 [INFO] [0;34m━━━━━━━━━━━━━━━━━━━━━━━━━━━━━━━━━━━━━━━━━━━━━━━━━[0m
2025-12-31 12:25:45 [INFO] [0;34mDrone ID: austin-payload-01[0m
2025-12-31 12:25:45 [INFO] [0;34mDrone Type: rescue[0m
2025-12-31 12:25:45 [INFO] [0;34mBackend URL: http://100.88.6.111:8001[0m
2025-12-31 12:25:45 [INFO] [0;34mWebSocket URL: ws://100.88.6.111:8001[0m
2025-12-31 12:25:45 [INFO] [0;34mScript: /home/homa1/homa1/code_base/HOMA-1.0/drone.py[0m
2025-12-31 12:25:45 [SUCCESS] [0;32mVirtual environment activated: /home/homa1/homa1/homa1_venv[0m
2025-12-31 12:25:45 [INFO] [0;34mLog: /home/homa1/homa1/code_base/HOMA-1.0/logs/austin-payload-01_20251231.log[0m
2025-12-31 12:25:45 [INFO] [0;34m━━━━━━━━━━━━━━━━━━━━━━━━━━━━━━━━━━━━━━━━━━━━━━━━━[0m
2025-12-31 12:25:45 [INFO] [0;34mChecking if backend is available at http://100.88.6.111:8001...[0m
2025-12-31 12:25:45 [INFO] [0;34mWebSocket URL: ws://100.88.6.111:8001[0m
2025-12-31 12:25:45 [SUCCESS] [0;32mBackend is online and reachable![0m
2025-12-31 12:25:45 [INFO] [0;34mChecking for existing drone script processes...[0m
2025-12-31 12:25:45 [INFO] [0;34mNo existing processes found[0m
2025-12-31 12:25:45 [INFO] [0;34mStarting drone script...[0m
2025-12-31 12:25:45 [INFO] [0;34mScript path: /home/homa1/homa1/code_base/HOMA-1.0/drone.py[0m
2025-12-31 12:25:45 [SUCCESS] [0;32mDrone script started (PID: 14888)[0m
2025-12-31 12:28:05 [WARN] [1;33mShutdown signal received. Cleaning up...[0m
2025-12-31 12:28:06 [INFO] [0;34mKilling drone script (PID: 14888)...[0m
2025-12-31 12:28:08 [SUCCESS] [0;32mCleanup complete. Exiting.[0m
2025-12-31 12:29:01 [INFO] [0;34m━━━━━━━━━━━━━━━━━━━━━━━━━━━━━━━━━━━━━━━━━━━━━━━━━[0m
2025-12-31 12:29:01 [INFO] [0;34mDrone Auto-Restart Script[0m
2025-12-31 12:29:01 [INFO] [0;34m━━━━━━━━━━━━━━━━━━━━━━━━━━━━━━━━━━━━━━━━━━━━━━━━━[0m
2025-12-31 12:29:01 [INFO] [0;34mDrone ID: austin-payload-01[0m
2025-12-31 12:29:01 [INFO] [0;34mDrone Type: rescue[0m
2025-12-31 12:29:01 [INFO] [0;34mBackend URL: http://100.88.6.111:8001[0m
2025-12-31 12:29:01 [INFO] [0;34mWebSocket URL: ws://100.88.6.111:8001[0m
2025-12-31 12:29:01 [INFO] [0;34mScript: /home/homa1/homa1/code_base/HOMA-1.0/drone.py[0m
2025-12-31 12:29:01 [SUCCESS] [0;32mVirtual environment activated: /home/homa1/homa1/homa1_venv[0m
2025-12-31 12:29:01 [INFO] [0;34mLog: /home/homa1/homa1/code_base/HOMA-1.0/logs/austin-payload-01_20251231.log[0m
2025-12-31 12:29:01 [INFO] [0;34m━━━━━━━━━━━━━━━━━━━━━━━━━━━━━━━━━━━━━━━━━━━━━━━━━[0m
2025-12-31 12:29:01 [INFO] [0;34mChecking if backend is available at http://100.88.6.111:8001...[0m
2025-12-31 12:29:01 [INFO] [0;34mWebSocket URL: ws://100.88.6.111:8001[0m
2025-12-31 12:29:02 [SUCCESS] [0;32mBackend is online and reachable![0m
2025-12-31 12:29:02 [INFO] [0;34mChecking for existing drone script processes...[0m
2025-12-31 12:29:02 [INFO] [0;34mNo existing processes found[0m
2025-12-31 12:29:02 [INFO] [0;34mStarting drone script...[0m
2025-12-31 12:29:02 [INFO] [0;34mScript path: /home/homa1/homa1/code_base/HOMA-1.0/drone.py[0m
2025-12-31 12:29:02 [SUCCESS] [0;32mDrone script started (PID: 15578)[0m
2025-12-31 12:29:09 [WARN] [1;33mShutdown signal received. Cleaning up...[0m
2025-12-31 12:29:09 [INFO] [0;34mKilling drone script (PID: 15578)...[0m
2025-12-31 12:29:09 [WARN] [1;33mShutdown signal received. Cleaning up...[0m
2025-12-31 12:29:09 [SUCCESS] [0;32mCleanup complete. Exiting.[0m
2025-12-31 12:29:30 [INFO] [0;34m━━━━━━━━━━━━━━━━━━━━━━━━━━━━━━━━━━━━━━━━━━━━━━━━━[0m
2025-12-31 12:29:30 [INFO] [0;34mDrone Auto-Restart Script[0m
2025-12-31 12:29:30 [INFO] [0;34m━━━━━━━━━━━━━━━━━━━━━━━━━━━━━━━━━━━━━━━━━━━━━━━━━[0m
2025-12-31 12:29:30 [INFO] [0;34mDrone ID: austin-payload-01[0m
2025-12-31 12:29:30 [INFO] [0;34mDrone Type: rescue[0m
2025-12-31 12:29:30 [INFO] [0;34mBackend URL: http://100.88.6.111:8001[0m
2025-12-31 12:29:30 [INFO] [0;34mWebSocket URL: ws://100.88.6.111:8001[0m
2025-12-31 12:29:30 [INFO] [0;34mScript: /home/homa1/homa1/code_base/HOMA-1.0/drone.py[0m
2025-12-31 12:29:30 [SUCCESS] [0;32mVirtual environment activated: /home/homa1/homa1/homa1_venv[0m
2025-12-31 12:29:30 [INFO] [0;34mLog: /home/homa1/homa1/code_base/HOMA-1.0/logs/austin-payload-01_20251231.log[0m
2025-12-31 12:29:30 [INFO] [0;34m━━━━━━━━━━━━━━━━━━━━━━━━━━━━━━━━━━━━━━━━━━━━━━━━━[0m
2025-12-31 12:29:30 [INFO] [0;34mChecking if backend is available at http://100.88.6.111:8001...[0m
2025-12-31 12:29:30 [INFO] [0;34mWebSocket URL: ws://100.88.6.111:8001[0m
2025-12-31 12:29:30 [SUCCESS] [0;32mBackend is online and reachable![0m
2025-12-31 12:29:30 [INFO] [0;34mChecking for existing drone script processes...[0m
2025-12-31 12:29:30 [INFO] [0;34mNo existing processes found[0m
2025-12-31 12:29:30 [INFO] [0;34mStarting drone script...[0m
2025-12-31 12:29:30 [INFO] [0;34mScript path: /home/homa1/homa1/code_base/HOMA-1.0/drone.py[0m
2025-12-31 12:29:30 [SUCCESS] [0;32mDrone script started (PID: 16257)[0m
2025-12-31 12:39:31 [WARN] [1;33mShutdown signal received. Cleaning up...[0m
2025-12-31 12:39:31 [INFO] [0;34mKilling drone script (PID: 16257)...[0m
2025-12-31 12:39:31 [WARN] [1;33mShutdown signal received. Cleaning up...[0m
2025-12-31 12:39:31 [INFO] [0;34mKilling drone script (PID: 16257)...[0m
2025-12-31 12:39:31 [WARN] [1;33mShutdown signal received. Cleaning up...[0m
2025-12-31 12:39:31 [INFO] [0;34mKilling drone script (PID: 16257)...[0m
2025-12-31 12:39:32 [WARN] [1;33mShutdown signal received. Cleaning up...[0m
2025-12-31 12:39:32 [SUCCESS] [0;32mCleanup complete. Exiting.[0m
2025-12-31 14:33:22 [INFO] [0;34m━━━━━━━━━━━━━━━━━━━━━━━━━━━━━━━━━━━━━━━━━━━━━━━━━[0m
2025-12-31 14:33:22 [INFO] [0;34mDrone Auto-Restart Script[0m
2025-12-31 14:33:22 [INFO] [0;34m━━━━━━━━━━━━━━━━━━━━━━━━━━━━━━━━━━━━━━━━━━━━━━━━━[0m
2025-12-31 14:33:22 [INFO] [0;34mDrone ID: austin-payload-01[0m
2025-12-31 14:33:22 [INFO] [0;34mDrone Type: rescue[0m
2025-12-31 14:33:22 [INFO] [0;34mBackend URL: http://100.88.6.111:8001[0m
2025-12-31 14:33:22 [INFO] [0;34mWebSocket URL: ws://100.88.6.111:8001[0m
2025-12-31 14:33:22 [INFO] [0;34mScript: /home/homa1/homa1/code_base/HOMA-1.0/drone.py[0m
2025-12-31 14:33:22 [SUCCESS] [0;32mVirtual environment activated: /home/homa1/homa1/homa1_venv[0m
2025-12-31 14:33:22 [INFO] [0;34mLog: /home/homa1/homa1/code_base/HOMA-1.0/logs/austin-payload-01_20251231.log[0m
2025-12-31 14:33:22 [INFO] [0;34m━━━━━━━━━━━━━━━━━━━━━━━━━━━━━━━━━━━━━━━━━━━━━━━━━[0m
2025-12-31 14:33:22 [INFO] [0;34mChecking if backend is available at http://100.88.6.111:8001...[0m
2025-12-31 14:33:22 [INFO] [0;34mWebSocket URL: ws://100.88.6.111:8001[0m
2025-12-31 14:33:35 [WARN] [1;33mBackend not reachable (attempt 1)[0m
2025-12-31 14:33:35 [INFO] [0;34mTrying: curl http://100.88.6.111:8001/health[0m
2025-12-31 14:33:35 [INFO] [0;34mRetrying in 5s...[0m
2025-12-31 14:33:48 [SUCCESS] [0;32mBackend is online and reachable![0m
2025-12-31 14:33:48 [INFO] [0;34mChecking for existing drone script processes...[0m
2025-12-31 14:33:48 [INFO] [0;34mNo existing processes found[0m
2025-12-31 14:33:48 [INFO] [0;34mStarting drone script...[0m
2025-12-31 14:33:48 [INFO] [0;34mScript path: /home/homa1/homa1/code_base/HOMA-1.0/drone.py[0m
2025-12-31 14:33:48 [SUCCESS] [0;32mDrone script started (PID: 21393)[0m
2025-12-31 14:35:23 [ERROR] [0;31m━━━━━━━━━━━━━━━━━━━━━━━━━━━━━━━━━━━━━━━━━━━━━━━━━[0m
2025-12-31 14:35:23 [ERROR] [0;31m🔌 BACKEND CONNECTION LOST (Exit code: 11)[0m
2025-12-31 14:35:23 [ERROR] [0;31m━━━━━━━━━━━━━━━━━━━━━━━━━━━━━━━━━━━━━━━━━━━━━━━━━[0m
2025-12-31 14:35:23 [WARN] [1;33mBackend disconnected - will wait for it to come back online[0m
2025-12-31 14:35:23 [INFO] [0;34mWaiting for backend to become available...[0m
2025-12-31 14:35:23 [INFO] [0;34mChecking if backend is available at http://100.88.6.111:8001...[0m
2025-12-31 14:35:23 [INFO] [0;34mWebSocket URL: ws://100.88.6.111:8001[0m
2025-12-31 14:35:23 [SUCCESS] [0;32mBackend is online and reachable![0m
2025-12-31 14:35:23 [INFO] [0;34mChecking for existing drone script processes...[0m
2025-12-31 14:35:23 [INFO] [0;34mNo existing processes found[0m
2025-12-31 14:35:23 [INFO] [0;34mStarting drone script...[0m
2025-12-31 14:35:23 [INFO] [0;34mScript path: /home/homa1/homa1/code_base/HOMA-1.0/drone.py[0m
2025-12-31 14:35:23 [SUCCESS] [0;32mDrone script started (PID: 21851)[0m
2025-12-31 14:35:35 [WARN] [1;33mShutdown signal received. Cleaning up...[0m
2025-12-31 14:35:35 [INFO] [0;34mKilling drone script (PID: 21851)...[0m
2025-12-31 14:35:36 [WARN] [1;33mShutdown signal received. Cleaning up...[0m
2025-12-31 14:35:36 [SUCCESS] [0;32mCleanup complete. Exiting.[0m
2025-12-31 14:35:38 [INFO] [0;34m━━━━━━━━━━━━━━━━━━━━━━━━━━━━━━━━━━━━━━━━━━━━━━━━━[0m
2025-12-31 14:35:38 [INFO] [0;34mDrone Auto-Restart Script[0m
2025-12-31 14:35:38 [INFO] [0;34m━━━━━━━━━━━━━━━━━━━━━━━━━━━━━━━━━━━━━━━━━━━━━━━━━[0m
2025-12-31 14:35:38 [INFO] [0;34mDrone ID: austin-payload-01[0m
2025-12-31 14:35:38 [INFO] [0;34mDrone Type: rescue[0m
2025-12-31 14:35:38 [INFO] [0;34mBackend URL: http://100.88.6.111:8001[0m
2025-12-31 14:35:38 [INFO] [0;34mWebSocket URL: ws://100.88.6.111:8001[0m
2025-12-31 14:35:38 [INFO] [0;34mScript: /home/homa1/homa1/code_base/HOMA-1.0/drone.py[0m
2025-12-31 14:35:38 [SUCCESS] [0;32mVirtual environment activated: /home/homa1/homa1/homa1_venv[0m
2025-12-31 14:35:38 [INFO] [0;34mLog: /home/homa1/homa1/code_base/HOMA-1.0/logs/austin-payload-01_20251231.log[0m
2025-12-31 14:35:38 [INFO] [0;34m━━━━━━━━━━━━━━━━━━━━━━━━━━━━━━━━━━━━━━━━━━━━━━━━━[0m
2025-12-31 14:35:38 [INFO] [0;34mChecking if backend is available at http://100.88.6.111:8001...[0m
2025-12-31 14:35:38 [INFO] [0;34mWebSocket URL: ws://100.88.6.111:8001[0m
2025-12-31 14:35:38 [SUCCESS] [0;32mBackend is online and reachable![0m
2025-12-31 14:35:38 [INFO] [0;34mChecking for existing drone script processes...[0m
2025-12-31 14:35:38 [INFO] [0;34mNo existing processes found[0m
2025-12-31 14:35:38 [INFO] [0;34mStarting drone script...[0m
2025-12-31 14:35:38 [INFO] [0;34mScript path: /home/homa1/homa1/code_base/HOMA-1.0/drone.py[0m
2025-12-31 14:35:38 [SUCCESS] [0;32mDrone script started (PID: 22046)[0m
2025-12-31 14:35:48 [WARN] [1;33mShutdown signal received. Cleaning up...[0m
2025-12-31 14:35:48 [INFO] [0;34mKilling drone script (PID: 22046)...[0m
2025-12-31 14:35:49 [WARN] [1;33mShutdown signal received. Cleaning up...[0m
2025-12-31 14:35:49 [SUCCESS] [0;32mCleanup complete. Exiting.[0m
2025-12-31 14:36:52 [INFO] [0;34m━━━━━━━━━━━━━━━━━━━━━━━━━━━━━━━━━━━━━━━━━━━━━━━━━[0m
2025-12-31 14:36:52 [INFO] [0;34mDrone Auto-Restart Script[0m
2025-12-31 14:36:52 [INFO] [0;34m━━━━━━━━━━━━━━━━━━━━━━━━━━━━━━━━━━━━━━━━━━━━━━━━━[0m
2025-12-31 14:36:52 [INFO] [0;34mDrone ID: austin-payload-01[0m
2025-12-31 14:36:52 [INFO] [0;34mDrone Type: rescue[0m
2025-12-31 14:36:52 [INFO] [0;34mBackend URL: http://100.88.6.111:8001[0m
2025-12-31 14:36:53 [INFO] [0;34mWebSocket URL: ws://100.88.6.111:8001[0m
2025-12-31 14:36:53 [INFO] [0;34mScript: /home/homa1/homa1/code_base/HOMA-1.0/drone.py[0m
2025-12-31 14:36:53 [SUCCESS] [0;32mVirtual environment activated: /home/homa1/homa1/homa1_venv[0m
2025-12-31 14:36:53 [INFO] [0;34mLog: /home/homa1/homa1/code_base/HOMA-1.0/logs/austin-payload-01_20251231.log[0m
2025-12-31 14:36:53 [INFO] [0;34m━━━━━━━━━━━━━━━━━━━━━━━━━━━━━━━━━━━━━━━━━━━━━━━━━[0m
2025-12-31 14:36:53 [INFO] [0;34mChecking if backend is available at http://100.88.6.111:8001...[0m
2025-12-31 14:36:53 [INFO] [0;34mWebSocket URL: ws://100.88.6.111:8001[0m
2025-12-31 14:36:53 [SUCCESS] [0;32mBackend is online and reachable![0m
2025-12-31 14:36:53 [INFO] [0;34mChecking for existing drone script processes...[0m
2025-12-31 14:36:53 [INFO] [0;34mNo existing processes found[0m
2025-12-31 14:36:53 [INFO] [0;34mStarting drone script...[0m
2025-12-31 14:36:53 [INFO] [0;34mScript path: /home/homa1/homa1/code_base/HOMA-1.0/drone.py[0m
2025-12-31 14:36:53 [SUCCESS] [0;32mDrone script started (PID: 22265)[0m
2025-12-31 14:39:05 [WARN] [1;33mShutdown signal received. Cleaning up...[0m
2025-12-31 14:39:06 [INFO] [0;34mKilling drone script (PID: 22265)...[0m
2025-12-31 14:39:06 [WARN] [1;33mShutdown signal received. Cleaning up...[0m
2025-12-31 14:39:06 [SUCCESS] [0;32mCleanup complete. Exiting.[0m
2025-12-31 14:39:29 [INFO] [0;34m━━━━━━━━━━━━━━━━━━━━━━━━━━━━━━━━━━━━━━━━━━━━━━━━━[0m
2025-12-31 14:39:29 [INFO] [0;34mDrone Auto-Restart Script[0m
2025-12-31 14:39:29 [INFO] [0;34m━━━━━━━━━━━━━━━━━━━━━━━━━━━━━━━━━━━━━━━━━━━━━━━━━[0m
2025-12-31 14:39:29 [INFO] [0;34mDrone ID: austin-payload-01[0m
2025-12-31 14:39:29 [INFO] [0;34mDrone Type: rescue[0m
2025-12-31 14:39:29 [INFO] [0;34mBackend URL: http://100.88.6.111:8001[0m
2025-12-31 14:39:29 [INFO] [0;34mWebSocket URL: ws://100.88.6.111:8001[0m
2025-12-31 14:39:29 [INFO] [0;34mScript: /home/homa1/homa1/code_base/HOMA-1.0/drone.py[0m
2025-12-31 14:39:29 [SUCCESS] [0;32mVirtual environment activated: /home/homa1/homa1/homa1_venv[0m
2025-12-31 14:39:29 [INFO] [0;34mLog: /home/homa1/homa1/code_base/HOMA-1.0/logs/austin-payload-01_20251231.log[0m
2025-12-31 14:39:29 [INFO] [0;34m━━━━━━━━━━━━━━━━━━━━━━━━━━━━━━━━━━━━━━━━━━━━━━━━━[0m
2025-12-31 14:39:29 [INFO] [0;34mChecking if backend is available at http://100.88.6.111:8001...[0m
2025-12-31 14:39:29 [INFO] [0;34mWebSocket URL: ws://100.88.6.111:8001[0m
2025-12-31 14:39:30 [SUCCESS] [0;32mBackend is online and reachable![0m
2025-12-31 14:39:30 [INFO] [0;34mChecking for existing drone script processes...[0m
2025-12-31 14:39:30 [INFO] [0;34mNo existing processes found[0m
2025-12-31 14:39:30 [INFO] [0;34mStarting drone script...[0m
2025-12-31 14:39:30 [INFO] [0;34mScript path: /home/homa1/homa1/code_base/HOMA-1.0/drone.py[0m
2025-12-31 14:39:30 [SUCCESS] [0;32mDrone script started (PID: 23425)[0m
2025-12-31 14:51:43 [ERROR] [0;31m━━━━━━━━━━━━━━━━━━━━━━━━━━━━━━━━━━━━━━━━━━━━━━━━━[0m
2025-12-31 14:51:43 [ERROR] [0;31m🔌 BACKEND CONNECTION LOST (Exit code: 11)[0m
2025-12-31 14:51:43 [ERROR] [0;31m━━━━━━━━━━━━━━━━━━━━━━━━━━━━━━━━━━━━━━━━━━━━━━━━━[0m
2025-12-31 14:51:43 [WARN] [1;33mBackend disconnected - will wait for it to come back online[0m
2025-12-31 14:51:43 [INFO] [0;34mWaiting for backend to become available...[0m
2025-12-31 14:51:43 [INFO] [0;34mChecking if backend is available at http://100.88.6.111:8001...[0m
2025-12-31 14:51:43 [INFO] [0;34mWebSocket URL: ws://100.88.6.111:8001[0m
2025-12-31 14:51:45 [WARN] [1;33mShutdown signal received. Cleaning up...[0m
2025-12-31 14:51:45 [SUCCESS] [0;32mCleanup complete. Exiting.[0m
2025-12-31 15:07:11 [INFO] [0;34m━━━━━━━━━━━━━━━━━━━━━━━━━━━━━━━━━━━━━━━━━━━━━━━━━[0m
2025-12-31 15:07:11 [INFO] [0;34mDrone Auto-Restart Script[0m
2025-12-31 15:07:11 [INFO] [0;34m━━━━━━━━━━━━━━━━━━━━━━━━━━━━━━━━━━━━━━━━━━━━━━━━━[0m
2025-12-31 15:07:11 [INFO] [0;34mDrone ID: austin-payload-01[0m
2025-12-31 15:07:11 [INFO] [0;34mDrone Type: rescue[0m
2025-12-31 15:07:12 [INFO] [0;34mBackend URL: http://100.88.6.111:8001[0m
2025-12-31 15:07:12 [INFO] [0;34mWebSocket URL: ws://100.88.6.111:8001[0m
2025-12-31 15:07:12 [INFO] [0;34mScript: /home/homa1/homa1/code_base/HOMA-1.0/drone.py[0m
2025-12-31 15:07:12 [SUCCESS] [0;32mVirtual environment activated: /home/homa1/homa1/homa1_venv[0m
2025-12-31 15:07:12 [INFO] [0;34mLog: /home/homa1/homa1/code_base/HOMA-1.0/logs/austin-payload-01_20251231.log[0m
2025-12-31 15:07:12 [INFO] [0;34m━━━━━━━━━━━━━━━━━━━━━━━━━━━━━━━━━━━━━━━━━━━━━━━━━[0m
2025-12-31 15:07:12 [INFO] [0;34mChecking if backend is available at http://100.88.6.111:8001...[0m
2025-12-31 15:07:12 [INFO] [0;34mWebSocket URL: ws://100.88.6.111:8001[0m
2025-12-31 15:07:12 [SUCCESS] [0;32mBackend is online and reachable![0m
2025-12-31 15:07:12 [INFO] [0;34mChecking for existing drone script processes...[0m
2025-12-31 15:07:12 [INFO] [0;34mNo existing processes found[0m
2025-12-31 15:07:12 [INFO] [0;34mStarting drone script...[0m
2025-12-31 15:07:12 [INFO] [0;34mScript path: /home/homa1/homa1/code_base/HOMA-1.0/drone.py[0m
2025-12-31 15:07:12 [SUCCESS] [0;32mDrone script started (PID: 26250)[0m
2025-12-31 15:07:20 [ERROR] [0;31m━━━━━━━━━━━━━━━━━━━━━━━━━━━━━━━━━━━━━━━━━━━━━━━━━[0m
2025-12-31 15:07:20 [ERROR] [0;31m⚠️  CRITICAL ERROR (Exit code: 12)[0m
2025-12-31 15:07:20 [ERROR] [0;31m━━━━━━━━━━━━━━━━━━━━━━━━━━━━━━━━━━━━━━━━━━━━━━━━━[0m
2025-12-31 15:07:20 [ERROR] [0;31mManual intervention may be required[0m
2025-12-31 15:07:20 [WARN] [1;33mWaiting 30s before restart...[0m
2025-12-31 15:07:44 [WARN] [1;33mShutdown signal received. Cleaning up...[0m
2025-12-31 15:07:44 [SUCCESS] [0;32mCleanup complete. Exiting.[0m
2025-12-31 15:10:30 [INFO] [0;34m━━━━━━━━━━━━━━━━━━━━━━━━━━━━━━━━━━━━━━━━━━━━━━━━━[0m
2025-12-31 15:10:30 [INFO] [0;34mDrone Auto-Restart Script[0m
2025-12-31 15:10:30 [INFO] [0;34m━━━━━━━━━━━━━━━━━━━━━━━━━━━━━━━━━━━━━━━━━━━━━━━━━[0m
2025-12-31 15:10:30 [INFO] [0;34mDrone ID: austin-payload-01[0m
2025-12-31 15:10:30 [INFO] [0;34mDrone Type: rescue[0m
2025-12-31 15:10:30 [INFO] [0;34mBackend URL: http://100.88.6.111:8001[0m
2025-12-31 15:10:30 [INFO] [0;34mWebSocket URL: ws://100.88.6.111:8001[0m
2025-12-31 15:10:30 [INFO] [0;34mScript: /home/homa1/homa1/code_base/HOMA-1.0/drone.py[0m
2025-12-31 15:10:30 [SUCCESS] [0;32mVirtual environment activated: /home/homa1/homa1/homa1_venv[0m
2025-12-31 15:10:30 [INFO] [0;34mLog: /home/homa1/homa1/code_base/HOMA-1.0/logs/austin-payload-01_20251231.log[0m
2025-12-31 15:10:30 [INFO] [0;34m━━━━━━━━━━━━━━━━━━━━━━━━━━━━━━━━━━━━━━━━━━━━━━━━━[0m
2025-12-31 15:10:30 [INFO] [0;34mChecking if backend is available at http://100.88.6.111:8001...[0m
2025-12-31 15:10:30 [INFO] [0;34mWebSocket URL: ws://100.88.6.111:8001[0m
2025-12-31 15:10:30 [SUCCESS] [0;32mBackend is online and reachable![0m
2025-12-31 15:10:30 [INFO] [0;34mChecking for existing drone script processes...[0m
2025-12-31 15:10:30 [INFO] [0;34mNo existing processes found[0m
2025-12-31 15:10:30 [INFO] [0;34mStarting drone script...[0m
2025-12-31 15:10:30 [INFO] [0;34mScript path: /home/homa1/homa1/code_base/HOMA-1.0/drone.py[0m
2025-12-31 15:10:30 [SUCCESS] [0;32mDrone script started (PID: 26610)[0m
2025-12-31 15:10:37 [ERROR] [0;31m━━━━━━━━━━━━━━━━━━━━━━━━━━━━━━━━━━━━━━━━━━━━━━━━━[0m
2025-12-31 15:10:37 [ERROR] [0;31m⚠️  CRITICAL ERROR (Exit code: 12)[0m
2025-12-31 15:10:37 [ERROR] [0;31m━━━━━━━━━━━━━━━━━━━━━━━━━━━━━━━━━━━━━━━━━━━━━━━━━[0m
2025-12-31 15:10:37 [ERROR] [0;31mManual intervention may be required[0m
2025-12-31 15:10:37 [WARN] [1;33mWaiting 30s before restart...[0m
2025-12-31 15:10:59 [WARN] [1;33mShutdown signal received. Cleaning up...[0m
2025-12-31 15:10:59 [SUCCESS] [0;32mCleanup complete. Exiting.[0m
2025-12-31 15:15:20 [INFO] [0;34m━━━━━━━━━━━━━━━━━━━━━━━━━━━━━━━━━━━━━━━━━━━━━━━━━[0m
2025-12-31 15:15:20 [INFO] [0;34mDrone Auto-Restart Script[0m
2025-12-31 15:15:20 [INFO] [0;34m━━━━━━━━━━━━━━━━━━━━━━━━━━━━━━━━━━━━━━━━━━━━━━━━━[0m
2025-12-31 15:15:20 [INFO] [0;34mDrone ID: austin-payload-01[0m
2025-12-31 15:15:20 [INFO] [0;34mDrone Type: rescue[0m
2025-12-31 15:15:20 [INFO] [0;34mBackend URL: http://100.88.6.111:8001[0m
2025-12-31 15:15:20 [INFO] [0;34mWebSocket URL: ws://100.88.6.111:8001[0m
2025-12-31 15:15:20 [INFO] [0;34mScript: /home/homa1/homa1/code_base/HOMA-1.0/drone.py[0m
2025-12-31 15:15:20 [SUCCESS] [0;32mVirtual environment activated: /home/homa1/homa1/homa1_venv[0m
2025-12-31 15:15:20 [INFO] [0;34mLog: /home/homa1/homa1/code_base/HOMA-1.0/logs/austin-payload-01_20251231.log[0m
2025-12-31 15:15:20 [INFO] [0;34m━━━━━━━━━━━━━━━━━━━━━━━━━━━━━━━━━━━━━━━━━━━━━━━━━[0m
2025-12-31 15:15:20 [INFO] [0;34mChecking if backend is available at http://100.88.6.111:8001...[0m
2025-12-31 15:15:20 [INFO] [0;34mWebSocket URL: ws://100.88.6.111:8001[0m
2025-12-31 15:15:21 [SUCCESS] [0;32mBackend is online and reachable![0m
2025-12-31 15:15:21 [INFO] [0;34mChecking for existing drone script processes...[0m
2025-12-31 15:15:21 [INFO] [0;34mNo existing processes found[0m
2025-12-31 15:15:21 [INFO] [0;34mStarting drone script...[0m
2025-12-31 15:15:21 [INFO] [0;34mScript path: /home/homa1/homa1/code_base/HOMA-1.0/drone.py[0m
2025-12-31 15:15:21 [SUCCESS] [0;32mDrone script started (PID: 26908)[0m
2025-12-31 15:16:29 [WARN] [1;33mShutdown signal received. Cleaning up...[0m
2025-12-31 15:16:29 [INFO] [0;34mKilling drone script (PID: 26908)...[0m
2025-12-31 15:16:31 [SUCCESS] [0;32mCleanup complete. Exiting.[0m
2025-12-31 15:16:33 [INFO] [0;34m━━━━━━━━━━━━━━━━━━━━━━━━━━━━━━━━━━━━━━━━━━━━━━━━━[0m
2025-12-31 15:16:33 [INFO] [0;34mDrone Auto-Restart Script[0m
2025-12-31 15:16:33 [INFO] [0;34m━━━━━━━━━━━━━━━━━━━━━━━━━━━━━━━━━━━━━━━━━━━━━━━━━[0m
2025-12-31 15:16:33 [INFO] [0;34mDrone ID: austin-payload-01[0m
2025-12-31 15:16:33 [INFO] [0;34mDrone Type: rescue[0m
2025-12-31 15:16:33 [INFO] [0;34mBackend URL: http://100.88.6.111:8001[0m
2025-12-31 15:16:33 [INFO] [0;34mWebSocket URL: ws://100.88.6.111:8001[0m
2025-12-31 15:16:33 [INFO] [0;34mScript: /home/homa1/homa1/code_base/HOMA-1.0/drone.py[0m
2025-12-31 15:16:33 [SUCCESS] [0;32mVirtual environment activated: /home/homa1/homa1/homa1_venv[0m
2025-12-31 15:16:33 [INFO] [0;34mLog: /home/homa1/homa1/code_base/HOMA-1.0/logs/austin-payload-01_20251231.log[0m
2025-12-31 15:16:33 [INFO] [0;34m━━━━━━━━━━━━━━━━━━━━━━━━━━━━━━━━━━━━━━━━━━━━━━━━━[0m
2025-12-31 15:16:33 [INFO] [0;34mChecking if backend is available at http://100.88.6.111:8001...[0m
2025-12-31 15:16:33 [INFO] [0;34mWebSocket URL: ws://100.88.6.111:8001[0m
2025-12-31 15:16:33 [SUCCESS] [0;32mBackend is online and reachable![0m
2025-12-31 15:16:33 [INFO] [0;34mChecking for existing drone script processes...[0m
2025-12-31 15:16:34 [INFO] [0;34mNo existing processes found[0m
2025-12-31 15:16:34 [INFO] [0;34mStarting drone script...[0m
2025-12-31 15:16:34 [INFO] [0;34mScript path: /home/homa1/homa1/code_base/HOMA-1.0/drone.py[0m
2025-12-31 15:16:34 [SUCCESS] [0;32mDrone script started (PID: 27210)[0m
2025-12-31 15:17:03 [WARN] [1;33mShutdown signal received. Cleaning up...[0m
2025-12-31 15:17:03 [INFO] [0;34mKilling drone script (PID: 27210)...[0m
2025-12-31 15:17:03 [WARN] [1;33mShutdown signal received. Cleaning up...[0m
2025-12-31 15:17:03 [SUCCESS] [0;32mCleanup complete. Exiting.[0m
2025-12-31 15:26:01 [INFO] [0;34m━━━━━━━━━━━━━━━━━━━━━━━━━━━━━━━━━━━━━━━━━━━━━━━━━[0m
2025-12-31 15:26:01 [INFO] [0;34mDrone Auto-Restart Script[0m
2025-12-31 15:26:01 [INFO] [0;34m━━━━━━━━━━━━━━━━━━━━━━━━━━━━━━━━━━━━━━━━━━━━━━━━━[0m
2025-12-31 15:26:01 [INFO] [0;34mDrone ID: austin-payload-01[0m
2025-12-31 15:26:01 [INFO] [0;34mDrone Type: rescue[0m
2025-12-31 15:26:01 [INFO] [0;34mBackend URL: http://100.88.6.111:8001[0m
2025-12-31 15:26:01 [INFO] [0;34mWebSocket URL: ws://100.88.6.111:8001[0m
2025-12-31 15:26:01 [INFO] [0;34mScript: /home/homa1/homa1/code_base/HOMA-1.0/drone.py[0m
2025-12-31 15:26:01 [SUCCESS] [0;32mVirtual environment activated: /home/homa1/homa1/homa1_venv[0m
2025-12-31 15:26:01 [INFO] [0;34mLog: /home/homa1/homa1/code_base/HOMA-1.0/logs/austin-payload-01_20251231.log[0m
2025-12-31 15:26:01 [INFO] [0;34m━━━━━━━━━━━━━━━━━━━━━━━━━━━━━━━━━━━━━━━━━━━━━━━━━[0m
2025-12-31 15:26:01 [INFO] [0;34mChecking if backend is available at http://100.88.6.111:8001...[0m
2025-12-31 15:26:01 [INFO] [0;34mWebSocket URL: ws://100.88.6.111:8001[0m
2025-12-31 15:26:01 [SUCCESS] [0;32mBackend is online and reachable![0m
2025-12-31 15:26:01 [INFO] [0;34mChecking for existing drone script processes...[0m
2025-12-31 15:26:01 [INFO] [0;34mNo existing processes found[0m
2025-12-31 15:26:01 [INFO] [0;34mStarting drone script...[0m
2025-12-31 15:26:01 [INFO] [0;34mScript path: /home/homa1/homa1/code_base/HOMA-1.0/drone.py[0m
2025-12-31 15:26:01 [SUCCESS] [0;32mDrone script started (PID: 27768)[0m
2025-12-31 15:26:10 [ERROR] [0;31m━━━━━━━━━━━━━━━━━━━━━━━━━━━━━━━━━━━━━━━━━━━━━━━━━[0m
2025-12-31 15:26:10 [ERROR] [0;31m⚠️  CRITICAL ERROR (Exit code: 12)[0m
2025-12-31 15:26:10 [ERROR] [0;31m━━━━━━━━━━━━━━━━━━━━━━━━━━━━━━━━━━━━━━━━━━━━━━━━━[0m
2025-12-31 15:26:10 [ERROR] [0;31mManual intervention may be required[0m
2025-12-31 15:26:10 [WARN] [1;33mWaiting 30s before restart...[0m
2025-12-31 15:26:19 [WARN] [1;33mShutdown signal received. Cleaning up...[0m
2025-12-31 15:26:19 [SUCCESS] [0;32mCleanup complete. Exiting.[0m
2025-12-31 15:32:43 [INFO] [0;34m━━━━━━━━━━━━━━━━━━━━━━━━━━━━━━━━━━━━━━━━━━━━━━━━━[0m
2025-12-31 15:32:43 [INFO] [0;34mDrone Auto-Restart Script[0m
2025-12-31 15:32:43 [INFO] [0;34m━━━━━━━━━━━━━━━━━━━━━━━━━━━━━━━━━━━━━━━━━━━━━━━━━[0m
2025-12-31 15:32:43 [INFO] [0;34mDrone ID: austin-payload-01[0m
2025-12-31 15:32:43 [INFO] [0;34mDrone Type: rescue[0m
2025-12-31 15:32:43 [INFO] [0;34mBackend URL: http://100.88.6.111:8001[0m
2025-12-31 15:32:43 [INFO] [0;34mWebSocket URL: ws://100.88.6.111:8001[0m
2025-12-31 15:32:43 [INFO] [0;34mScript: /home/homa1/homa1/code_base/HOMA-1.0/drone.py[0m
2025-12-31 15:32:43 [SUCCESS] [0;32mVirtual environment activated: /home/homa1/homa1/homa1_venv[0m
2025-12-31 15:32:43 [INFO] [0;34mLog: /home/homa1/homa1/code_base/HOMA-1.0/logs/austin-payload-01_20251231.log[0m
2025-12-31 15:32:43 [INFO] [0;34m━━━━━━━━━━━━━━━━━━━━━━━━━━━━━━━━━━━━━━━━━━━━━━━━━[0m
2025-12-31 15:32:43 [INFO] [0;34mChecking if backend is available at http://100.88.6.111:8001...[0m
2025-12-31 15:32:43 [INFO] [0;34mWebSocket URL: ws://100.88.6.111:8001[0m
2025-12-31 15:32:43 [SUCCESS] [0;32mBackend is online and reachable![0m
2025-12-31 15:32:43 [INFO] [0;34mChecking for existing drone script processes...[0m
2025-12-31 15:32:43 [INFO] [0;34mNo existing processes found[0m
2025-12-31 15:32:43 [INFO] [0;34mStarting drone script...[0m
2025-12-31 15:32:43 [INFO] [0;34mScript path: /home/homa1/homa1/code_base/HOMA-1.0/drone.py[0m
2025-12-31 15:32:43 [SUCCESS] [0;32mDrone script started (PID: 28163)[0m
2025-12-31 15:33:30 [WARN] [1;33mShutdown signal received. Cleaning up...[0m
2025-12-31 15:33:30 [INFO] [0;34mKilling drone script (PID: 28163)...[0m
2025-12-31 15:33:32 [SUCCESS] [0;32mCleanup complete. Exiting.[0m
2025-12-31 15:37:43 [INFO] [0;34m━━━━━━━━━━━━━━━━━━━━━━━━━━━━━━━━━━━━━━━━━━━━━━━━━[0m
2025-12-31 15:37:43 [INFO] [0;34mDrone Auto-Restart Script[0m
2025-12-31 15:37:43 [INFO] [0;34m━━━━━━━━━━━━━━━━━━━━━━━━━━━━━━━━━━━━━━━━━━━━━━━━━[0m
2025-12-31 15:37:43 [INFO] [0;34mDrone ID: austin-payload-01[0m
2025-12-31 15:37:43 [INFO] [0;34mDrone Type: rescue[0m
2025-12-31 15:37:43 [INFO] [0;34mBackend URL: http://100.88.6.111:8001[0m
2025-12-31 15:37:43 [INFO] [0;34mWebSocket URL: ws://100.88.6.111:8001[0m
2025-12-31 15:37:43 [INFO] [0;34mScript: /home/homa1/homa1/code_base/HOMA-1.0/drone.py[0m
2025-12-31 15:37:43 [SUCCESS] [0;32mVirtual environment activated: /home/homa1/homa1/homa1_venv[0m
2025-12-31 15:37:43 [INFO] [0;34mLog: /home/homa1/homa1/code_base/HOMA-1.0/logs/austin-payload-01_20251231.log[0m
2025-12-31 15:37:43 [INFO] [0;34m━━━━━━━━━━━━━━━━━━━━━━━━━━━━━━━━━━━━━━━━━━━━━━━━━[0m
2025-12-31 15:37:43 [INFO] [0;34mChecking if backend is available at http://100.88.6.111:8001...[0m
2025-12-31 15:37:43 [INFO] [0;34mWebSocket URL: ws://100.88.6.111:8001[0m
2025-12-31 15:37:56 [WARN] [1;33mBackend not reachable (attempt 1)[0m
2025-12-31 15:37:56 [INFO] [0;34mTrying: curl http://100.88.6.111:8001/health[0m
2025-12-31 15:37:56 [INFO] [0;34mRetrying in 5s...[0m
2025-12-31 15:38:14 [SUCCESS] [0;32mBackend is online and reachable![0m
2025-12-31 15:38:14 [INFO] [0;34mChecking for existing drone script processes...[0m
2025-12-31 15:38:14 [INFO] [0;34mNo existing processes found[0m
2025-12-31 15:38:14 [INFO] [0;34mStarting drone script...[0m
2025-12-31 15:38:14 [INFO] [0;34mScript path: /home/homa1/homa1/code_base/HOMA-1.0/drone.py[0m
2025-12-31 15:38:14 [SUCCESS] [0;32mDrone script started (PID: 28775)[0m
2025-12-31 15:39:16 [WARN] [1;33mShutdown signal received. Cleaning up...[0m
2025-12-31 15:39:16 [INFO] [0;34mKilling drone script (PID: 28775)...[0m
2025-12-31 15:39:16 [WARN] [1;33mShutdown signal received. Cleaning up...[0m
2025-12-31 15:39:16 [SUCCESS] [0;32mCleanup complete. Exiting.[0m
2025-12-31 16:05:41 [INFO] [0;34m━━━━━━━━━━━━━━━━━━━━━━━━━━━━━━━━━━━━━━━━━━━━━━━━━[0m
2025-12-31 16:05:41 [INFO] [0;34mDrone Auto-Restart Script[0m
2025-12-31 16:05:41 [INFO] [0;34m━━━━━━━━━━━━━━━━━━━━━━━━━━━━━━━━━━━━━━━━━━━━━━━━━[0m
2025-12-31 16:05:41 [INFO] [0;34mDrone ID: austin-payload-01[0m
2025-12-31 16:05:41 [INFO] [0;34mDrone Type: rescue[0m
2025-12-31 16:05:41 [INFO] [0;34mBackend URL: http://100.88.6.111:8001[0m
2025-12-31 16:05:41 [INFO] [0;34mWebSocket URL: ws://100.88.6.111:8001[0m
2025-12-31 16:05:41 [INFO] [0;34mScript: /home/homa1/homa1/code_base/HOMA-1.0/drone.py[0m
2025-12-31 16:05:41 [SUCCESS] [0;32mVirtual environment activated: /home/homa1/homa1/homa1_venv[0m
2025-12-31 16:05:41 [INFO] [0;34mLog: /home/homa1/homa1/code_base/HOMA-1.0/logs/austin-payload-01_20251231.log[0m
2025-12-31 16:05:41 [INFO] [0;34m━━━━━━━━━━━━━━━━━━━━━━━━━━━━━━━━━━━━━━━━━━━━━━━━━[0m
2025-12-31 16:05:41 [INFO] [0;34mChecking if backend is available at http://100.88.6.111:8001...[0m
2025-12-31 16:05:41 [INFO] [0;34mWebSocket URL: ws://100.88.6.111:8001[0m
2025-12-31 16:05:41 [SUCCESS] [0;32mBackend is online and reachable![0m
2025-12-31 16:05:41 [INFO] [0;34mChecking for existing drone script processes...[0m
2025-12-31 16:05:41 [INFO] [0;34mNo existing processes found[0m
2025-12-31 16:05:41 [INFO] [0;34mStarting drone script...[0m
2025-12-31 16:05:41 [INFO] [0;34mScript path: /home/homa1/homa1/code_base/HOMA-1.0/drone.py[0m
2025-12-31 16:05:41 [SUCCESS] [0;32mDrone script started (PID: 30322)[0m
2025-12-31 16:24:10 [WARN] [1;33mShutdown signal received. Cleaning up...[0m
2025-12-31 16:24:10 [INFO] [0;34mKilling drone script (PID: 30322)...[0m
2025-12-31 16:24:13 [SUCCESS] [0;32mCleanup complete. Exiting.[0m
2025-12-31 16:24:16 [INFO] [0;34m━━━━━━━━━━━━━━━━━━━━━━━━━━━━━━━━━━━━━━━━━━━━━━━━━[0m
2025-12-31 16:24:16 [INFO] [0;34mDrone Auto-Restart Script[0m
2025-12-31 16:24:16 [INFO] [0;34m━━━━━━━━━━━━━━━━━━━━━━━━━━━━━━━━━━━━━━━━━━━━━━━━━[0m
2025-12-31 16:24:16 [INFO] [0;34mDrone ID: austin-payload-01[0m
2025-12-31 16:24:16 [INFO] [0;34mDrone Type: rescue[0m
2025-12-31 16:24:16 [INFO] [0;34mBackend URL: http://100.88.6.111:8001[0m
2025-12-31 16:24:16 [INFO] [0;34mWebSocket URL: ws://100.88.6.111:8001[0m
2025-12-31 16:24:16 [INFO] [0;34mScript: /home/homa1/homa1/code_base/HOMA-1.0/drone.py[0m
2025-12-31 16:24:16 [SUCCESS] [0;32mVirtual environment activated: /home/homa1/homa1/homa1_venv[0m
2025-12-31 16:24:16 [INFO] [0;34mLog: /home/homa1/homa1/code_base/HOMA-1.0/logs/austin-payload-01_20251231.log[0m
2025-12-31 16:24:16 [INFO] [0;34m━━━━━━━━━━━━━━━━━━━━━━━━━━━━━━━━━━━━━━━━━━━━━━━━━[0m
2025-12-31 16:24:16 [INFO] [0;34mChecking if backend is available at http://100.88.6.111:8001...[0m
2025-12-31 16:24:16 [INFO] [0;34mWebSocket URL: ws://100.88.6.111:8001[0m
2025-12-31 16:24:16 [SUCCESS] [0;32mBackend is online and reachable![0m
2025-12-31 16:24:16 [INFO] [0;34mChecking for existing drone script processes...[0m
2025-12-31 16:24:16 [INFO] [0;34mNo existing processes found[0m
2025-12-31 16:24:16 [INFO] [0;34mStarting drone script...[0m
2025-12-31 16:24:17 [INFO] [0;34mScript path: /home/homa1/homa1/code_base/HOMA-1.0/drone.py[0m
2025-12-31 16:24:17 [SUCCESS] [0;32mDrone script started (PID: 31439)[0m
2025-12-31 16:25:47 [WARN] [1;33mShutdown signal received. Cleaning up...[0m
2025-12-31 16:25:47 [INFO] [0;34mKilling drone script (PID: 31439)...[0m
2025-12-31 16:25:47 [WARN] [1;33mShutdown signal received. Cleaning up...[0m
2025-12-31 16:25:47 [SUCCESS] [0;32mCleanup complete. Exiting.[0m
2025-12-31 16:25:49 [INFO] [0;34m━━━━━━━━━━━━━━━━━━━━━━━━━━━━━━━━━━━━━━━━━━━━━━━━━[0m
2025-12-31 16:25:49 [INFO] [0;34mDrone Auto-Restart Script[0m
2025-12-31 16:25:49 [INFO] [0;34m━━━━━━━━━━━━━━━━━━━━━━━━━━━━━━━━━━━━━━━━━━━━━━━━━[0m
2025-12-31 16:25:50 [INFO] [0;34mDrone ID: austin-payload-01[0m
2025-12-31 16:25:50 [INFO] [0;34mDrone Type: rescue[0m
2025-12-31 16:25:50 [INFO] [0;34mBackend URL: http://100.88.6.111:8001[0m
2025-12-31 16:25:50 [INFO] [0;34mWebSocket URL: ws://100.88.6.111:8001[0m
2025-12-31 16:25:50 [INFO] [0;34mScript: /home/homa1/homa1/code_base/HOMA-1.0/drone.py[0m
2025-12-31 16:25:50 [SUCCESS] [0;32mVirtual environment activated: /home/homa1/homa1/homa1_venv[0m
2025-12-31 16:25:50 [INFO] [0;34mLog: /home/homa1/homa1/code_base/HOMA-1.0/logs/austin-payload-01_20251231.log[0m
2025-12-31 16:25:50 [INFO] [0;34m━━━━━━━━━━━━━━━━━━━━━━━━━━━━━━━━━━━━━━━━━━━━━━━━━[0m
2025-12-31 16:25:50 [INFO] [0;34mChecking if backend is available at http://100.88.6.111:8001...[0m
2025-12-31 16:25:50 [INFO] [0;34mWebSocket URL: ws://100.88.6.111:8001[0m
2025-12-31 16:25:50 [SUCCESS] [0;32mBackend is online and reachable![0m
2025-12-31 16:25:50 [INFO] [0;34mChecking for existing drone script processes...[0m
2025-12-31 16:25:50 [INFO] [0;34mNo existing processes found[0m
2025-12-31 16:25:50 [INFO] [0;34mStarting drone script...[0m
2025-12-31 16:25:50 [INFO] [0;34mScript path: /home/homa1/homa1/code_base/HOMA-1.0/drone.py[0m
2025-12-31 16:25:50 [SUCCESS] [0;32mDrone script started (PID: 31903)[0m
2025-12-31 16:26:08 [WARN] [1;33mShutdown signal received. Cleaning up...[0m
2025-12-31 16:26:08 [INFO] [0;34mKilling drone script (PID: 31903)...[0m
2025-12-31 16:26:10 [SUCCESS] [0;32mCleanup complete. Exiting.[0m
2025-12-31 16:26:33 [INFO] [0;34m━━━━━━━━━━━━━━━━━━━━━━━━━━━━━━━━━━━━━━━━━━━━━━━━━[0m
2025-12-31 16:26:33 [INFO] [0;34mDrone Auto-Restart Script[0m
2025-12-31 16:26:33 [INFO] [0;34m━━━━━━━━━━━━━━━━━━━━━━━━━━━━━━━━━━━━━━━━━━━━━━━━━[0m
2025-12-31 16:26:33 [INFO] [0;34mDrone ID: austin-payload-01[0m
2025-12-31 16:26:33 [INFO] [0;34mDrone Type: rescue[0m
2025-12-31 16:26:33 [INFO] [0;34mBackend URL: http://100.88.6.111:8001[0m
2025-12-31 16:26:33 [INFO] [0;34mWebSocket URL: ws://100.88.6.111:8001[0m
2025-12-31 16:26:33 [INFO] [0;34mScript: /home/homa1/homa1/code_base/HOMA-1.0/drone.py[0m
2025-12-31 16:26:33 [SUCCESS] [0;32mVirtual environment activated: /home/homa1/homa1/homa1_venv[0m
2025-12-31 16:26:33 [INFO] [0;34mLog: /home/homa1/homa1/code_base/HOMA-1.0/logs/austin-payload-01_20251231.log[0m
2025-12-31 16:26:33 [INFO] [0;34m━━━━━━━━━━━━━━━━━━━━━━━━━━━━━━━━━━━━━━━━━━━━━━━━━[0m
2025-12-31 16:26:33 [INFO] [0;34mChecking if backend is available at http://100.88.6.111:8001...[0m
2025-12-31 16:26:33 [INFO] [0;34mWebSocket URL: ws://100.88.6.111:8001[0m
2025-12-31 16:26:33 [SUCCESS] [0;32mBackend is online and reachable![0m
2025-12-31 16:26:33 [INFO] [0;34mChecking for existing drone script processes...[0m
2025-12-31 16:26:33 [INFO] [0;34mNo existing processes found[0m
2025-12-31 16:26:33 [INFO] [0;34mStarting drone script...[0m
2025-12-31 16:26:33 [INFO] [0;34mScript path: /home/homa1/homa1/code_base/HOMA-1.0/drone.py[0m
2025-12-31 16:26:33 [SUCCESS] [0;32mDrone script started (PID: 32645)[0m
2025-12-31 16:31:37 [WARN] [1;33mShutdown signal received. Cleaning up...[0m
2025-12-31 16:31:37 [INFO] [0;34mKilling drone script (PID: 32645)...[0m
2025-12-31 16:31:37 [WARN] [1;33mShutdown signal received. Cleaning up...[0m
2025-12-31 16:31:38 [INFO] [0;34mKilling drone script (PID: 32645)...[0m
2025-12-31 16:31:38 [WARN] [1;33mShutdown signal received. Cleaning up...[0m
2025-12-31 16:31:38 [WARN] [1;33mShutdown signal received. Cleaning up...[0m
2025-12-31 16:31:38 [SUCCESS] [0;32mCleanup complete. Exiting.[0m
2025-12-31 17:35:31 [INFO] [0;34m━━━━━━━━━━━━━━━━━━━━━━━━━━━━━━━━━━━━━━━━━━━━━━━━━[0m
2025-12-31 17:35:31 [INFO] [0;34mDrone Auto-Restart Script[0m
2025-12-31 17:35:31 [INFO] [0;34m━━━━━━━━━━━━━━━━━━━━━━━━━━━━━━━━━━━━━━━━━━━━━━━━━[0m
2025-12-31 17:35:31 [INFO] [0;34mDrone ID: austin-payload-01[0m
2025-12-31 17:35:31 [INFO] [0;34mDrone Type: rescue[0m
2025-12-31 17:35:31 [INFO] [0;34mBackend URL: http://100.88.6.111:8001[0m
2025-12-31 17:35:31 [INFO] [0;34mWebSocket URL: ws://100.88.6.111:8001[0m
2025-12-31 17:35:31 [INFO] [0;34mScript: /home/homa1/homa1/code_base/HOMA-1.0/drone.py[0m
2025-12-31 17:35:31 [SUCCESS] [0;32mVirtual environment activated: /home/homa1/homa1/homa1_venv[0m
2025-12-31 17:35:31 [INFO] [0;34mLog: /home/homa1/homa1/code_base/HOMA-1.0/logs/austin-payload-01_20251231.log[0m
2025-12-31 17:35:31 [INFO] [0;34m━━━━━━━━━━━━━━━━━━━━━━━━━━━━━━━━━━━━━━━━━━━━━━━━━[0m
2025-12-31 17:35:31 [INFO] [0;34mChecking if backend is available at http://100.88.6.111:8001...[0m
2025-12-31 17:35:31 [INFO] [0;34mWebSocket URL: ws://100.88.6.111:8001[0m
2025-12-31 17:35:32 [SUCCESS] [0;32mBackend is online and reachable![0m
2025-12-31 17:35:32 [INFO] [0;34mChecking for existing drone script processes...[0m
2025-12-31 17:35:32 [INFO] [0;34mNo existing processes found[0m
2025-12-31 17:35:32 [INFO] [0;34mStarting drone script...[0m
2025-12-31 17:35:32 [INFO] [0;34mScript path: /home/homa1/homa1/code_base/HOMA-1.0/drone.py[0m
2025-12-31 17:35:32 [SUCCESS] [0;32mDrone script started (PID: 43514)[0m
2025-12-31 17:41:45 [WARN] [1;33mShutdown signal received. Cleaning up...[0m
2025-12-31 17:41:45 [INFO] [0;34mKilling drone script (PID: 43514)...[0m
2025-12-31 17:41:45 [WARN] [1;33mShutdown signal received. Cleaning up...[0m
2025-12-31 17:41:45 [INFO] [0;34mKilling drone script (PID: 43514)...[0m
2025-12-31 17:41:46 [WARN] [1;33mShutdown signal received. Cleaning up...[0m
2025-12-31 17:41:46 [SUCCESS] [0;32mCleanup complete. Exiting.[0m
2025-12-31 18:36:48 [INFO] [0;34m━━━━━━━━━━━━━━━━━━━━━━━━━━━━━━━━━━━━━━━━━━━━━━━━━[0m
2025-12-31 18:36:48 [INFO] [0;34mDrone Auto-Restart Script[0m
2025-12-31 18:36:48 [INFO] [0;34m━━━━━━━━━━━━━━━━━━━━━━━━━━━━━━━━━━━━━━━━━━━━━━━━━[0m
2025-12-31 18:36:48 [INFO] [0;34mDrone ID: austin-payload-01[0m
2025-12-31 18:36:48 [INFO] [0;34mDrone Type: rescue[0m
2025-12-31 18:36:48 [INFO] [0;34mBackend URL: http://100.88.6.111:8001[0m
2025-12-31 18:36:48 [INFO] [0;34mWebSocket URL: ws://100.88.6.111:8001[0m
2025-12-31 18:36:48 [INFO] [0;34mScript: /home/homa1/homa1/code_base/HOMA-1.0/drone.py[0m
2025-12-31 18:36:48 [SUCCESS] [0;32mVirtual environment activated: /home/homa1/homa1/homa1_venv[0m
2025-12-31 18:36:48 [INFO] [0;34mLog: /home/homa1/homa1/code_base/HOMA-1.0/logs/austin-payload-01_20251231.log[0m
2025-12-31 18:36:48 [INFO] [0;34m━━━━━━━━━━━━━━━━━━━━━━━━━━━━━━━━━━━━━━━━━━━━━━━━━[0m
2025-12-31 18:36:48 [INFO] [0;34mChecking if backend is available at http://100.88.6.111:8001...[0m
2025-12-31 18:36:48 [INFO] [0;34mWebSocket URL: ws://100.88.6.111:8001[0m
2025-12-31 18:37:01 [WARN] [1;33mBackend not reachable (attempt 1)[0m
2025-12-31 18:37:01 [INFO] [0;34mTrying: curl http://100.88.6.111:8001/health[0m
2025-12-31 18:37:01 [INFO] [0;34mRetrying in 5s...[0m
2025-12-31 18:37:06 [SUCCESS] [0;32mBackend is online and reachable![0m
2025-12-31 18:37:07 [INFO] [0;34mChecking for existing drone script processes...[0m
2025-12-31 18:37:07 [INFO] [0;34mNo existing processes found[0m
2025-12-31 18:37:07 [INFO] [0;34mStarting drone script...[0m
2025-12-31 18:37:07 [INFO] [0;34mScript path: /home/homa1/homa1/code_base/HOMA-1.0/drone.py[0m
2025-12-31 18:37:07 [SUCCESS] [0;32mDrone script started (PID: 46446)[0m
2025-12-31 18:40:25 [WARN] [1;33mShutdown signal received. Cleaning up...[0m
2025-12-31 18:40:25 [INFO] [0;34mKilling drone script (PID: 46446)...[0m
2025-12-31 18:40:26 [WARN] [1;33mShutdown signal received. Cleaning up...[0m
2025-12-31 18:40:26 [SUCCESS] [0;32mCleanup complete. Exiting.[0m
2025-12-31 18:57:39 [INFO] [0;34m━━━━━━━━━━━━━━━━━━━━━━━━━━━━━━━━━━━━━━━━━━━━━━━━━[0m
2025-12-31 18:57:39 [INFO] [0;34mDrone Auto-Restart Script[0m
2025-12-31 18:57:39 [INFO] [0;34m━━━━━━━━━━━━━━━━━━━━━━━━━━━━━━━━━━━━━━━━━━━━━━━━━[0m
2025-12-31 18:57:39 [INFO] [0;34mDrone ID: austin-payload-01[0m
2025-12-31 18:57:39 [INFO] [0;34mDrone Type: rescue[0m
2025-12-31 18:57:39 [INFO] [0;34mBackend URL: http://100.88.6.111:8001[0m
2025-12-31 18:57:39 [INFO] [0;34mWebSocket URL: ws://100.88.6.111:8001[0m
2025-12-31 18:57:39 [INFO] [0;34mScript: /home/homa1/homa1/code_base/HOMA-1.0/drone.py[0m
2025-12-31 18:57:39 [SUCCESS] [0;32mVirtual environment activated: /home/homa1/homa1/homa1_venv[0m
2025-12-31 18:57:39 [INFO] [0;34mLog: /home/homa1/homa1/code_base/HOMA-1.0/logs/austin-payload-01_20251231.log[0m
2025-12-31 18:57:39 [INFO] [0;34m━━━━━━━━━━━━━━━━━━━━━━━━━━━━━━━━━━━━━━━━━━━━━━━━━[0m
2025-12-31 18:57:39 [INFO] [0;34mChecking if backend is available at http://100.88.6.111:8001...[0m
2025-12-31 18:57:39 [INFO] [0;34mWebSocket URL: ws://100.88.6.111:8001[0m
2025-12-31 18:57:40 [SUCCESS] [0;32mBackend is online and reachable![0m
2025-12-31 18:57:40 [INFO] [0;34mChecking for existing drone script processes...[0m
2025-12-31 18:57:40 [INFO] [0;34mNo existing processes found[0m
2025-12-31 18:57:40 [INFO] [0;34mStarting drone script...[0m
2025-12-31 18:57:40 [INFO] [0;34mScript path: /home/homa1/homa1/code_base/HOMA-1.0/drone.py[0m
2025-12-31 18:57:40 [SUCCESS] [0;32mDrone script started (PID: 48790)[0m
2025-12-31 18:57:41 [WARN] [1;33mShutdown signal received. Cleaning up...[0m
2025-12-31 18:57:42 [INFO] [0;34mKilling drone script (PID: 48790)...[0m
2025-12-31 18:57:44 [SUCCESS] [0;32mCleanup complete. Exiting.[0m
2025-12-31 18:59:57 [INFO] [0;34m━━━━━━━━━━━━━━━━━━━━━━━━━━━━━━━━━━━━━━━━━━━━━━━━━[0m
2025-12-31 18:59:57 [INFO] [0;34mDrone Auto-Restart Script[0m
2025-12-31 18:59:57 [INFO] [0;34m━━━━━━━━━━━━━━━━━━━━━━━━━━━━━━━━━━━━━━━━━━━━━━━━━[0m
2025-12-31 18:59:57 [INFO] [0;34mDrone ID: austin-payload-01[0m
2025-12-31 18:59:57 [INFO] [0;34mDrone Type: rescue[0m
2025-12-31 18:59:57 [INFO] [0;34mBackend URL: http://100.88.6.111:8001[0m
2025-12-31 18:59:57 [INFO] [0;34mWebSocket URL: ws://100.88.6.111:8001[0m
2025-12-31 18:59:57 [INFO] [0;34mScript: /home/homa1/homa1/code_base/HOMA-1.0/drone.py[0m
2025-12-31 18:59:57 [SUCCESS] [0;32mVirtual environment activated: /home/homa1/homa1/homa1_venv[0m
2025-12-31 18:59:57 [INFO] [0;34mLog: /home/homa1/homa1/code_base/HOMA-1.0/logs/austin-payload-01_20251231.log[0m
2025-12-31 18:59:57 [INFO] [0;34m━━━━━━━━━━━━━━━━━━━━━━━━━━━━━━━━━━━━━━━━━━━━━━━━━[0m
2025-12-31 18:59:57 [INFO] [0;34mChecking if backend is available at http://100.88.6.111:8001...[0m
2025-12-31 18:59:57 [INFO] [0;34mWebSocket URL: ws://100.88.6.111:8001[0m
2025-12-31 18:59:58 [SUCCESS] [0;32mBackend is online and reachable![0m
2025-12-31 18:59:58 [INFO] [0;34mChecking for existing drone script processes...[0m
2025-12-31 18:59:58 [INFO] [0;34mNo existing processes found[0m
2025-12-31 18:59:58 [INFO] [0;34mStarting drone script...[0m
2025-12-31 18:59:58 [INFO] [0;34mScript path: /home/homa1/homa1/code_base/HOMA-1.0/drone.py[0m
2025-12-31 18:59:58 [SUCCESS] [0;32mDrone script started (PID: 50055)[0m
2025-12-31 19:05:45 [WARN] [1;33mShutdown signal received. Cleaning up...[0m
2025-12-31 19:05:45 [INFO] [0;34mKilling drone script (PID: 50055)...[0m
2025-12-31 19:05:45 [WARN] [1;33mShutdown signal received. Cleaning up...[0m
2025-12-31 19:05:45 [INFO] [0;34mKilling drone script (PID: 50055)...[0m
2025-12-31 19:05:45 [WARN] [1;33mShutdown signal received. Cleaning up...[0m
2025-12-31 19:05:45 [SUCCESS] [0;32mCleanup complete. Exiting.[0m
