2026-01-20 12:01:00 [INFO] [0;34m━━━━━━━━━━━━━━━━━━━━━━━━━━━━━━━━━━━━━━━━━━━━━━━━━[0m
2026-01-20 12:01:00 [INFO] [0;34mDrone Auto-Restart Script[0m
2026-01-20 12:01:00 [INFO] [0;34m━━━━━━━━━━━━━━━━━━━━━━━━━━━━━━━━━━━━━━━━━━━━━━━━━[0m
2026-01-20 12:01:00 [INFO] [0;34mDrone ID: austin-recon-01[0m
2026-01-20 12:01:00 [INFO] [0;34mDrone Type: recon[0m
2026-01-20 12:01:00 [INFO] [0;34mBackend URL: http://100.88.6.111:8001[0m
2026-01-20 12:01:00 [INFO] [0;34mWebSocket URL: ws://100.88.6.111:8001[0m
2026-01-20 12:01:00 [INFO] [0;34mScript: /home/nanosuper/Downloads/HOMA-1.0/drone.py[0m
2026-01-20 12:01:00 [WARN] [1;33mNo virtual environment activated[0m
2026-01-20 12:01:00 [INFO] [0;34mLog: /home/nanosuper/Downloads/HOMA-1.0/logs/austin-recon-01_20260120.log[0m
2026-01-20 12:01:00 [INFO] [0;34m━━━━━━━━━━━━━━━━━━━━━━━━━━━━━━━━━━━━━━━━━━━━━━━━━[0m
2026-01-20 12:01:00 [INFO] [0;34mChecking if backend is available at http://100.88.6.111:8001...[0m
2026-01-20 12:01:00 [INFO] [0;34mWebSocket URL: ws://100.88.6.111:8001[0m
2026-01-20 12:01:01 [WARN] [1;33mBackend not reachable (attempt 1)[0m
2026-01-20 12:01:01 [INFO] [0;34mTrying: curl http://100.88.6.111:8001/health[0m
2026-01-20 12:01:01 [INFO] [0;34mRetrying in 5s...[0m
2026-01-20 12:01:07 [WARN] [1;33mBackend not reachable (attempt 2)[0m
2026-01-20 12:01:07 [INFO] [0;34mTrying: curl http://100.88.6.111:8001/health[0m
2026-01-20 12:01:07 [INFO] [0;34mRetrying in 5s...[0m
2026-01-20 12:01:13 [WARN] [1;33mBackend not reachable (attempt 3)[0m
2026-01-20 12:01:13 [INFO] [0;34mTrying: curl http://100.88.6.111:8001/health[0m
2026-01-20 12:01:13 [INFO] [0;34mRetrying in 5s...[0m
2026-01-20 12:01:19 [WARN] [1;33mBackend not available (attempt 4). Retrying in 5s...[0m
2026-01-20 12:01:20 [WARN] [1;33mShutdown signal received. Cleaning up...[0m
2026-01-20 12:01:20 [SUCCESS] [0;32mCleanup complete. Exiting.[0m
2026-01-20 12:01:57 [INFO] [0;34m━━━━━━━━━━━━━━━━━━━━━━━━━━━━━━━━━━━━━━━━━━━━━━━━━[0m
2026-01-20 12:01:57 [INFO] [0;34mDrone Auto-Restart Script[0m
2026-01-20 12:01:57 [INFO] [0;34m━━━━━━━━━━━━━━━━━━━━━━━━━━━━━━━━━━━━━━━━━━━━━━━━━[0m
2026-01-20 12:01:57 [INFO] [0;34mDrone ID: austin-recon-01[0m
2026-01-20 12:01:57 [INFO] [0;34mDrone Type: recon[0m
2026-01-20 12:01:57 [INFO] [0;34mBackend URL: http://100.88.6.111:8001[0m
2026-01-20 12:01:57 [INFO] [0;34mWebSocket URL: ws://100.88.6.111:8001[0m
2026-01-20 12:01:57 [INFO] [0;34mScript: /home/nanosuper/Downloads/HOMA-1.0/drone.py[0m
2026-01-20 12:01:57 [WARN] [1;33mNo virtual environment activated[0m
2026-01-20 12:01:57 [INFO] [0;34mLog: /home/nanosuper/Downloads/HOMA-1.0/logs/austin-recon-01_20260120.log[0m
2026-01-20 12:01:57 [INFO] [0;34m━━━━━━━━━━━━━━━━━━━━━━━━━━━━━━━━━━━━━━━━━━━━━━━━━[0m
2026-01-20 12:01:57 [INFO] [0;34mChecking if backend is available at http://100.88.6.111:8001...[0m
2026-01-20 12:01:57 [INFO] [0;34mWebSocket URL: ws://100.88.6.111:8001[0m
2026-01-20 12:01:57 [SUCCESS] [0;32mBackend is online and reachable![0m
2026-01-20 12:01:57 [INFO] [0;34mChecking for existing drone script processes...[0m
2026-01-20 12:01:57 [INFO] [0;34mNo existing processes found[0m
2026-01-20 12:01:57 [INFO] [0;34mStarting drone script...[0m
2026-01-20 12:01:57 [INFO] [0;34mScript path: /home/nanosuper/Downloads/HOMA-1.0/drone.py[0m
2026-01-20 12:01:57 [SUCCESS] [0;32mDrone script started (PID: 3938)[0m
2026-01-20 12:21:56 [WARN] [1;33mShutdown signal received. Cleaning up...[0m
2026-01-20 12:21:56 [INFO] [0;34mKilling drone script (PID: 3938)...[0m
2026-01-20 12:21:56 [WARN] [1;33mShutdown signal received. Cleaning up...[0m
2026-01-20 12:21:56 [SUCCESS] [0;32mCleanup complete. Exiting.[0m
2026-01-20 12:22:52 [INFO] [0;34m━━━━━━━━━━━━━━━━━━━━━━━━━━━━━━━━━━━━━━━━━━━━━━━━━[0m
2026-01-20 12:22:52 [INFO] [0;34mDrone Auto-Restart Script[0m
2026-01-20 12:22:52 [INFO] [0;34m━━━━━━━━━━━━━━━━━━━━━━━━━━━━━━━━━━━━━━━━━━━━━━━━━[0m
2026-01-20 12:22:52 [INFO] [0;34mDrone ID: austin-recon-01[0m
2026-01-20 12:22:52 [INFO] [0;34mDrone Type: recon[0m
2026-01-20 12:22:52 [INFO] [0;34mBackend URL: http://100.111.237.50:8001[0m
2026-01-20 12:22:52 [INFO] [0;34mWebSocket URL: ws://100.111.237.50:8001[0m
2026-01-20 12:22:52 [INFO] [0;34mScript: /home/nanosuper/Downloads/HOMA-1.0/drone.py[0m
2026-01-20 12:22:52 [WARN] [1;33mNo virtual environment activated[0m
2026-01-20 12:22:52 [INFO] [0;34mLog: /home/nanosuper/Downloads/HOMA-1.0/logs/austin-recon-01_20260120.log[0m
2026-01-20 12:22:52 [INFO] [0;34m━━━━━━━━━━━━━━━━━━━━━━━━━━━━━━━━━━━━━━━━━━━━━━━━━[0m
2026-01-20 12:22:52 [INFO] [0;34mChecking if backend is available at http://100.111.237.50:8001...[0m
2026-01-20 12:22:52 [INFO] [0;34mWebSocket URL: ws://100.111.237.50:8001[0m
2026-01-20 12:22:52 [SUCCESS] [0;32mBackend is online and reachable![0m
2026-01-20 12:22:52 [INFO] [0;34mChecking for existing drone script processes...[0m
2026-01-20 12:22:52 [INFO] [0;34mNo existing processes found[0m
2026-01-20 12:22:52 [INFO] [0;34mStarting drone script...[0m
2026-01-20 12:22:52 [INFO] [0;34mScript path: /home/nanosuper/Downloads/HOMA-1.0/drone.py[0m
2026-01-20 12:22:52 [SUCCESS] [0;32mDrone script started (PID: 5402)[0m
2026-01-20 12:26:13 [WARN] [1;33mShutdown signal received. Cleaning up...[0m
2026-01-20 12:26:13 [INFO] [0;34mKilling drone script (PID: 5402)...[0m
2026-01-20 12:26:14 [WARN] [1;33mShutdown signal received. Cleaning up...[0m
2026-01-20 12:26:14 [SUCCESS] [0;32mCleanup complete. Exiting.[0m
2026-01-20 12:28:13 [INFO] [0;34m━━━━━━━━━━━━━━━━━━━━━━━━━━━━━━━━━━━━━━━━━━━━━━━━━[0m
2026-01-20 12:28:13 [INFO] [0;34mDrone Auto-Restart Script[0m
2026-01-20 12:28:13 [INFO] [0;34m━━━━━━━━━━━━━━━━━━━━━━━━━━━━━━━━━━━━━━━━━━━━━━━━━[0m
2026-01-20 12:28:13 [INFO] [0;34mDrone ID: austin-recon-01[0m
2026-01-20 12:28:13 [INFO] [0;34mDrone Type: recon[0m
2026-01-20 12:28:13 [INFO] [0;34mBackend URL: http://100.111.237.50:8001[0m
2026-01-20 12:28:13 [INFO] [0;34mWebSocket URL: ws://100.111.237.50:8001[0m
2026-01-20 12:28:13 [INFO] [0;34mScript: /home/nanosuper/Downloads/HOMA-1.0/drone.py[0m
2026-01-20 12:28:13 [WARN] [1;33mNo virtual environment activated[0m
2026-01-20 12:28:13 [INFO] [0;34mLog: /home/nanosuper/Downloads/HOMA-1.0/logs/austin-recon-01_20260120.log[0m
2026-01-20 12:28:13 [INFO] [0;34m━━━━━━━━━━━━━━━━━━━━━━━━━━━━━━━━━━━━━━━━━━━━━━━━━[0m
2026-01-20 12:28:13 [INFO] [0;34mChecking if backend is available at http://100.111.237.50:8001...[0m
2026-01-20 12:28:13 [INFO] [0;34mWebSocket URL: ws://100.111.237.50:8001[0m
2026-01-20 12:28:13 [SUCCESS] [0;32mBackend is online and reachable![0m
2026-01-20 12:28:13 [INFO] [0;34mChecking for existing drone script processes...[0m
2026-01-20 12:28:13 [INFO] [0;34mNo existing processes found[0m
2026-01-20 12:28:13 [INFO] [0;34mStarting drone script...[0m
2026-01-20 12:28:13 [INFO] [0;34mScript path: /home/nanosuper/Downloads/HOMA-1.0/drone.py[0m
2026-01-20 12:28:13 [SUCCESS] [0;32mDrone script started (PID: 6273)[0m
2026-01-20 12:37:55 [WARN] [1;33mShutdown signal received. Cleaning up...[0m
2026-01-20 12:37:55 [INFO] [0;34mKilling drone script (PID: 6273)...[0m
2026-01-20 12:37:55 [WARN] [1;33mShutdown signal received. Cleaning up...[0m
2026-01-20 12:37:55 [SUCCESS] [0;32mCleanup complete. Exiting.[0m
2026-01-20 12:37:57 [INFO] [0;34m━━━━━━━━━━━━━━━━━━━━━━━━━━━━━━━━━━━━━━━━━━━━━━━━━[0m
2026-01-20 12:37:57 [INFO] [0;34mDrone Auto-Restart Script[0m
2026-01-20 12:37:57 [INFO] [0;34m━━━━━━━━━━━━━━━━━━━━━━━━━━━━━━━━━━━━━━━━━━━━━━━━━[0m
2026-01-20 12:37:57 [INFO] [0;34mDrone ID: austin-recon-01[0m
2026-01-20 12:37:57 [INFO] [0;34mDrone Type: recon[0m
2026-01-20 12:37:57 [INFO] [0;34mBackend URL: http://100.111.237.50:8001[0m
2026-01-20 12:37:57 [INFO] [0;34mWebSocket URL: ws://100.111.237.50:8001[0m
2026-01-20 12:37:57 [INFO] [0;34mScript: /home/nanosuper/Downloads/HOMA-1.0/drone.py[0m
2026-01-20 12:37:57 [WARN] [1;33mNo virtual environment activated[0m
2026-01-20 12:37:57 [INFO] [0;34mLog: /home/nanosuper/Downloads/HOMA-1.0/logs/austin-recon-01_20260120.log[0m
2026-01-20 12:37:57 [INFO] [0;34m━━━━━━━━━━━━━━━━━━━━━━━━━━━━━━━━━━━━━━━━━━━━━━━━━[0m
2026-01-20 12:37:57 [INFO] [0;34mChecking if backend is available at http://100.111.237.50:8001...[0m
2026-01-20 12:37:57 [INFO] [0;34mWebSocket URL: ws://100.111.237.50:8001[0m
2026-01-20 12:37:57 [SUCCESS] [0;32mBackend is online and reachable![0m
2026-01-20 12:37:57 [INFO] [0;34mChecking for existing drone script processes...[0m
2026-01-20 12:37:57 [INFO] [0;34mNo existing processes found[0m
2026-01-20 12:37:57 [INFO] [0;34mStarting drone script...[0m
2026-01-20 12:37:57 [INFO] [0;34mScript path: /home/nanosuper/Downloads/HOMA-1.0/drone.py[0m
2026-01-20 12:37:57 [SUCCESS] [0;32mDrone script started (PID: 8165)[0m
2026-01-20 12:40:22 [WARN] [1;33mShutdown signal received. Cleaning up...[0m
2026-01-20 12:40:22 [INFO] [0;34mKilling drone script (PID: 8165)...[0m
2026-01-20 12:40:22 [WARN] [1;33mShutdown signal received. Cleaning up...[0m
2026-01-20 12:40:22 [SUCCESS] [0;32mCleanup complete. Exiting.[0m
2026-01-20 12:41:50 [INFO] [0;34m━━━━━━━━━━━━━━━━━━━━━━━━━━━━━━━━━━━━━━━━━━━━━━━━━[0m
2026-01-20 12:41:50 [INFO] [0;34mDrone Auto-Restart Script[0m
2026-01-20 12:41:50 [INFO] [0;34m━━━━━━━━━━━━━━━━━━━━━━━━━━━━━━━━━━━━━━━━━━━━━━━━━[0m
2026-01-20 12:41:50 [INFO] [0;34mDrone ID: austin-recon-01[0m
2026-01-20 12:41:50 [INFO] [0;34mDrone Type: recon[0m
2026-01-20 12:41:50 [INFO] [0;34mBackend URL: http://100.111.237.50:8001[0m
2026-01-20 12:41:50 [INFO] [0;34mWebSocket URL: ws://100.111.237.50:8001[0m
2026-01-20 12:41:50 [INFO] [0;34mScript: /home/nanosuper/Downloads/HOMA-1.0/drone.py[0m
2026-01-20 12:41:50 [WARN] [1;33mNo virtual environment activated[0m
2026-01-20 12:41:50 [INFO] [0;34mLog: /home/nanosuper/Downloads/HOMA-1.0/logs/austin-recon-01_20260120.log[0m
2026-01-20 12:41:50 [INFO] [0;34m━━━━━━━━━━━━━━━━━━━━━━━━━━━━━━━━━━━━━━━━━━━━━━━━━[0m
2026-01-20 12:41:50 [INFO] [0;34mChecking if backend is available at http://100.111.237.50:8001...[0m
2026-01-20 12:41:50 [INFO] [0;34mWebSocket URL: ws://100.111.237.50:8001[0m
2026-01-20 12:41:51 [SUCCESS] [0;32mBackend is online and reachable![0m
2026-01-20 12:41:51 [INFO] [0;34mChecking for existing drone script processes...[0m
2026-01-20 12:41:51 [INFO] [0;34mNo existing processes found[0m
2026-01-20 12:41:51 [INFO] [0;34mStarting drone script...[0m
2026-01-20 12:41:51 [INFO] [0;34mScript path: /home/nanosuper/Downloads/HOMA-1.0/drone.py[0m
2026-01-20 12:41:51 [SUCCESS] [0;32mDrone script started (PID: 8890)[0m
2026-01-20 12:41:59 [WARN] [1;33mShutdown signal received. Cleaning up...[0m
2026-01-20 12:41:59 [INFO] [0;34mKilling drone script (PID: 8890)...[0m
2026-01-20 12:42:00 [WARN] [1;33mShutdown signal received. Cleaning up...[0m
2026-01-20 12:42:00 [SUCCESS] [0;32mCleanup complete. Exiting.[0m
2026-01-20 12:42:07 [INFO] [0;34m━━━━━━━━━━━━━━━━━━━━━━━━━━━━━━━━━━━━━━━━━━━━━━━━━[0m
2026-01-20 12:42:07 [INFO] [0;34mDrone Auto-Restart Script[0m
2026-01-20 12:42:07 [INFO] [0;34m━━━━━━━━━━━━━━━━━━━━━━━━━━━━━━━━━━━━━━━━━━━━━━━━━[0m
2026-01-20 12:42:07 [INFO] [0;34mDrone ID: austin-recon-01[0m
2026-01-20 12:42:07 [INFO] [0;34mDrone Type: recon[0m
2026-01-20 12:42:07 [INFO] [0;34mBackend URL: http://100.111.237.50:8001[0m
2026-01-20 12:42:07 [INFO] [0;34mWebSocket URL: ws://100.111.237.50:8001[0m
2026-01-20 12:42:07 [INFO] [0;34mScript: /home/nanosuper/Downloads/HOMA-1.0/drone.py[0m
2026-01-20 12:42:07 [WARN] [1;33mNo virtual environment activated[0m
2026-01-20 12:42:07 [INFO] [0;34mLog: /home/nanosuper/Downloads/HOMA-1.0/logs/austin-recon-01_20260120.log[0m
2026-01-20 12:42:07 [INFO] [0;34m━━━━━━━━━━━━━━━━━━━━━━━━━━━━━━━━━━━━━━━━━━━━━━━━━[0m
2026-01-20 12:42:07 [INFO] [0;34mChecking if backend is available at http://100.111.237.50:8001...[0m
2026-01-20 12:42:07 [INFO] [0;34mWebSocket URL: ws://100.111.237.50:8001[0m
2026-01-20 12:42:07 [SUCCESS] [0;32mBackend is online and reachable![0m
2026-01-20 12:42:07 [INFO] [0;34mChecking for existing drone script processes...[0m
2026-01-20 12:42:07 [INFO] [0;34mNo existing processes found[0m
2026-01-20 12:42:07 [INFO] [0;34mStarting drone script...[0m
2026-01-20 12:42:07 [INFO] [0;34mScript path: /home/nanosuper/Downloads/HOMA-1.0/drone.py[0m
2026-01-20 12:42:07 [SUCCESS] [0;32mDrone script started (PID: 9137)[0m
2026-01-20 12:43:55 [WARN] [1;33mShutdown signal received. Cleaning up...[0m
2026-01-20 12:43:55 [INFO] [0;34mKilling drone script (PID: 9137)...[0m
2026-01-20 12:43:56 [WARN] [1;33mShutdown signal received. Cleaning up...[0m
2026-01-20 12:43:56 [SUCCESS] [0;32mCleanup complete. Exiting.[0m
2026-01-20 12:53:54 [INFO] [0;34m━━━━━━━━━━━━━━━━━━━━━━━━━━━━━━━━━━━━━━━━━━━━━━━━━[0m
2026-01-20 12:53:54 [INFO] [0;34mDrone Auto-Restart Script[0m
2026-01-20 12:53:54 [INFO] [0;34m━━━━━━━━━━━━━━━━━━━━━━━━━━━━━━━━━━━━━━━━━━━━━━━━━[0m
2026-01-20 12:53:54 [INFO] [0;34mDrone ID: austin-recon-01[0m
2026-01-20 12:53:54 [INFO] [0;34mDrone Type: recon[0m
2026-01-20 12:53:54 [INFO] [0;34mBackend URL: http://100.111.237.50:8001[0m
2026-01-20 12:53:54 [INFO] [0;34mWebSocket URL: ws://100.111.237.50:8001[0m
2026-01-20 12:53:54 [INFO] [0;34mScript: /home/nanosuper/Downloads/HOMA-1.0/drone.py[0m
2026-01-20 12:53:54 [WARN] [1;33mNo virtual environment activated[0m
2026-01-20 12:53:54 [INFO] [0;34mLog: /home/nanosuper/Downloads/HOMA-1.0/logs/austin-recon-01_20260120.log[0m
2026-01-20 12:53:54 [INFO] [0;34m━━━━━━━━━━━━━━━━━━━━━━━━━━━━━━━━━━━━━━━━━━━━━━━━━[0m
2026-01-20 12:53:54 [INFO] [0;34mChecking if backend is available at http://100.111.237.50:8001...[0m
2026-01-20 12:53:54 [INFO] [0;34mWebSocket URL: ws://100.111.237.50:8001[0m
2026-01-20 12:53:54 [SUCCESS] [0;32mBackend is online and reachable![0m
2026-01-20 12:53:54 [INFO] [0;34mChecking for existing drone script processes...[0m
2026-01-20 12:53:54 [INFO] [0;34mNo existing processes found[0m
2026-01-20 12:53:54 [INFO] [0;34mStarting drone script...[0m
2026-01-20 12:53:54 [INFO] [0;34mScript path: /home/nanosuper/Downloads/HOMA-1.0/drone.py[0m
2026-01-20 12:53:54 [SUCCESS] [0;32mDrone script started (PID: 9917)[0m
2026-01-20 12:55:06 [WARN] [1;33mShutdown signal received. Cleaning up...[0m
2026-01-20 12:55:06 [INFO] [0;34mKilling drone script (PID: 9917)...[0m
2026-01-20 12:55:06 [WARN] [1;33mShutdown signal received. Cleaning up...[0m
2026-01-20 12:55:06 [SUCCESS] [0;32mCleanup complete. Exiting.[0m
2026-01-20 12:58:04 [INFO] [0;34m━━━━━━━━━━━━━━━━━━━━━━━━━━━━━━━━━━━━━━━━━━━━━━━━━[0m
2026-01-20 12:58:04 [INFO] [0;34mDrone Auto-Restart Script[0m
2026-01-20 12:58:04 [INFO] [0;34m━━━━━━━━━━━━━━━━━━━━━━━━━━━━━━━━━━━━━━━━━━━━━━━━━[0m
2026-01-20 12:58:04 [INFO] [0;34mDrone ID: austin-recon-01[0m
2026-01-20 12:58:04 [INFO] [0;34mDrone Type: recon[0m
2026-01-20 12:58:04 [INFO] [0;34mBackend URL: http://100.111.237.50:8001[0m
2026-01-20 12:58:04 [INFO] [0;34mWebSocket URL: ws://100.111.237.50:8001[0m
2026-01-20 12:58:04 [INFO] [0;34mScript: /home/nanosuper/Downloads/HOMA-1.0/drone.py[0m
2026-01-20 12:58:04 [WARN] [1;33mNo virtual environment activated[0m
2026-01-20 12:58:04 [INFO] [0;34mLog: /home/nanosuper/Downloads/HOMA-1.0/logs/austin-recon-01_20260120.log[0m
2026-01-20 12:58:04 [INFO] [0;34m━━━━━━━━━━━━━━━━━━━━━━━━━━━━━━━━━━━━━━━━━━━━━━━━━[0m
2026-01-20 12:58:04 [INFO] [0;34mChecking if backend is available at http://100.111.237.50:8001...[0m
2026-01-20 12:58:04 [INFO] [0;34mWebSocket URL: ws://100.111.237.50:8001[0m
2026-01-20 12:58:05 [SUCCESS] [0;32mBackend is online and reachable![0m
2026-01-20 12:58:05 [INFO] [0;34mChecking for existing drone script processes...[0m
2026-01-20 12:58:05 [INFO] [0;34mNo existing processes found[0m
2026-01-20 12:58:05 [INFO] [0;34mStarting drone script...[0m
2026-01-20 12:58:05 [INFO] [0;34mScript path: /home/nanosuper/Downloads/HOMA-1.0/drone.py[0m
2026-01-20 12:58:05 [SUCCESS] [0;32mDrone script started (PID: 10571)[0m
2026-01-20 12:59:02 [WARN] [1;33mShutdown signal received. Cleaning up...[0m
2026-01-20 12:59:02 [INFO] [0;34mKilling drone script (PID: 10571)...[0m
2026-01-20 12:59:02 [WARN] [1;33mShutdown signal received. Cleaning up...[0m
2026-01-20 12:59:02 [SUCCESS] [0;32mCleanup complete. Exiting.[0m
2026-01-20 12:59:04 [INFO] [0;34m━━━━━━━━━━━━━━━━━━━━━━━━━━━━━━━━━━━━━━━━━━━━━━━━━[0m
2026-01-20 12:59:04 [INFO] [0;34mDrone Auto-Restart Script[0m
2026-01-20 12:59:04 [INFO] [0;34m━━━━━━━━━━━━━━━━━━━━━━━━━━━━━━━━━━━━━━━━━━━━━━━━━[0m
2026-01-20 12:59:04 [INFO] [0;34mDrone ID: austin-recon-01[0m
2026-01-20 12:59:04 [INFO] [0;34mDrone Type: recon[0m
2026-01-20 12:59:04 [INFO] [0;34mBackend URL: http://100.111.237.50:8001[0m
2026-01-20 12:59:04 [INFO] [0;34mWebSocket URL: ws://100.111.237.50:8001[0m
2026-01-20 12:59:04 [INFO] [0;34mScript: /home/nanosuper/Downloads/HOMA-1.0/drone.py[0m
2026-01-20 12:59:04 [WARN] [1;33mNo virtual environment activated[0m
2026-01-20 12:59:04 [INFO] [0;34mLog: /home/nanosuper/Downloads/HOMA-1.0/logs/austin-recon-01_20260120.log[0m
2026-01-20 12:59:04 [INFO] [0;34m━━━━━━━━━━━━━━━━━━━━━━━━━━━━━━━━━━━━━━━━━━━━━━━━━[0m
2026-01-20 12:59:04 [INFO] [0;34mChecking if backend is available at http://100.111.237.50:8001...[0m
2026-01-20 12:59:04 [INFO] [0;34mWebSocket URL: ws://100.111.237.50:8001[0m
2026-01-20 12:59:05 [SUCCESS] [0;32mBackend is online and reachable![0m
2026-01-20 12:59:05 [INFO] [0;34mChecking for existing drone script processes...[0m
2026-01-20 12:59:05 [INFO] [0;34mNo existing processes found[0m
2026-01-20 12:59:05 [INFO] [0;34mStarting drone script...[0m
2026-01-20 12:59:05 [INFO] [0;34mScript path: /home/nanosuper/Downloads/HOMA-1.0/drone.py[0m
2026-01-20 12:59:05 [SUCCESS] [0;32mDrone script started (PID: 11025)[0m
2026-01-20 13:00:15 [WARN] [1;33mShutdown signal received. Cleaning up...[0m
2026-01-20 13:00:15 [INFO] [0;34mKilling drone script (PID: 11025)...[0m
2026-01-20 13:00:15 [WARN] [1;33mShutdown signal received. Cleaning up...[0m
2026-01-20 13:00:15 [SUCCESS] [0;32mCleanup complete. Exiting.[0m
2026-01-20 13:00:43 [INFO] [0;34m━━━━━━━━━━━━━━━━━━━━━━━━━━━━━━━━━━━━━━━━━━━━━━━━━[0m
2026-01-20 13:00:43 [INFO] [0;34mDrone Auto-Restart Script[0m
2026-01-20 13:00:43 [INFO] [0;34m━━━━━━━━━━━━━━━━━━━━━━━━━━━━━━━━━━━━━━━━━━━━━━━━━[0m
2026-01-20 13:00:43 [INFO] [0;34mDrone ID: austin-recon-01[0m
2026-01-20 13:00:43 [INFO] [0;34mDrone Type: recon[0m
2026-01-20 13:00:43 [INFO] [0;34mBackend URL: http://100.111.237.50:8001[0m
2026-01-20 13:00:43 [INFO] [0;34mWebSocket URL: ws://100.111.237.50:8001[0m
2026-01-20 13:00:43 [INFO] [0;34mScript: /home/nanosuper/Downloads/HOMA-1.0/drone.py[0m
2026-01-20 13:00:43 [WARN] [1;33mNo virtual environment activated[0m
2026-01-20 13:00:43 [INFO] [0;34mLog: /home/nanosuper/Downloads/HOMA-1.0/logs/austin-recon-01_20260120.log[0m
2026-01-20 13:00:43 [INFO] [0;34m━━━━━━━━━━━━━━━━━━━━━━━━━━━━━━━━━━━━━━━━━━━━━━━━━[0m
2026-01-20 13:00:43 [INFO] [0;34mChecking if backend is available at http://100.111.237.50:8001...[0m
2026-01-20 13:00:43 [INFO] [0;34mWebSocket URL: ws://100.111.237.50:8001[0m
2026-01-20 13:00:43 [SUCCESS] [0;32mBackend is online and reachable![0m
2026-01-20 13:00:43 [INFO] [0;34mChecking for existing drone script processes...[0m
2026-01-20 13:00:43 [INFO] [0;34mNo existing processes found[0m
2026-01-20 13:00:43 [INFO] [0;34mStarting drone script...[0m
2026-01-20 13:00:43 [INFO] [0;34mScript path: /home/nanosuper/Downloads/HOMA-1.0/drone.py[0m
2026-01-20 13:00:43 [SUCCESS] [0;32mDrone script started (PID: 11552)[0m
2026-01-20 13:02:39 [WARN] [1;33mShutdown signal received. Cleaning up...[0m
2026-01-20 13:02:39 [INFO] [0;34mKilling drone script (PID: 11552)...[0m
2026-01-20 13:02:40 [WARN] [1;33mShutdown signal received. Cleaning up...[0m
2026-01-20 13:02:40 [SUCCESS] [0;32mCleanup complete. Exiting.[0m
2026-01-20 15:03:46 [INFO] [0;34m━━━━━━━━━━━━━━━━━━━━━━━━━━━━━━━━━━━━━━━━━━━━━━━━━[0m
2026-01-20 15:03:46 [INFO] [0;34mDrone Auto-Restart Script[0m
2026-01-20 15:03:46 [INFO] [0;34m━━━━━━━━━━━━━━━━━━━━━━━━━━━━━━━━━━━━━━━━━━━━━━━━━[0m
2026-01-20 15:03:46 [INFO] [0;34mDrone ID: austin-recon-01[0m
2026-01-20 15:03:46 [INFO] [0;34mDrone Type: recon[0m
2026-01-20 15:03:46 [INFO] [0;34mBackend URL: http://100.111.237.50:8001[0m
2026-01-20 15:03:46 [INFO] [0;34mWebSocket URL: ws://100.111.237.50:8001[0m
2026-01-20 15:03:46 [INFO] [0;34mScript: /home/nanosuper/Downloads/HOMA-1.0/drone.py[0m
2026-01-20 15:03:46 [WARN] [1;33mNo virtual environment activated[0m
2026-01-20 15:03:46 [INFO] [0;34mLog: /home/nanosuper/Downloads/HOMA-1.0/logs/austin-recon-01_20260120.log[0m
2026-01-20 15:03:46 [INFO] [0;34m━━━━━━━━━━━━━━━━━━━━━━━━━━━━━━━━━━━━━━━━━━━━━━━━━[0m
2026-01-20 15:03:46 [INFO] [0;34mChecking if backend is available at http://100.111.237.50:8001...[0m
2026-01-20 15:03:46 [INFO] [0;34mWebSocket URL: ws://100.111.237.50:8001[0m
2026-01-20 15:03:51 [SUCCESS] [0;32mBackend is online and reachable![0m
2026-01-20 15:03:51 [INFO] [0;34mChecking for existing drone script processes...[0m
2026-01-20 15:03:51 [INFO] [0;34mNo existing processes found[0m
2026-01-20 15:03:51 [INFO] [0;34mStarting drone script...[0m
2026-01-20 15:03:51 [INFO] [0;34mScript path: /home/nanosuper/Downloads/HOMA-1.0/drone.py[0m
2026-01-20 15:03:51 [SUCCESS] [0;32mDrone script started (PID: 25362)[0m
2026-01-20 15:04:16 [WARN] [1;33mShutdown signal received. Cleaning up...[0m
2026-01-20 15:04:16 [INFO] [0;34mKilling drone script (PID: 25362)...[0m
2026-01-20 15:04:17 [WARN] [1;33mShutdown signal received. Cleaning up...[0m
2026-01-20 15:04:17 [SUCCESS] [0;32mCleanup complete. Exiting.[0m
2026-01-20 15:06:43 [INFO] [0;34m━━━━━━━━━━━━━━━━━━━━━━━━━━━━━━━━━━━━━━━━━━━━━━━━━[0m
2026-01-20 15:06:43 [INFO] [0;34mDrone Auto-Restart Script[0m
2026-01-20 15:06:43 [INFO] [0;34m━━━━━━━━━━━━━━━━━━━━━━━━━━━━━━━━━━━━━━━━━━━━━━━━━[0m
2026-01-20 15:06:43 [INFO] [0;34mDrone ID: austin-recon-01[0m
2026-01-20 15:06:43 [INFO] [0;34mDrone Type: recon[0m
2026-01-20 15:06:43 [INFO] [0;34mBackend URL: http://100.88.6.111:8001[0m
2026-01-20 15:06:43 [INFO] [0;34mWebSocket URL: ws://100.88.6.111:8001[0m
2026-01-20 15:06:43 [INFO] [0;34mScript: /home/nanosuper/Downloads/HOMA-1.0/drone.py[0m
2026-01-20 15:06:43 [WARN] [1;33mNo virtual environment activated[0m
2026-01-20 15:06:43 [INFO] [0;34mLog: /home/nanosuper/Downloads/HOMA-1.0/logs/austin-recon-01_20260120.log[0m
2026-01-20 15:06:43 [INFO] [0;34m━━━━━━━━━━━━━━━━━━━━━━━━━━━━━━━━━━━━━━━━━━━━━━━━━[0m
2026-01-20 15:06:43 [INFO] [0;34mChecking if backend is available at http://100.88.6.111:8001...[0m
2026-01-20 15:06:43 [INFO] [0;34mWebSocket URL: ws://100.88.6.111:8001[0m
2026-01-20 15:06:43 [SUCCESS] [0;32mBackend is online and reachable![0m
2026-01-20 15:06:43 [INFO] [0;34mChecking for existing drone script processes...[0m
2026-01-20 15:06:43 [INFO] [0;34mNo existing processes found[0m
2026-01-20 15:06:43 [INFO] [0;34mStarting drone script...[0m
2026-01-20 15:06:43 [INFO] [0;34mScript path: /home/nanosuper/Downloads/HOMA-1.0/drone.py[0m
2026-01-20 15:06:43 [SUCCESS] [0;32mDrone script started (PID: 26072)[0m
2026-01-20 15:08:54 [WARN] [1;33mShutdown signal received. Cleaning up...[0m
2026-01-20 15:08:54 [INFO] [0;34mKilling drone script (PID: 26072)...[0m
2026-01-20 15:08:56 [SUCCESS] [0;32mCleanup complete. Exiting.[0m
2026-01-20 15:26:08 [INFO] [0;34m━━━━━━━━━━━━━━━━━━━━━━━━━━━━━━━━━━━━━━━━━━━━━━━━━[0m
2026-01-20 15:26:08 [INFO] [0;34mDrone Auto-Restart Script[0m
2026-01-20 15:26:08 [INFO] [0;34m━━━━━━━━━━━━━━━━━━━━━━━━━━━━━━━━━━━━━━━━━━━━━━━━━[0m
2026-01-20 15:26:08 [INFO] [0;34mDrone ID: austin-recon-01[0m
2026-01-20 15:26:08 [INFO] [0;34mDrone Type: recon[0m
2026-01-20 15:26:08 [INFO] [0;34mBackend URL: http://100.88.6.111:8001[0m
2026-01-20 15:26:08 [INFO] [0;34mWebSocket URL: ws://100.88.6.111:8001[0m
2026-01-20 15:26:08 [INFO] [0;34mScript: /home/nanosuper/Downloads/HOMA-1.0/drone.py[0m
2026-01-20 15:26:08 [WARN] [1;33mNo virtual environment activated[0m
2026-01-20 15:26:08 [INFO] [0;34mLog: /home/nanosuper/Downloads/HOMA-1.0/logs/austin-recon-01_20260120.log[0m
2026-01-20 15:26:08 [INFO] [0;34m━━━━━━━━━━━━━━━━━━━━━━━━━━━━━━━━━━━━━━━━━━━━━━━━━[0m
2026-01-20 15:26:08 [INFO] [0;34mChecking if backend is available at http://100.88.6.111:8001...[0m
2026-01-20 15:26:08 [INFO] [0;34mWebSocket URL: ws://100.88.6.111:8001[0m
2026-01-20 15:26:08 [SUCCESS] [0;32mBackend is online and reachable![0m
2026-01-20 15:26:08 [INFO] [0;34mChecking for existing drone script processes...[0m
2026-01-20 15:26:08 [INFO] [0;34mNo existing processes found[0m
2026-01-20 15:26:08 [INFO] [0;34mStarting drone script...[0m
2026-01-20 15:26:08 [INFO] [0;34mScript path: /home/nanosuper/Downloads/HOMA-1.0/drone.py[0m
2026-01-20 15:26:08 [SUCCESS] [0;32mDrone script started (PID: 29693)[0m
2026-01-20 15:27:34 [WARN] [1;33mShutdown signal received. Cleaning up...[0m
2026-01-20 15:27:34 [INFO] [0;34mKilling drone script (PID: 29693)...[0m
2026-01-20 15:27:34 [WARN] [1;33mShutdown signal received. Cleaning up...[0m
2026-01-20 15:27:34 [SUCCESS] [0;32mCleanup complete. Exiting.[0m
2026-01-20 16:36:04 [INFO] [0;34m━━━━━━━━━━━━━━━━━━━━━━━━━━━━━━━━━━━━━━━━━━━━━━━━━[0m
2026-01-20 16:36:04 [INFO] [0;34mDrone Auto-Restart Script[0m
2026-01-20 16:36:04 [INFO] [0;34m━━━━━━━━━━━━━━━━━━━━━━━━━━━━━━━━━━━━━━━━━━━━━━━━━[0m
2026-01-20 16:36:04 [INFO] [0;34mDrone ID: austin-recon-01[0m
2026-01-20 16:36:04 [INFO] [0;34mDrone Type: recon[0m
2026-01-20 16:36:04 [INFO] [0;34mBackend URL: http://100.88.6.111:8001[0m
2026-01-20 16:36:04 [INFO] [0;34mWebSocket URL: ws://100.88.6.111:8001[0m
2026-01-20 16:36:04 [INFO] [0;34mScript: /home/nanosuper/Downloads/HOMA-1.0/drone.py[0m
2026-01-20 16:36:04 [WARN] [1;33mNo virtual environment activated[0m
2026-01-20 16:36:04 [INFO] [0;34mLog: /home/nanosuper/Downloads/HOMA-1.0/logs/austin-recon-01_20260120.log[0m
2026-01-20 16:36:04 [INFO] [0;34m━━━━━━━━━━━━━━━━━━━━━━━━━━━━━━━━━━━━━━━━━━━━━━━━━[0m
2026-01-20 16:36:04 [INFO] [0;34mChecking if backend is available at http://100.88.6.111:8001...[0m
2026-01-20 16:36:04 [INFO] [0;34mWebSocket URL: ws://100.88.6.111:8001[0m
2026-01-20 16:36:04 [WARN] [1;33mBackend not reachable (attempt 1)[0m
2026-01-20 16:36:04 [INFO] [0;34mTrying: curl http://100.88.6.111:8001/health[0m
2026-01-20 16:36:04 [INFO] [0;34mRetrying in 5s...[0m
2026-01-20 16:36:07 [WARN] [1;33mShutdown signal received. Cleaning up...[0m
2026-01-20 16:36:07 [SUCCESS] [0;32mCleanup complete. Exiting.[0m
2026-01-20 16:36:42 [INFO] [0;34m━━━━━━━━━━━━━━━━━━━━━━━━━━━━━━━━━━━━━━━━━━━━━━━━━[0m
2026-01-20 16:36:42 [INFO] [0;34mDrone Auto-Restart Script[0m
2026-01-20 16:36:42 [INFO] [0;34m━━━━━━━━━━━━━━━━━━━━━━━━━━━━━━━━━━━━━━━━━━━━━━━━━[0m
2026-01-20 16:36:42 [INFO] [0;34mDrone ID: austin-recon-01[0m
2026-01-20 16:36:42 [INFO] [0;34mDrone Type: recon[0m
2026-01-20 16:36:42 [INFO] [0;34mBackend URL: http://100.111.237.50:8001[0m
2026-01-20 16:36:42 [INFO] [0;34mWebSocket URL: ws://100.111.237.50:8001[0m
2026-01-20 16:36:42 [INFO] [0;34mScript: /home/nanosuper/Downloads/HOMA-1.0/drone.py[0m
2026-01-20 16:36:42 [WARN] [1;33mNo virtual environment activated[0m
2026-01-20 16:36:42 [INFO] [0;34mLog: /home/nanosuper/Downloads/HOMA-1.0/logs/austin-recon-01_20260120.log[0m
2026-01-20 16:36:42 [INFO] [0;34m━━━━━━━━━━━━━━━━━━━━━━━━━━━━━━━━━━━━━━━━━━━━━━━━━[0m
2026-01-20 16:36:42 [INFO] [0;34mChecking if backend is available at http://100.111.237.50:8001...[0m
2026-01-20 16:36:42 [INFO] [0;34mWebSocket URL: ws://100.111.237.50:8001[0m
2026-01-20 16:36:43 [SUCCESS] [0;32mBackend is online and reachable![0m
2026-01-20 16:36:43 [INFO] [0;34mChecking for existing drone script processes...[0m
2026-01-20 16:36:43 [INFO] [0;34mNo existing processes found[0m
2026-01-20 16:36:43 [INFO] [0;34mStarting drone script...[0m
2026-01-20 16:36:43 [INFO] [0;34mScript path: /home/nanosuper/Downloads/HOMA-1.0/drone.py[0m
2026-01-20 16:36:43 [SUCCESS] [0;32mDrone script started (PID: 41700)[0m
2026-01-20 16:38:23 [WARN] [1;33mShutdown signal received. Cleaning up...[0m
2026-01-20 16:38:23 [INFO] [0;34mKilling drone script (PID: 41700)...[0m
2026-01-20 16:38:24 [WARN] [1;33mShutdown signal received. Cleaning up...[0m
2026-01-20 16:38:24 [INFO] [0;34mKilling drone script (PID: 41700)...[0m
2026-01-20 16:38:26 [SUCCESS] [0;32mCleanup complete. Exiting.[0m
