2025-12-08 17:23:41 [INFO] [0;34m━━━━━━━━━━━━━━━━━━━━━━━━━━━━━━━━━━━━━━━━━━━━━━━━━[0m
2025-12-08 17:23:41 [INFO] [0;34mDrone Auto-Restart Script[0m
2025-12-08 17:23:41 [INFO] [0;34m━━━━━━━━━━━━━━━━━━━━━━━━━━━━━━━━━━━━━━━━━━━━━━━━━[0m
2025-12-08 17:23:41 [INFO] [0;34mDrone ID: austin-payload-01[0m
2025-12-08 17:23:41 [INFO] [0;34mDrone Type: rescue[0m
2025-12-08 17:23:41 [INFO] [0;34mBackend URL: http://100.111.237.50:8001[0m
2025-12-08 17:23:41 [INFO] [0;34mWebSocket URL: ws://100.111.237.50:8001[0m
2025-12-08 17:23:41 [INFO] [0;34mScript: /home/homa1/homa1/code_base/HOMA-1.0/aruco_.py[0m
2025-12-08 17:23:41 [SUCCESS] [0;32mVirtual environment activated: /home/homa1/homa1/homa1_venv[0m
2025-12-08 17:23:41 [INFO] [0;34mLog: /home/homa1/homa1/code_base/HOMA-1.0/logs/austin-payload-01_20251208.log[0m
2025-12-08 17:23:41 [INFO] [0;34m━━━━━━━━━━━━━━━━━━━━━━━━━━━━━━━━━━━━━━━━━━━━━━━━━[0m
2025-12-08 17:23:41 [INFO] [0;34mChecking if backend is available at http://100.111.237.50:8001...[0m
2025-12-08 17:23:41 [INFO] [0;34mWebSocket URL: ws://100.111.237.50:8001[0m
2025-12-08 17:23:41 [WARN] [1;33mBackend not reachable (attempt 1)[0m
2025-12-08 17:23:41 [INFO] [0;34mTrying: curl http://100.111.237.50:8001/health[0m
2025-12-08 17:23:41 [INFO] [0;34mRetrying in 5s...[0m
2025-12-08 17:23:46 [WARN] [1;33mBackend not reachable (attempt 2)[0m
2025-12-08 17:23:46 [INFO] [0;34mTrying: curl http://100.111.237.50:8001/health[0m
2025-12-08 17:23:46 [INFO] [0;34mRetrying in 5s...[0m
2025-12-08 17:23:51 [WARN] [1;33mBackend not reachable (attempt 3)[0m
2025-12-08 17:23:51 [INFO] [0;34mTrying: curl http://100.111.237.50:8001/health[0m
2025-12-08 17:23:51 [INFO] [0;34mRetrying in 5s...[0m
2025-12-08 17:23:56 [WARN] [1;33mBackend not available (attempt 4). Retrying in 5s...[0m
2025-12-08 17:24:01 [SUCCESS] [0;32mBackend is online and reachable![0m
2025-12-08 17:24:01 [INFO] [0;34mChecking for existing drone script processes...[0m
2025-12-08 17:24:01 [INFO] [0;34mNo existing processes found[0m
2025-12-08 17:24:01 [INFO] [0;34mStarting drone script...[0m
2025-12-08 17:24:01 [INFO] [0;34mScript path: /home/homa1/homa1/code_base/HOMA-1.0/aruco_.py[0m
2025-12-08 17:24:01 [SUCCESS] [0;32mDrone script started (PID: 9303)[0m
2025-12-08 17:25:27 [WARN] [1;33mShutdown signal received. Cleaning up...[0m
2025-12-08 17:25:27 [INFO] [0;34mKilling drone script (PID: 9303)...[0m
2025-12-08 17:25:28 [WARN] [1;33mShutdown signal received. Cleaning up...[0m
2025-12-08 17:25:28 [SUCCESS] [0;32mCleanup complete. Exiting.[0m
2025-12-08 17:25:30 [INFO] [0;34m━━━━━━━━━━━━━━━━━━━━━━━━━━━━━━━━━━━━━━━━━━━━━━━━━[0m
2025-12-08 17:25:30 [INFO] [0;34mDrone Auto-Restart Script[0m
2025-12-08 17:25:31 [INFO] [0;34m━━━━━━━━━━━━━━━━━━━━━━━━━━━━━━━━━━━━━━━━━━━━━━━━━[0m
2025-12-08 17:25:31 [INFO] [0;34mDrone ID: austin-payload-01[0m
2025-12-08 17:25:31 [INFO] [0;34mDrone Type: rescue[0m
2025-12-08 17:25:31 [INFO] [0;34mBackend URL: http://100.111.237.50:8001[0m
2025-12-08 17:25:31 [INFO] [0;34mWebSocket URL: ws://100.111.237.50:8001[0m
2025-12-08 17:25:31 [INFO] [0;34mScript: /home/homa1/homa1/code_base/HOMA-1.0/aruco_.py[0m
2025-12-08 17:25:31 [SUCCESS] [0;32mVirtual environment activated: /home/homa1/homa1/homa1_venv[0m
2025-12-08 17:25:31 [INFO] [0;34mLog: /home/homa1/homa1/code_base/HOMA-1.0/logs/austin-payload-01_20251208.log[0m
2025-12-08 17:25:31 [INFO] [0;34m━━━━━━━━━━━━━━━━━━━━━━━━━━━━━━━━━━━━━━━━━━━━━━━━━[0m
2025-12-08 17:25:31 [INFO] [0;34mChecking if backend is available at http://100.111.237.50:8001...[0m
2025-12-08 17:25:31 [INFO] [0;34mWebSocket URL: ws://100.111.237.50:8001[0m
2025-12-08 17:25:31 [SUCCESS] [0;32mBackend is online and reachable![0m
2025-12-08 17:25:31 [INFO] [0;34mChecking for existing drone script processes...[0m
2025-12-08 17:25:31 [INFO] [0;34mNo existing processes found[0m
2025-12-08 17:25:31 [INFO] [0;34mStarting drone script...[0m
2025-12-08 17:25:31 [INFO] [0;34mScript path: /home/homa1/homa1/code_base/HOMA-1.0/aruco_.py[0m
2025-12-08 17:25:31 [SUCCESS] [0;32mDrone script started (PID: 10256)[0m
2025-12-08 17:25:49 [ERROR] [0;31m━━━━━━━━━━━━━━━━━━━━━━━━━━━━━━━━━━━━━━━━━━━━━━━━━[0m
2025-12-08 17:25:49 [ERROR] [0;31m🔌 BACKEND CONNECTION LOST (Exit code: 11)[0m
2025-12-08 17:25:49 [ERROR] [0;31m━━━━━━━━━━━━━━━━━━━━━━━━━━━━━━━━━━━━━━━━━━━━━━━━━[0m
2025-12-08 17:25:49 [WARN] [1;33mBackend disconnected - will wait for it to come back online[0m
2025-12-08 17:25:49 [INFO] [0;34mWaiting for backend to become available...[0m
2025-12-08 17:25:49 [INFO] [0;34mChecking if backend is available at http://100.111.237.50:8001...[0m
2025-12-08 17:25:49 [INFO] [0;34mWebSocket URL: ws://100.111.237.50:8001[0m
2025-12-08 17:25:49 [SUCCESS] [0;32mBackend is online and reachable![0m
2025-12-08 17:25:49 [INFO] [0;34mChecking for existing drone script processes...[0m
2025-12-08 17:25:49 [INFO] [0;34mNo existing processes found[0m
2025-12-08 17:25:49 [INFO] [0;34mStarting drone script...[0m
2025-12-08 17:25:49 [INFO] [0;34mScript path: /home/homa1/homa1/code_base/HOMA-1.0/aruco_.py[0m
2025-12-08 17:25:49 [SUCCESS] [0;32mDrone script started (PID: 10579)[0m
2025-12-08 17:26:06 [ERROR] [0;31m━━━━━━━━━━━━━━━━━━━━━━━━━━━━━━━━━━━━━━━━━━━━━━━━━[0m
2025-12-08 17:26:06 [ERROR] [0;31m🔌 BACKEND CONNECTION LOST (Exit code: 11)[0m
2025-12-08 17:26:06 [ERROR] [0;31m━━━━━━━━━━━━━━━━━━━━━━━━━━━━━━━━━━━━━━━━━━━━━━━━━[0m
2025-12-08 17:26:06 [WARN] [1;33mBackend disconnected - will wait for it to come back online[0m
2025-12-08 17:26:06 [INFO] [0;34mWaiting for backend to become available...[0m
2025-12-08 17:26:06 [INFO] [0;34mChecking if backend is available at http://100.111.237.50:8001...[0m
2025-12-08 17:26:06 [INFO] [0;34mWebSocket URL: ws://100.111.237.50:8001[0m
2025-12-08 17:26:07 [SUCCESS] [0;32mBackend is online and reachable![0m
2025-12-08 17:26:07 [INFO] [0;34mChecking for existing drone script processes...[0m
2025-12-08 17:26:07 [INFO] [0;34mNo existing processes found[0m
2025-12-08 17:26:07 [INFO] [0;34mStarting drone script...[0m
2025-12-08 17:26:07 [INFO] [0;34mScript path: /home/homa1/homa1/code_base/HOMA-1.0/aruco_.py[0m
2025-12-08 17:26:07 [SUCCESS] [0;32mDrone script started (PID: 10881)[0m
2025-12-08 17:26:24 [ERROR] [0;31m━━━━━━━━━━━━━━━━━━━━━━━━━━━━━━━━━━━━━━━━━━━━━━━━━[0m
2025-12-08 17:26:24 [ERROR] [0;31m🔌 BACKEND CONNECTION LOST (Exit code: 11)[0m
2025-12-08 17:26:24 [ERROR] [0;31m━━━━━━━━━━━━━━━━━━━━━━━━━━━━━━━━━━━━━━━━━━━━━━━━━[0m
2025-12-08 17:26:24 [WARN] [1;33mBackend disconnected - will wait for it to come back online[0m
2025-12-08 17:26:24 [INFO] [0;34mWaiting for backend to become available...[0m
2025-12-08 17:26:24 [INFO] [0;34mChecking if backend is available at http://100.111.237.50:8001...[0m
2025-12-08 17:26:24 [INFO] [0;34mWebSocket URL: ws://100.111.237.50:8001[0m
2025-12-08 17:26:24 [SUCCESS] [0;32mBackend is online and reachable![0m
2025-12-08 17:26:24 [INFO] [0;34mChecking for existing drone script processes...[0m
2025-12-08 17:26:24 [INFO] [0;34mNo existing processes found[0m
2025-12-08 17:26:24 [INFO] [0;34mStarting drone script...[0m
2025-12-08 17:26:24 [INFO] [0;34mScript path: /home/homa1/homa1/code_base/HOMA-1.0/aruco_.py[0m
2025-12-08 17:26:24 [SUCCESS] [0;32mDrone script started (PID: 11225)[0m
2025-12-08 17:27:05 [ERROR] [0;31m━━━━━━━━━━━━━━━━━━━━━━━━━━━━━━━━━━━━━━━━━━━━━━━━━[0m
2025-12-08 17:27:05 [ERROR] [0;31m🔌 BACKEND CONNECTION LOST (Exit code: 11)[0m
2025-12-08 17:27:05 [ERROR] [0;31m━━━━━━━━━━━━━━━━━━━━━━━━━━━━━━━━━━━━━━━━━━━━━━━━━[0m
2025-12-08 17:27:05 [WARN] [1;33mBackend disconnected - will wait for it to come back online[0m
2025-12-08 17:27:05 [INFO] [0;34mWaiting for backend to become available...[0m
2025-12-08 17:27:05 [INFO] [0;34mChecking if backend is available at http://100.111.237.50:8001...[0m
2025-12-08 17:27:05 [INFO] [0;34mWebSocket URL: ws://100.111.237.50:8001[0m
2025-12-08 17:27:05 [SUCCESS] [0;32mBackend is online and reachable![0m
2025-12-08 17:27:05 [INFO] [0;34mChecking for existing drone script processes...[0m
2025-12-08 17:27:05 [INFO] [0;34mNo existing processes found[0m
2025-12-08 17:27:05 [INFO] [0;34mStarting drone script...[0m
2025-12-08 17:27:05 [INFO] [0;34mScript path: /home/homa1/homa1/code_base/HOMA-1.0/aruco_.py[0m
2025-12-08 17:27:05 [SUCCESS] [0;32mDrone script started (PID: 11683)[0m
2025-12-08 17:27:13 [WARN] [1;33mShutdown signal received. Cleaning up...[0m
2025-12-08 17:27:14 [INFO] [0;34mKilling drone script (PID: 11683)...[0m
2025-12-08 17:27:14 [WARN] [1;33mShutdown signal received. Cleaning up...[0m
2025-12-08 17:27:14 [SUCCESS] [0;32mCleanup complete. Exiting.[0m
2025-12-08 17:28:13 [INFO] [0;34m━━━━━━━━━━━━━━━━━━━━━━━━━━━━━━━━━━━━━━━━━━━━━━━━━[0m
2025-12-08 17:28:13 [INFO] [0;34mDrone Auto-Restart Script[0m
2025-12-08 17:28:13 [INFO] [0;34m━━━━━━━━━━━━━━━━━━━━━━━━━━━━━━━━━━━━━━━━━━━━━━━━━[0m
2025-12-08 17:28:13 [INFO] [0;34mDrone ID: austin-payload-01[0m
2025-12-08 17:28:13 [INFO] [0;34mDrone Type: rescue[0m
2025-12-08 17:28:13 [INFO] [0;34mBackend URL: http://100.111.237.50:8001[0m
2025-12-08 17:28:13 [INFO] [0;34mWebSocket URL: ws://100.111.237.50:8001[0m
2025-12-08 17:28:13 [INFO] [0;34mScript: /home/homa1/homa1/code_base/HOMA-1.0/aruco_.py[0m
2025-12-08 17:28:13 [SUCCESS] [0;32mVirtual environment activated: /home/homa1/homa1/homa1_venv[0m
2025-12-08 17:28:13 [INFO] [0;34mLog: /home/homa1/homa1/code_base/HOMA-1.0/logs/austin-payload-01_20251208.log[0m
2025-12-08 17:28:13 [INFO] [0;34m━━━━━━━━━━━━━━━━━━━━━━━━━━━━━━━━━━━━━━━━━━━━━━━━━[0m
2025-12-08 17:28:13 [INFO] [0;34mChecking if backend is available at http://100.111.237.50:8001...[0m
2025-12-08 17:28:13 [INFO] [0;34mWebSocket URL: ws://100.111.237.50:8001[0m
2025-12-08 17:28:13 [SUCCESS] [0;32mBackend is online and reachable![0m
2025-12-08 17:28:13 [INFO] [0;34mChecking for existing drone script processes...[0m
2025-12-08 17:28:13 [INFO] [0;34mNo existing processes found[0m
2025-12-08 17:28:13 [INFO] [0;34mStarting drone script...[0m
2025-12-08 17:28:13 [INFO] [0;34mScript path: /home/homa1/homa1/code_base/HOMA-1.0/aruco_.py[0m
2025-12-08 17:28:13 [SUCCESS] [0;32mDrone script started (PID: 12434)[0m
2025-12-08 17:28:25 [WARN] [1;33mShutdown signal received. Cleaning up...[0m
2025-12-08 17:28:25 [INFO] [0;34mKilling drone script (PID: 12434)...[0m
2025-12-08 17:28:26 [WARN] [1;33mShutdown signal received. Cleaning up...[0m
2025-12-08 17:28:26 [SUCCESS] [0;32mCleanup complete. Exiting.[0m
2025-12-08 17:28:33 [INFO] [0;34m━━━━━━━━━━━━━━━━━━━━━━━━━━━━━━━━━━━━━━━━━━━━━━━━━[0m
2025-12-08 17:28:33 [INFO] [0;34mDrone Auto-Restart Script[0m
2025-12-08 17:28:33 [INFO] [0;34m━━━━━━━━━━━━━━━━━━━━━━━━━━━━━━━━━━━━━━━━━━━━━━━━━[0m
2025-12-08 17:28:33 [INFO] [0;34mDrone ID: austin-payload-01[0m
2025-12-08 17:28:33 [INFO] [0;34mDrone Type: rescue[0m
2025-12-08 17:28:33 [INFO] [0;34mBackend URL: http://100.111.237.50:8001[0m
2025-12-08 17:28:33 [INFO] [0;34mWebSocket URL: ws://100.111.237.50:8001[0m
2025-12-08 17:28:33 [INFO] [0;34mScript: /home/homa1/homa1/code_base/HOMA-1.0/aruco_.py[0m
2025-12-08 17:28:33 [SUCCESS] [0;32mVirtual environment activated: /home/homa1/homa1/homa1_venv[0m
2025-12-08 17:28:33 [INFO] [0;34mLog: /home/homa1/homa1/code_base/HOMA-1.0/logs/austin-payload-01_20251208.log[0m
2025-12-08 17:28:33 [INFO] [0;34m━━━━━━━━━━━━━━━━━━━━━━━━━━━━━━━━━━━━━━━━━━━━━━━━━[0m
2025-12-08 17:28:33 [INFO] [0;34mChecking if backend is available at http://100.111.237.50:8001...[0m
2025-12-08 17:28:33 [INFO] [0;34mWebSocket URL: ws://100.111.237.50:8001[0m
2025-12-08 17:28:33 [WARN] [1;33mBackend not reachable (attempt 1)[0m
2025-12-08 17:28:33 [INFO] [0;34mTrying: curl http://100.111.237.50:8001/health[0m
2025-12-08 17:28:33 [INFO] [0;34mRetrying in 5s...[0m
2025-12-08 17:28:38 [SUCCESS] [0;32mBackend is online and reachable![0m
2025-12-08 17:28:38 [INFO] [0;34mChecking for existing drone script processes...[0m
2025-12-08 17:28:38 [INFO] [0;34mNo existing processes found[0m
2025-12-08 17:28:38 [INFO] [0;34mStarting drone script...[0m
2025-12-08 17:28:38 [INFO] [0;34mScript path: /home/homa1/homa1/code_base/HOMA-1.0/aruco_.py[0m
2025-12-08 17:28:38 [SUCCESS] [0;32mDrone script started (PID: 12777)[0m
2025-12-08 17:29:01 [WARN] [1;33mShutdown signal received. Cleaning up...[0m
2025-12-08 17:29:01 [INFO] [0;34mKilling drone script (PID: 12777)...[0m
2025-12-08 17:29:02 [WARN] [1;33mShutdown signal received. Cleaning up...[0m
2025-12-08 17:29:02 [SUCCESS] [0;32mCleanup complete. Exiting.[0m
2025-12-08 17:29:07 [INFO] [0;34m━━━━━━━━━━━━━━━━━━━━━━━━━━━━━━━━━━━━━━━━━━━━━━━━━[0m
2025-12-08 17:29:07 [INFO] [0;34mDrone Auto-Restart Script[0m
2025-12-08 17:29:07 [INFO] [0;34m━━━━━━━━━━━━━━━━━━━━━━━━━━━━━━━━━━━━━━━━━━━━━━━━━[0m
2025-12-08 17:29:07 [INFO] [0;34mDrone ID: austin-payload-01[0m
2025-12-08 17:29:07 [INFO] [0;34mDrone Type: rescue[0m
2025-12-08 17:29:07 [INFO] [0;34mBackend URL: http://100.111.237.50:8001[0m
2025-12-08 17:29:07 [INFO] [0;34mWebSocket URL: ws://100.111.237.50:8001[0m
2025-12-08 17:29:07 [INFO] [0;34mScript: /home/homa1/homa1/code_base/HOMA-1.0/aruco_.py[0m
2025-12-08 17:29:07 [SUCCESS] [0;32mVirtual environment activated: /home/homa1/homa1/homa1_venv[0m
2025-12-08 17:29:07 [INFO] [0;34mLog: /home/homa1/homa1/code_base/HOMA-1.0/logs/austin-payload-01_20251208.log[0m
2025-12-08 17:29:07 [INFO] [0;34m━━━━━━━━━━━━━━━━━━━━━━━━━━━━━━━━━━━━━━━━━━━━━━━━━[0m
2025-12-08 17:29:07 [INFO] [0;34mChecking if backend is available at http://100.111.237.50:8001...[0m
2025-12-08 17:29:07 [INFO] [0;34mWebSocket URL: ws://100.111.237.50:8001[0m
2025-12-08 17:29:07 [SUCCESS] [0;32mBackend is online and reachable![0m
2025-12-08 17:29:07 [INFO] [0;34mChecking for existing drone script processes...[0m
2025-12-08 17:29:07 [INFO] [0;34mNo existing processes found[0m
2025-12-08 17:29:07 [INFO] [0;34mStarting drone script...[0m
2025-12-08 17:29:07 [INFO] [0;34mScript path: /home/homa1/homa1/code_base/HOMA-1.0/aruco_.py[0m
2025-12-08 17:29:07 [SUCCESS] [0;32mDrone script started (PID: 12954)[0m
2025-12-08 17:32:51 [WARN] [1;33mShutdown signal received. Cleaning up...[0m
2025-12-08 17:32:51 [INFO] [0;34mKilling drone script (PID: 12954)...[0m
2025-12-08 17:32:51 [WARN] [1;33mShutdown signal received. Cleaning up...[0m
2025-12-08 17:32:51 [SUCCESS] [0;32mCleanup complete. Exiting.[0m
2025-12-08 17:33:16 [INFO] [0;34m━━━━━━━━━━━━━━━━━━━━━━━━━━━━━━━━━━━━━━━━━━━━━━━━━[0m
2025-12-08 17:33:16 [INFO] [0;34mDrone Auto-Restart Script[0m
2025-12-08 17:33:16 [INFO] [0;34m━━━━━━━━━━━━━━━━━━━━━━━━━━━━━━━━━━━━━━━━━━━━━━━━━[0m
2025-12-08 17:33:16 [INFO] [0;34mDrone ID: austin-payload-01[0m
2025-12-08 17:33:16 [INFO] [0;34mDrone Type: rescue[0m
2025-12-08 17:33:16 [INFO] [0;34mBackend URL: http://100.111.237.50:8001[0m
2025-12-08 17:33:16 [INFO] [0;34mWebSocket URL: ws://100.111.237.50:8001[0m
2025-12-08 17:33:16 [INFO] [0;34mScript: /home/homa1/homa1/code_base/HOMA-1.0/aruco_.py[0m
2025-12-08 17:33:16 [SUCCESS] [0;32mVirtual environment activated: /home/homa1/homa1/homa1_venv[0m
2025-12-08 17:33:16 [INFO] [0;34mLog: /home/homa1/homa1/code_base/HOMA-1.0/logs/austin-payload-01_20251208.log[0m
2025-12-08 17:33:16 [INFO] [0;34m━━━━━━━━━━━━━━━━━━━━━━━━━━━━━━━━━━━━━━━━━━━━━━━━━[0m
2025-12-08 17:33:16 [INFO] [0;34mChecking if backend is available at http://100.111.237.50:8001...[0m
2025-12-08 17:33:16 [INFO] [0;34mWebSocket URL: ws://100.111.237.50:8001[0m
2025-12-08 17:33:16 [SUCCESS] [0;32mBackend is online and reachable![0m
2025-12-08 17:33:16 [INFO] [0;34mChecking for existing drone script processes...[0m
2025-12-08 17:33:16 [INFO] [0;34mNo existing processes found[0m
2025-12-08 17:33:16 [INFO] [0;34mStarting drone script...[0m
2025-12-08 17:33:16 [INFO] [0;34mScript path: /home/homa1/homa1/code_base/HOMA-1.0/aruco_.py[0m
2025-12-08 17:33:16 [SUCCESS] [0;32mDrone script started (PID: 14137)[0m
2025-12-08 17:35:05 [WARN] [1;33mShutdown signal received. Cleaning up...[0m
2025-12-08 17:35:05 [INFO] [0;34mKilling drone script (PID: 14137)...[0m
2025-12-08 17:35:05 [WARN] [1;33mShutdown signal received. Cleaning up...[0m
2025-12-08 17:35:05 [SUCCESS] [0;32mCleanup complete. Exiting.[0m
