2025-12-12 19:03:31 [INFO] [0;34m━━━━━━━━━━━━━━━━━━━━━━━━━━━━━━━━━━━━━━━━━━━━━━━━━[0m
2025-12-12 19:03:31 [INFO] [0;34mDrone Auto-Restart Script[0m
2025-12-12 19:03:31 [INFO] [0;34m━━━━━━━━━━━━━━━━━━━━━━━━━━━━━━━━━━━━━━━━━━━━━━━━━[0m
2025-12-12 19:03:31 [INFO] [0;34mDrone ID: austin-recon-01[0m
2025-12-12 19:03:31 [INFO] [0;34mDrone Type: recon[0m
2025-12-12 19:03:31 [INFO] [0;34mBackend URL: http://100.111.237.50:8001[0m
2025-12-12 19:03:31 [INFO] [0;34mWebSocket URL: ws://100.111.237.50:8001[0m
2025-12-12 19:03:31 [INFO] [0;34mScript: /home/homa1/homa1/code_base/HOMA-1.0/aruco_.py[0m
2025-12-12 19:03:31 [SUCCESS] [0;32mVirtual environment activated: /home/homa1/homa1/homa1_venv[0m
2025-12-12 19:03:31 [INFO] [0;34mLog: /home/homa1/homa1/code_base/HOMA-1.0/logs/austin-recon-01_20251212.log[0m
2025-12-12 19:03:31 [INFO] [0;34m━━━━━━━━━━━━━━━━━━━━━━━━━━━━━━━━━━━━━━━━━━━━━━━━━[0m
2025-12-12 19:03:31 [INFO] [0;34mChecking if backend is available at http://100.111.237.50:8001...[0m
2025-12-12 19:03:31 [INFO] [0;34mWebSocket URL: ws://100.111.237.50:8001[0m
2025-12-12 19:03:31 [WARN] [1;33mBackend not reachable (attempt 1)[0m
2025-12-12 19:03:31 [INFO] [0;34mTrying: curl http://100.111.237.50:8001/health[0m
2025-12-12 19:03:31 [INFO] [0;34mRetrying in 5s...[0m
2025-12-12 19:03:41 [WARN] [1;33mBackend not reachable (attempt 2)[0m
2025-12-12 19:03:41 [INFO] [0;34mTrying: curl http://100.111.237.50:8001/health[0m
2025-12-12 19:03:41 [INFO] [0;34mRetrying in 5s...[0m
2025-12-12 19:03:46 [WARN] [1;33mBackend not reachable (attempt 3)[0m
2025-12-12 19:03:46 [INFO] [0;34mTrying: curl http://100.111.237.50:8001/health[0m
2025-12-12 19:03:46 [INFO] [0;34mRetrying in 5s...[0m
2025-12-12 19:03:51 [WARN] [1;33mBackend not available (attempt 4). Retrying in 5s...[0m
2025-12-12 19:03:56 [WARN] [1;33mBackend not available (attempt 5). Retrying in 5s...[0m
2025-12-13 11:27:45 [WARN] [1;33mBackend not available (attempt 6). Retrying in 5s...[0m
2025-12-13 11:27:50 [WARN] [1;33mBackend not available (attempt 7). Retrying in 5s...[0m
2025-12-13 11:27:55 [WARN] [1;33mBackend not available (attempt 8). Retrying in 5s...[0m
2025-12-13 11:28:00 [WARN] [1;33mBackend not available (attempt 9). Retrying in 5s...[0m
2025-12-13 11:28:05 [WARN] [1;33mBackend not available (attempt 10). Retrying in 5s...[0m
2025-12-13 11:28:10 [WARN] [1;33mBackend not available (attempt 11). Retrying in 5s...[0m
2025-12-13 11:28:15 [WARN] [1;33mBackend not available (attempt 12). Retrying in 5s...[0m
2025-12-13 11:28:20 [WARN] [1;33mBackend not available (attempt 13). Retrying in 5s...[0m
2025-12-13 11:28:26 [WARN] [1;33mBackend not available (attempt 14). Retrying in 5s...[0m
2025-12-13 11:28:31 [WARN] [1;33mBackend not available (attempt 15). Retrying in 5s...[0m
2025-12-13 11:28:37 [WARN] [1;33mBackend not available (attempt 16). Retrying in 5s...[0m
2025-12-13 11:28:42 [WARN] [1;33mBackend not available (attempt 17). Retrying in 5s...[0m
2025-12-13 11:28:47 [WARN] [1;33mBackend not available (attempt 18). Retrying in 5s...[0m
2025-12-13 11:28:52 [WARN] [1;33mBackend not available (attempt 19). Retrying in 5s...[0m
2025-12-13 11:28:57 [WARN] [1;33mBackend not available (attempt 20). Retrying in 5s...[0m
2025-12-13 11:29:02 [WARN] [1;33mBackend not available (attempt 21). Retrying in 5s...[0m
2025-12-13 11:29:08 [WARN] [1;33mBackend not available (attempt 22). Retrying in 5s...[0m
2025-12-13 11:29:13 [WARN] [1;33mBackend not available (attempt 23). Retrying in 5s...[0m
2025-12-13 11:29:18 [WARN] [1;33mBackend not available (attempt 24). Retrying in 5s...[0m
2025-12-13 11:29:23 [WARN] [1;33mBackend not available (attempt 25). Retrying in 5s...[0m
2025-12-13 11:29:28 [WARN] [1;33mBackend not available (attempt 26). Retrying in 5s...[0m
2025-12-13 11:29:33 [WARN] [1;33mBackend not available (attempt 27). Retrying in 5s...[0m
2025-12-13 11:29:38 [WARN] [1;33mBackend not available (attempt 28). Retrying in 5s...[0m
2025-12-13 11:29:43 [WARN] [1;33mBackend not available (attempt 29). Retrying in 5s...[0m
2025-12-13 11:29:48 [WARN] [1;33mBackend not available (attempt 30). Retrying in 5s...[0m
2025-12-13 11:29:53 [WARN] [1;33mBackend not available (attempt 31). Retrying in 5s...[0m
2025-12-13 11:29:58 [WARN] [1;33mBackend not available (attempt 32). Retrying in 5s...[0m
2025-12-13 11:30:04 [WARN] [1;33mBackend not available (attempt 33). Retrying in 5s...[0m
2025-12-13 11:30:09 [WARN] [1;33mBackend not available (attempt 34). Retrying in 5s...[0m
2025-12-13 11:30:14 [WARN] [1;33mBackend not available (attempt 35). Retrying in 5s...[0m
2025-12-13 11:30:19 [WARN] [1;33mBackend not available (attempt 36). Retrying in 5s...[0m
2025-12-13 11:30:24 [WARN] [1;33mBackend not available (attempt 37). Retrying in 5s...[0m
2025-12-13 11:30:29 [WARN] [1;33mBackend not available (attempt 38). Retrying in 5s...[0m
2025-12-13 11:30:34 [WARN] [1;33mBackend not available (attempt 39). Retrying in 5s...[0m
2025-12-13 11:30:39 [WARN] [1;33mBackend not available (attempt 40). Retrying in 5s...[0m
2025-12-13 11:30:44 [WARN] [1;33mBackend not available (attempt 41). Retrying in 5s...[0m
2025-12-13 11:30:49 [WARN] [1;33mBackend not available (attempt 42). Retrying in 5s...[0m
2025-12-13 11:30:55 [WARN] [1;33mBackend not available (attempt 43). Retrying in 5s...[0m
2025-12-13 11:31:00 [WARN] [1;33mBackend not available (attempt 44). Retrying in 5s...[0m
2025-12-13 11:31:05 [WARN] [1;33mBackend not available (attempt 45). Retrying in 5s...[0m
2025-12-13 11:31:10 [WARN] [1;33mBackend not available (attempt 46). Retrying in 5s...[0m
2025-12-13 11:31:15 [WARN] [1;33mBackend not available (attempt 47). Retrying in 5s...[0m
2025-12-13 11:31:20 [WARN] [1;33mBackend not available (attempt 48). Retrying in 5s...[0m
2025-12-13 11:31:25 [WARN] [1;33mBackend not available (attempt 49). Retrying in 5s...[0m
2025-12-13 11:31:30 [WARN] [1;33mBackend not available (attempt 50). Retrying in 5s...[0m
2025-12-13 11:31:36 [WARN] [1;33mBackend not available (attempt 51). Retrying in 5s...[0m
2025-12-13 11:31:41 [WARN] [1;33mBackend not available (attempt 52). Retrying in 5s...[0m
2025-12-13 11:31:46 [WARN] [1;33mBackend not available (attempt 53). Retrying in 5s...[0m
2025-12-13 11:31:51 [WARN] [1;33mBackend not available (attempt 54). Retrying in 5s...[0m
2025-12-13 11:31:56 [WARN] [1;33mBackend not available (attempt 55). Retrying in 5s...[0m
2025-12-13 11:32:01 [WARN] [1;33mBackend not available (attempt 56). Retrying in 5s...[0m
2025-12-13 11:32:06 [WARN] [1;33mBackend not available (attempt 57). Retrying in 5s...[0m
2025-12-13 11:32:11 [WARN] [1;33mBackend not available (attempt 58). Retrying in 5s...[0m
2025-12-13 11:32:16 [WARN] [1;33mBackend not available (attempt 59). Retrying in 5s...[0m
2025-12-13 11:32:21 [WARN] [1;33mBackend not available (attempt 60). Retrying in 5s...[0m
2025-12-13 11:32:26 [WARN] [1;33mBackend not available (attempt 61). Retrying in 5s...[0m
2025-12-13 11:32:31 [WARN] [1;33mBackend not available (attempt 62). Retrying in 5s...[0m
2025-12-13 11:32:37 [WARN] [1;33mBackend not available (attempt 63). Retrying in 5s...[0m
2025-12-13 11:32:42 [WARN] [1;33mBackend not available (attempt 64). Retrying in 5s...[0m
2025-12-13 11:32:47 [WARN] [1;33mBackend not available (attempt 65). Retrying in 5s...[0m
2025-12-13 11:32:52 [WARN] [1;33mBackend not available (attempt 66). Retrying in 5s...[0m
2025-12-13 11:32:57 [WARN] [1;33mBackend not available (attempt 67). Retrying in 5s...[0m
2025-12-13 11:33:02 [WARN] [1;33mBackend not available (attempt 68). Retrying in 5s...[0m
2025-12-13 11:33:07 [WARN] [1;33mBackend not available (attempt 69). Retrying in 5s...[0m
2025-12-13 11:33:12 [WARN] [1;33mBackend not available (attempt 70). Retrying in 5s...[0m
2025-12-13 11:33:17 [WARN] [1;33mBackend not available (attempt 71). Retrying in 5s...[0m
2025-12-13 11:33:22 [WARN] [1;33mBackend not available (attempt 72). Retrying in 5s...[0m
2025-12-13 11:33:27 [WARN] [1;33mBackend not available (attempt 73). Retrying in 5s...[0m
2025-12-13 11:33:33 [WARN] [1;33mBackend not available (attempt 74). Retrying in 5s...[0m
2025-12-13 11:33:38 [WARN] [1;33mBackend not available (attempt 75). Retrying in 5s...[0m
2025-12-13 11:33:43 [WARN] [1;33mBackend not available (attempt 76). Retrying in 5s...[0m
2025-12-13 11:33:48 [WARN] [1;33mBackend not available (attempt 77). Retrying in 5s...[0m
2025-12-13 11:33:53 [WARN] [1;33mBackend not available (attempt 78). Retrying in 5s...[0m
2025-12-13 11:34:00 [WARN] [1;33mBackend not available (attempt 79). Retrying in 5s...[0m
2025-12-13 11:34:05 [WARN] [1;33mBackend not available (attempt 80). Retrying in 5s...[0m
2025-12-13 11:34:10 [WARN] [1;33mBackend not available (attempt 81). Retrying in 5s...[0m
2025-12-13 11:34:15 [WARN] [1;33mBackend not available (attempt 82). Retrying in 5s...[0m
2025-12-13 11:34:20 [WARN] [1;33mBackend not available (attempt 83). Retrying in 5s...[0m
2025-12-13 11:34:25 [WARN] [1;33mBackend not available (attempt 84). Retrying in 5s...[0m
2025-12-13 11:34:30 [WARN] [1;33mBackend not available (attempt 85). Retrying in 5s...[0m
2025-12-13 11:34:35 [WARN] [1;33mBackend not available (attempt 86). Retrying in 5s...[0m
2025-12-13 11:34:40 [WARN] [1;33mBackend not available (attempt 87). Retrying in 5s...[0m
2025-12-13 11:34:45 [WARN] [1;33mBackend not available (attempt 88). Retrying in 5s...[0m
2025-12-13 11:34:51 [WARN] [1;33mBackend not available (attempt 89). Retrying in 5s...[0m
2025-12-13 11:34:56 [WARN] [1;33mBackend not available (attempt 90). Retrying in 5s...[0m
2025-12-13 11:35:01 [WARN] [1;33mBackend not available (attempt 91). Retrying in 5s...[0m
2025-12-13 11:35:06 [WARN] [1;33mBackend not available (attempt 92). Retrying in 5s...[0m
2025-12-13 11:35:11 [WARN] [1;33mBackend not available (attempt 93). Retrying in 5s...[0m
2025-12-13 11:35:16 [WARN] [1;33mBackend not available (attempt 94). Retrying in 5s...[0m
2025-12-13 11:35:21 [WARN] [1;33mBackend not available (attempt 95). Retrying in 5s...[0m
2025-12-13 11:35:26 [WARN] [1;33mBackend not available (attempt 96). Retrying in 5s...[0m
2025-12-13 11:35:31 [WARN] [1;33mBackend not available (attempt 97). Retrying in 5s...[0m
2025-12-13 11:35:36 [WARN] [1;33mBackend not available (attempt 98). Retrying in 5s...[0m
2025-12-13 11:35:41 [WARN] [1;33mBackend not available (attempt 99). Retrying in 5s...[0m
2025-12-13 11:35:47 [WARN] [1;33mBackend not available (attempt 100). Retrying in 5s...[0m
2025-12-13 11:35:52 [WARN] [1;33mBackend not available (attempt 101). Retrying in 5s...[0m
2025-12-13 11:35:57 [WARN] [1;33mBackend not available (attempt 102). Retrying in 5s...[0m
2025-12-13 11:36:02 [WARN] [1;33mBackend not available (attempt 103). Retrying in 5s...[0m
2025-12-13 11:36:07 [WARN] [1;33mBackend not available (attempt 104). Retrying in 5s...[0m
2025-12-13 11:36:12 [WARN] [1;33mBackend not available (attempt 105). Retrying in 5s...[0m
2025-12-13 11:36:17 [WARN] [1;33mBackend not available (attempt 106). Retrying in 5s...[0m
2025-12-13 11:36:22 [WARN] [1;33mBackend not available (attempt 107). Retrying in 5s...[0m
2025-12-13 11:36:27 [WARN] [1;33mBackend not available (attempt 108). Retrying in 5s...[0m
2025-12-13 11:36:33 [WARN] [1;33mBackend not available (attempt 109). Retrying in 5s...[0m
2025-12-13 11:36:38 [WARN] [1;33mBackend not available (attempt 110). Retrying in 5s...[0m
2025-12-13 11:36:43 [WARN] [1;33mBackend not available (attempt 111). Retrying in 5s...[0m
2025-12-13 11:36:48 [WARN] [1;33mBackend not available (attempt 112). Retrying in 5s...[0m
2025-12-13 11:36:53 [WARN] [1;33mBackend not available (attempt 113). Retrying in 5s...[0m
2025-12-13 11:36:58 [WARN] [1;33mBackend not available (attempt 114). Retrying in 5s...[0m
2025-12-13 11:37:03 [WARN] [1;33mBackend not available (attempt 115). Retrying in 5s...[0m
2025-12-13 11:37:08 [WARN] [1;33mBackend not available (attempt 116). Retrying in 5s...[0m
2025-12-13 11:37:13 [WARN] [1;33mBackend not available (attempt 117). Retrying in 5s...[0m
2025-12-13 11:37:18 [WARN] [1;33mBackend not available (attempt 118). Retrying in 5s...[0m
2025-12-13 11:37:23 [WARN] [1;33mBackend not available (attempt 119). Retrying in 5s...[0m
2025-12-13 11:37:29 [WARN] [1;33mBackend not available (attempt 120). Retrying in 5s...[0m
2025-12-13 11:37:34 [WARN] [1;33mBackend not available (attempt 121). Retrying in 5s...[0m
2025-12-13 11:37:39 [WARN] [1;33mBackend not available (attempt 122). Retrying in 5s...[0m
2025-12-13 11:37:44 [WARN] [1;33mBackend not available (attempt 123). Retrying in 5s...[0m
2025-12-13 11:37:49 [WARN] [1;33mBackend not available (attempt 124). Retrying in 5s...[0m
2025-12-13 11:37:54 [WARN] [1;33mBackend not available (attempt 125). Retrying in 5s...[0m
2025-12-13 11:37:59 [WARN] [1;33mBackend not available (attempt 126). Retrying in 5s...[0m
2025-12-13 11:38:04 [WARN] [1;33mBackend not available (attempt 127). Retrying in 5s...[0m
2025-12-13 11:38:09 [WARN] [1;33mBackend not available (attempt 128). Retrying in 5s...[0m
2025-12-13 11:38:15 [WARN] [1;33mBackend not available (attempt 129). Retrying in 5s...[0m
2025-12-13 11:38:20 [WARN] [1;33mBackend not available (attempt 130). Retrying in 5s...[0m
2025-12-13 11:38:25 [WARN] [1;33mBackend not available (attempt 131). Retrying in 5s...[0m
2025-12-13 11:38:30 [WARN] [1;33mBackend not available (attempt 132). Retrying in 5s...[0m
2025-12-13 11:38:35 [WARN] [1;33mBackend not available (attempt 133). Retrying in 5s...[0m
2025-12-13 11:38:40 [WARN] [1;33mBackend not available (attempt 134). Retrying in 5s...[0m
2025-12-13 11:38:45 [WARN] [1;33mBackend not available (attempt 135). Retrying in 5s...[0m
2025-12-13 11:38:50 [WARN] [1;33mBackend not available (attempt 136). Retrying in 5s...[0m
2025-12-13 11:38:56 [WARN] [1;33mBackend not available (attempt 137). Retrying in 5s...[0m
2025-12-13 11:39:01 [WARN] [1;33mBackend not available (attempt 138). Retrying in 5s...[0m
2025-12-13 11:39:06 [WARN] [1;33mBackend not available (attempt 139). Retrying in 5s...[0m
2025-12-13 11:39:11 [WARN] [1;33mBackend not available (attempt 140). Retrying in 5s...[0m
2025-12-13 11:39:16 [WARN] [1;33mBackend not available (attempt 141). Retrying in 5s...[0m
2025-12-13 11:39:21 [WARN] [1;33mBackend not available (attempt 142). Retrying in 5s...[0m
2025-12-13 11:39:26 [WARN] [1;33mBackend not available (attempt 143). Retrying in 5s...[0m
2025-12-13 11:39:31 [WARN] [1;33mBackend not available (attempt 144). Retrying in 5s...[0m
2025-12-13 11:39:37 [WARN] [1;33mBackend not available (attempt 145). Retrying in 5s...[0m
2025-12-13 11:39:42 [WARN] [1;33mBackend not available (attempt 146). Retrying in 5s...[0m
2025-12-13 11:39:47 [WARN] [1;33mBackend not available (attempt 147). Retrying in 5s...[0m
2025-12-13 11:39:52 [WARN] [1;33mBackend not available (attempt 148). Retrying in 5s...[0m
2025-12-13 11:39:57 [WARN] [1;33mBackend not available (attempt 149). Retrying in 5s...[0m
2025-12-13 11:40:02 [WARN] [1;33mBackend not available (attempt 150). Retrying in 5s...[0m
2025-12-13 11:40:07 [WARN] [1;33mBackend not available (attempt 151). Retrying in 5s...[0m
2025-12-13 11:40:13 [WARN] [1;33mBackend not available (attempt 152). Retrying in 5s...[0m
2025-12-13 11:40:18 [WARN] [1;33mBackend not available (attempt 153). Retrying in 5s...[0m
2025-12-13 11:40:23 [WARN] [1;33mBackend not available (attempt 154). Retrying in 5s...[0m
2025-12-13 11:40:28 [WARN] [1;33mBackend not available (attempt 155). Retrying in 5s...[0m
2025-12-13 11:40:33 [WARN] [1;33mBackend not available (attempt 156). Retrying in 5s...[0m
2025-12-13 11:40:38 [WARN] [1;33mBackend not available (attempt 157). Retrying in 5s...[0m
2025-12-13 11:40:43 [WARN] [1;33mBackend not available (attempt 158). Retrying in 5s...[0m
2025-12-13 11:40:48 [WARN] [1;33mBackend not available (attempt 159). Retrying in 5s...[0m
2025-12-13 11:40:54 [WARN] [1;33mBackend not available (attempt 160). Retrying in 5s...[0m
2025-12-13 11:40:59 [WARN] [1;33mBackend not available (attempt 161). Retrying in 5s...[0m
2025-12-13 11:41:04 [WARN] [1;33mBackend not available (attempt 162). Retrying in 5s...[0m
2025-12-13 11:41:09 [WARN] [1;33mBackend not available (attempt 163). Retrying in 5s...[0m
2025-12-13 11:41:14 [WARN] [1;33mBackend not available (attempt 164). Retrying in 5s...[0m
2025-12-13 11:41:19 [WARN] [1;33mBackend not available (attempt 165). Retrying in 5s...[0m
2025-12-13 11:41:24 [WARN] [1;33mBackend not available (attempt 166). Retrying in 5s...[0m
2025-12-13 11:41:29 [WARN] [1;33mBackend not available (attempt 167). Retrying in 5s...[0m
2025-12-13 11:41:35 [WARN] [1;33mBackend not available (attempt 168). Retrying in 5s...[0m
2025-12-13 11:41:40 [WARN] [1;33mBackend not available (attempt 169). Retrying in 5s...[0m
2025-12-13 11:41:45 [WARN] [1;33mBackend not available (attempt 170). Retrying in 5s...[0m
2025-12-13 11:41:50 [WARN] [1;33mBackend not available (attempt 171). Retrying in 5s...[0m
2025-12-13 11:41:55 [WARN] [1;33mBackend not available (attempt 172). Retrying in 5s...[0m
2025-12-13 11:42:00 [WARN] [1;33mBackend not available (attempt 173). Retrying in 5s...[0m
2025-12-13 11:42:05 [WARN] [1;33mBackend not available (attempt 174). Retrying in 5s...[0m
2025-12-13 11:42:11 [WARN] [1;33mBackend not available (attempt 175). Retrying in 5s...[0m
2025-12-13 11:42:16 [WARN] [1;33mBackend not available (attempt 176). Retrying in 5s...[0m
2025-12-13 11:42:21 [WARN] [1;33mBackend not available (attempt 177). Retrying in 5s...[0m
2025-12-13 11:42:26 [WARN] [1;33mBackend not available (attempt 178). Retrying in 5s...[0m
2025-12-13 11:42:31 [WARN] [1;33mBackend not available (attempt 179). Retrying in 5s...[0m
2025-12-13 11:42:36 [WARN] [1;33mBackend not available (attempt 180). Retrying in 5s...[0m
2025-12-13 11:42:41 [WARN] [1;33mBackend not available (attempt 181). Retrying in 5s...[0m
2025-12-13 11:42:47 [WARN] [1;33mBackend not available (attempt 182). Retrying in 5s...[0m
2025-12-13 11:42:52 [WARN] [1;33mBackend not available (attempt 183). Retrying in 5s...[0m
2025-12-13 11:42:57 [WARN] [1;33mBackend not available (attempt 184). Retrying in 5s...[0m
2025-12-13 11:43:02 [WARN] [1;33mBackend not available (attempt 185). Retrying in 5s...[0m
2025-12-13 11:43:07 [WARN] [1;33mBackend not available (attempt 186). Retrying in 5s...[0m
2025-12-13 11:43:12 [WARN] [1;33mBackend not available (attempt 187). Retrying in 5s...[0m
2025-12-13 11:43:18 [WARN] [1;33mBackend not available (attempt 188). Retrying in 5s...[0m
2025-12-13 11:43:24 [WARN] [1;33mBackend not available (attempt 189). Retrying in 5s...[0m
2025-12-13 11:43:29 [WARN] [1;33mBackend not available (attempt 190). Retrying in 5s...[0m
2025-12-13 11:43:34 [WARN] [1;33mBackend not available (attempt 191). Retrying in 5s...[0m
2025-12-13 11:43:39 [WARN] [1;33mBackend not available (attempt 192). Retrying in 5s...[0m
2025-12-13 11:43:44 [WARN] [1;33mBackend not available (attempt 193). Retrying in 5s...[0m
2025-12-13 11:43:50 [WARN] [1;33mBackend not available (attempt 194). Retrying in 5s...[0m
2025-12-13 11:43:55 [WARN] [1;33mBackend not available (attempt 195). Retrying in 5s...[0m
2025-12-13 11:44:00 [WARN] [1;33mBackend not available (attempt 196). Retrying in 5s...[0m
2025-12-13 11:44:05 [WARN] [1;33mBackend not available (attempt 197). Retrying in 5s...[0m
2025-12-13 11:44:10 [WARN] [1;33mBackend not available (attempt 198). Retrying in 5s...[0m
2025-12-13 11:44:15 [WARN] [1;33mBackend not available (attempt 199). Retrying in 5s...[0m
2025-12-13 11:44:20 [WARN] [1;33mBackend not available (attempt 200). Retrying in 5s...[0m
2025-12-13 11:44:26 [WARN] [1;33mBackend not available (attempt 201). Retrying in 5s...[0m
2025-12-13 11:44:31 [WARN] [1;33mBackend not available (attempt 202). Retrying in 5s...[0m
2025-12-13 11:44:36 [WARN] [1;33mBackend not available (attempt 203). Retrying in 5s...[0m
2025-12-13 11:44:41 [WARN] [1;33mBackend not available (attempt 204). Retrying in 5s...[0m
2025-12-13 11:44:46 [WARN] [1;33mBackend not available (attempt 205). Retrying in 5s...[0m
2025-12-13 11:44:51 [WARN] [1;33mBackend not available (attempt 206). Retrying in 5s...[0m
2025-12-13 11:44:56 [WARN] [1;33mBackend not available (attempt 207). Retrying in 5s...[0m
2025-12-13 11:45:01 [WARN] [1;33mBackend not available (attempt 208). Retrying in 5s...[0m
2025-12-13 11:45:07 [WARN] [1;33mBackend not available (attempt 209). Retrying in 5s...[0m
2025-12-13 11:45:12 [WARN] [1;33mBackend not available (attempt 210). Retrying in 5s...[0m
2025-12-13 11:45:17 [WARN] [1;33mBackend not available (attempt 211). Retrying in 5s...[0m
2025-12-13 11:45:22 [WARN] [1;33mBackend not available (attempt 212). Retrying in 5s...[0m
2025-12-13 11:45:27 [WARN] [1;33mBackend not available (attempt 213). Retrying in 5s...[0m
2025-12-13 11:45:32 [WARN] [1;33mBackend not available (attempt 214). Retrying in 5s...[0m
2025-12-13 11:45:37 [WARN] [1;33mBackend not available (attempt 215). Retrying in 5s...[0m
2025-12-13 11:45:43 [WARN] [1;33mBackend not available (attempt 216). Retrying in 5s...[0m
2025-12-13 11:45:48 [WARN] [1;33mBackend not available (attempt 217). Retrying in 5s...[0m
2025-12-13 11:45:53 [WARN] [1;33mBackend not available (attempt 218). Retrying in 5s...[0m
2025-12-13 11:45:58 [WARN] [1;33mBackend not available (attempt 219). Retrying in 5s...[0m
2025-12-13 11:46:03 [WARN] [1;33mBackend not available (attempt 220). Retrying in 5s...[0m
2025-12-13 11:46:08 [WARN] [1;33mBackend not available (attempt 221). Retrying in 5s...[0m
2025-12-13 11:46:13 [WARN] [1;33mBackend not available (attempt 222). Retrying in 5s...[0m
2025-12-13 11:46:19 [WARN] [1;33mBackend not available (attempt 223). Retrying in 5s...[0m
2025-12-13 11:46:24 [WARN] [1;33mBackend not available (attempt 224). Retrying in 5s...[0m
2025-12-13 11:46:29 [WARN] [1;33mBackend not available (attempt 225). Retrying in 5s...[0m
2025-12-13 11:46:34 [WARN] [1;33mBackend not available (attempt 226). Retrying in 5s...[0m
2025-12-13 11:46:39 [WARN] [1;33mBackend not available (attempt 227). Retrying in 5s...[0m
2025-12-13 11:46:44 [WARN] [1;33mBackend not available (attempt 228). Retrying in 5s...[0m
2025-12-13 11:46:49 [WARN] [1;33mBackend not available (attempt 229). Retrying in 5s...[0m
2025-12-13 11:46:54 [WARN] [1;33mBackend not available (attempt 230). Retrying in 5s...[0m
2025-12-13 11:46:59 [WARN] [1;33mBackend not available (attempt 231). Retrying in 5s...[0m
2025-12-13 11:47:05 [WARN] [1;33mBackend not available (attempt 232). Retrying in 5s...[0m
2025-12-13 11:47:10 [WARN] [1;33mBackend not available (attempt 233). Retrying in 5s...[0m
2025-12-13 11:47:15 [WARN] [1;33mBackend not available (attempt 234). Retrying in 5s...[0m
2025-12-13 11:47:20 [WARN] [1;33mBackend not available (attempt 235). Retrying in 5s...[0m
2025-12-13 11:47:25 [WARN] [1;33mBackend not available (attempt 236). Retrying in 5s...[0m
2025-12-13 11:47:30 [WARN] [1;33mBackend not available (attempt 237). Retrying in 5s...[0m
2025-12-13 11:47:35 [WARN] [1;33mBackend not available (attempt 238). Retrying in 5s...[0m
2025-12-13 11:47:40 [WARN] [1;33mBackend not available (attempt 239). Retrying in 5s...[0m
2025-12-13 11:47:45 [WARN] [1;33mBackend not available (attempt 240). Retrying in 5s...[0m
2025-12-13 11:47:51 [WARN] [1;33mBackend not available (attempt 241). Retrying in 5s...[0m
2025-12-13 11:47:56 [WARN] [1;33mBackend not available (attempt 242). Retrying in 5s...[0m
2025-12-13 11:48:01 [WARN] [1;33mBackend not available (attempt 243). Retrying in 5s...[0m
2025-12-13 11:48:06 [WARN] [1;33mBackend not available (attempt 244). Retrying in 5s...[0m
2025-12-13 11:48:11 [WARN] [1;33mBackend not available (attempt 245). Retrying in 5s...[0m
2025-12-13 11:48:16 [WARN] [1;33mBackend not available (attempt 246). Retrying in 5s...[0m
2025-12-13 11:48:21 [WARN] [1;33mBackend not available (attempt 247). Retrying in 5s...[0m
2025-12-13 11:48:26 [WARN] [1;33mBackend not available (attempt 248). Retrying in 5s...[0m
2025-12-13 11:48:32 [WARN] [1;33mBackend not available (attempt 249). Retrying in 5s...[0m
2025-12-13 11:48:37 [WARN] [1;33mBackend not available (attempt 250). Retrying in 5s...[0m
2025-12-13 11:48:42 [WARN] [1;33mBackend not available (attempt 251). Retrying in 5s...[0m
2025-12-13 11:48:47 [WARN] [1;33mBackend not available (attempt 252). Retrying in 5s...[0m
2025-12-13 11:48:52 [WARN] [1;33mBackend not available (attempt 253). Retrying in 5s...[0m
2025-12-13 11:48:57 [WARN] [1;33mBackend not available (attempt 254). Retrying in 5s...[0m
2025-12-13 11:49:02 [WARN] [1;33mBackend not available (attempt 255). Retrying in 5s...[0m
2025-12-13 11:49:07 [WARN] [1;33mBackend not available (attempt 256). Retrying in 5s...[0m
2025-12-13 11:49:13 [WARN] [1;33mBackend not available (attempt 257). Retrying in 5s...[0m
2025-12-13 11:49:18 [WARN] [1;33mBackend not available (attempt 258). Retrying in 5s...[0m
2025-12-13 11:49:23 [WARN] [1;33mBackend not available (attempt 259). Retrying in 5s...[0m
2025-12-13 11:49:28 [WARN] [1;33mBackend not available (attempt 260). Retrying in 5s...[0m
2025-12-13 11:49:33 [WARN] [1;33mBackend not available (attempt 261). Retrying in 5s...[0m
2025-12-13 11:49:38 [WARN] [1;33mBackend not available (attempt 262). Retrying in 5s...[0m
2025-12-13 11:49:43 [WARN] [1;33mBackend not available (attempt 263). Retrying in 5s...[0m
2025-12-13 11:49:48 [WARN] [1;33mBackend not available (attempt 264). Retrying in 5s...[0m
2025-12-13 11:49:54 [WARN] [1;33mBackend not available (attempt 265). Retrying in 5s...[0m
2025-12-13 11:49:59 [WARN] [1;33mBackend not available (attempt 266). Retrying in 5s...[0m
2025-12-13 11:50:04 [WARN] [1;33mBackend not available (attempt 267). Retrying in 5s...[0m
2025-12-13 11:50:09 [WARN] [1;33mBackend not available (attempt 268). Retrying in 5s...[0m
2025-12-13 11:50:14 [WARN] [1;33mBackend not available (attempt 269). Retrying in 5s...[0m
2025-12-13 11:50:19 [WARN] [1;33mBackend not available (attempt 270). Retrying in 5s...[0m
2025-12-13 11:50:24 [WARN] [1;33mBackend not available (attempt 271). Retrying in 5s...[0m
2025-12-13 11:50:29 [WARN] [1;33mBackend not available (attempt 272). Retrying in 5s...[0m
2025-12-13 11:50:35 [WARN] [1;33mBackend not available (attempt 273). Retrying in 5s...[0m
2025-12-13 11:50:40 [WARN] [1;33mBackend not available (attempt 274). Retrying in 5s...[0m
2025-12-13 11:50:45 [WARN] [1;33mBackend not available (attempt 275). Retrying in 5s...[0m
2025-12-13 11:50:50 [WARN] [1;33mBackend not available (attempt 276). Retrying in 5s...[0m
2025-12-13 11:50:55 [WARN] [1;33mBackend not available (attempt 277). Retrying in 5s...[0m
2025-12-13 11:51:00 [WARN] [1;33mBackend not available (attempt 278). Retrying in 5s...[0m
2025-12-13 11:51:05 [WARN] [1;33mBackend not available (attempt 279). Retrying in 5s...[0m
2025-12-13 11:51:10 [WARN] [1;33mBackend not available (attempt 280). Retrying in 5s...[0m
2025-12-13 11:51:15 [WARN] [1;33mBackend not available (attempt 281). Retrying in 5s...[0m
2025-12-13 11:51:21 [WARN] [1;33mBackend not available (attempt 282). Retrying in 5s...[0m
2025-12-13 11:51:26 [WARN] [1;33mBackend not available (attempt 283). Retrying in 5s...[0m
2025-12-13 11:51:31 [WARN] [1;33mBackend not available (attempt 284). Retrying in 5s...[0m
2025-12-13 11:51:36 [WARN] [1;33mBackend not available (attempt 285). Retrying in 5s...[0m
2025-12-13 11:51:41 [WARN] [1;33mBackend not available (attempt 286). Retrying in 5s...[0m
2025-12-13 11:51:46 [WARN] [1;33mBackend not available (attempt 287). Retrying in 5s...[0m
2025-12-13 11:51:51 [WARN] [1;33mBackend not available (attempt 288). Retrying in 5s...[0m
2025-12-13 11:51:56 [WARN] [1;33mBackend not available (attempt 289). Retrying in 5s...[0m
2025-12-13 11:52:01 [WARN] [1;33mBackend not available (attempt 290). Retrying in 5s...[0m
2025-12-13 11:52:06 [WARN] [1;33mBackend not available (attempt 291). Retrying in 5s...[0m
2025-12-13 11:52:11 [WARN] [1;33mBackend not available (attempt 292). Retrying in 5s...[0m
2025-12-13 11:52:17 [WARN] [1;33mBackend not available (attempt 293). Retrying in 5s...[0m
2025-12-13 11:52:22 [WARN] [1;33mBackend not available (attempt 294). Retrying in 5s...[0m
2025-12-13 11:52:27 [WARN] [1;33mBackend not available (attempt 295). Retrying in 5s...[0m
2025-12-13 11:52:32 [WARN] [1;33mBackend not available (attempt 296). Retrying in 5s...[0m
2025-12-13 11:52:37 [WARN] [1;33mBackend not available (attempt 297). Retrying in 5s...[0m
2025-12-13 11:52:42 [WARN] [1;33mBackend not available (attempt 298). Retrying in 5s...[0m
2025-12-13 11:52:47 [WARN] [1;33mBackend not available (attempt 299). Retrying in 5s...[0m
2025-12-13 11:52:52 [WARN] [1;33mBackend not available (attempt 300). Retrying in 5s...[0m
2025-12-13 11:52:58 [WARN] [1;33mBackend not available (attempt 301). Retrying in 5s...[0m
2025-12-13 11:53:03 [WARN] [1;33mBackend not available (attempt 302). Retrying in 5s...[0m
2025-12-13 11:53:08 [WARN] [1;33mBackend not available (attempt 303). Retrying in 5s...[0m
2025-12-13 11:53:13 [WARN] [1;33mBackend not available (attempt 304). Retrying in 5s...[0m
2025-12-13 11:53:18 [WARN] [1;33mBackend not available (attempt 305). Retrying in 5s...[0m
2025-12-13 11:53:23 [WARN] [1;33mBackend not available (attempt 306). Retrying in 5s...[0m
2025-12-13 11:53:28 [WARN] [1;33mBackend not available (attempt 307). Retrying in 5s...[0m
2025-12-13 11:53:33 [WARN] [1;33mBackend not available (attempt 308). Retrying in 5s...[0m
2025-12-13 11:53:38 [WARN] [1;33mBackend not available (attempt 309). Retrying in 5s...[0m
2025-12-13 11:53:43 [WARN] [1;33mBackend not available (attempt 310). Retrying in 5s...[0m
2025-12-13 11:53:49 [WARN] [1;33mBackend not available (attempt 311). Retrying in 5s...[0m
2025-12-13 11:53:54 [WARN] [1;33mBackend not available (attempt 312). Retrying in 5s...[0m
2025-12-13 11:54:00 [WARN] [1;33mBackend not available (attempt 313). Retrying in 5s...[0m
2025-12-13 11:54:05 [WARN] [1;33mBackend not available (attempt 314). Retrying in 5s...[0m
2025-12-13 11:54:10 [WARN] [1;33mBackend not available (attempt 315). Retrying in 5s...[0m
2025-12-13 11:54:15 [WARN] [1;33mBackend not available (attempt 316). Retrying in 5s...[0m
2025-12-13 11:54:18 [WARN] [1;33mShutdown signal received. Cleaning up...[0m
2025-12-13 11:54:18 [SUCCESS] [0;32mCleanup complete. Exiting.[0m
