2026-01-21 11:41:54 [INFO] [0;34m━━━━━━━━━━━━━━━━━━━━━━━━━━━━━━━━━━━━━━━━━━━━━━━━━[0m
2026-01-21 11:41:54 [INFO] [0;34mDrone Auto-Restart Script[0m
2026-01-21 11:41:54 [INFO] [0;34m━━━━━━━━━━━━━━━━━━━━━━━━━━━━━━━━━━━━━━━━━━━━━━━━━[0m
2026-01-21 11:41:54 [INFO] [0;34mDrone ID: austin-recon-01[0m
2026-01-21 11:41:54 [INFO] [0;34mDrone Type: recon[0m
2026-01-21 11:41:54 [INFO] [0;34mBackend URL: http://100.111.237.50:8001[0m
2026-01-21 11:41:54 [INFO] [0;34mWebSocket URL: ws://100.111.237.50:8001[0m
2026-01-21 11:41:54 [INFO] [0;34mScript: /home/nanosuper/Downloads/HOMA-1.0/drone.py[0m
2026-01-21 11:41:54 [WARN] [1;33mNo virtual environment activated[0m
2026-01-21 11:41:54 [INFO] [0;34mLog: /home/nanosuper/Downloads/HOMA-1.0/logs/austin-recon-01_20260121.log[0m
2026-01-21 11:41:54 [INFO] [0;34m━━━━━━━━━━━━━━━━━━━━━━━━━━━━━━━━━━━━━━━━━━━━━━━━━[0m
2026-01-21 11:41:54 [INFO] [0;34mChecking if backend is available at http://100.111.237.50:8001...[0m
2026-01-21 11:41:54 [INFO] [0;34mWebSocket URL: ws://100.111.237.50:8001[0m
2026-01-21 11:41:54 [SUCCESS] [0;32mBackend is online and reachable![0m
2026-01-21 11:41:54 [INFO] [0;34mChecking for existing drone script processes...[0m
2026-01-21 11:41:54 [INFO] [0;34mNo existing processes found[0m
2026-01-21 11:41:54 [INFO] [0;34mStarting drone script...[0m
2026-01-21 11:41:54 [INFO] [0;34mScript path: /home/nanosuper/Downloads/HOMA-1.0/drone.py[0m
2026-01-21 11:41:54 [SUCCESS] [0;32mDrone script started (PID: 3161)[0m
2026-01-21 11:42:23 [WARN] [1;33mShutdown signal received. Cleaning up...[0m
2026-01-21 11:42:23 [INFO] [0;34mKilling drone script (PID: 3161)...[0m
2026-01-21 11:42:24 [WARN] [1;33mShutdown signal received. Cleaning up...[0m
2026-01-21 11:42:24 [SUCCESS] [0;32mCleanup complete. Exiting.[0m
2026-01-21 11:42:25 [INFO] [0;34m━━━━━━━━━━━━━━━━━━━━━━━━━━━━━━━━━━━━━━━━━━━━━━━━━[0m
2026-01-21 11:42:25 [INFO] [0;34mDrone Auto-Restart Script[0m
2026-01-21 11:42:25 [INFO] [0;34m━━━━━━━━━━━━━━━━━━━━━━━━━━━━━━━━━━━━━━━━━━━━━━━━━[0m
2026-01-21 11:42:25 [INFO] [0;34mDrone ID: austin-recon-01[0m
2026-01-21 11:42:25 [INFO] [0;34mDrone Type: recon[0m
2026-01-21 11:42:25 [INFO] [0;34mBackend URL: http://100.111.237.50:8001[0m
2026-01-21 11:42:25 [INFO] [0;34mWebSocket URL: ws://100.111.237.50:8001[0m
2026-01-21 11:42:25 [INFO] [0;34mScript: /home/nanosuper/Downloads/HOMA-1.0/drone.py[0m
2026-01-21 11:42:25 [WARN] [1;33mNo virtual environment activated[0m
2026-01-21 11:42:25 [INFO] [0;34mLog: /home/nanosuper/Downloads/HOMA-1.0/logs/austin-recon-01_20260121.log[0m
2026-01-21 11:42:25 [INFO] [0;34m━━━━━━━━━━━━━━━━━━━━━━━━━━━━━━━━━━━━━━━━━━━━━━━━━[0m
2026-01-21 11:42:25 [INFO] [0;34mChecking if backend is available at http://100.111.237.50:8001...[0m
2026-01-21 11:42:25 [INFO] [0;34mWebSocket URL: ws://100.111.237.50:8001[0m
2026-01-21 11:42:26 [SUCCESS] [0;32mBackend is online and reachable![0m
2026-01-21 11:42:26 [INFO] [0;34mChecking for existing drone script processes...[0m
2026-01-21 11:42:26 [INFO] [0;34mNo existing processes found[0m
2026-01-21 11:42:26 [INFO] [0;34mStarting drone script...[0m
2026-01-21 11:42:26 [INFO] [0;34mScript path: /home/nanosuper/Downloads/HOMA-1.0/drone.py[0m
2026-01-21 11:42:26 [SUCCESS] [0;32mDrone script started (PID: 3500)[0m
2026-01-21 11:44:08 [WARN] [1;33mShutdown signal received. Cleaning up...[0m
2026-01-21 11:44:08 [INFO] [0;34mKilling drone script (PID: 3500)...[0m
2026-01-21 11:44:08 [WARN] [1;33mShutdown signal received. Cleaning up...[0m
2026-01-21 11:44:08 [SUCCESS] [0;32mCleanup complete. Exiting.[0m
2026-01-21 11:53:20 [INFO] [0;34m━━━━━━━━━━━━━━━━━━━━━━━━━━━━━━━━━━━━━━━━━━━━━━━━━[0m
2026-01-21 11:53:20 [INFO] [0;34mDrone Auto-Restart Script[0m
2026-01-21 11:53:20 [INFO] [0;34m━━━━━━━━━━━━━━━━━━━━━━━━━━━━━━━━━━━━━━━━━━━━━━━━━[0m
2026-01-21 11:53:20 [INFO] [0;34mDrone ID: austin-recon-01[0m
2026-01-21 11:53:20 [INFO] [0;34mDrone Type: recon[0m
2026-01-21 11:53:20 [INFO] [0;34mBackend URL: http://100.111.237.50:8001[0m
2026-01-21 11:53:20 [INFO] [0;34mWebSocket URL: ws://100.111.237.50:8001[0m
2026-01-21 11:53:20 [INFO] [0;34mScript: /home/nanosuper/Downloads/HOMA-1.0/drone.py[0m
2026-01-21 11:53:20 [WARN] [1;33mNo virtual environment activated[0m
2026-01-21 11:53:20 [INFO] [0;34mLog: /home/nanosuper/Downloads/HOMA-1.0/logs/austin-recon-01_20260121.log[0m
2026-01-21 11:53:20 [INFO] [0;34m━━━━━━━━━━━━━━━━━━━━━━━━━━━━━━━━━━━━━━━━━━━━━━━━━[0m
2026-01-21 11:53:20 [INFO] [0;34mChecking if backend is available at http://100.111.237.50:8001...[0m
2026-01-21 11:53:20 [INFO] [0;34mWebSocket URL: ws://100.111.237.50:8001[0m
2026-01-21 11:53:20 [SUCCESS] [0;32mBackend is online and reachable![0m
2026-01-21 11:53:20 [INFO] [0;34mChecking for existing drone script processes...[0m
2026-01-21 11:53:20 [INFO] [0;34mNo existing processes found[0m
2026-01-21 11:53:20 [INFO] [0;34mStarting drone script...[0m
2026-01-21 11:53:20 [INFO] [0;34mScript path: /home/nanosuper/Downloads/HOMA-1.0/drone.py[0m
2026-01-21 11:53:20 [SUCCESS] [0;32mDrone script started (PID: 6189)[0m
2026-01-21 11:53:48 [WARN] [1;33mShutdown signal received. Cleaning up...[0m
2026-01-21 11:53:48 [INFO] [0;34mKilling drone script (PID: 6189)...[0m
2026-01-21 11:53:48 [WARN] [1;33mShutdown signal received. Cleaning up...[0m
2026-01-21 11:53:48 [SUCCESS] [0;32mCleanup complete. Exiting.[0m
2026-01-21 11:53:49 [INFO] [0;34m━━━━━━━━━━━━━━━━━━━━━━━━━━━━━━━━━━━━━━━━━━━━━━━━━[0m
2026-01-21 11:53:49 [INFO] [0;34mDrone Auto-Restart Script[0m
2026-01-21 11:53:49 [INFO] [0;34m━━━━━━━━━━━━━━━━━━━━━━━━━━━━━━━━━━━━━━━━━━━━━━━━━[0m
2026-01-21 11:53:49 [INFO] [0;34mDrone ID: austin-recon-01[0m
2026-01-21 11:53:49 [INFO] [0;34mDrone Type: recon[0m
2026-01-21 11:53:50 [INFO] [0;34mBackend URL: http://100.111.237.50:8001[0m
2026-01-21 11:53:50 [INFO] [0;34mWebSocket URL: ws://100.111.237.50:8001[0m
2026-01-21 11:53:50 [INFO] [0;34mScript: /home/nanosuper/Downloads/HOMA-1.0/drone.py[0m
2026-01-21 11:53:50 [WARN] [1;33mNo virtual environment activated[0m
2026-01-21 11:53:50 [INFO] [0;34mLog: /home/nanosuper/Downloads/HOMA-1.0/logs/austin-recon-01_20260121.log[0m
2026-01-21 11:53:50 [INFO] [0;34m━━━━━━━━━━━━━━━━━━━━━━━━━━━━━━━━━━━━━━━━━━━━━━━━━[0m
2026-01-21 11:53:50 [INFO] [0;34mChecking if backend is available at http://100.111.237.50:8001...[0m
2026-01-21 11:53:50 [INFO] [0;34mWebSocket URL: ws://100.111.237.50:8001[0m
2026-01-21 11:53:50 [SUCCESS] [0;32mBackend is online and reachable![0m
2026-01-21 11:53:50 [INFO] [0;34mChecking for existing drone script processes...[0m
2026-01-21 11:53:50 [INFO] [0;34mNo existing processes found[0m
2026-01-21 11:53:50 [INFO] [0;34mStarting drone script...[0m
2026-01-21 11:53:50 [INFO] [0;34mScript path: /home/nanosuper/Downloads/HOMA-1.0/drone.py[0m
2026-01-21 11:53:50 [SUCCESS] [0;32mDrone script started (PID: 6532)[0m
2026-01-21 11:58:23 [WARN] [1;33mShutdown signal received. Cleaning up...[0m
2026-01-21 11:58:23 [INFO] [0;34mKilling drone script (PID: 6532)...[0m
2026-01-21 11:58:23 [WARN] [1;33mShutdown signal received. Cleaning up...[0m
2026-01-21 11:58:23 [INFO] [0;34mKilling drone script (PID: 6532)...[0m
2026-01-21 11:58:25 [SUCCESS] [0;32mCleanup complete. Exiting.[0m
2026-01-21 12:01:11 [INFO] [0;34m━━━━━━━━━━━━━━━━━━━━━━━━━━━━━━━━━━━━━━━━━━━━━━━━━[0m
2026-01-21 12:01:11 [INFO] [0;34mDrone Auto-Restart Script[0m
2026-01-21 12:01:11 [INFO] [0;34m━━━━━━━━━━━━━━━━━━━━━━━━━━━━━━━━━━━━━━━━━━━━━━━━━[0m
2026-01-21 12:01:11 [INFO] [0;34mDrone ID: austin-recon-01[0m
2026-01-21 12:01:11 [INFO] [0;34mDrone Type: recon[0m
2026-01-21 12:01:11 [INFO] [0;34mBackend URL: http://100.111.237.50:8001[0m
2026-01-21 12:01:11 [INFO] [0;34mWebSocket URL: ws://100.111.237.50:8001[0m
2026-01-21 12:01:11 [INFO] [0;34mScript: /home/nanosuper/Downloads/HOMA-1.0/drone.py[0m
2026-01-21 12:01:11 [WARN] [1;33mNo virtual environment activated[0m
2026-01-21 12:01:11 [INFO] [0;34mLog: /home/nanosuper/Downloads/HOMA-1.0/logs/austin-recon-01_20260121.log[0m
2026-01-21 12:01:11 [INFO] [0;34m━━━━━━━━━━━━━━━━━━━━━━━━━━━━━━━━━━━━━━━━━━━━━━━━━[0m
2026-01-21 12:01:11 [INFO] [0;34mChecking if backend is available at http://100.111.237.50:8001...[0m
2026-01-21 12:01:11 [INFO] [0;34mWebSocket URL: ws://100.111.237.50:8001[0m
2026-01-21 12:01:11 [WARN] [1;33mBackend not reachable (attempt 1)[0m
2026-01-21 12:01:11 [INFO] [0;34mTrying: curl http://100.111.237.50:8001/health[0m
2026-01-21 12:01:11 [INFO] [0;34mRetrying in 5s...[0m
2026-01-21 12:01:17 [WARN] [1;33mBackend not reachable (attempt 2)[0m
2026-01-21 12:01:17 [INFO] [0;34mTrying: curl http://100.111.237.50:8001/health[0m
2026-01-21 12:01:17 [INFO] [0;34mRetrying in 5s...[0m
2026-01-21 12:01:22 [WARN] [1;33mBackend not reachable (attempt 3)[0m
2026-01-21 12:01:22 [INFO] [0;34mTrying: curl http://100.111.237.50:8001/health[0m
2026-01-21 12:01:22 [INFO] [0;34mRetrying in 5s...[0m
2026-01-21 12:01:27 [WARN] [1;33mBackend not available (attempt 4). Retrying in 5s...[0m
2026-01-21 12:01:29 [WARN] [1;33mShutdown signal received. Cleaning up...[0m
2026-01-21 12:01:29 [SUCCESS] [0;32mCleanup complete. Exiting.[0m
2026-01-21 12:02:35 [INFO] [0;34m━━━━━━━━━━━━━━━━━━━━━━━━━━━━━━━━━━━━━━━━━━━━━━━━━[0m
2026-01-21 12:02:35 [INFO] [0;34mDrone Auto-Restart Script[0m
2026-01-21 12:02:35 [INFO] [0;34m━━━━━━━━━━━━━━━━━━━━━━━━━━━━━━━━━━━━━━━━━━━━━━━━━[0m
2026-01-21 12:02:35 [INFO] [0;34mDrone ID: austin-recon-01[0m
2026-01-21 12:02:35 [INFO] [0;34mDrone Type: recon[0m
2026-01-21 12:02:35 [INFO] [0;34mBackend URL: http://100.111.237.50:8001[0m
2026-01-21 12:02:35 [INFO] [0;34mWebSocket URL: ws://100.111.237.50:8001[0m
2026-01-21 12:02:35 [INFO] [0;34mScript: /home/nanosuper/Downloads/HOMA-1.0/drone.py[0m
2026-01-21 12:02:35 [WARN] [1;33mNo virtual environment activated[0m
2026-01-21 12:02:35 [INFO] [0;34mLog: /home/nanosuper/Downloads/HOMA-1.0/logs/austin-recon-01_20260121.log[0m
2026-01-21 12:02:35 [INFO] [0;34m━━━━━━━━━━━━━━━━━━━━━━━━━━━━━━━━━━━━━━━━━━━━━━━━━[0m
2026-01-21 12:02:35 [INFO] [0;34mChecking if backend is available at http://100.111.237.50:8001...[0m
2026-01-21 12:02:35 [INFO] [0;34mWebSocket URL: ws://100.111.237.50:8001[0m
2026-01-21 12:02:36 [SUCCESS] [0;32mBackend is online and reachable![0m
2026-01-21 12:02:36 [INFO] [0;34mChecking for existing drone script processes...[0m
2026-01-21 12:02:36 [INFO] [0;34mNo existing processes found[0m
2026-01-21 12:02:36 [INFO] [0;34mStarting drone script...[0m
2026-01-21 12:02:36 [INFO] [0;34mScript path: /home/nanosuper/Downloads/HOMA-1.0/drone.py[0m
2026-01-21 12:02:36 [SUCCESS] [0;32mDrone script started (PID: 10102)[0m
2026-01-21 12:02:55 [WARN] [1;33mShutdown signal received. Cleaning up...[0m
2026-01-21 12:02:55 [INFO] [0;34mKilling drone script (PID: 10102)...[0m
2026-01-21 12:02:56 [WARN] [1;33mShutdown signal received. Cleaning up...[0m
2026-01-21 12:02:56 [SUCCESS] [0;32mCleanup complete. Exiting.[0m
2026-01-21 12:02:58 [INFO] [0;34m━━━━━━━━━━━━━━━━━━━━━━━━━━━━━━━━━━━━━━━━━━━━━━━━━[0m
2026-01-21 12:02:58 [INFO] [0;34mDrone Auto-Restart Script[0m
2026-01-21 12:02:58 [INFO] [0;34m━━━━━━━━━━━━━━━━━━━━━━━━━━━━━━━━━━━━━━━━━━━━━━━━━[0m
2026-01-21 12:02:58 [INFO] [0;34mDrone ID: austin-recon-01[0m
2026-01-21 12:02:58 [INFO] [0;34mDrone Type: recon[0m
2026-01-21 12:02:58 [INFO] [0;34mBackend URL: http://100.111.237.50:8001[0m
2026-01-21 12:02:58 [INFO] [0;34mWebSocket URL: ws://100.111.237.50:8001[0m
2026-01-21 12:02:58 [INFO] [0;34mScript: /home/nanosuper/Downloads/HOMA-1.0/drone.py[0m
2026-01-21 12:02:58 [WARN] [1;33mNo virtual environment activated[0m
2026-01-21 12:02:58 [INFO] [0;34mLog: /home/nanosuper/Downloads/HOMA-1.0/logs/austin-recon-01_20260121.log[0m
2026-01-21 12:02:58 [INFO] [0;34m━━━━━━━━━━━━━━━━━━━━━━━━━━━━━━━━━━━━━━━━━━━━━━━━━[0m
2026-01-21 12:02:58 [INFO] [0;34mChecking if backend is available at http://100.111.237.50:8001...[0m
2026-01-21 12:02:58 [INFO] [0;34mWebSocket URL: ws://100.111.237.50:8001[0m
2026-01-21 12:02:58 [SUCCESS] [0;32mBackend is online and reachable![0m
2026-01-21 12:02:58 [INFO] [0;34mChecking for existing drone script processes...[0m
2026-01-21 12:02:58 [INFO] [0;34mNo existing processes found[0m
2026-01-21 12:02:58 [INFO] [0;34mStarting drone script...[0m
2026-01-21 12:02:58 [INFO] [0;34mScript path: /home/nanosuper/Downloads/HOMA-1.0/drone.py[0m
2026-01-21 12:02:58 [SUCCESS] [0;32mDrone script started (PID: 10396)[0m
2026-01-21 12:04:31 [WARN] [1;33mShutdown signal received. Cleaning up...[0m
2026-01-21 12:04:31 [INFO] [0;34mKilling drone script (PID: 10396)...[0m
2026-01-21 12:04:32 [WARN] [1;33mShutdown signal received. Cleaning up...[0m
2026-01-21 12:04:32 [SUCCESS] [0;32mCleanup complete. Exiting.[0m
2026-01-21 12:06:46 [INFO] [0;34m━━━━━━━━━━━━━━━━━━━━━━━━━━━━━━━━━━━━━━━━━━━━━━━━━[0m
2026-01-21 12:06:46 [INFO] [0;34mDrone Auto-Restart Script[0m
2026-01-21 12:06:46 [INFO] [0;34m━━━━━━━━━━━━━━━━━━━━━━━━━━━━━━━━━━━━━━━━━━━━━━━━━[0m
2026-01-21 12:06:46 [INFO] [0;34mDrone ID: austin-recon-01[0m
2026-01-21 12:06:46 [INFO] [0;34mDrone Type: recon[0m
2026-01-21 12:06:46 [INFO] [0;34mBackend URL: http://100.111.237.50:8001[0m
2026-01-21 12:06:46 [INFO] [0;34mWebSocket URL: ws://100.111.237.50:8001[0m
2026-01-21 12:06:46 [INFO] [0;34mScript: /home/nanosuper/Downloads/HOMA-1.0/drone.py[0m
2026-01-21 12:06:46 [WARN] [1;33mNo virtual environment activated[0m
2026-01-21 12:06:46 [INFO] [0;34mLog: /home/nanosuper/Downloads/HOMA-1.0/logs/austin-recon-01_20260121.log[0m
2026-01-21 12:06:46 [INFO] [0;34m━━━━━━━━━━━━━━━━━━━━━━━━━━━━━━━━━━━━━━━━━━━━━━━━━[0m
2026-01-21 12:06:46 [INFO] [0;34mChecking if backend is available at http://100.111.237.50:8001...[0m
2026-01-21 12:06:46 [INFO] [0;34mWebSocket URL: ws://100.111.237.50:8001[0m
2026-01-21 12:06:46 [SUCCESS] [0;32mBackend is online and reachable![0m
2026-01-21 12:06:46 [INFO] [0;34mChecking for existing drone script processes...[0m
2026-01-21 12:06:46 [INFO] [0;34mNo existing processes found[0m
2026-01-21 12:06:46 [INFO] [0;34mStarting drone script...[0m
2026-01-21 12:06:46 [INFO] [0;34mScript path: /home/nanosuper/Downloads/HOMA-1.0/drone.py[0m
2026-01-21 12:06:46 [SUCCESS] [0;32mDrone script started (PID: 11377)[0m
2026-01-21 12:07:17 [WARN] [1;33mShutdown signal received. Cleaning up...[0m
2026-01-21 12:07:17 [INFO] [0;34mKilling drone script (PID: 11377)...[0m
2026-01-21 12:07:18 [WARN] [1;33mShutdown signal received. Cleaning up...[0m
2026-01-21 12:07:18 [SUCCESS] [0;32mCleanup complete. Exiting.[0m
2026-01-21 12:07:21 [INFO] [0;34m━━━━━━━━━━━━━━━━━━━━━━━━━━━━━━━━━━━━━━━━━━━━━━━━━[0m
2026-01-21 12:07:21 [INFO] [0;34mDrone Auto-Restart Script[0m
2026-01-21 12:07:21 [INFO] [0;34m━━━━━━━━━━━━━━━━━━━━━━━━━━━━━━━━━━━━━━━━━━━━━━━━━[0m
2026-01-21 12:07:21 [INFO] [0;34mDrone ID: austin-recon-01[0m
2026-01-21 12:07:21 [INFO] [0;34mDrone Type: recon[0m
2026-01-21 12:07:21 [INFO] [0;34mBackend URL: http://100.111.237.50:8001[0m
2026-01-21 12:07:21 [INFO] [0;34mWebSocket URL: ws://100.111.237.50:8001[0m
2026-01-21 12:07:21 [INFO] [0;34mScript: /home/nanosuper/Downloads/HOMA-1.0/drone.py[0m
2026-01-21 12:07:21 [WARN] [1;33mNo virtual environment activated[0m
2026-01-21 12:07:21 [INFO] [0;34mLog: /home/nanosuper/Downloads/HOMA-1.0/logs/austin-recon-01_20260121.log[0m
2026-01-21 12:07:21 [INFO] [0;34m━━━━━━━━━━━━━━━━━━━━━━━━━━━━━━━━━━━━━━━━━━━━━━━━━[0m
2026-01-21 12:07:21 [INFO] [0;34mChecking if backend is available at http://100.111.237.50:8001...[0m
2026-01-21 12:07:21 [INFO] [0;34mWebSocket URL: ws://100.111.237.50:8001[0m
2026-01-21 12:07:21 [SUCCESS] [0;32mBackend is online and reachable![0m
2026-01-21 12:07:21 [INFO] [0;34mChecking for existing drone script processes...[0m
2026-01-21 12:07:21 [INFO] [0;34mNo existing processes found[0m
2026-01-21 12:07:21 [INFO] [0;34mStarting drone script...[0m
2026-01-21 12:07:21 [INFO] [0;34mScript path: /home/nanosuper/Downloads/HOMA-1.0/drone.py[0m
2026-01-21 12:07:21 [SUCCESS] [0;32mDrone script started (PID: 11673)[0m
2026-01-21 12:08:13 [WARN] [1;33mShutdown signal received. Cleaning up...[0m
2026-01-21 12:08:13 [INFO] [0;34mKilling drone script (PID: 11673)...[0m
2026-01-21 12:08:13 [WARN] [1;33mShutdown signal received. Cleaning up...[0m
2026-01-21 12:08:13 [SUCCESS] [0;32mCleanup complete. Exiting.[0m
2026-01-21 12:08:22 [INFO] [0;34m━━━━━━━━━━━━━━━━━━━━━━━━━━━━━━━━━━━━━━━━━━━━━━━━━[0m
2026-01-21 12:08:22 [INFO] [0;34mDrone Auto-Restart Script[0m
2026-01-21 12:08:22 [INFO] [0;34m━━━━━━━━━━━━━━━━━━━━━━━━━━━━━━━━━━━━━━━━━━━━━━━━━[0m
2026-01-21 12:08:22 [INFO] [0;34mDrone ID: austin-recon-01[0m
2026-01-21 12:08:22 [INFO] [0;34mDrone Type: recon[0m
2026-01-21 12:08:22 [INFO] [0;34mBackend URL: http://100.111.237.50:8001[0m
2026-01-21 12:08:22 [INFO] [0;34mWebSocket URL: ws://100.111.237.50:8001[0m
2026-01-21 12:08:22 [INFO] [0;34mScript: /home/nanosuper/Downloads/HOMA-1.0/drone.py[0m
2026-01-21 12:08:22 [WARN] [1;33mNo virtual environment activated[0m
2026-01-21 12:08:22 [INFO] [0;34mLog: /home/nanosuper/Downloads/HOMA-1.0/logs/austin-recon-01_20260121.log[0m
2026-01-21 12:08:22 [INFO] [0;34m━━━━━━━━━━━━━━━━━━━━━━━━━━━━━━━━━━━━━━━━━━━━━━━━━[0m
2026-01-21 12:08:22 [INFO] [0;34mChecking if backend is available at http://100.111.237.50:8001...[0m
2026-01-21 12:08:22 [INFO] [0;34mWebSocket URL: ws://100.111.237.50:8001[0m
2026-01-21 12:08:23 [SUCCESS] [0;32mBackend is online and reachable![0m
2026-01-21 12:08:23 [INFO] [0;34mChecking for existing drone script processes...[0m
2026-01-21 12:08:23 [INFO] [0;34mNo existing processes found[0m
2026-01-21 12:08:23 [INFO] [0;34mStarting drone script...[0m
2026-01-21 12:08:23 [INFO] [0;34mScript path: /home/nanosuper/Downloads/HOMA-1.0/drone.py[0m
2026-01-21 12:08:23 [SUCCESS] [0;32mDrone script started (PID: 12225)[0m
2026-01-21 12:09:46 [WARN] [1;33mShutdown signal received. Cleaning up...[0m
2026-01-21 12:09:46 [INFO] [0;34mKilling drone script (PID: 12225)...[0m
2026-01-21 12:09:46 [WARN] [1;33mShutdown signal received. Cleaning up...[0m
2026-01-21 12:09:46 [INFO] [0;34mKilling drone script (PID: 12225)...[0m
2026-01-21 12:09:47 [WARN] [1;33mShutdown signal received. Cleaning up...[0m
2026-01-21 12:09:47 [SUCCESS] [0;32mCleanup complete. Exiting.[0m
2026-01-21 15:03:29 [INFO] [0;34m━━━━━━━━━━━━━━━━━━━━━━━━━━━━━━━━━━━━━━━━━━━━━━━━━[0m
2026-01-21 15:03:29 [INFO] [0;34mDrone Auto-Restart Script[0m
2026-01-21 15:03:29 [INFO] [0;34m━━━━━━━━━━━━━━━━━━━━━━━━━━━━━━━━━━━━━━━━━━━━━━━━━[0m
2026-01-21 15:03:29 [INFO] [0;34mDrone ID: austin-recon-01[0m
2026-01-21 15:03:29 [INFO] [0;34mDrone Type: recon[0m
2026-01-21 15:03:29 [INFO] [0;34mBackend URL: http://100.111.237.50:8001[0m
2026-01-21 15:03:29 [INFO] [0;34mWebSocket URL: ws://100.111.237.50:8001[0m
2026-01-21 15:03:29 [INFO] [0;34mScript: /home/nanosuper/Downloads/HOMA-1.0/drone.py[0m
2026-01-21 15:03:29 [WARN] [1;33mNo virtual environment activated[0m
2026-01-21 15:03:29 [INFO] [0;34mLog: /home/nanosuper/Downloads/HOMA-1.0/logs/austin-recon-01_20260121.log[0m
2026-01-21 15:03:29 [INFO] [0;34m━━━━━━━━━━━━━━━━━━━━━━━━━━━━━━━━━━━━━━━━━━━━━━━━━[0m
2026-01-21 15:03:29 [INFO] [0;34mChecking if backend is available at http://100.111.237.50:8001...[0m
2026-01-21 15:03:29 [INFO] [0;34mWebSocket URL: ws://100.111.237.50:8001[0m
2026-01-21 15:03:31 [SUCCESS] [0;32mBackend is online and reachable![0m
2026-01-21 15:03:31 [INFO] [0;34mChecking for existing drone script processes...[0m
2026-01-21 15:03:31 [INFO] [0;34mNo existing processes found[0m
2026-01-21 15:03:31 [INFO] [0;34mStarting drone script...[0m
2026-01-21 15:03:31 [INFO] [0;34mScript path: /home/nanosuper/Downloads/HOMA-1.0/drone.py[0m
2026-01-21 15:03:31 [SUCCESS] [0;32mDrone script started (PID: 32179)[0m
2026-01-21 15:03:32 [ERROR] [0;31mScript crashed with exit code: 1[0m
2026-01-21 15:03:32 [ERROR] [0;31mConsecutive failures: 1[0m
2026-01-21 15:03:32 [INFO] [0;34mRestarting in 3s...[0m
2026-01-21 15:03:35 [INFO] [0;34m━━━━━━━━━━━━━━━━━━━━━━━━━━━━━━━━━━━━━━━━━━━━━━━━━[0m
2026-01-21 15:03:35 [INFO] [0;34mInitiating restart cycle...[0m
2026-01-21 15:03:35 [INFO] [0;34mChecking if backend is available at http://100.111.237.50:8001...[0m
2026-01-21 15:03:35 [INFO] [0;34mWebSocket URL: ws://100.111.237.50:8001[0m
2026-01-21 15:03:35 [SUCCESS] [0;32mBackend is online and reachable![0m
2026-01-21 15:03:35 [INFO] [0;34mChecking for existing drone script processes...[0m
2026-01-21 15:03:35 [INFO] [0;34mNo existing processes found[0m
2026-01-21 15:03:35 [INFO] [0;34mStarting drone script...[0m
2026-01-21 15:03:35 [INFO] [0;34mScript path: /home/nanosuper/Downloads/HOMA-1.0/drone.py[0m
2026-01-21 15:03:35 [SUCCESS] [0;32mDrone script started (PID: 32260)[0m
2026-01-21 15:03:37 [ERROR] [0;31mScript crashed with exit code: 1[0m
2026-01-21 15:03:37 [ERROR] [0;31mConsecutive failures: 2[0m
2026-01-21 15:03:37 [INFO] [0;34mRestarting in 3s...[0m
2026-01-21 15:03:40 [INFO] [0;34m━━━━━━━━━━━━━━━━━━━━━━━━━━━━━━━━━━━━━━━━━━━━━━━━━[0m
2026-01-21 15:03:40 [INFO] [0;34mInitiating restart cycle...[0m
2026-01-21 15:03:40 [INFO] [0;34mChecking if backend is available at http://100.111.237.50:8001...[0m
2026-01-21 15:03:40 [INFO] [0;34mWebSocket URL: ws://100.111.237.50:8001[0m
2026-01-21 15:03:40 [SUCCESS] [0;32mBackend is online and reachable![0m
2026-01-21 15:03:40 [INFO] [0;34mChecking for existing drone script processes...[0m
2026-01-21 15:03:40 [INFO] [0;34mNo existing processes found[0m
2026-01-21 15:03:40 [INFO] [0;34mStarting drone script...[0m
2026-01-21 15:03:40 [INFO] [0;34mScript path: /home/nanosuper/Downloads/HOMA-1.0/drone.py[0m
2026-01-21 15:03:40 [SUCCESS] [0;32mDrone script started (PID: 32366)[0m
2026-01-21 15:03:41 [ERROR] [0;31mScript crashed with exit code: 1[0m
2026-01-21 15:03:41 [ERROR] [0;31mConsecutive failures: 3[0m
2026-01-21 15:03:41 [WARN] [1;33mToo many consecutive failures. Waiting 30s before restart...[0m
2026-01-21 15:03:51 [WARN] [1;33mShutdown signal received. Cleaning up...[0m
2026-01-21 15:03:51 [SUCCESS] [0;32mCleanup complete. Exiting.[0m
2026-01-21 15:04:39 [INFO] [0;34m━━━━━━━━━━━━━━━━━━━━━━━━━━━━━━━━━━━━━━━━━━━━━━━━━[0m
2026-01-21 15:04:39 [INFO] [0;34mDrone Auto-Restart Script[0m
2026-01-21 15:04:39 [INFO] [0;34m━━━━━━━━━━━━━━━━━━━━━━━━━━━━━━━━━━━━━━━━━━━━━━━━━[0m
2026-01-21 15:04:39 [INFO] [0;34mDrone ID: austin-recon-01[0m
2026-01-21 15:04:39 [INFO] [0;34mDrone Type: recon[0m
2026-01-21 15:04:39 [INFO] [0;34mBackend URL: http://100.111.237.50:8001[0m
2026-01-21 15:04:39 [INFO] [0;34mWebSocket URL: ws://100.111.237.50:8001[0m
2026-01-21 15:04:39 [INFO] [0;34mScript: /home/nanosuper/Downloads/HOMA-1.0/drone.py[0m
2026-01-21 15:04:39 [WARN] [1;33mNo virtual environment activated[0m
2026-01-21 15:04:39 [INFO] [0;34mLog: /home/nanosuper/Downloads/HOMA-1.0/logs/austin-recon-01_20260121.log[0m
2026-01-21 15:04:39 [INFO] [0;34m━━━━━━━━━━━━━━━━━━━━━━━━━━━━━━━━━━━━━━━━━━━━━━━━━[0m
2026-01-21 15:04:39 [INFO] [0;34mChecking if backend is available at http://100.111.237.50:8001...[0m
2026-01-21 15:04:39 [INFO] [0;34mWebSocket URL: ws://100.111.237.50:8001[0m
2026-01-21 15:04:40 [SUCCESS] [0;32mBackend is online and reachable![0m
2026-01-21 15:04:40 [INFO] [0;34mChecking for existing drone script processes...[0m
2026-01-21 15:04:40 [INFO] [0;34mNo existing processes found[0m
2026-01-21 15:04:40 [INFO] [0;34mStarting drone script...[0m
2026-01-21 15:04:40 [INFO] [0;34mScript path: /home/nanosuper/Downloads/HOMA-1.0/drone.py[0m
2026-01-21 15:04:40 [SUCCESS] [0;32mDrone script started (PID: 32736)[0m
2026-01-21 15:07:09 [WARN] [1;33mShutdown signal received. Cleaning up...[0m
2026-01-21 15:07:09 [INFO] [0;34mKilling drone script (PID: 32736)...[0m
2026-01-21 15:07:11 [SUCCESS] [0;32mCleanup complete. Exiting.[0m
2026-01-21 15:15:27 [INFO] [0;34m━━━━━━━━━━━━━━━━━━━━━━━━━━━━━━━━━━━━━━━━━━━━━━━━━[0m
2026-01-21 15:15:27 [INFO] [0;34mDrone Auto-Restart Script[0m
2026-01-21 15:15:27 [INFO] [0;34m━━━━━━━━━━━━━━━━━━━━━━━━━━━━━━━━━━━━━━━━━━━━━━━━━[0m
2026-01-21 15:15:27 [INFO] [0;34mDrone ID: austin-recon-01[0m
2026-01-21 15:15:27 [INFO] [0;34mDrone Type: recon[0m
2026-01-21 15:15:27 [INFO] [0;34mBackend URL: http://100.111.237.50:8001[0m
2026-01-21 15:15:27 [INFO] [0;34mWebSocket URL: ws://100.111.237.50:8001[0m
2026-01-21 15:15:27 [INFO] [0;34mScript: /home/nanosuper/Downloads/HOMA-1.0/drone.py[0m
2026-01-21 15:15:27 [WARN] [1;33mNo virtual environment activated[0m
2026-01-21 15:15:27 [INFO] [0;34mLog: /home/nanosuper/Downloads/HOMA-1.0/logs/austin-recon-01_20260121.log[0m
2026-01-21 15:15:27 [INFO] [0;34m━━━━━━━━━━━━━━━━━━━━━━━━━━━━━━━━━━━━━━━━━━━━━━━━━[0m
2026-01-21 15:15:27 [INFO] [0;34mChecking if backend is available at http://100.111.237.50:8001...[0m
2026-01-21 15:15:27 [INFO] [0;34mWebSocket URL: ws://100.111.237.50:8001[0m
2026-01-21 15:15:27 [SUCCESS] [0;32mBackend is online and reachable![0m
2026-01-21 15:15:27 [INFO] [0;34mChecking for existing drone script processes...[0m
2026-01-21 15:15:27 [INFO] [0;34mNo existing processes found[0m
2026-01-21 15:15:27 [INFO] [0;34mStarting drone script...[0m
2026-01-21 15:15:27 [INFO] [0;34mScript path: /home/nanosuper/Downloads/HOMA-1.0/drone.py[0m
2026-01-21 15:15:27 [SUCCESS] [0;32mDrone script started (PID: 34531)[0m
2026-01-21 15:17:39 [WARN] [1;33mShutdown signal received. Cleaning up...[0m
2026-01-21 15:17:39 [INFO] [0;34mKilling drone script (PID: 34531)...[0m
2026-01-21 15:17:39 [WARN] [1;33mShutdown signal received. Cleaning up...[0m
2026-01-21 15:17:39 [SUCCESS] [0;32mCleanup complete. Exiting.[0m
2026-01-21 15:17:41 [INFO] [0;34m━━━━━━━━━━━━━━━━━━━━━━━━━━━━━━━━━━━━━━━━━━━━━━━━━[0m
2026-01-21 15:17:41 [INFO] [0;34mDrone Auto-Restart Script[0m
2026-01-21 15:17:41 [INFO] [0;34m━━━━━━━━━━━━━━━━━━━━━━━━━━━━━━━━━━━━━━━━━━━━━━━━━[0m
2026-01-21 15:17:41 [INFO] [0;34mDrone ID: austin-recon-01[0m
2026-01-21 15:17:41 [INFO] [0;34mDrone Type: recon[0m
2026-01-21 15:17:41 [INFO] [0;34mBackend URL: http://100.111.237.50:8001[0m
2026-01-21 15:17:41 [INFO] [0;34mWebSocket URL: ws://100.111.237.50:8001[0m
2026-01-21 15:17:41 [INFO] [0;34mScript: /home/nanosuper/Downloads/HOMA-1.0/drone.py[0m
2026-01-21 15:17:41 [WARN] [1;33mNo virtual environment activated[0m
2026-01-21 15:17:41 [INFO] [0;34mLog: /home/nanosuper/Downloads/HOMA-1.0/logs/austin-recon-01_20260121.log[0m
2026-01-21 15:17:41 [INFO] [0;34m━━━━━━━━━━━━━━━━━━━━━━━━━━━━━━━━━━━━━━━━━━━━━━━━━[0m
2026-01-21 15:17:41 [INFO] [0;34mChecking if backend is available at http://100.111.237.50:8001...[0m
2026-01-21 15:17:41 [INFO] [0;34mWebSocket URL: ws://100.111.237.50:8001[0m
2026-01-21 15:17:41 [SUCCESS] [0;32mBackend is online and reachable![0m
2026-01-21 15:17:41 [INFO] [0;34mChecking for existing drone script processes...[0m
2026-01-21 15:17:41 [INFO] [0;34mNo existing processes found[0m
2026-01-21 15:17:41 [INFO] [0;34mStarting drone script...[0m
2026-01-21 15:17:41 [INFO] [0;34mScript path: /home/nanosuper/Downloads/HOMA-1.0/drone.py[0m
2026-01-21 15:17:41 [SUCCESS] [0;32mDrone script started (PID: 35607)[0m
2026-01-21 15:20:54 [WARN] [1;33mShutdown signal received. Cleaning up...[0m
2026-01-21 15:20:54 [INFO] [0;34mKilling drone script (PID: 35607)...[0m
2026-01-21 15:20:54 [WARN] [1;33mShutdown signal received. Cleaning up...[0m
2026-01-21 15:20:54 [INFO] [0;34mKilling drone script (PID: 35607)...[0m
2026-01-21 15:20:56 [SUCCESS] [0;32mCleanup complete. Exiting.[0m
2026-01-21 15:26:14 [INFO] [0;34m━━━━━━━━━━━━━━━━━━━━━━━━━━━━━━━━━━━━━━━━━━━━━━━━━[0m
2026-01-21 15:26:14 [INFO] [0;34mDrone Auto-Restart Script[0m
2026-01-21 15:26:14 [INFO] [0;34m━━━━━━━━━━━━━━━━━━━━━━━━━━━━━━━━━━━━━━━━━━━━━━━━━[0m
2026-01-21 15:26:14 [INFO] [0;34mDrone ID: austin-recon-01[0m
2026-01-21 15:26:14 [INFO] [0;34mDrone Type: recon[0m
2026-01-21 15:26:14 [INFO] [0;34mBackend URL: http://100.111.237.50:8001[0m
2026-01-21 15:26:14 [INFO] [0;34mWebSocket URL: ws://100.111.237.50:8001[0m
2026-01-21 15:26:14 [INFO] [0;34mScript: /home/nanosuper/Downloads/HOMA-1.0/drone.py[0m
2026-01-21 15:26:14 [WARN] [1;33mNo virtual environment activated[0m
2026-01-21 15:26:14 [INFO] [0;34mLog: /home/nanosuper/Downloads/HOMA-1.0/logs/austin-recon-01_20260121.log[0m
2026-01-21 15:26:14 [INFO] [0;34m━━━━━━━━━━━━━━━━━━━━━━━━━━━━━━━━━━━━━━━━━━━━━━━━━[0m
2026-01-21 15:26:14 [INFO] [0;34mChecking if backend is available at http://100.111.237.50:8001...[0m
2026-01-21 15:26:14 [INFO] [0;34mWebSocket URL: ws://100.111.237.50:8001[0m
2026-01-21 15:26:14 [SUCCESS] [0;32mBackend is online and reachable![0m
2026-01-21 15:26:14 [INFO] [0;34mChecking for existing drone script processes...[0m
2026-01-21 15:26:14 [INFO] [0;34mNo existing processes found[0m
2026-01-21 15:26:14 [INFO] [0;34mStarting drone script...[0m
2026-01-21 15:26:14 [INFO] [0;34mScript path: /home/nanosuper/Downloads/HOMA-1.0/drone.py[0m
2026-01-21 15:26:14 [SUCCESS] [0;32mDrone script started (PID: 37881)[0m
2026-01-21 15:27:42 [WARN] [1;33mShutdown signal received. Cleaning up...[0m
2026-01-21 15:27:42 [INFO] [0;34mKilling drone script (PID: 37881)...[0m
2026-01-21 15:27:42 [WARN] [1;33mShutdown signal received. Cleaning up...[0m
2026-01-21 15:27:42 [INFO] [0;34mKilling drone script (PID: 37881)...[0m
2026-01-21 15:27:44 [SUCCESS] [0;32mCleanup complete. Exiting.[0m
2026-01-21 15:29:56 [INFO] [0;34m━━━━━━━━━━━━━━━━━━━━━━━━━━━━━━━━━━━━━━━━━━━━━━━━━[0m
2026-01-21 15:29:56 [INFO] [0;34mDrone Auto-Restart Script[0m
2026-01-21 15:29:56 [INFO] [0;34m━━━━━━━━━━━━━━━━━━━━━━━━━━━━━━━━━━━━━━━━━━━━━━━━━[0m
2026-01-21 15:29:56 [INFO] [0;34mDrone ID: austin-recon-01[0m
2026-01-21 15:29:56 [INFO] [0;34mDrone Type: recon[0m
2026-01-21 15:29:56 [INFO] [0;34mBackend URL: http://100.111.237.50:8001[0m
2026-01-21 15:29:56 [INFO] [0;34mWebSocket URL: ws://100.111.237.50:8001[0m
2026-01-21 15:29:56 [INFO] [0;34mScript: /home/nanosuper/Downloads/HOMA-1.0/drone.py[0m
2026-01-21 15:29:56 [WARN] [1;33mNo virtual environment activated[0m
2026-01-21 15:29:56 [INFO] [0;34mLog: /home/nanosuper/Downloads/HOMA-1.0/logs/austin-recon-01_20260121.log[0m
2026-01-21 15:29:56 [INFO] [0;34m━━━━━━━━━━━━━━━━━━━━━━━━━━━━━━━━━━━━━━━━━━━━━━━━━[0m
2026-01-21 15:29:56 [INFO] [0;34mChecking if backend is available at http://100.111.237.50:8001...[0m
2026-01-21 15:29:56 [INFO] [0;34mWebSocket URL: ws://100.111.237.50:8001[0m
2026-01-21 15:29:57 [SUCCESS] [0;32mBackend is online and reachable![0m
2026-01-21 15:29:57 [INFO] [0;34mChecking for existing drone script processes...[0m
2026-01-21 15:29:57 [INFO] [0;34mNo existing processes found[0m
2026-01-21 15:29:57 [INFO] [0;34mStarting drone script...[0m
2026-01-21 15:29:57 [INFO] [0;34mScript path: /home/nanosuper/Downloads/HOMA-1.0/drone.py[0m
2026-01-21 15:29:57 [SUCCESS] [0;32mDrone script started (PID: 39065)[0m
2026-01-21 15:34:49 [WARN] [1;33mShutdown signal received. Cleaning up...[0m
2026-01-21 15:34:49 [INFO] [0;34mKilling drone script (PID: 39065)...[0m
2026-01-21 15:34:50 [WARN] [1;33mShutdown signal received. Cleaning up...[0m
2026-01-21 15:34:50 [SUCCESS] [0;32mCleanup complete. Exiting.[0m
2026-01-21 15:34:54 [INFO] [0;34m━━━━━━━━━━━━━━━━━━━━━━━━━━━━━━━━━━━━━━━━━━━━━━━━━[0m
2026-01-21 15:34:54 [INFO] [0;34mDrone Auto-Restart Script[0m
2026-01-21 15:34:54 [INFO] [0;34m━━━━━━━━━━━━━━━━━━━━━━━━━━━━━━━━━━━━━━━━━━━━━━━━━[0m
2026-01-21 15:34:54 [INFO] [0;34mDrone ID: austin-recon-01[0m
2026-01-21 15:34:54 [INFO] [0;34mDrone Type: recon[0m
2026-01-21 15:34:54 [INFO] [0;34mBackend URL: http://100.111.237.50:8001[0m
2026-01-21 15:34:54 [INFO] [0;34mWebSocket URL: ws://100.111.237.50:8001[0m
2026-01-21 15:34:55 [INFO] [0;34mScript: /home/nanosuper/Downloads/HOMA-1.0/drone.py[0m
2026-01-21 15:34:55 [WARN] [1;33mNo virtual environment activated[0m
2026-01-21 15:34:55 [INFO] [0;34mLog: /home/nanosuper/Downloads/HOMA-1.0/logs/austin-recon-01_20260121.log[0m
2026-01-21 15:34:55 [INFO] [0;34m━━━━━━━━━━━━━━━━━━━━━━━━━━━━━━━━━━━━━━━━━━━━━━━━━[0m
2026-01-21 15:34:55 [INFO] [0;34mChecking if backend is available at http://100.111.237.50:8001...[0m
2026-01-21 15:34:55 [INFO] [0;34mWebSocket URL: ws://100.111.237.50:8001[0m
2026-01-21 15:34:55 [SUCCESS] [0;32mBackend is online and reachable![0m
2026-01-21 15:34:55 [INFO] [0;34mChecking for existing drone script processes...[0m
2026-01-21 15:34:55 [INFO] [0;34mNo existing processes found[0m
2026-01-21 15:34:55 [INFO] [0;34mStarting drone script...[0m
2026-01-21 15:34:55 [INFO] [0;34mScript path: /home/nanosuper/Downloads/HOMA-1.0/drone.py[0m
2026-01-21 15:34:55 [SUCCESS] [0;32mDrone script started (PID: 40513)[0m
2026-01-21 15:36:23 [WARN] [1;33mShutdown signal received. Cleaning up...[0m
2026-01-21 15:36:23 [INFO] [0;34mKilling drone script (PID: 40513)...[0m
2026-01-21 15:36:24 [WARN] [1;33mShutdown signal received. Cleaning up...[0m
2026-01-21 15:36:24 [SUCCESS] [0;32mCleanup complete. Exiting.[0m
