2026-01-19 17:18:25 [INFO] [0;34m━━━━━━━━━━━━━━━━━━━━━━━━━━━━━━━━━━━━━━━━━━━━━━━━━[0m
2026-01-19 17:18:25 [INFO] [0;34mDrone Auto-Restart Script[0m
2026-01-19 17:18:25 [INFO] [0;34m━━━━━━━━━━━━━━━━━━━━━━━━━━━━━━━━━━━━━━━━━━━━━━━━━[0m
2026-01-19 17:18:25 [INFO] [0;34mDrone ID: austin-recon-01[0m
2026-01-19 17:18:25 [INFO] [0;34mDrone Type: recon[0m
2026-01-19 17:18:25 [INFO] [0;34mBackend URL: http://100.88.6.111:8001[0m
2026-01-19 17:18:25 [INFO] [0;34mWebSocket URL: ws://100.88.6.111:8001[0m
2026-01-19 17:18:25 [INFO] [0;34mScript: /home/nanosuper/Downloads/HOMA-1.0/drone.py[0m
2026-01-19 17:18:25 [WARN] [1;33mNo virtual environment activated[0m
2026-01-19 17:18:25 [INFO] [0;34mLog: /home/nanosuper/Downloads/HOMA-1.0/logs/austin-recon-01_20260119.log[0m
2026-01-19 17:18:25 [INFO] [0;34m━━━━━━━━━━━━━━━━━━━━━━━━━━━━━━━━━━━━━━━━━━━━━━━━━[0m
2026-01-19 17:18:25 [INFO] [0;34mChecking if backend is available at http://100.88.6.111:8001...[0m
2026-01-19 17:18:25 [INFO] [0;34mWebSocket URL: ws://100.88.6.111:8001[0m
2026-01-19 17:18:26 [SUCCESS] [0;32mBackend is online and reachable![0m
2026-01-19 17:18:26 [INFO] [0;34mChecking for existing drone script processes...[0m
2026-01-19 17:18:26 [INFO] [0;34mNo existing processes found[0m
2026-01-19 17:18:26 [INFO] [0;34mStarting drone script...[0m
2026-01-19 17:18:26 [INFO] [0;34mScript path: /home/nanosuper/Downloads/HOMA-1.0/drone.py[0m
2026-01-19 17:18:26 [SUCCESS] [0;32mDrone script started (PID: 2979)[0m
2026-01-19 17:20:21 [WARN] [1;33mShutdown signal received. Cleaning up...[0m
2026-01-19 17:20:21 [INFO] [0;34mKilling drone script (PID: 2979)...[0m
2026-01-19 17:20:21 [WARN] [1;33mShutdown signal received. Cleaning up...[0m
2026-01-19 17:20:21 [SUCCESS] [0;32mCleanup complete. Exiting.[0m
2026-01-19 17:27:31 [INFO] [0;34m━━━━━━━━━━━━━━━━━━━━━━━━━━━━━━━━━━━━━━━━━━━━━━━━━[0m
2026-01-19 17:27:31 [INFO] [0;34mDrone Auto-Restart Script[0m
2026-01-19 17:27:31 [INFO] [0;34m━━━━━━━━━━━━━━━━━━━━━━━━━━━━━━━━━━━━━━━━━━━━━━━━━[0m
2026-01-19 17:27:31 [INFO] [0;34mDrone ID: austin-recon-01[0m
2026-01-19 17:27:31 [INFO] [0;34mDrone Type: recon[0m
2026-01-19 17:27:31 [INFO] [0;34mBackend URL: http://100.88.6.111:8001[0m
2026-01-19 17:27:31 [INFO] [0;34mWebSocket URL: ws://100.88.6.111:8001[0m
2026-01-19 17:27:31 [INFO] [0;34mScript: /home/nanosuper/Downloads/HOMA-1.0/drone.py[0m
2026-01-19 17:27:31 [WARN] [1;33mNo virtual environment activated[0m
2026-01-19 17:27:31 [INFO] [0;34mLog: /home/nanosuper/Downloads/HOMA-1.0/logs/austin-recon-01_20260119.log[0m
2026-01-19 17:27:31 [INFO] [0;34m━━━━━━━━━━━━━━━━━━━━━━━━━━━━━━━━━━━━━━━━━━━━━━━━━[0m
2026-01-19 17:27:31 [INFO] [0;34mChecking if backend is available at http://100.88.6.111:8001...[0m
2026-01-19 17:27:31 [INFO] [0;34mWebSocket URL: ws://100.88.6.111:8001[0m
2026-01-19 17:27:31 [SUCCESS] [0;32mBackend is online and reachable![0m
2026-01-19 17:27:31 [INFO] [0;34mChecking for existing drone script processes...[0m
2026-01-19 17:27:31 [INFO] [0;34mNo existing processes found[0m
2026-01-19 17:27:31 [INFO] [0;34mStarting drone script...[0m
2026-01-19 17:27:31 [INFO] [0;34mScript path: /home/nanosuper/Downloads/HOMA-1.0/drone.py[0m
2026-01-19 17:27:31 [SUCCESS] [0;32mDrone script started (PID: 3646)[0m
2026-01-19 17:39:33 [WARN] [1;33mShutdown signal received. Cleaning up...[0m
2026-01-19 17:39:33 [INFO] [0;34mKilling drone script (PID: 3646)...[0m
2026-01-19 17:39:33 [WARN] [1;33mShutdown signal received. Cleaning up...[0m
2026-01-19 17:39:33 [SUCCESS] [0;32mCleanup complete. Exiting.[0m
2026-01-19 17:39:39 [INFO] [0;34m━━━━━━━━━━━━━━━━━━━━━━━━━━━━━━━━━━━━━━━━━━━━━━━━━[0m
2026-01-19 17:39:39 [INFO] [0;34mDrone Auto-Restart Script[0m
2026-01-19 17:39:39 [INFO] [0;34m━━━━━━━━━━━━━━━━━━━━━━━━━━━━━━━━━━━━━━━━━━━━━━━━━[0m
2026-01-19 17:39:39 [INFO] [0;34mDrone ID: austin-recon-01[0m
2026-01-19 17:39:39 [INFO] [0;34mDrone Type: recon[0m
2026-01-19 17:39:39 [INFO] [0;34mBackend URL: http://100.88.6.111:8001[0m
2026-01-19 17:39:39 [INFO] [0;34mWebSocket URL: ws://100.88.6.111:8001[0m
2026-01-19 17:39:39 [INFO] [0;34mScript: /home/nanosuper/Downloads/HOMA-1.0/drone.py[0m
2026-01-19 17:39:39 [WARN] [1;33mNo virtual environment activated[0m
2026-01-19 17:39:39 [INFO] [0;34mLog: /home/nanosuper/Downloads/HOMA-1.0/logs/austin-recon-01_20260119.log[0m
2026-01-19 17:39:39 [INFO] [0;34m━━━━━━━━━━━━━━━━━━━━━━━━━━━━━━━━━━━━━━━━━━━━━━━━━[0m
2026-01-19 17:39:39 [INFO] [0;34mChecking if backend is available at http://100.88.6.111:8001...[0m
2026-01-19 17:39:39 [INFO] [0;34mWebSocket URL: ws://100.88.6.111:8001[0m
2026-01-19 17:39:40 [SUCCESS] [0;32mBackend is online and reachable![0m
2026-01-19 17:39:40 [INFO] [0;34mChecking for existing drone script processes...[0m
2026-01-19 17:39:40 [INFO] [0;34mNo existing processes found[0m
2026-01-19 17:39:40 [INFO] [0;34mStarting drone script...[0m
2026-01-19 17:39:40 [INFO] [0;34mScript path: /home/nanosuper/Downloads/HOMA-1.0/drone.py[0m
2026-01-19 17:39:40 [SUCCESS] [0;32mDrone script started (PID: 6589)[0m
2026-01-19 17:40:17 [WARN] [1;33mShutdown signal received. Cleaning up...[0m
2026-01-19 17:40:17 [INFO] [0;34mKilling drone script (PID: 6589)...[0m
2026-01-19 17:40:17 [WARN] [1;33mShutdown signal received. Cleaning up...[0m
2026-01-19 17:40:17 [SUCCESS] [0;32mCleanup complete. Exiting.[0m
2026-01-19 17:40:21 [INFO] [0;34m━━━━━━━━━━━━━━━━━━━━━━━━━━━━━━━━━━━━━━━━━━━━━━━━━[0m
2026-01-19 17:40:21 [INFO] [0;34mDrone Auto-Restart Script[0m
2026-01-19 17:40:21 [INFO] [0;34m━━━━━━━━━━━━━━━━━━━━━━━━━━━━━━━━━━━━━━━━━━━━━━━━━[0m
2026-01-19 17:40:21 [INFO] [0;34mDrone ID: austin-recon-01[0m
2026-01-19 17:40:21 [INFO] [0;34mDrone Type: recon[0m
2026-01-19 17:40:21 [INFO] [0;34mBackend URL: http://100.88.6.111:8001[0m
2026-01-19 17:40:21 [INFO] [0;34mWebSocket URL: ws://100.88.6.111:8001[0m
2026-01-19 17:40:21 [INFO] [0;34mScript: /home/nanosuper/Downloads/HOMA-1.0/drone.py[0m
2026-01-19 17:40:21 [WARN] [1;33mNo virtual environment activated[0m
2026-01-19 17:40:21 [INFO] [0;34mLog: /home/nanosuper/Downloads/HOMA-1.0/logs/austin-recon-01_20260119.log[0m
2026-01-19 17:40:21 [INFO] [0;34m━━━━━━━━━━━━━━━━━━━━━━━━━━━━━━━━━━━━━━━━━━━━━━━━━[0m
2026-01-19 17:40:21 [INFO] [0;34mChecking if backend is available at http://100.88.6.111:8001...[0m
2026-01-19 17:40:21 [INFO] [0;34mWebSocket URL: ws://100.88.6.111:8001[0m
2026-01-19 17:40:21 [SUCCESS] [0;32mBackend is online and reachable![0m
2026-01-19 17:40:21 [INFO] [0;34mChecking for existing drone script processes...[0m
2026-01-19 17:40:21 [INFO] [0;34mNo existing processes found[0m
2026-01-19 17:40:21 [INFO] [0;34mStarting drone script...[0m
2026-01-19 17:40:21 [INFO] [0;34mScript path: /home/nanosuper/Downloads/HOMA-1.0/drone.py[0m
2026-01-19 17:40:21 [SUCCESS] [0;32mDrone script started (PID: 6959)[0m
2026-01-19 17:47:40 [WARN] [1;33mShutdown signal received. Cleaning up...[0m
2026-01-19 17:47:40 [INFO] [0;34mKilling drone script (PID: 6959)...[0m
2026-01-19 17:47:40 [WARN] [1;33mShutdown signal received. Cleaning up...[0m
2026-01-19 17:47:40 [SUCCESS] [0;32mCleanup complete. Exiting.[0m
2026-01-19 17:48:59 [INFO] [0;34m━━━━━━━━━━━━━━━━━━━━━━━━━━━━━━━━━━━━━━━━━━━━━━━━━[0m
2026-01-19 17:48:59 [INFO] [0;34mDrone Auto-Restart Script[0m
2026-01-19 17:48:59 [INFO] [0;34m━━━━━━━━━━━━━━━━━━━━━━━━━━━━━━━━━━━━━━━━━━━━━━━━━[0m
2026-01-19 17:48:59 [INFO] [0;34mDrone ID: austin-recon-01[0m
2026-01-19 17:48:59 [INFO] [0;34mDrone Type: recon[0m
2026-01-19 17:48:59 [INFO] [0;34mBackend URL: http://100.88.6.111:8001[0m
2026-01-19 17:48:59 [INFO] [0;34mWebSocket URL: ws://100.88.6.111:8001[0m
2026-01-19 17:48:59 [INFO] [0;34mScript: /home/nanosuper/Downloads/HOMA-1.0/drone.py[0m
2026-01-19 17:48:59 [WARN] [1;33mNo virtual environment activated[0m
2026-01-19 17:48:59 [INFO] [0;34mLog: /home/nanosuper/Downloads/HOMA-1.0/logs/austin-recon-01_20260119.log[0m
2026-01-19 17:48:59 [INFO] [0;34m━━━━━━━━━━━━━━━━━━━━━━━━━━━━━━━━━━━━━━━━━━━━━━━━━[0m
2026-01-19 17:48:59 [INFO] [0;34mChecking if backend is available at http://100.88.6.111:8001...[0m
2026-01-19 17:48:59 [INFO] [0;34mWebSocket URL: ws://100.88.6.111:8001[0m
2026-01-19 17:48:59 [SUCCESS] [0;32mBackend is online and reachable![0m
2026-01-19 17:48:59 [INFO] [0;34mChecking for existing drone script processes...[0m
2026-01-19 17:48:59 [INFO] [0;34mNo existing processes found[0m
2026-01-19 17:48:59 [INFO] [0;34mStarting drone script...[0m
2026-01-19 17:48:59 [INFO] [0;34mScript path: /home/nanosuper/Downloads/HOMA-1.0/drone.py[0m
2026-01-19 17:48:59 [SUCCESS] [0;32mDrone script started (PID: 8897)[0m
2026-01-19 17:57:16 [WARN] [1;33mShutdown signal received. Cleaning up...[0m
2026-01-19 17:57:16 [INFO] [0;34mKilling drone script (PID: 8897)...[0m
2026-01-19 17:57:17 [WARN] [1;33mShutdown signal received. Cleaning up...[0m
2026-01-19 17:57:17 [SUCCESS] [0;32mCleanup complete. Exiting.[0m
2026-01-19 17:57:26 [INFO] [0;34m━━━━━━━━━━━━━━━━━━━━━━━━━━━━━━━━━━━━━━━━━━━━━━━━━[0m
2026-01-19 17:57:26 [INFO] [0;34mDrone Auto-Restart Script[0m
2026-01-19 17:57:26 [INFO] [0;34m━━━━━━━━━━━━━━━━━━━━━━━━━━━━━━━━━━━━━━━━━━━━━━━━━[0m
2026-01-19 17:57:26 [INFO] [0;34mDrone ID: austin-recon-01[0m
2026-01-19 17:57:26 [INFO] [0;34mDrone Type: recon[0m
2026-01-19 17:57:26 [INFO] [0;34mBackend URL: http://100.88.6.111:8001[0m
2026-01-19 17:57:26 [INFO] [0;34mWebSocket URL: ws://100.88.6.111:8001[0m
2026-01-19 17:57:26 [INFO] [0;34mScript: /home/nanosuper/Downloads/HOMA-1.0/drone.py[0m
2026-01-19 17:57:26 [WARN] [1;33mNo virtual environment activated[0m
2026-01-19 17:57:26 [INFO] [0;34mLog: /home/nanosuper/Downloads/HOMA-1.0/logs/austin-recon-01_20260119.log[0m
2026-01-19 17:57:26 [INFO] [0;34m━━━━━━━━━━━━━━━━━━━━━━━━━━━━━━━━━━━━━━━━━━━━━━━━━[0m
2026-01-19 17:57:26 [INFO] [0;34mChecking if backend is available at http://100.88.6.111:8001...[0m
2026-01-19 17:57:26 [INFO] [0;34mWebSocket URL: ws://100.88.6.111:8001[0m
2026-01-19 17:57:27 [SUCCESS] [0;32mBackend is online and reachable![0m
2026-01-19 17:57:27 [INFO] [0;34mChecking for existing drone script processes...[0m
2026-01-19 17:57:27 [INFO] [0;34mNo existing processes found[0m
2026-01-19 17:57:27 [INFO] [0;34mStarting drone script...[0m
2026-01-19 17:57:27 [INFO] [0;34mScript path: /home/nanosuper/Downloads/HOMA-1.0/drone.py[0m
2026-01-19 17:57:27 [SUCCESS] [0;32mDrone script started (PID: 10928)[0m
