2026-01-23 18:55:44 [INFO] [0;34m━━━━━━━━━━━━━━━━━━━━━━━━━━━━━━━━━━━━━━━━━━━━━━━━━[0m
2026-01-23 18:55:44 [INFO] [0;34mDrone Auto-Restart Script[0m
2026-01-23 18:55:45 [INFO] [0;34m━━━━━━━━━━━━━━━━━━━━━━━━━━━━━━━━━━━━━━━━━━━━━━━━━[0m
2026-01-23 18:55:45 [INFO] [0;34mDrone ID: austin-recon-01[0m
2026-01-23 18:55:45 [INFO] [0;34mDrone Type: recon[0m
2026-01-23 18:55:45 [INFO] [0;34mBackend URL: http://100.88.6.111:8001[0m
2026-01-23 18:55:45 [INFO] [0;34mWebSocket URL: ws://100.88.6.111:8001[0m
2026-01-23 18:55:45 [INFO] [0;34mScript: /home/nanosuper/Downloads/HOMA-1.0/drone.py[0m
2026-01-23 18:55:45 [WARN] [1;33mNo virtual environment activated[0m
2026-01-23 18:55:45 [INFO] [0;34mLog: /home/nanosuper/Downloads/HOMA-1.0/logs/austin-recon-01_20260123.log[0m
2026-01-23 18:55:45 [INFO] [0;34m━━━━━━━━━━━━━━━━━━━━━━━━━━━━━━━━━━━━━━━━━━━━━━━━━[0m
2026-01-23 18:55:45 [INFO] [0;34mChecking if backend is available at http://100.88.6.111:8001...[0m
2026-01-23 18:55:45 [INFO] [0;34mWebSocket URL: ws://100.88.6.111:8001[0m
2026-01-23 18:55:46 [SUCCESS] [0;32mBackend is online and reachable![0m
2026-01-23 18:55:46 [INFO] [0;34mChecking for existing drone script processes...[0m
2026-01-23 18:55:46 [INFO] [0;34mNo existing processes found[0m
2026-01-23 18:55:46 [INFO] [0;34mStarting drone script...[0m
2026-01-23 18:55:46 [INFO] [0;34mScript path: /home/nanosuper/Downloads/HOMA-1.0/drone.py[0m
2026-01-23 18:55:46 [SUCCESS] [0;32mDrone script started (PID: 8972)[0m
2026-01-23 18:56:07 [WARN] [1;33mShutdown signal received. Cleaning up...[0m
2026-01-23 18:56:07 [INFO] [0;34mKilling drone script (PID: 8972)...[0m
2026-01-23 18:56:07 [WARN] [1;33mShutdown signal received. Cleaning up...[0m
2026-01-23 18:56:07 [SUCCESS] [0;32mCleanup complete. Exiting.[0m
2026-01-23 18:56:13 [INFO] [0;34m━━━━━━━━━━━━━━━━━━━━━━━━━━━━━━━━━━━━━━━━━━━━━━━━━[0m
2026-01-23 18:56:13 [INFO] [0;34mDrone Auto-Restart Script[0m
2026-01-23 18:56:13 [INFO] [0;34m━━━━━━━━━━━━━━━━━━━━━━━━━━━━━━━━━━━━━━━━━━━━━━━━━[0m
2026-01-23 18:56:13 [INFO] [0;34mDrone ID: austin-recon-01[0m
2026-01-23 18:56:13 [INFO] [0;34mDrone Type: recon[0m
2026-01-23 18:56:13 [INFO] [0;34mBackend URL: http://100.88.6.111:8001[0m
2026-01-23 18:56:13 [INFO] [0;34mWebSocket URL: ws://100.88.6.111:8001[0m
2026-01-23 18:56:13 [INFO] [0;34mScript: /home/nanosuper/Downloads/HOMA-1.0/drone.py[0m
2026-01-23 18:56:13 [WARN] [1;33mNo virtual environment activated[0m
2026-01-23 18:56:13 [INFO] [0;34mLog: /home/nanosuper/Downloads/HOMA-1.0/logs/austin-recon-01_20260123.log[0m
2026-01-23 18:56:13 [INFO] [0;34m━━━━━━━━━━━━━━━━━━━━━━━━━━━━━━━━━━━━━━━━━━━━━━━━━[0m
2026-01-23 18:56:13 [INFO] [0;34mChecking if backend is available at http://100.88.6.111:8001...[0m
2026-01-23 18:56:13 [INFO] [0;34mWebSocket URL: ws://100.88.6.111:8001[0m
2026-01-23 18:56:16 [SUCCESS] [0;32mBackend is online and reachable![0m
2026-01-23 18:56:16 [INFO] [0;34mChecking for existing drone script processes...[0m
2026-01-23 18:56:16 [INFO] [0;34mNo existing processes found[0m
2026-01-23 18:56:16 [INFO] [0;34mStarting drone script...[0m
2026-01-23 18:56:16 [INFO] [0;34mScript path: /home/nanosuper/Downloads/HOMA-1.0/drone.py[0m
2026-01-23 18:56:16 [SUCCESS] [0;32mDrone script started (PID: 9296)[0m
2026-01-23 18:56:26 [WARN] [1;33mShutdown signal received. Cleaning up...[0m
2026-01-23 18:56:26 [INFO] [0;34mKilling drone script (PID: 9296)...[0m
2026-01-23 18:56:26 [WARN] [1;33mShutdown signal received. Cleaning up...[0m
2026-01-23 18:56:26 [SUCCESS] [0;32mCleanup complete. Exiting.[0m
2026-01-23 18:59:45 [INFO] [0;34m━━━━━━━━━━━━━━━━━━━━━━━━━━━━━━━━━━━━━━━━━━━━━━━━━[0m
2026-01-23 18:59:45 [INFO] [0;34mDrone Auto-Restart Script[0m
2026-01-23 18:59:45 [INFO] [0;34m━━━━━━━━━━━━━━━━━━━━━━━━━━━━━━━━━━━━━━━━━━━━━━━━━[0m
2026-01-23 18:59:45 [INFO] [0;34mDrone ID: austin-recon-01[0m
2026-01-23 18:59:45 [INFO] [0;34mDrone Type: recon[0m
2026-01-23 18:59:45 [INFO] [0;34mBackend URL: http://100.88.6.111:8001[0m
2026-01-23 18:59:45 [INFO] [0;34mWebSocket URL: ws://100.88.6.111:8001[0m
2026-01-23 18:59:45 [INFO] [0;34mScript: /home/nanosuper/Downloads/HOMA-1.0/drone.py[0m
2026-01-23 18:59:45 [WARN] [1;33mNo virtual environment activated[0m
2026-01-23 18:59:45 [INFO] [0;34mLog: /home/nanosuper/Downloads/HOMA-1.0/logs/austin-recon-01_20260123.log[0m
2026-01-23 18:59:45 [INFO] [0;34m━━━━━━━━━━━━━━━━━━━━━━━━━━━━━━━━━━━━━━━━━━━━━━━━━[0m
2026-01-23 18:59:45 [INFO] [0;34mChecking if backend is available at http://100.88.6.111:8001...[0m
2026-01-23 18:59:45 [INFO] [0;34mWebSocket URL: ws://100.88.6.111:8001[0m
2026-01-23 18:59:46 [SUCCESS] [0;32mBackend is online and reachable![0m
2026-01-23 18:59:46 [INFO] [0;34mChecking for existing drone script processes...[0m
2026-01-23 18:59:46 [INFO] [0;34mNo existing processes found[0m
2026-01-23 18:59:46 [INFO] [0;34mStarting drone script...[0m
2026-01-23 18:59:46 [INFO] [0;34mScript path: /home/nanosuper/Downloads/HOMA-1.0/drone.py[0m
2026-01-23 18:59:46 [SUCCESS] [0;32mDrone script started (PID: 9652)[0m
2026-01-23 19:01:20 [WARN] [1;33mShutdown signal received. Cleaning up...[0m
2026-01-23 19:01:20 [INFO] [0;34mKilling drone script (PID: 9652)...[0m
2026-01-23 19:01:20 [WARN] [1;33mShutdown signal received. Cleaning up...[0m
2026-01-23 19:01:20 [SUCCESS] [0;32mCleanup complete. Exiting.[0m
2026-01-23 19:01:22 [INFO] [0;34m━━━━━━━━━━━━━━━━━━━━━━━━━━━━━━━━━━━━━━━━━━━━━━━━━[0m
2026-01-23 19:01:22 [INFO] [0;34mDrone Auto-Restart Script[0m
2026-01-23 19:01:22 [INFO] [0;34m━━━━━━━━━━━━━━━━━━━━━━━━━━━━━━━━━━━━━━━━━━━━━━━━━[0m
2026-01-23 19:01:22 [INFO] [0;34mDrone ID: austin-recon-01[0m
2026-01-23 19:01:22 [INFO] [0;34mDrone Type: recon[0m
2026-01-23 19:01:22 [INFO] [0;34mBackend URL: http://100.88.6.111:8001[0m
2026-01-23 19:01:22 [INFO] [0;34mWebSocket URL: ws://100.88.6.111:8001[0m
2026-01-23 19:01:22 [INFO] [0;34mScript: /home/nanosuper/Downloads/HOMA-1.0/drone.py[0m
2026-01-23 19:01:22 [WARN] [1;33mNo virtual environment activated[0m
2026-01-23 19:01:22 [INFO] [0;34mLog: /home/nanosuper/Downloads/HOMA-1.0/logs/austin-recon-01_20260123.log[0m
2026-01-23 19:01:22 [INFO] [0;34m━━━━━━━━━━━━━━━━━━━━━━━━━━━━━━━━━━━━━━━━━━━━━━━━━[0m
2026-01-23 19:01:22 [INFO] [0;34mChecking if backend is available at http://100.88.6.111:8001...[0m
2026-01-23 19:01:22 [INFO] [0;34mWebSocket URL: ws://100.88.6.111:8001[0m
2026-01-23 19:01:23 [SUCCESS] [0;32mBackend is online and reachable![0m
2026-01-23 19:01:23 [INFO] [0;34mChecking for existing drone script processes...[0m
2026-01-23 19:01:23 [INFO] [0;34mNo existing processes found[0m
2026-01-23 19:01:23 [INFO] [0;34mStarting drone script...[0m
2026-01-23 19:01:23 [INFO] [0;34mScript path: /home/nanosuper/Downloads/HOMA-1.0/drone.py[0m
2026-01-23 19:01:23 [SUCCESS] [0;32mDrone script started (PID: 10630)[0m
2026-01-23 19:03:05 [WARN] [1;33mShutdown signal received. Cleaning up...[0m
2026-01-23 19:03:05 [INFO] [0;34mKilling drone script (PID: 10630)...[0m
2026-01-23 19:03:05 [WARN] [1;33mShutdown signal received. Cleaning up...[0m
2026-01-23 19:03:05 [SUCCESS] [0;32mCleanup complete. Exiting.[0m
