2026-01-24 11:46:02 [INFO] [0;34m━━━━━━━━━━━━━━━━━━━━━━━━━━━━━━━━━━━━━━━━━━━━━━━━━[0m
2026-01-24 11:46:02 [INFO] [0;34mDrone Auto-Restart Script[0m
2026-01-24 11:46:02 [INFO] [0;34m━━━━━━━━━━━━━━━━━━━━━━━━━━━━━━━━━━━━━━━━━━━━━━━━━[0m
2026-01-24 11:46:02 [INFO] [0;34mDrone ID: austin-recon-01[0m
2026-01-24 11:46:02 [INFO] [0;34mDrone Type: recon[0m
2026-01-24 11:46:02 [INFO] [0;34mBackend URL: http://100.88.6.111:8001[0m
2026-01-24 11:46:02 [INFO] [0;34mWebSocket URL: ws://100.88.6.111:8001[0m
2026-01-24 11:46:02 [INFO] [0;34mScript: /home/nanosuper/Downloads/HOMA-1.0/drone.py[0m
2026-01-24 11:46:02 [WARN] [1;33mNo virtual environment activated[0m
2026-01-24 11:46:02 [INFO] [0;34mLog: /home/nanosuper/Downloads/HOMA-1.0/logs/austin-recon-01_20260124.log[0m
2026-01-24 11:46:02 [INFO] [0;34m━━━━━━━━━━━━━━━━━━━━━━━━━━━━━━━━━━━━━━━━━━━━━━━━━[0m
2026-01-24 11:46:02 [INFO] [0;34mChecking if backend is available at http://100.88.6.111:8001...[0m
2026-01-24 11:46:02 [INFO] [0;34mWebSocket URL: ws://100.88.6.111:8001[0m
2026-01-24 11:46:02 [WARN] [1;33mBackend not reachable (attempt 1)[0m
2026-01-24 11:46:02 [INFO] [0;34mTrying: curl http://100.88.6.111:8001/health[0m
2026-01-24 11:46:02 [INFO] [0;34mRetrying in 5s...[0m
2026-01-24 11:46:07 [WARN] [1;33mBackend not reachable (attempt 2)[0m
2026-01-24 11:46:07 [INFO] [0;34mTrying: curl http://100.88.6.111:8001/health[0m
2026-01-24 11:46:07 [INFO] [0;34mRetrying in 5s...[0m
2026-01-24 11:46:13 [SUCCESS] [0;32mBackend is online and reachable![0m
2026-01-24 11:46:13 [INFO] [0;34mChecking for existing drone script processes...[0m
2026-01-24 11:46:13 [INFO] [0;34mNo existing processes found[0m
2026-01-24 11:46:13 [INFO] [0;34mStarting drone script...[0m
2026-01-24 11:46:13 [INFO] [0;34mScript path: /home/nanosuper/Downloads/HOMA-1.0/drone.py[0m
2026-01-24 11:46:13 [SUCCESS] [0;32mDrone script started (PID: 2885)[0m
2026-01-24 11:46:24 [WARN] [1;33mShutdown signal received. Cleaning up...[0m
2026-01-24 11:46:24 [INFO] [0;34mKilling drone script (PID: 2885)...[0m
2026-01-24 11:46:24 [WARN] [1;33mShutdown signal received. Cleaning up...[0m
2026-01-24 11:46:24 [SUCCESS] [0;32mCleanup complete. Exiting.[0m
2026-01-24 11:46:26 [INFO] [0;34m━━━━━━━━━━━━━━━━━━━━━━━━━━━━━━━━━━━━━━━━━━━━━━━━━[0m
2026-01-24 11:46:26 [INFO] [0;34mDrone Auto-Restart Script[0m
2026-01-24 11:46:26 [INFO] [0;34m━━━━━━━━━━━━━━━━━━━━━━━━━━━━━━━━━━━━━━━━━━━━━━━━━[0m
2026-01-24 11:46:26 [INFO] [0;34mDrone ID: austin-recon-01[0m
2026-01-24 11:46:26 [INFO] [0;34mDrone Type: recon[0m
2026-01-24 11:46:26 [INFO] [0;34mBackend URL: http://100.88.6.111:8001[0m
2026-01-24 11:46:26 [INFO] [0;34mWebSocket URL: ws://100.88.6.111:8001[0m
2026-01-24 11:46:26 [INFO] [0;34mScript: /home/nanosuper/Downloads/HOMA-1.0/drone.py[0m
2026-01-24 11:46:26 [WARN] [1;33mNo virtual environment activated[0m
2026-01-24 11:46:26 [INFO] [0;34mLog: /home/nanosuper/Downloads/HOMA-1.0/logs/austin-recon-01_20260124.log[0m
2026-01-24 11:46:26 [INFO] [0;34m━━━━━━━━━━━━━━━━━━━━━━━━━━━━━━━━━━━━━━━━━━━━━━━━━[0m
2026-01-24 11:46:26 [INFO] [0;34mChecking if backend is available at http://100.88.6.111:8001...[0m
2026-01-24 11:46:26 [INFO] [0;34mWebSocket URL: ws://100.88.6.111:8001[0m
2026-01-24 11:46:26 [SUCCESS] [0;32mBackend is online and reachable![0m
2026-01-24 11:46:26 [INFO] [0;34mChecking for existing drone script processes...[0m
2026-01-24 11:46:26 [INFO] [0;34mNo existing processes found[0m
2026-01-24 11:46:26 [INFO] [0;34mStarting drone script...[0m
2026-01-24 11:46:26 [INFO] [0;34mScript path: /home/nanosuper/Downloads/HOMA-1.0/drone.py[0m
2026-01-24 11:46:26 [SUCCESS] [0;32mDrone script started (PID: 3027)[0m
2026-01-24 11:47:50 [WARN] [1;33mShutdown signal received. Cleaning up...[0m
2026-01-24 11:47:50 [INFO] [0;34mKilling drone script (PID: 3027)...[0m
2026-01-24 11:47:50 [WARN] [1;33mShutdown signal received. Cleaning up...[0m
2026-01-24 11:47:51 [SUCCESS] [0;32mCleanup complete. Exiting.[0m
2026-01-24 11:57:41 [INFO] [0;34m━━━━━━━━━━━━━━━━━━━━━━━━━━━━━━━━━━━━━━━━━━━━━━━━━[0m
2026-01-24 11:57:41 [INFO] [0;34mDrone Auto-Restart Script[0m
2026-01-24 11:57:41 [INFO] [0;34m━━━━━━━━━━━━━━━━━━━━━━━━━━━━━━━━━━━━━━━━━━━━━━━━━[0m
2026-01-24 11:57:41 [INFO] [0;34mDrone ID: austin-recon-01[0m
2026-01-24 11:57:41 [INFO] [0;34mDrone Type: recon[0m
2026-01-24 11:57:41 [INFO] [0;34mBackend URL: http://100.88.6.111:8001[0m
2026-01-24 11:57:41 [INFO] [0;34mWebSocket URL: ws://100.88.6.111:8001[0m
2026-01-24 11:57:41 [INFO] [0;34mScript: /home/nanosuper/Downloads/HOMA-1.0/drone.py[0m
2026-01-24 11:57:41 [WARN] [1;33mNo virtual environment activated[0m
2026-01-24 11:57:41 [INFO] [0;34mLog: /home/nanosuper/Downloads/HOMA-1.0/logs/austin-recon-01_20260124.log[0m
2026-01-24 11:57:41 [INFO] [0;34m━━━━━━━━━━━━━━━━━━━━━━━━━━━━━━━━━━━━━━━━━━━━━━━━━[0m
2026-01-24 11:57:41 [INFO] [0;34mChecking if backend is available at http://100.88.6.111:8001...[0m
2026-01-24 11:57:41 [INFO] [0;34mWebSocket URL: ws://100.88.6.111:8001[0m
2026-01-24 11:57:41 [SUCCESS] [0;32mBackend is online and reachable![0m
2026-01-24 11:57:41 [INFO] [0;34mChecking for existing drone script processes...[0m
2026-01-24 11:57:41 [INFO] [0;34mNo existing processes found[0m
2026-01-24 11:57:41 [INFO] [0;34mStarting drone script...[0m
2026-01-24 11:57:41 [INFO] [0;34mScript path: /home/nanosuper/Downloads/HOMA-1.0/drone.py[0m
2026-01-24 11:57:41 [SUCCESS] [0;32mDrone script started (PID: 6388)[0m
2026-01-24 11:58:27 [WARN] [1;33mShutdown signal received. Cleaning up...[0m
2026-01-24 11:58:27 [INFO] [0;34mKilling drone script (PID: 6388)...[0m
2026-01-24 11:58:27 [WARN] [1;33mShutdown signal received. Cleaning up...[0m
2026-01-24 11:58:27 [SUCCESS] [0;32mCleanup complete. Exiting.[0m
2026-01-24 12:04:25 [INFO] [0;34m━━━━━━━━━━━━━━━━━━━━━━━━━━━━━━━━━━━━━━━━━━━━━━━━━[0m
2026-01-24 12:04:25 [INFO] [0;34mDrone Auto-Restart Script[0m
2026-01-24 12:04:25 [INFO] [0;34m━━━━━━━━━━━━━━━━━━━━━━━━━━━━━━━━━━━━━━━━━━━━━━━━━[0m
2026-01-24 12:04:25 [INFO] [0;34mDrone ID: austin-recon-01[0m
2026-01-24 12:04:25 [INFO] [0;34mDrone Type: recon[0m
2026-01-24 12:04:25 [INFO] [0;34mBackend URL: http://100.88.6.111:8001[0m
2026-01-24 12:04:25 [INFO] [0;34mWebSocket URL: ws://100.88.6.111:8001[0m
2026-01-24 12:04:25 [INFO] [0;34mScript: /home/nanosuper/Downloads/HOMA-1.0/drone.py[0m
2026-01-24 12:04:25 [WARN] [1;33mNo virtual environment activated[0m
2026-01-24 12:04:25 [INFO] [0;34mLog: /home/nanosuper/Downloads/HOMA-1.0/logs/austin-recon-01_20260124.log[0m
2026-01-24 12:04:25 [INFO] [0;34m━━━━━━━━━━━━━━━━━━━━━━━━━━━━━━━━━━━━━━━━━━━━━━━━━[0m
2026-01-24 12:04:25 [INFO] [0;34mChecking if backend is available at http://100.88.6.111:8001...[0m
2026-01-24 12:04:25 [INFO] [0;34mWebSocket URL: ws://100.88.6.111:8001[0m
2026-01-24 12:04:25 [SUCCESS] [0;32mBackend is online and reachable![0m
2026-01-24 12:04:25 [INFO] [0;34mChecking for existing drone script processes...[0m
2026-01-24 12:04:25 [INFO] [0;34mNo existing processes found[0m
2026-01-24 12:04:25 [INFO] [0;34mStarting drone script...[0m
2026-01-24 12:04:25 [INFO] [0;34mScript path: /home/nanosuper/Downloads/HOMA-1.0/drone.py[0m
2026-01-24 12:04:25 [SUCCESS] [0;32mDrone script started (PID: 8443)[0m
2026-01-24 12:04:34 [WARN] [1;33mShutdown signal received. Cleaning up...[0m
2026-01-24 12:04:34 [INFO] [0;34mKilling drone script (PID: 8443)...[0m
2026-01-24 12:04:34 [WARN] [1;33mShutdown signal received. Cleaning up...[0m
2026-01-24 12:04:34 [WARN] [1;33mShutdown signal received. Cleaning up...[0m
2026-01-24 12:04:34 [SUCCESS] [0;32mCleanup complete. Exiting.[0m
2026-01-24 12:06:38 [INFO] [0;34m━━━━━━━━━━━━━━━━━━━━━━━━━━━━━━━━━━━━━━━━━━━━━━━━━[0m
2026-01-24 12:06:38 [INFO] [0;34mDrone Auto-Restart Script[0m
2026-01-24 12:06:38 [INFO] [0;34m━━━━━━━━━━━━━━━━━━━━━━━━━━━━━━━━━━━━━━━━━━━━━━━━━[0m
2026-01-24 12:06:38 [INFO] [0;34mDrone ID: austin-recon-01[0m
2026-01-24 12:06:38 [INFO] [0;34mDrone Type: recon[0m
2026-01-24 12:06:38 [INFO] [0;34mBackend URL: http://100.88.6.111:8001[0m
2026-01-24 12:06:38 [INFO] [0;34mWebSocket URL: ws://100.88.6.111:8001[0m
2026-01-24 12:06:38 [INFO] [0;34mScript: /home/nanosuper/Downloads/HOMA-1.0/drone.py[0m
2026-01-24 12:06:38 [WARN] [1;33mNo virtual environment activated[0m
2026-01-24 12:06:38 [INFO] [0;34mLog: /home/nanosuper/Downloads/HOMA-1.0/logs/austin-recon-01_20260124.log[0m
2026-01-24 12:06:38 [INFO] [0;34m━━━━━━━━━━━━━━━━━━━━━━━━━━━━━━━━━━━━━━━━━━━━━━━━━[0m
2026-01-24 12:06:38 [INFO] [0;34mChecking if backend is available at http://100.88.6.111:8001...[0m
2026-01-24 12:06:38 [INFO] [0;34mWebSocket URL: ws://100.88.6.111:8001[0m
2026-01-24 12:06:41 [SUCCESS] [0;32mBackend is online and reachable![0m
2026-01-24 12:06:41 [INFO] [0;34mChecking for existing drone script processes...[0m
2026-01-24 12:06:41 [INFO] [0;34mNo existing processes found[0m
2026-01-24 12:06:41 [INFO] [0;34mStarting drone script...[0m
2026-01-24 12:06:41 [INFO] [0;34mScript path: /home/nanosuper/Downloads/HOMA-1.0/drone.py[0m
2026-01-24 12:06:41 [SUCCESS] [0;32mDrone script started (PID: 8986)[0m
2026-01-24 12:09:01 [WARN] [1;33mShutdown signal received. Cleaning up...[0m
2026-01-24 12:09:01 [INFO] [0;34mKilling drone script (PID: 8986)...[0m
2026-01-24 12:09:03 [SUCCESS] [0;32mCleanup complete. Exiting.[0m
2026-01-24 12:11:48 [INFO] [0;34m━━━━━━━━━━━━━━━━━━━━━━━━━━━━━━━━━━━━━━━━━━━━━━━━━[0m
2026-01-24 12:11:48 [INFO] [0;34mDrone Auto-Restart Script[0m
2026-01-24 12:11:48 [INFO] [0;34m━━━━━━━━━━━━━━━━━━━━━━━━━━━━━━━━━━━━━━━━━━━━━━━━━[0m
2026-01-24 12:11:48 [INFO] [0;34mDrone ID: austin-recon-01[0m
2026-01-24 12:11:48 [INFO] [0;34mDrone Type: recon[0m
2026-01-24 12:11:48 [INFO] [0;34mBackend URL: http://100.88.6.111:8001[0m
2026-01-24 12:11:48 [INFO] [0;34mWebSocket URL: ws://100.88.6.111:8001[0m
2026-01-24 12:11:48 [INFO] [0;34mScript: /home/nanosuper/Downloads/HOMA-1.0/drone.py[0m
2026-01-24 12:11:48 [WARN] [1;33mNo virtual environment activated[0m
2026-01-24 12:11:48 [INFO] [0;34mLog: /home/nanosuper/Downloads/HOMA-1.0/logs/austin-recon-01_20260124.log[0m
2026-01-24 12:11:48 [INFO] [0;34m━━━━━━━━━━━━━━━━━━━━━━━━━━━━━━━━━━━━━━━━━━━━━━━━━[0m
2026-01-24 12:11:48 [INFO] [0;34mChecking if backend is available at http://100.88.6.111:8001...[0m
2026-01-24 12:11:48 [INFO] [0;34mWebSocket URL: ws://100.88.6.111:8001[0m
2026-01-24 12:11:50 [SUCCESS] [0;32mBackend is online and reachable![0m
2026-01-24 12:11:50 [INFO] [0;34mChecking for existing drone script processes...[0m
2026-01-24 12:11:50 [INFO] [0;34mNo existing processes found[0m
2026-01-24 12:11:50 [INFO] [0;34mStarting drone script...[0m
2026-01-24 12:11:50 [INFO] [0;34mScript path: /home/nanosuper/Downloads/HOMA-1.0/drone.py[0m
2026-01-24 12:11:50 [SUCCESS] [0;32mDrone script started (PID: 11024)[0m
2026-01-24 12:13:22 [WARN] [1;33mShutdown signal received. Cleaning up...[0m
2026-01-24 12:13:22 [INFO] [0;34mKilling drone script (PID: 11024)...[0m
2026-01-24 12:13:23 [WARN] [1;33mShutdown signal received. Cleaning up...[0m
2026-01-24 12:13:23 [SUCCESS] [0;32mCleanup complete. Exiting.[0m
