2026-01-21 15:17:16,973 - 
================================================================================
2026-01-21 15:17:16,974 - Drone Detection Processing Stats (last 102.7s):
2026-01-21 15:17:16,974 -   Frames Received: 2669 (26.0 FPS)
2026-01-21 15:17:16,974 -   Detections Sent: 1 (0.0/sec)
2026-01-21 15:17:16,974 -   Avg Frame Encode Time: 11.24ms
2026-01-21 15:17:16,975 -   Avg WebSocket Send Time: 33861.92ms
2026-01-21 15:17:16,975 -   Avg Total Processing Time: 33897.85ms
2026-01-21 15:17:16,975 -   Memory Usage: 665.3 MB
2026-01-21 15:17:16,975 -   CPU Usage: 79.8%
2026-01-21 15:35:22,072 - 
================================================================================
2026-01-21 15:35:22,073 - Drone Detection Processing Stats (last 20.1s):
2026-01-21 15:35:22,073 -   Frames Received: 259 (12.9 FPS)
2026-01-21 15:35:22,073 -   Detections Sent: 1 (0.0/sec)
2026-01-21 15:35:22,073 -   Avg Frame Encode Time: 12.37ms
2026-01-21 15:35:22,074 -   Avg WebSocket Send Time: 15.12ms
2026-01-21 15:35:22,074 -   Avg Total Processing Time: 46.13ms
2026-01-21 15:35:22,074 -   Memory Usage: 397.1 MB
2026-01-21 15:35:22,075 -   CPU Usage: 109.7%
